  Determining projects to restore...
  All projects are up-to-date for restore.
  Synaxis.Core -> /home/rrj/src/github/rudironsoni/Synaxis/src/Synaxis.Core/bin/Release/net10.0/Synaxis.Core.dll
  Synaxis.InferenceGateway.Application -> /home/rrj/src/github/rudironsoni/Synaxis/src/InferenceGateway/Application/bin/Release/net10.0/Synaxis.InferenceGateway.Application.dll
  Synaxis.Infrastructure -> /home/rrj/src/github/rudironsoni/Synaxis/src/Synaxis.Infrastructure/bin/Release/net10.0/Synaxis.Infrastructure.dll
  Synaxis.InferenceGateway.Infrastructure -> /home/rrj/src/github/rudironsoni/Synaxis/src/InferenceGateway/Infrastructure/bin/Release/net10.0/Synaxis.InferenceGateway.Infrastructure.dll
/home/rrj/src/github/rudironsoni/Synaxis/tests/Synaxis.Infrastructure.Tests/Migrations/TestcontainersMigrationTests.cs(28,34): error CS0618: 'PostgreSqlBuilder.PostgreSqlBuilder()' is obsolete: 'This parameterless constructor is obsolete and will be removed. Use the constructor with the image parameter instead: https://github.com/testcontainers/testcontainers-dotnet/discussions/1470#discussioncomment-15185721.' [/home/rrj/src/github/rudironsoni/Synaxis/tests/Synaxis.Infrastructure.Tests/Synaxis.Infrastructure.Tests.csproj]
/home/rrj/src/github/rudironsoni/Synaxis/tests/Synaxis.Infrastructure.Tests/Services/OrganizationSettingsServiceIntegrationTests.cs(22,57): error CS0618: 'PostgreSqlBuilder.PostgreSqlBuilder()' is obsolete: 'This parameterless constructor is obsolete and will be removed. Use the constructor with the image parameter instead: https://github.com/testcontainers/testcontainers-dotnet/discussions/1470#discussioncomment-15185721.' [/home/rrj/src/github/rudironsoni/Synaxis/tests/Synaxis.Infrastructure.Tests/Synaxis.Infrastructure.Tests.csproj]
/home/rrj/src/github/rudironsoni/Synaxis/tests/Synaxis.Infrastructure.Tests/Services/TeamMembershipServiceIntegrationTests.cs(19,58): error CS0618: 'PostgreSqlBuilder.PostgreSqlBuilder()' is obsolete: 'This parameterless constructor is obsolete and will be removed. Use the constructor with the image parameter instead: https://github.com/testcontainers/testcontainers-dotnet/discussions/1470#discussioncomment-15185721.' [/home/rrj/src/github/rudironsoni/Synaxis/tests/Synaxis.Infrastructure.Tests/Synaxis.Infrastructure.Tests.csproj]
/home/rrj/src/github/rudironsoni/Synaxis/tests/Synaxis.Infrastructure.Tests/Services/TeamServiceTests.cs(163,73): error CS8625: Cannot convert null literal to non-nullable reference type. [/home/rrj/src/github/rudironsoni/Synaxis/tests/Synaxis.Infrastructure.Tests/Synaxis.Infrastructure.Tests.csproj]
/home/rrj/src/github/rudironsoni/Synaxis/tests/Synaxis.Infrastructure.Tests/Services/TeamServiceTests.cs(302,81): error CS8625: Cannot convert null literal to non-nullable reference type. [/home/rrj/src/github/rudironsoni/Synaxis/tests/Synaxis.Infrastructure.Tests/Synaxis.Infrastructure.Tests.csproj]
/home/rrj/src/github/rudironsoni/Synaxis/tests/Synaxis.Infrastructure.Tests/Services/TeamServiceIntegrationTests.cs(32,34): error CS0618: 'PostgreSqlBuilder.PostgreSqlBuilder()' is obsolete: 'This parameterless constructor is obsolete and will be removed. Use the constructor with the image parameter instead: https://github.com/testcontainers/testcontainers-dotnet/discussions/1470#discussioncomment-15185721.' [/home/rrj/src/github/rudironsoni/Synaxis/tests/Synaxis.Infrastructure.Tests/Synaxis.Infrastructure.Tests.csproj]
/home/rrj/src/github/rudironsoni/Synaxis/tests/Synaxis.Infrastructure.Tests/Migrations/TestcontainersMigrationTests.cs(21,37): error CS8618: Non-nullable field '_postgresContainer' must contain a non-null value when exiting constructor. Consider adding the 'required' modifier or declaring the field as nullable. [/home/rrj/src/github/rudironsoni/Synaxis/tests/Synaxis.Infrastructure.Tests/Synaxis.Infrastructure.Tests.csproj]
/home/rrj/src/github/rudironsoni/Synaxis/tests/Synaxis.Infrastructure.Tests/Services/TeamServiceIntegrationTests.cs(23,37): error CS8618: Non-nullable field '_postgresContainer' must contain a non-null value when exiting constructor. Consider adding the 'required' modifier or declaring the field as nullable. [/home/rrj/src/github/rudironsoni/Synaxis/tests/Synaxis.Infrastructure.Tests/Synaxis.Infrastructure.Tests.csproj]
/home/rrj/src/github/rudironsoni/Synaxis/tests/Synaxis.Infrastructure.Tests/Services/TeamServiceIntegrationTests.cs(24,34): error CS8618: Non-nullable field '_context' must contain a non-null value when exiting constructor. Consider adding the 'required' modifier or declaring the field as nullable. [/home/rrj/src/github/rudironsoni/Synaxis/tests/Synaxis.Infrastructure.Tests/Synaxis.Infrastructure.Tests.csproj]
/home/rrj/src/github/rudironsoni/Synaxis/tests/Synaxis.Infrastructure.Tests/Services/TeamServiceIntegrationTests.cs(25,42): error CS8618: Non-nullable field '_invitationServiceMock' must contain a non-null value when exiting constructor. Consider adding the 'required' modifier or declaring the field as nullable. [/home/rrj/src/github/rudironsoni/Synaxis/tests/Synaxis.Infrastructure.Tests/Synaxis.Infrastructure.Tests.csproj]
/home/rrj/src/github/rudironsoni/Synaxis/tests/Synaxis.Infrastructure.Tests/Services/TeamServiceIntegrationTests.cs(26,29): error CS8618: Non-nullable field '_service' must contain a non-null value when exiting constructor. Consider adding the 'required' modifier or declaring the field as nullable. [/home/rrj/src/github/rudironsoni/Synaxis/tests/Synaxis.Infrastructure.Tests/Synaxis.Infrastructure.Tests.csproj]
/home/rrj/src/github/rudironsoni/Synaxis/tests/Synaxis.Infrastructure.Tests/Services/TeamServiceTests.cs(27,34): error CS8618: Non-nullable field '_context' must contain a non-null value when exiting constructor. Consider adding the 'required' modifier or declaring the field as nullable. [/home/rrj/src/github/rudironsoni/Synaxis/tests/Synaxis.Infrastructure.Tests/Synaxis.Infrastructure.Tests.csproj]
/home/rrj/src/github/rudironsoni/Synaxis/tests/Synaxis.Infrastructure.Tests/Services/TeamServiceTests.cs(28,42): error CS8618: Non-nullable field '_invitationServiceMock' must contain a non-null value when exiting constructor. Consider adding the 'required' modifier or declaring the field as nullable. [/home/rrj/src/github/rudironsoni/Synaxis/tests/Synaxis.Infrastructure.Tests/Synaxis.Infrastructure.Tests.csproj]
/home/rrj/src/github/rudironsoni/Synaxis/tests/Synaxis.Infrastructure.Tests/Services/TeamServiceTests.cs(29,29): error CS8618: Non-nullable field '_service' must contain a non-null value when exiting constructor. Consider adding the 'required' modifier or declaring the field as nullable. [/home/rrj/src/github/rudironsoni/Synaxis/tests/Synaxis.Infrastructure.Tests/Synaxis.Infrastructure.Tests.csproj]
/home/rrj/src/github/rudironsoni/Synaxis/tests/Synaxis.Infrastructure.Tests/Migrations/DataIntegrityConstraintTests.cs(186,13): error SA1515: Single-line comment should be preceded by blank line (https://github.com/DotNetAnalyzers/StyleCopAnalyzers/blob/master/documentation/SA1515.md) [/home/rrj/src/github/rudironsoni/Synaxis/tests/Synaxis.Infrastructure.Tests/Synaxis.Infrastructure.Tests.csproj]
/home/rrj/src/github/rudironsoni/Synaxis/tests/Synaxis.Infrastructure.Tests/Services/TeamServiceTests.cs(393,14): error SA1513: Closing brace should be followed by blank line (https://github.com/DotNetAnalyzers/StyleCopAnalyzers/blob/master/documentation/SA1513.md) [/home/rrj/src/github/rudironsoni/Synaxis/tests/Synaxis.Infrastructure.Tests/Synaxis.Infrastructure.Tests.csproj]
/home/rrj/src/github/rudironsoni/Synaxis/tests/Synaxis.Infrastructure.Tests/Services/TeamServiceTests.cs(433,14): error SA1513: Closing brace should be followed by blank line (https://github.com/DotNetAnalyzers/StyleCopAnalyzers/blob/master/documentation/SA1513.md) [/home/rrj/src/github/rudironsoni/Synaxis/tests/Synaxis.Infrastructure.Tests/Synaxis.Infrastructure.Tests.csproj]
/home/rrj/src/github/rudironsoni/Synaxis/tests/Synaxis.Infrastructure.Tests/Services/TeamMembershipServiceTests.cs(20,31): error SA1214: Readonly fields should appear before non-readonly fields (https://github.com/DotNetAnalyzers/StyleCopAnalyzers/blob/master/documentation/SA1214.md) [/home/rrj/src/github/rudironsoni/Synaxis/tests/Synaxis.Infrastructure.Tests/Synaxis.Infrastructure.Tests.csproj]
/home/rrj/src/github/rudironsoni/Synaxis/tests/Synaxis.Infrastructure.Tests/Services/TeamMembershipServiceIntegrationTests.cs(26,9): error IDISP006: Implement IDisposable (https://github.com/DotNetAnalyzers/IDisposableAnalyzers/blob/master/documentation/IDISP006.md) [/home/rrj/src/github/rudironsoni/Synaxis/tests/Synaxis.Infrastructure.Tests/Synaxis.Infrastructure.Tests.csproj]
/home/rrj/src/github/rudironsoni/Synaxis/tests/Synaxis.Infrastructure.Tests/Services/OrganizationSettingsServiceIntegrationTests.cs(29,9): error IDISP006: Implement IDisposable (https://github.com/DotNetAnalyzers/IDisposableAnalyzers/blob/master/documentation/IDISP006.md) [/home/rrj/src/github/rudironsoni/Synaxis/tests/Synaxis.Infrastructure.Tests/Synaxis.Infrastructure.Tests.csproj]
/home/rrj/src/github/rudironsoni/Synaxis/tests/Synaxis.Infrastructure.Tests/Services/TeamServiceIntegrationTests.cs(24,9): error IDISP006: Implement IDisposable (https://github.com/DotNetAnalyzers/IDisposableAnalyzers/blob/master/documentation/IDISP006.md) [/home/rrj/src/github/rudironsoni/Synaxis/tests/Synaxis.Infrastructure.Tests/Synaxis.Infrastructure.Tests.csproj]
/home/rrj/src/github/rudironsoni/Synaxis/tests/Synaxis.Infrastructure.Tests/Migrations/TestcontainersMigrationTests.cs(26,9): error AsyncFixer01: Method 'InitializeAsync' only awaits a single expression - remove async/await and return the Task directly to reduce overhead (https://github.com/semihokur/AsyncFixer#asyncfixer01) [/home/rrj/src/github/rudironsoni/Synaxis/tests/Synaxis.Infrastructure.Tests/Synaxis.Infrastructure.Tests.csproj]
/home/rrj/src/github/rudironsoni/Synaxis/tests/Synaxis.Infrastructure.Tests/Migrations/TestcontainersMigrationTests.cs(28,13): error SA1101: Prefix local calls with this (https://github.com/DotNetAnalyzers/StyleCopAnalyzers/blob/master/documentation/SA1101.md) [/home/rrj/src/github/rudironsoni/Synaxis/tests/Synaxis.Infrastructure.Tests/Synaxis.Infrastructure.Tests.csproj]
/home/rrj/src/github/rudironsoni/Synaxis/tests/Synaxis.Infrastructure.Tests/Migrations/TestcontainersMigrationTests.cs(35,19): error SA1101: Prefix local calls with this (https://github.com/DotNetAnalyzers/StyleCopAnalyzers/blob/master/documentation/SA1101.md) [/home/rrj/src/github/rudironsoni/Synaxis/tests/Synaxis.Infrastructure.Tests/Synaxis.Infrastructure.Tests.csproj]
/home/rrj/src/github/rudironsoni/Synaxis/tests/Synaxis.Infrastructure.Tests/Migrations/TestcontainersMigrationTests.cs(35,13): error MA0004: Use Task.ConfigureAwait(false) if the current SynchronizationContext is not needed (https://github.com/meziantou/Meziantou.Analyzer/blob/main/docs/Rules/MA0004.md) [/home/rrj/src/github/rudironsoni/Synaxis/tests/Synaxis.Infrastructure.Tests/Synaxis.Infrastructure.Tests.csproj]
/home/rrj/src/github/rudironsoni/Synaxis/tests/Synaxis.Infrastructure.Tests/Migrations/TestcontainersMigrationTests.cs(43,17): error SA1101: Prefix local calls with this (https://github.com/DotNetAnalyzers/StyleCopAnalyzers/blob/master/documentation/SA1101.md) [/home/rrj/src/github/rudironsoni/Synaxis/tests/Synaxis.Infrastructure.Tests/Synaxis.Infrastructure.Tests.csproj]
/home/rrj/src/github/rudironsoni/Synaxis/tests/Synaxis.Infrastructure.Tests/Migrations/TestcontainersMigrationTests.cs(45,23): error SA1101: Prefix local calls with this (https://github.com/DotNetAnalyzers/StyleCopAnalyzers/blob/master/documentation/SA1101.md) [/home/rrj/src/github/rudironsoni/Synaxis/tests/Synaxis.Infrastructure.Tests/Synaxis.Infrastructure.Tests.csproj]
/home/rrj/src/github/rudironsoni/Synaxis/tests/Synaxis.Infrastructure.Tests/Migrations/TestcontainersMigrationTests.cs(45,17): error MA0004: Use Task.ConfigureAwait(false) if the current SynchronizationContext is not needed (https://github.com/meziantou/Meziantou.Analyzer/blob/main/docs/Rules/MA0004.md) [/home/rrj/src/github/rudironsoni/Synaxis/tests/Synaxis.Infrastructure.Tests/Synaxis.Infrastructure.Tests.csproj]
/home/rrj/src/github/rudironsoni/Synaxis/tests/Synaxis.Infrastructure.Tests/Migrations/TestcontainersMigrationTests.cs(52,28): error SA1101: Prefix local calls with this (https://github.com/DotNetAnalyzers/StyleCopAnalyzers/blob/master/documentation/SA1101.md) [/home/rrj/src/github/rudironsoni/Synaxis/tests/Synaxis.Infrastructure.Tests/Synaxis.Infrastructure.Tests.csproj]
/home/rrj/src/github/rudironsoni/Synaxis/tests/Synaxis.Infrastructure.Tests/Migrations/DataIntegrityConstraintTests.cs(32,25): error MA0009: Regular expressions should not be vulnerable to Denial of Service attacks (https://github.com/meziantou/Meziantou.Analyzer/blob/main/docs/Rules/MA0009.md) [/home/rrj/src/github/rudironsoni/Synaxis/tests/Synaxis.Infrastructure.Tests/Synaxis.Infrastructure.Tests.csproj]
/home/rrj/src/github/rudironsoni/Synaxis/tests/Synaxis.Infrastructure.Tests/Migrations/RollbackScriptTests.cs(25,13): error SA1101: Prefix local calls with this (https://github.com/DotNetAnalyzers/StyleCopAnalyzers/blob/master/documentation/SA1101.md) [/home/rrj/src/github/rudironsoni/Synaxis/tests/Synaxis.Infrastructure.Tests/Synaxis.Infrastructure.Tests.csproj]
/home/rrj/src/github/rudironsoni/Synaxis/tests/Synaxis.Infrastructure.Tests/Migrations/RollbackScriptTests.cs(27,23): error SA1117: The parameters should all be placed on the same line or each parameter should be placed on its own line (https://github.com/DotNetAnalyzers/StyleCopAnalyzers/blob/master/documentation/SA1117.md) [/home/rrj/src/github/rudironsoni/Synaxis/tests/Synaxis.Infrastructure.Tests/Synaxis.Infrastructure.Tests.csproj]
/home/rrj/src/github/rudironsoni/Synaxis/tests/Synaxis.Infrastructure.Tests/Migrations/RollbackScriptTests.cs(37,43): error SA1101: Prefix local calls with this (https://github.com/DotNetAnalyzers/StyleCopAnalyzers/blob/master/documentation/SA1101.md) [/home/rrj/src/github/rudironsoni/Synaxis/tests/Synaxis.Infrastructure.Tests/Synaxis.Infrastructure.Tests.csproj]
/home/rrj/src/github/rudironsoni/Synaxis/tests/Synaxis.Infrastructure.Tests/Services/TeamMembershipServiceTests.cs(25,9): error AsyncFixer01: Method 'InitializeAsync' only awaits a single expression - remove async/await and return the Task directly to reduce overhead (https://github.com/semihokur/AsyncFixer#asyncfixer01) [/home/rrj/src/github/rudironsoni/Synaxis/tests/Synaxis.Infrastructure.Tests/Synaxis.Infrastructure.Tests.csproj]
/home/rrj/src/github/rudironsoni/Synaxis/tests/Synaxis.Infrastructure.Tests/Migrations/TestcontainersMigrationTests.cs(67,33): error SA1101: Prefix local calls with this (https://github.com/DotNetAnalyzers/StyleCopAnalyzers/blob/master/documentation/SA1101.md) [/home/rrj/src/github/rudironsoni/Synaxis/tests/Synaxis.Infrastructure.Tests/Synaxis.Infrastructure.Tests.csproj]
/home/rrj/src/github/rudironsoni/Synaxis/tests/Synaxis.Infrastructure.Tests/Migrations/TestcontainersMigrationTests.cs(87,41): error SA1101: Prefix local calls with this (https://github.com/DotNetAnalyzers/StyleCopAnalyzers/blob/master/documentation/SA1101.md) [/home/rrj/src/github/rudironsoni/Synaxis/tests/Synaxis.Infrastructure.Tests/Synaxis.Infrastructure.Tests.csproj]
/home/rrj/src/github/rudironsoni/Synaxis/tests/Synaxis.Infrastructure.Tests/Services/TeamMembershipServiceTests.cs(18,9): error IDISP006: Implement IDisposable (https://github.com/DotNetAnalyzers/IDisposableAnalyzers/blob/master/documentation/IDISP006.md) [/home/rrj/src/github/rudironsoni/Synaxis/tests/Synaxis.Infrastructure.Tests/Synaxis.Infrastructure.Tests.csproj]
/home/rrj/src/github/rudironsoni/Synaxis/tests/Synaxis.Infrastructure.Tests/Migrations/DataIntegrityConstraintTests.cs(52,25): error MA0009: Regular expressions should not be vulnerable to Denial of Service attacks (https://github.com/meziantou/Meziantou.Analyzer/blob/main/docs/Rules/MA0009.md) [/home/rrj/src/github/rudironsoni/Synaxis/tests/Synaxis.Infrastructure.Tests/Synaxis.Infrastructure.Tests.csproj]
/home/rrj/src/github/rudironsoni/Synaxis/tests/Synaxis.Infrastructure.Tests/Services/TeamMembershipServiceTests.cs(31,13): error IDISP003: Dispose previous before re-assigning (https://github.com/DotNetAnalyzers/IDisposableAnalyzers/blob/master/documentation/IDISP003.md) [/home/rrj/src/github/rudironsoni/Synaxis/tests/Synaxis.Infrastructure.Tests/Synaxis.Infrastructure.Tests.csproj]
/home/rrj/src/github/rudironsoni/Synaxis/tests/Synaxis.Infrastructure.Tests/Services/TeamMembershipServiceTests.cs(31,13): error SA1101: Prefix local calls with this (https://github.com/DotNetAnalyzers/StyleCopAnalyzers/blob/master/documentation/SA1101.md) [/home/rrj/src/github/rudironsoni/Synaxis/tests/Synaxis.Infrastructure.Tests/Synaxis.Infrastructure.Tests.csproj]
/home/rrj/src/github/rudironsoni/Synaxis/tests/Synaxis.Infrastructure.Tests/Services/TeamMembershipServiceTests.cs(32,13): error SA1101: Prefix local calls with this (https://github.com/DotNetAnalyzers/StyleCopAnalyzers/blob/master/documentation/SA1101.md) [/home/rrj/src/github/rudironsoni/Synaxis/tests/Synaxis.Infrastructure.Tests/Synaxis.Infrastructure.Tests.csproj]
/home/rrj/src/github/rudironsoni/Synaxis/tests/Synaxis.Infrastructure.Tests/Services/TeamMembershipServiceTests.cs(32,50): error SA1101: Prefix local calls with this (https://github.com/DotNetAnalyzers/StyleCopAnalyzers/blob/master/documentation/SA1101.md) [/home/rrj/src/github/rudironsoni/Synaxis/tests/Synaxis.Infrastructure.Tests/Synaxis.Infrastructure.Tests.csproj]
/home/rrj/src/github/rudironsoni/Synaxis/tests/Synaxis.Infrastructure.Tests/Services/TeamMembershipServiceTests.cs(34,13): error MA0004: Use Task.ConfigureAwait(false) if the current SynchronizationContext is not needed (https://github.com/meziantou/Meziantou.Analyzer/blob/main/docs/Rules/MA0004.md) [/home/rrj/src/github/rudironsoni/Synaxis/tests/Synaxis.Infrastructure.Tests/Synaxis.Infrastructure.Tests.csproj]
/home/rrj/src/github/rudironsoni/Synaxis/tests/Synaxis.Infrastructure.Tests/Services/TeamMembershipServiceTests.cs(39,19): error SA1101: Prefix local calls with this (https://github.com/DotNetAnalyzers/StyleCopAnalyzers/blob/master/documentation/SA1101.md) [/home/rrj/src/github/rudironsoni/Synaxis/tests/Synaxis.Infrastructure.Tests/Synaxis.Infrastructure.Tests.csproj]
/home/rrj/src/github/rudironsoni/Synaxis/tests/Synaxis.Infrastructure.Tests/Services/TeamMembershipServiceTests.cs(39,13): error MA0004: Use Task.ConfigureAwait(false) if the current SynchronizationContext is not needed (https://github.com/meziantou/Meziantou.Analyzer/blob/main/docs/Rules/MA0004.md) [/home/rrj/src/github/rudironsoni/Synaxis/tests/Synaxis.Infrastructure.Tests/Synaxis.Infrastructure.Tests.csproj]
/home/rrj/src/github/rudironsoni/Synaxis/tests/Synaxis.Infrastructure.Tests/Services/OrganizationSettingsServiceIntegrationTests.cs(50,17): error MA0004: Use Task.ConfigureAwait(false) if the current SynchronizationContext is not needed (https://github.com/meziantou/Meziantou.Analyzer/blob/main/docs/Rules/MA0004.md) [/home/rrj/src/github/rudironsoni/Synaxis/tests/Synaxis.Infrastructure.Tests/Synaxis.Infrastructure.Tests.csproj]
/home/rrj/src/github/rudironsoni/Synaxis/tests/Synaxis.Infrastructure.Tests/Services/OrganizationSettingsServiceIntegrationTests.cs(53,13): error MA0004: Use Task.ConfigureAwait(false) if the current SynchronizationContext is not needed (https://github.com/meziantou/Meziantou.Analyzer/blob/main/docs/Rules/MA0004.md) [/home/rrj/src/github/rudironsoni/Synaxis/tests/Synaxis.Infrastructure.Tests/Synaxis.Infrastructure.Tests.csproj]
/home/rrj/src/github/rudironsoni/Synaxis/tests/Synaxis.Infrastructure.Tests/Services/TeamServiceTests.cs(77,19): error SA1101: Prefix local calls with this (https://github.com/DotNetAnalyzers/StyleCopAnalyzers/blob/master/documentation/SA1101.md) [/home/rrj/src/github/rudironsoni/Synaxis/tests/Synaxis.Infrastructure.Tests/Synaxis.Infrastructure.Tests.csproj]
/home/rrj/src/github/rudironsoni/Synaxis/tests/Synaxis.Infrastructure.Tests/Services/TeamServiceTests.cs(77,13): error MA0004: Use Task.ConfigureAwait(false) if the current SynchronizationContext is not needed (https://github.com/meziantou/Meziantou.Analyzer/blob/main/docs/Rules/MA0004.md) [/home/rrj/src/github/rudironsoni/Synaxis/tests/Synaxis.Infrastructure.Tests/Synaxis.Infrastructure.Tests.csproj]
/home/rrj/src/github/rudironsoni/Synaxis/tests/Synaxis.Infrastructure.Tests/Services/OrganizationSettingsServiceIntegrationTests.cs(40,13): error IDISP003: Dispose previous before re-assigning (https://github.com/DotNetAnalyzers/IDisposableAnalyzers/blob/master/documentation/IDISP003.md) [/home/rrj/src/github/rudironsoni/Synaxis/tests/Synaxis.Infrastructure.Tests/Synaxis.Infrastructure.Tests.csproj]
/home/rrj/src/github/rudironsoni/Synaxis/tests/Synaxis.Infrastructure.Tests/Services/TeamServiceTests.cs(27,9): error IDISP006: Implement IDisposable (https://github.com/DotNetAnalyzers/IDisposableAnalyzers/blob/master/documentation/IDISP006.md) [/home/rrj/src/github/rudironsoni/Synaxis/tests/Synaxis.Infrastructure.Tests/Synaxis.Infrastructure.Tests.csproj]
/home/rrj/src/github/rudironsoni/Synaxis/tests/Synaxis.Infrastructure.Tests/Services/OrganizationSettingsServiceIntegrationTests.cs(34,13): error MA0004: Use Task.ConfigureAwait(false) if the current SynchronizationContext is not needed (https://github.com/meziantou/Meziantou.Analyzer/blob/main/docs/Rules/MA0004.md) [/home/rrj/src/github/rudironsoni/Synaxis/tests/Synaxis.Infrastructure.Tests/Synaxis.Infrastructure.Tests.csproj]
/home/rrj/src/github/rudironsoni/Synaxis/tests/Synaxis.Infrastructure.Tests/Services/OrganizationSettingsServiceIntegrationTests.cs(41,13): error MA0004: Use Task.ConfigureAwait(false) if the current SynchronizationContext is not needed (https://github.com/meziantou/Meziantou.Analyzer/blob/main/docs/Rules/MA0004.md) [/home/rrj/src/github/rudironsoni/Synaxis/tests/Synaxis.Infrastructure.Tests/Synaxis.Infrastructure.Tests.csproj]
/home/rrj/src/github/rudironsoni/Synaxis/tests/Synaxis.Infrastructure.Tests/Migrations/RollbackScriptTests.cs(50,43): error SA1101: Prefix local calls with this (https://github.com/DotNetAnalyzers/StyleCopAnalyzers/blob/master/documentation/SA1101.md) [/home/rrj/src/github/rudironsoni/Synaxis/tests/Synaxis.Infrastructure.Tests/Synaxis.Infrastructure.Tests.csproj]
/home/rrj/src/github/rudironsoni/Synaxis/tests/Synaxis.Infrastructure.Tests/Migrations/InitialMigrationTests.cs(38,13): error S6966: Await CanConnectAsync instead. (https://rules.sonarsource.com/csharp/RSPEC-6966) [/home/rrj/src/github/rudironsoni/Synaxis/tests/Synaxis.Infrastructure.Tests/Synaxis.Infrastructure.Tests.csproj]
/home/rrj/src/github/rudironsoni/Synaxis/tests/Synaxis.Infrastructure.Tests/Services/TeamMembershipServiceIntegrationTests.cs(96,19): error SA1101: Prefix local calls with this (https://github.com/DotNetAnalyzers/StyleCopAnalyzers/blob/master/documentation/SA1101.md) [/home/rrj/src/github/rudironsoni/Synaxis/tests/Synaxis.Infrastructure.Tests/Synaxis.Infrastructure.Tests.csproj]
/home/rrj/src/github/rudironsoni/Synaxis/tests/Synaxis.Infrastructure.Tests/Services/TeamMembershipServiceIntegrationTests.cs(97,19): error SA1101: Prefix local calls with this (https://github.com/DotNetAnalyzers/StyleCopAnalyzers/blob/master/documentation/SA1101.md) [/home/rrj/src/github/rudironsoni/Synaxis/tests/Synaxis.Infrastructure.Tests/Synaxis.Infrastructure.Tests.csproj]
/home/rrj/src/github/rudironsoni/Synaxis/tests/Synaxis.Infrastructure.Tests/Services/TeamMembershipServiceIntegrationTests.cs(96,13): error MA0004: Use Task.ConfigureAwait(false) if the current SynchronizationContext is not needed (https://github.com/meziantou/Meziantou.Analyzer/blob/main/docs/Rules/MA0004.md) [/home/rrj/src/github/rudironsoni/Synaxis/tests/Synaxis.Infrastructure.Tests/Synaxis.Infrastructure.Tests.csproj]
/home/rrj/src/github/rudironsoni/Synaxis/tests/Synaxis.Infrastructure.Tests/Services/TeamMembershipServiceIntegrationTests.cs(97,13): error MA0004: Use Task.ConfigureAwait(false) if the current SynchronizationContext is not needed (https://github.com/meziantou/Meziantou.Analyzer/blob/main/docs/Rules/MA0004.md) [/home/rrj/src/github/rudironsoni/Synaxis/tests/Synaxis.Infrastructure.Tests/Synaxis.Infrastructure.Tests.csproj]
/home/rrj/src/github/rudironsoni/Synaxis/tests/Synaxis.Infrastructure.Tests/Services/TeamServiceTests.cs(39,13): error IDISP003: Dispose previous before re-assigning (https://github.com/DotNetAnalyzers/IDisposableAnalyzers/blob/master/documentation/IDISP003.md) [/home/rrj/src/github/rudironsoni/Synaxis/tests/Synaxis.Infrastructure.Tests/Synaxis.Infrastructure.Tests.csproj]
/home/rrj/src/github/rudironsoni/Synaxis/tests/Synaxis.Infrastructure.Tests/Migrations/DataIntegrityConstraintTests.cs(92,25): error MA0009: Regular expressions should not be vulnerable to Denial of Service attacks (https://github.com/meziantou/Meziantou.Analyzer/blob/main/docs/Rules/MA0009.md) [/home/rrj/src/github/rudironsoni/Synaxis/tests/Synaxis.Infrastructure.Tests/Synaxis.Infrastructure.Tests.csproj]
/home/rrj/src/github/rudironsoni/Synaxis/tests/Synaxis.Infrastructure.Tests/Migrations/PerformanceIndexTests.cs(39,30): error S6608: Indexing at 0 should be used instead of the "Enumerable" extension method "First" (https://rules.sonarsource.com/csharp/RSPEC-6608) [/home/rrj/src/github/rudironsoni/Synaxis/tests/Synaxis.Infrastructure.Tests/Synaxis.Infrastructure.Tests.csproj]
/home/rrj/src/github/rudironsoni/Synaxis/tests/Synaxis.Infrastructure.Tests/Services/TeamServiceTests.cs(54,17): error SA1413: Use trailing comma in multi-line initializers (https://github.com/DotNetAnalyzers/StyleCopAnalyzers/blob/master/documentation/SA1413.md) [/home/rrj/src/github/rudironsoni/Synaxis/tests/Synaxis.Infrastructure.Tests/Synaxis.Infrastructure.Tests.csproj]
/home/rrj/src/github/rudironsoni/Synaxis/tests/Synaxis.Infrastructure.Tests/Services/TeamServiceTests.cs(65,17): error SA1413: Use trailing comma in multi-line initializers (https://github.com/DotNetAnalyzers/StyleCopAnalyzers/blob/master/documentation/SA1413.md) [/home/rrj/src/github/rudironsoni/Synaxis/tests/Synaxis.Infrastructure.Tests/Synaxis.Infrastructure.Tests.csproj]
/home/rrj/src/github/rudironsoni/Synaxis/tests/Synaxis.Infrastructure.Tests/Services/TeamServiceTests.cs(39,13): error SA1101: Prefix local calls with this (https://github.com/DotNetAnalyzers/StyleCopAnalyzers/blob/master/documentation/SA1101.md) [/home/rrj/src/github/rudironsoni/Synaxis/tests/Synaxis.Infrastructure.Tests/Synaxis.Infrastructure.Tests.csproj]
/home/rrj/src/github/rudironsoni/Synaxis/tests/Synaxis.Infrastructure.Tests/Services/TeamServiceTests.cs(40,13): error SA1101: Prefix local calls with this (https://github.com/DotNetAnalyzers/StyleCopAnalyzers/blob/master/documentation/SA1101.md) [/home/rrj/src/github/rudironsoni/Synaxis/tests/Synaxis.Infrastructure.Tests/Synaxis.Infrastructure.Tests.csproj]
/home/rrj/src/github/rudironsoni/Synaxis/tests/Synaxis.Infrastructure.Tests/Services/TeamServiceTests.cs(43,13): error SA1101: Prefix local calls with this (https://github.com/DotNetAnalyzers/StyleCopAnalyzers/blob/master/documentation/SA1101.md) [/home/rrj/src/github/rudironsoni/Synaxis/tests/Synaxis.Infrastructure.Tests/Synaxis.Infrastructure.Tests.csproj]
/home/rrj/src/github/rudironsoni/Synaxis/tests/Synaxis.Infrastructure.Tests/Services/TeamServiceTests.cs(44,13): error SA1101: Prefix local calls with this (https://github.com/DotNetAnalyzers/StyleCopAnalyzers/blob/master/documentation/SA1101.md) [/home/rrj/src/github/rudironsoni/Synaxis/tests/Synaxis.Infrastructure.Tests/Synaxis.Infrastructure.Tests.csproj]
/home/rrj/src/github/rudironsoni/Synaxis/tests/Synaxis.Infrastructure.Tests/Services/TeamServiceTests.cs(48,22): error SA1101: Prefix local calls with this (https://github.com/DotNetAnalyzers/StyleCopAnalyzers/blob/master/documentation/SA1101.md) [/home/rrj/src/github/rudironsoni/Synaxis/tests/Synaxis.Infrastructure.Tests/Synaxis.Infrastructure.Tests.csproj]
/home/rrj/src/github/rudironsoni/Synaxis/tests/Synaxis.Infrastructure.Tests/Services/TeamServiceTests.cs(59,22): error SA1101: Prefix local calls with this (https://github.com/DotNetAnalyzers/StyleCopAnalyzers/blob/master/documentation/SA1101.md) [/home/rrj/src/github/rudironsoni/Synaxis/tests/Synaxis.Infrastructure.Tests/Synaxis.Infrastructure.Tests.csproj]
/home/rrj/src/github/rudironsoni/Synaxis/tests/Synaxis.Infrastructure.Tests/Services/TeamServiceTests.cs(60,34): error SA1101: Prefix local calls with this (https://github.com/DotNetAnalyzers/StyleCopAnalyzers/blob/master/documentation/SA1101.md) [/home/rrj/src/github/rudironsoni/Synaxis/tests/Synaxis.Infrastructure.Tests/Synaxis.Infrastructure.Tests.csproj]
/home/rrj/src/github/rudironsoni/Synaxis/tests/Synaxis.Infrastructure.Tests/Services/TeamServiceTests.cs(68,13): error SA1101: Prefix local calls with this (https://github.com/DotNetAnalyzers/StyleCopAnalyzers/blob/master/documentation/SA1101.md) [/home/rrj/src/github/rudironsoni/Synaxis/tests/Synaxis.Infrastructure.Tests/Synaxis.Infrastructure.Tests.csproj]
/home/rrj/src/github/rudironsoni/Synaxis/tests/Synaxis.Infrastructure.Tests/Services/TeamServiceTests.cs(69,13): error SA1101: Prefix local calls with this (https://github.com/DotNetAnalyzers/StyleCopAnalyzers/blob/master/documentation/SA1101.md) [/home/rrj/src/github/rudironsoni/Synaxis/tests/Synaxis.Infrastructure.Tests/Synaxis.Infrastructure.Tests.csproj]
/home/rrj/src/github/rudironsoni/Synaxis/tests/Synaxis.Infrastructure.Tests/Services/TeamServiceTests.cs(70,19): error SA1101: Prefix local calls with this (https://github.com/DotNetAnalyzers/StyleCopAnalyzers/blob/master/documentation/SA1101.md) [/home/rrj/src/github/rudironsoni/Synaxis/tests/Synaxis.Infrastructure.Tests/Synaxis.Infrastructure.Tests.csproj]
/home/rrj/src/github/rudironsoni/Synaxis/tests/Synaxis.Infrastructure.Tests/Services/TeamServiceTests.cs(72,13): error SA1101: Prefix local calls with this (https://github.com/DotNetAnalyzers/StyleCopAnalyzers/blob/master/documentation/SA1101.md) [/home/rrj/src/github/rudironsoni/Synaxis/tests/Synaxis.Infrastructure.Tests/Synaxis.Infrastructure.Tests.csproj]
/home/rrj/src/github/rudironsoni/Synaxis/tests/Synaxis.Infrastructure.Tests/Services/TeamServiceTests.cs(72,40): error SA1101: Prefix local calls with this (https://github.com/DotNetAnalyzers/StyleCopAnalyzers/blob/master/documentation/SA1101.md) [/home/rrj/src/github/rudironsoni/Synaxis/tests/Synaxis.Infrastructure.Tests/Synaxis.Infrastructure.Tests.csproj]
/home/rrj/src/github/rudironsoni/Synaxis/tests/Synaxis.Infrastructure.Tests/Services/TeamServiceTests.cs(72,50): error SA1101: Prefix local calls with this (https://github.com/DotNetAnalyzers/StyleCopAnalyzers/blob/master/documentation/SA1101.md) [/home/rrj/src/github/rudironsoni/Synaxis/tests/Synaxis.Infrastructure.Tests/Synaxis.Infrastructure.Tests.csproj]
/home/rrj/src/github/rudironsoni/Synaxis/tests/Synaxis.Infrastructure.Tests/Services/TeamServiceTests.cs(70,13): error MA0004: Use Task.ConfigureAwait(false) if the current SynchronizationContext is not needed (https://github.com/meziantou/Meziantou.Analyzer/blob/main/docs/Rules/MA0004.md) [/home/rrj/src/github/rudironsoni/Synaxis/tests/Synaxis.Infrastructure.Tests/Synaxis.Infrastructure.Tests.csproj]
/home/rrj/src/github/rudironsoni/Synaxis/tests/Synaxis.Infrastructure.Tests/Migrations/PerformanceIndexTests.cs(39,17): error MA0006: Use string.Equals instead of Equals operator (https://github.com/meziantou/Meziantou.Analyzer/blob/main/docs/Rules/MA0006.md) [/home/rrj/src/github/rudironsoni/Synaxis/tests/Synaxis.Infrastructure.Tests/Synaxis.Infrastructure.Tests.csproj]
/home/rrj/src/github/rudironsoni/Synaxis/tests/Synaxis.Infrastructure.Tests/Migrations/RollbackScriptTests.cs(63,43): error SA1101: Prefix local calls with this (https://github.com/DotNetAnalyzers/StyleCopAnalyzers/blob/master/documentation/SA1101.md) [/home/rrj/src/github/rudironsoni/Synaxis/tests/Synaxis.Infrastructure.Tests/Synaxis.Infrastructure.Tests.csproj]
/home/rrj/src/github/rudironsoni/Synaxis/tests/Synaxis.Infrastructure.Tests/Services/TeamMembershipServiceTests.cs(54,17): error SA1413: Use trailing comma in multi-line initializers (https://github.com/DotNetAnalyzers/StyleCopAnalyzers/blob/master/documentation/SA1413.md) [/home/rrj/src/github/rudironsoni/Synaxis/tests/Synaxis.Infrastructure.Tests/Synaxis.Infrastructure.Tests.csproj]
/home/rrj/src/github/rudironsoni/Synaxis/tests/Synaxis.Infrastructure.Tests/Services/TeamMembershipServiceTests.cs(62,17): error SA1413: Use trailing comma in multi-line initializers (https://github.com/DotNetAnalyzers/StyleCopAnalyzers/blob/master/documentation/SA1413.md) [/home/rrj/src/github/rudironsoni/Synaxis/tests/Synaxis.Infrastructure.Tests/Synaxis.Infrastructure.Tests.csproj]
/home/rrj/src/github/rudironsoni/Synaxis/tests/Synaxis.Infrastructure.Tests/Services/TeamMembershipServiceTests.cs(47,22): error SA1101: Prefix local calls with this (https://github.com/DotNetAnalyzers/StyleCopAnalyzers/blob/master/documentation/SA1101.md) [/home/rrj/src/github/rudironsoni/Synaxis/tests/Synaxis.Infrastructure.Tests/Synaxis.Infrastructure.Tests.csproj]
/home/rrj/src/github/rudironsoni/Synaxis/tests/Synaxis.Infrastructure.Tests/Services/TeamMembershipServiceTests.cs(48,34): error SA1101: Prefix local calls with this (https://github.com/DotNetAnalyzers/StyleCopAnalyzers/blob/master/documentation/SA1101.md) [/home/rrj/src/github/rudironsoni/Synaxis/tests/Synaxis.Infrastructure.Tests/Synaxis.Infrastructure.Tests.csproj]
/home/rrj/src/github/rudironsoni/Synaxis/tests/Synaxis.Infrastructure.Tests/Services/TeamMembershipServiceTests.cs(59,22): error SA1101: Prefix local calls with this (https://github.com/DotNetAnalyzers/StyleCopAnalyzers/blob/master/documentation/SA1101.md) [/home/rrj/src/github/rudironsoni/Synaxis/tests/Synaxis.Infrastructure.Tests/Synaxis.Infrastructure.Tests.csproj]
/home/rrj/src/github/rudironsoni/Synaxis/tests/Synaxis.Infrastructure.Tests/Services/TeamMembershipServiceTests.cs(60,34): error SA1101: Prefix local calls with this (https://github.com/DotNetAnalyzers/StyleCopAnalyzers/blob/master/documentation/SA1101.md) [/home/rrj/src/github/rudironsoni/Synaxis/tests/Synaxis.Infrastructure.Tests/Synaxis.Infrastructure.Tests.csproj]
/home/rrj/src/github/rudironsoni/Synaxis/tests/Synaxis.Infrastructure.Tests/Services/TeamMembershipServiceTests.cs(65,13): error SA1101: Prefix local calls with this (https://github.com/DotNetAnalyzers/StyleCopAnalyzers/blob/master/documentation/SA1101.md) [/home/rrj/src/github/rudironsoni/Synaxis/tests/Synaxis.Infrastructure.Tests/Synaxis.Infrastructure.Tests.csproj]
/home/rrj/src/github/rudironsoni/Synaxis/tests/Synaxis.Infrastructure.Tests/Services/TeamMembershipServiceTests.cs(66,13): error SA1101: Prefix local calls with this (https://github.com/DotNetAnalyzers/StyleCopAnalyzers/blob/master/documentation/SA1101.md) [/home/rrj/src/github/rudironsoni/Synaxis/tests/Synaxis.Infrastructure.Tests/Synaxis.Infrastructure.Tests.csproj]
/home/rrj/src/github/rudironsoni/Synaxis/tests/Synaxis.Infrastructure.Tests/Services/TeamMembershipServiceTests.cs(67,19): error SA1101: Prefix local calls with this (https://github.com/DotNetAnalyzers/StyleCopAnalyzers/blob/master/documentation/SA1101.md) [/home/rrj/src/github/rudironsoni/Synaxis/tests/Synaxis.Infrastructure.Tests/Synaxis.Infrastructure.Tests.csproj]
/home/rrj/src/github/rudironsoni/Synaxis/tests/Synaxis.Infrastructure.Tests/Services/TeamMembershipServiceTests.cs(69,32): error SA1101: Prefix local calls with this (https://github.com/DotNetAnalyzers/StyleCopAnalyzers/blob/master/documentation/SA1101.md) [/home/rrj/src/github/rudironsoni/Synaxis/tests/Synaxis.Infrastructure.Tests/Synaxis.Infrastructure.Tests.csproj]
/home/rrj/src/github/rudironsoni/Synaxis/tests/Synaxis.Infrastructure.Tests/Services/TeamMembershipServiceTests.cs(69,56): error SA1101: Prefix local calls with this (https://github.com/DotNetAnalyzers/StyleCopAnalyzers/blob/master/documentation/SA1101.md) [/home/rrj/src/github/rudironsoni/Synaxis/tests/Synaxis.Infrastructure.Tests/Synaxis.Infrastructure.Tests.csproj]
/home/rrj/src/github/rudironsoni/Synaxis/tests/Synaxis.Infrastructure.Tests/Services/TeamMembershipServiceTests.cs(69,65): error SA1101: Prefix local calls with this (https://github.com/DotNetAnalyzers/StyleCopAnalyzers/blob/master/documentation/SA1101.md) [/home/rrj/src/github/rudironsoni/Synaxis/tests/Synaxis.Infrastructure.Tests/Synaxis.Infrastructure.Tests.csproj]
/home/rrj/src/github/rudironsoni/Synaxis/tests/Synaxis.Infrastructure.Tests/Services/TeamMembershipServiceTests.cs(69,84): error SA1101: Prefix local calls with this (https://github.com/DotNetAnalyzers/StyleCopAnalyzers/blob/master/documentation/SA1101.md) [/home/rrj/src/github/rudironsoni/Synaxis/tests/Synaxis.Infrastructure.Tests/Synaxis.Infrastructure.Tests.csproj]
/home/rrj/src/github/rudironsoni/Synaxis/tests/Synaxis.Infrastructure.Tests/Services/TeamMembershipServiceTests.cs(72,39): error SA1101: Prefix local calls with this (https://github.com/DotNetAnalyzers/StyleCopAnalyzers/blob/master/documentation/SA1101.md) [/home/rrj/src/github/rudironsoni/Synaxis/tests/Synaxis.Infrastructure.Tests/Synaxis.Infrastructure.Tests.csproj]
/home/rrj/src/github/rudironsoni/Synaxis/tests/Synaxis.Infrastructure.Tests/Services/TeamMembershipServiceTests.cs(73,39): error SA1101: Prefix local calls with this (https://github.com/DotNetAnalyzers/StyleCopAnalyzers/blob/master/documentation/SA1101.md) [/home/rrj/src/github/rudironsoni/Synaxis/tests/Synaxis.Infrastructure.Tests/Synaxis.Infrastructure.Tests.csproj]
/home/rrj/src/github/rudironsoni/Synaxis/tests/Synaxis.Infrastructure.Tests/Services/TeamMembershipServiceIntegrationTests.cs(42,13): error IDISP003: Dispose previous before re-assigning (https://github.com/DotNetAnalyzers/IDisposableAnalyzers/blob/master/documentation/IDISP003.md) [/home/rrj/src/github/rudironsoni/Synaxis/tests/Synaxis.Infrastructure.Tests/Synaxis.Infrastructure.Tests.csproj]
/home/rrj/src/github/rudironsoni/Synaxis/tests/Synaxis.Infrastructure.Tests/Services/TeamMembershipServiceIntegrationTests.cs(103,31): error SA1101: Prefix local calls with this (https://github.com/DotNetAnalyzers/StyleCopAnalyzers/blob/master/documentation/SA1101.md) [/home/rrj/src/github/rudironsoni/Synaxis/tests/Synaxis.Infrastructure.Tests/Synaxis.Infrastructure.Tests.csproj]
/home/rrj/src/github/rudironsoni/Synaxis/tests/Synaxis.Infrastructure.Tests/Services/TeamMembershipServiceIntegrationTests.cs(103,55): error SA1101: Prefix local calls with this (https://github.com/DotNetAnalyzers/StyleCopAnalyzers/blob/master/documentation/SA1101.md) [/home/rrj/src/github/rudironsoni/Synaxis/tests/Synaxis.Infrastructure.Tests/Synaxis.Infrastructure.Tests.csproj]
/home/rrj/src/github/rudironsoni/Synaxis/tests/Synaxis.Infrastructure.Tests/Services/TeamMembershipServiceIntegrationTests.cs(103,65): error SA1101: Prefix local calls with this (https://github.com/DotNetAnalyzers/StyleCopAnalyzers/blob/master/documentation/SA1101.md) [/home/rrj/src/github/rudironsoni/Synaxis/tests/Synaxis.Infrastructure.Tests/Synaxis.Infrastructure.Tests.csproj]
/home/rrj/src/github/rudironsoni/Synaxis/tests/Synaxis.Infrastructure.Tests/Services/TeamMembershipServiceIntegrationTests.cs(103,86): error SA1101: Prefix local calls with this (https://github.com/DotNetAnalyzers/StyleCopAnalyzers/blob/master/documentation/SA1101.md) [/home/rrj/src/github/rudironsoni/Synaxis/tests/Synaxis.Infrastructure.Tests/Synaxis.Infrastructure.Tests.csproj]
/home/rrj/src/github/rudironsoni/Synaxis/tests/Synaxis.Infrastructure.Tests/Services/TeamMembershipServiceIntegrationTests.cs(107,33): error SA1101: Prefix local calls with this (https://github.com/DotNetAnalyzers/StyleCopAnalyzers/blob/master/documentation/SA1101.md) [/home/rrj/src/github/rudironsoni/Synaxis/tests/Synaxis.Infrastructure.Tests/Synaxis.Infrastructure.Tests.csproj]
/home/rrj/src/github/rudironsoni/Synaxis/tests/Synaxis.Infrastructure.Tests/Services/TeamMembershipServiceIntegrationTests.cs(107,64): error SA1101: Prefix local calls with this (https://github.com/DotNetAnalyzers/StyleCopAnalyzers/blob/master/documentation/SA1101.md) [/home/rrj/src/github/rudironsoni/Synaxis/tests/Synaxis.Infrastructure.Tests/Synaxis.Infrastructure.Tests.csproj]
/home/rrj/src/github/rudironsoni/Synaxis/tests/Synaxis.Infrastructure.Tests/Services/TeamMembershipServiceIntegrationTests.cs(107,74): error SA1101: Prefix local calls with this (https://github.com/DotNetAnalyzers/StyleCopAnalyzers/blob/master/documentation/SA1101.md) [/home/rrj/src/github/rudironsoni/Synaxis/tests/Synaxis.Infrastructure.Tests/Synaxis.Infrastructure.Tests.csproj]
/home/rrj/src/github/rudironsoni/Synaxis/tests/Synaxis.Infrastructure.Tests/Services/TeamMembershipServiceIntegrationTests.cs(107,98): error SA1101: Prefix local calls with this (https://github.com/DotNetAnalyzers/StyleCopAnalyzers/blob/master/documentation/SA1101.md) [/home/rrj/src/github/rudironsoni/Synaxis/tests/Synaxis.Infrastructure.Tests/Synaxis.Infrastructure.Tests.csproj]
/home/rrj/src/github/rudironsoni/Synaxis/tests/Synaxis.Infrastructure.Tests/Services/TeamMembershipServiceIntegrationTests.cs(111,19): error SA1101: Prefix local calls with this (https://github.com/DotNetAnalyzers/StyleCopAnalyzers/blob/master/documentation/SA1101.md) [/home/rrj/src/github/rudironsoni/Synaxis/tests/Synaxis.Infrastructure.Tests/Synaxis.Infrastructure.Tests.csproj]
/home/rrj/src/github/rudironsoni/Synaxis/tests/Synaxis.Infrastructure.Tests/Services/TeamMembershipServiceIntegrationTests.cs(111,46): error SA1101: Prefix local calls with this (https://github.com/DotNetAnalyzers/StyleCopAnalyzers/blob/master/documentation/SA1101.md) [/home/rrj/src/github/rudironsoni/Synaxis/tests/Synaxis.Infrastructure.Tests/Synaxis.Infrastructure.Tests.csproj]
/home/rrj/src/github/rudironsoni/Synaxis/tests/Synaxis.Infrastructure.Tests/Services/TeamMembershipServiceIntegrationTests.cs(111,56): error SA1101: Prefix local calls with this (https://github.com/DotNetAnalyzers/StyleCopAnalyzers/blob/master/documentation/SA1101.md) [/home/rrj/src/github/rudironsoni/Synaxis/tests/Synaxis.Infrastructure.Tests/Synaxis.Infrastructure.Tests.csproj]
/home/rrj/src/github/rudironsoni/Synaxis/tests/Synaxis.Infrastructure.Tests/Services/TeamMembershipServiceIntegrationTests.cs(111,67): error SA1101: Prefix local calls with this (https://github.com/DotNetAnalyzers/StyleCopAnalyzers/blob/master/documentation/SA1101.md) [/home/rrj/src/github/rudironsoni/Synaxis/tests/Synaxis.Infrastructure.Tests/Synaxis.Infrastructure.Tests.csproj]
/home/rrj/src/github/rudironsoni/Synaxis/tests/Synaxis.Infrastructure.Tests/Services/TeamMembershipServiceIntegrationTests.cs(113,36): error SA1101: Prefix local calls with this (https://github.com/DotNetAnalyzers/StyleCopAnalyzers/blob/master/documentation/SA1101.md) [/home/rrj/src/github/rudironsoni/Synaxis/tests/Synaxis.Infrastructure.Tests/Synaxis.Infrastructure.Tests.csproj]
/home/rrj/src/github/rudironsoni/Synaxis/tests/Synaxis.Infrastructure.Tests/Services/TeamMembershipServiceIntegrationTests.cs(114,55): error SA1101: Prefix local calls with this (https://github.com/DotNetAnalyzers/StyleCopAnalyzers/blob/master/documentation/SA1101.md) [/home/rrj/src/github/rudironsoni/Synaxis/tests/Synaxis.Infrastructure.Tests/Synaxis.Infrastructure.Tests.csproj]
/home/rrj/src/github/rudironsoni/Synaxis/tests/Synaxis.Infrastructure.Tests/Services/TeamMembershipServiceIntegrationTests.cs(114,80): error SA1101: Prefix local calls with this (https://github.com/DotNetAnalyzers/StyleCopAnalyzers/blob/master/documentation/SA1101.md) [/home/rrj/src/github/rudironsoni/Synaxis/tests/Synaxis.Infrastructure.Tests/Synaxis.Infrastructure.Tests.csproj]
/home/rrj/src/github/rudironsoni/Synaxis/tests/Synaxis.Infrastructure.Tests/Services/TeamMembershipServiceIntegrationTests.cs(53,17): error SA1413: Use trailing comma in multi-line initializers (https://github.com/DotNetAnalyzers/StyleCopAnalyzers/blob/master/documentation/SA1413.md) [/home/rrj/src/github/rudironsoni/Synaxis/tests/Synaxis.Infrastructure.Tests/Synaxis.Infrastructure.Tests.csproj]
/home/rrj/src/github/rudironsoni/Synaxis/tests/Synaxis.Infrastructure.Tests/Services/TeamMembershipServiceIntegrationTests.cs(61,17): error SA1413: Use trailing comma in multi-line initializers (https://github.com/DotNetAnalyzers/StyleCopAnalyzers/blob/master/documentation/SA1413.md) [/home/rrj/src/github/rudironsoni/Synaxis/tests/Synaxis.Infrastructure.Tests/Synaxis.Infrastructure.Tests.csproj]
/home/rrj/src/github/rudironsoni/Synaxis/tests/Synaxis.Infrastructure.Tests/Services/TeamMembershipServiceIntegrationTests.cs(73,17): error SA1413: Use trailing comma in multi-line initializers (https://github.com/DotNetAnalyzers/StyleCopAnalyzers/blob/master/documentation/SA1413.md) [/home/rrj/src/github/rudironsoni/Synaxis/tests/Synaxis.Infrastructure.Tests/Synaxis.Infrastructure.Tests.csproj]
/home/rrj/src/github/rudironsoni/Synaxis/tests/Synaxis.Infrastructure.Tests/Services/TeamMembershipServiceIntegrationTests.cs(85,17): error SA1413: Use trailing comma in multi-line initializers (https://github.com/DotNetAnalyzers/StyleCopAnalyzers/blob/master/documentation/SA1413.md) [/home/rrj/src/github/rudironsoni/Synaxis/tests/Synaxis.Infrastructure.Tests/Synaxis.Infrastructure.Tests.csproj]
/home/rrj/src/github/rudironsoni/Synaxis/tests/Synaxis.Infrastructure.Tests/Services/TeamMembershipServiceIntegrationTests.cs(36,19): error SA1101: Prefix local calls with this (https://github.com/DotNetAnalyzers/StyleCopAnalyzers/blob/master/documentation/SA1101.md) [/home/rrj/src/github/rudironsoni/Synaxis/tests/Synaxis.Infrastructure.Tests/Synaxis.Infrastructure.Tests.csproj]
/home/rrj/src/github/rudironsoni/Synaxis/tests/Synaxis.Infrastructure.Tests/Services/TeamMembershipServiceIntegrationTests.cs(39,28): error SA1101: Prefix local calls with this (https://github.com/DotNetAnalyzers/StyleCopAnalyzers/blob/master/documentation/SA1101.md) [/home/rrj/src/github/rudironsoni/Synaxis/tests/Synaxis.Infrastructure.Tests/Synaxis.Infrastructure.Tests.csproj]
/home/rrj/src/github/rudironsoni/Synaxis/tests/Synaxis.Infrastructure.Tests/Services/TeamMembershipServiceIntegrationTests.cs(42,13): error SA1101: Prefix local calls with this (https://github.com/DotNetAnalyzers/StyleCopAnalyzers/blob/master/documentation/SA1101.md) [/home/rrj/src/github/rudironsoni/Synaxis/tests/Synaxis.Infrastructure.Tests/Synaxis.Infrastructure.Tests.csproj]
/home/rrj/src/github/rudironsoni/Synaxis/tests/Synaxis.Infrastructure.Tests/Services/TeamMembershipServiceIntegrationTests.cs(43,19): error SA1101: Prefix local calls with this (https://github.com/DotNetAnalyzers/StyleCopAnalyzers/blob/master/documentation/SA1101.md) [/home/rrj/src/github/rudironsoni/Synaxis/tests/Synaxis.Infrastructure.Tests/Synaxis.Infrastructure.Tests.csproj]
/home/rrj/src/github/rudironsoni/Synaxis/tests/Synaxis.Infrastructure.Tests/Services/TeamMembershipServiceIntegrationTests.cs(45,13): error SA1101: Prefix local calls with this (https://github.com/DotNetAnalyzers/StyleCopAnalyzers/blob/master/documentation/SA1101.md) [/home/rrj/src/github/rudironsoni/Synaxis/tests/Synaxis.Infrastructure.Tests/Synaxis.Infrastructure.Tests.csproj]
/home/rrj/src/github/rudironsoni/Synaxis/tests/Synaxis.Infrastructure.Tests/Services/TeamMembershipServiceIntegrationTests.cs(45,50): error SA1101: Prefix local calls with this (https://github.com/DotNetAnalyzers/StyleCopAnalyzers/blob/master/documentation/SA1101.md) [/home/rrj/src/github/rudironsoni/Synaxis/tests/Synaxis.Infrastructure.Tests/Synaxis.Infrastructure.Tests.csproj]
/home/rrj/src/github/rudironsoni/Synaxis/tests/Synaxis.Infrastructure.Tests/Services/TeamMembershipServiceIntegrationTests.cs(47,13): error SA1101: Prefix local calls with this (https://github.com/DotNetAnalyzers/StyleCopAnalyzers/blob/master/documentation/SA1101.md) [/home/rrj/src/github/rudironsoni/Synaxis/tests/Synaxis.Infrastructure.Tests/Synaxis.Infrastructure.Tests.csproj]
/home/rrj/src/github/rudironsoni/Synaxis/tests/Synaxis.Infrastructure.Tests/Services/TeamMembershipServiceIntegrationTests.cs(48,13): error SA1101: Prefix local calls with this (https://github.com/DotNetAnalyzers/StyleCopAnalyzers/blob/master/documentation/SA1101.md) [/home/rrj/src/github/rudironsoni/Synaxis/tests/Synaxis.Infrastructure.Tests/Synaxis.Infrastructure.Tests.csproj]
/home/rrj/src/github/rudironsoni/Synaxis/tests/Synaxis.Infrastructure.Tests/Services/TeamMembershipServiceIntegrationTests.cs(56,13): error SA1101: Prefix local calls with this (https://github.com/DotNetAnalyzers/StyleCopAnalyzers/blob/master/documentation/SA1101.md) [/home/rrj/src/github/rudironsoni/Synaxis/tests/Synaxis.Infrastructure.Tests/Synaxis.Infrastructure.Tests.csproj]
/home/rrj/src/github/rudironsoni/Synaxis/tests/Synaxis.Infrastructure.Tests/Services/TeamMembershipServiceIntegrationTests.cs(59,34): error SA1101: Prefix local calls with this (https://github.com/DotNetAnalyzers/StyleCopAnalyzers/blob/master/documentation/SA1101.md) [/home/rrj/src/github/rudironsoni/Synaxis/tests/Synaxis.Infrastructure.Tests/Synaxis.Infrastructure.Tests.csproj]
/home/rrj/src/github/rudironsoni/Synaxis/tests/Synaxis.Infrastructure.Tests/Services/TeamMembershipServiceIntegrationTests.cs(64,13): error SA1101: Prefix local calls with this (https://github.com/DotNetAnalyzers/StyleCopAnalyzers/blob/master/documentation/SA1101.md) [/home/rrj/src/github/rudironsoni/Synaxis/tests/Synaxis.Infrastructure.Tests/Synaxis.Infrastructure.Tests.csproj]
/home/rrj/src/github/rudironsoni/Synaxis/tests/Synaxis.Infrastructure.Tests/Services/TeamMembershipServiceIntegrationTests.cs(67,34): error SA1101: Prefix local calls with this (https://github.com/DotNetAnalyzers/StyleCopAnalyzers/blob/master/documentation/SA1101.md) [/home/rrj/src/github/rudironsoni/Synaxis/tests/Synaxis.Infrastructure.Tests/Synaxis.Infrastructure.Tests.csproj]
/home/rrj/src/github/rudironsoni/Synaxis/tests/Synaxis.Infrastructure.Tests/Services/TeamMembershipServiceIntegrationTests.cs(76,13): error SA1101: Prefix local calls with this (https://github.com/DotNetAnalyzers/StyleCopAnalyzers/blob/master/documentation/SA1101.md) [/home/rrj/src/github/rudironsoni/Synaxis/tests/Synaxis.Infrastructure.Tests/Synaxis.Infrastructure.Tests.csproj]
/home/rrj/src/github/rudironsoni/Synaxis/tests/Synaxis.Infrastructure.Tests/Services/TeamMembershipServiceIntegrationTests.cs(79,34): error SA1101: Prefix local calls with this (https://github.com/DotNetAnalyzers/StyleCopAnalyzers/blob/master/documentation/SA1101.md) [/home/rrj/src/github/rudironsoni/Synaxis/tests/Synaxis.Infrastructure.Tests/Synaxis.Infrastructure.Tests.csproj]
/home/rrj/src/github/rudironsoni/Synaxis/tests/Synaxis.Infrastructure.Tests/Services/TeamMembershipServiceIntegrationTests.cs(88,13): error SA1101: Prefix local calls with this (https://github.com/DotNetAnalyzers/StyleCopAnalyzers/blob/master/documentation/SA1101.md) [/home/rrj/src/github/rudironsoni/Synaxis/tests/Synaxis.Infrastructure.Tests/Synaxis.Infrastructure.Tests.csproj]
/home/rrj/src/github/rudironsoni/Synaxis/tests/Synaxis.Infrastructure.Tests/Services/TeamMembershipServiceIntegrationTests.cs(88,40): error SA1101: Prefix local calls with this (https://github.com/DotNetAnalyzers/StyleCopAnalyzers/blob/master/documentation/SA1101.md) [/home/rrj/src/github/rudironsoni/Synaxis/tests/Synaxis.Infrastructure.Tests/Synaxis.Infrastructure.Tests.csproj]
/home/rrj/src/github/rudironsoni/Synaxis/tests/Synaxis.Infrastructure.Tests/Services/TeamMembershipServiceIntegrationTests.cs(89,13): error SA1101: Prefix local calls with this (https://github.com/DotNetAnalyzers/StyleCopAnalyzers/blob/master/documentation/SA1101.md) [/home/rrj/src/github/rudironsoni/Synaxis/tests/Synaxis.Infrastructure.Tests/Synaxis.Infrastructure.Tests.csproj]
/home/rrj/src/github/rudironsoni/Synaxis/tests/Synaxis.Infrastructure.Tests/Services/TeamMembershipServiceIntegrationTests.cs(89,32): error SA1101: Prefix local calls with this (https://github.com/DotNetAnalyzers/StyleCopAnalyzers/blob/master/documentation/SA1101.md) [/home/rrj/src/github/rudironsoni/Synaxis/tests/Synaxis.Infrastructure.Tests/Synaxis.Infrastructure.Tests.csproj]
/home/rrj/src/github/rudironsoni/Synaxis/tests/Synaxis.Infrastructure.Tests/Services/TeamMembershipServiceIntegrationTests.cs(90,13): error SA1101: Prefix local calls with this (https://github.com/DotNetAnalyzers/StyleCopAnalyzers/blob/master/documentation/SA1101.md) [/home/rrj/src/github/rudironsoni/Synaxis/tests/Synaxis.Infrastructure.Tests/Synaxis.Infrastructure.Tests.csproj]
/home/rrj/src/github/rudironsoni/Synaxis/tests/Synaxis.Infrastructure.Tests/Services/TeamMembershipServiceIntegrationTests.cs(90,37): error SA1101: Prefix local calls with this (https://github.com/DotNetAnalyzers/StyleCopAnalyzers/blob/master/documentation/SA1101.md) [/home/rrj/src/github/rudironsoni/Synaxis/tests/Synaxis.Infrastructure.Tests/Synaxis.Infrastructure.Tests.csproj]
/home/rrj/src/github/rudironsoni/Synaxis/tests/Synaxis.Infrastructure.Tests/Services/TeamMembershipServiceIntegrationTests.cs(90,45): error SA1101: Prefix local calls with this (https://github.com/DotNetAnalyzers/StyleCopAnalyzers/blob/master/documentation/SA1101.md) [/home/rrj/src/github/rudironsoni/Synaxis/tests/Synaxis.Infrastructure.Tests/Synaxis.Infrastructure.Tests.csproj]
/home/rrj/src/github/rudironsoni/Synaxis/tests/Synaxis.Infrastructure.Tests/Services/TeamMembershipServiceIntegrationTests.cs(91,19): error SA1101: Prefix local calls with this (https://github.com/DotNetAnalyzers/StyleCopAnalyzers/blob/master/documentation/SA1101.md) [/home/rrj/src/github/rudironsoni/Synaxis/tests/Synaxis.Infrastructure.Tests/Synaxis.Infrastructure.Tests.csproj]
/home/rrj/src/github/rudironsoni/Synaxis/tests/Synaxis.Infrastructure.Tests/Services/TeamMembershipServiceIntegrationTests.cs(36,13): error MA0004: Use Task.ConfigureAwait(false) if the current SynchronizationContext is not needed (https://github.com/meziantou/Meziantou.Analyzer/blob/main/docs/Rules/MA0004.md) [/home/rrj/src/github/rudironsoni/Synaxis/tests/Synaxis.Infrastructure.Tests/Synaxis.Infrastructure.Tests.csproj]
/home/rrj/src/github/rudironsoni/Synaxis/tests/Synaxis.Infrastructure.Tests/Services/TeamMembershipServiceIntegrationTests.cs(43,13): error MA0004: Use Task.ConfigureAwait(false) if the current SynchronizationContext is not needed (https://github.com/meziantou/Meziantou.Analyzer/blob/main/docs/Rules/MA0004.md) [/home/rrj/src/github/rudironsoni/Synaxis/tests/Synaxis.Infrastructure.Tests/Synaxis.Infrastructure.Tests.csproj]
/home/rrj/src/github/rudironsoni/Synaxis/tests/Synaxis.Infrastructure.Tests/Services/TeamMembershipServiceIntegrationTests.cs(91,13): error MA0004: Use Task.ConfigureAwait(false) if the current SynchronizationContext is not needed (https://github.com/meziantou/Meziantou.Analyzer/blob/main/docs/Rules/MA0004.md) [/home/rrj/src/github/rudironsoni/Synaxis/tests/Synaxis.Infrastructure.Tests/Synaxis.Infrastructure.Tests.csproj]
/home/rrj/src/github/rudironsoni/Synaxis/tests/Synaxis.Infrastructure.Tests/Migrations/TestcontainersMigrationTests.cs(99,33): error SA1101: Prefix local calls with this (https://github.com/DotNetAnalyzers/StyleCopAnalyzers/blob/master/documentation/SA1101.md) [/home/rrj/src/github/rudironsoni/Synaxis/tests/Synaxis.Infrastructure.Tests/Synaxis.Infrastructure.Tests.csproj]
/home/rrj/src/github/rudironsoni/Synaxis/tests/Synaxis.Infrastructure.Tests/Migrations/TestcontainersMigrationTests.cs(119,37): error SA1101: Prefix local calls with this (https://github.com/DotNetAnalyzers/StyleCopAnalyzers/blob/master/documentation/SA1101.md) [/home/rrj/src/github/rudironsoni/Synaxis/tests/Synaxis.Infrastructure.Tests/Synaxis.Infrastructure.Tests.csproj]
/home/rrj/src/github/rudironsoni/Synaxis/tests/Synaxis.Infrastructure.Tests/Migrations/RollbackScriptTests.cs(80,43): error SA1101: Prefix local calls with this (https://github.com/DotNetAnalyzers/StyleCopAnalyzers/blob/master/documentation/SA1101.md) [/home/rrj/src/github/rudironsoni/Synaxis/tests/Synaxis.Infrastructure.Tests/Synaxis.Infrastructure.Tests.csproj]
/home/rrj/src/github/rudironsoni/Synaxis/tests/Synaxis.Infrastructure.Tests/Migrations/PerformanceIndexTests.cs(64,39): error MA0006: Use string.Equals instead of Equals operator (https://github.com/meziantou/Meziantou.Analyzer/blob/main/docs/Rules/MA0006.md) [/home/rrj/src/github/rudironsoni/Synaxis/tests/Synaxis.Infrastructure.Tests/Synaxis.Infrastructure.Tests.csproj]
/home/rrj/src/github/rudironsoni/Synaxis/tests/Synaxis.Infrastructure.Tests/Migrations/PerformanceIndexTests.cs(65,39): error MA0006: Use string.Equals instead of Equals operator (https://github.com/meziantou/Meziantou.Analyzer/blob/main/docs/Rules/MA0006.md) [/home/rrj/src/github/rudironsoni/Synaxis/tests/Synaxis.Infrastructure.Tests/Synaxis.Infrastructure.Tests.csproj]
/home/rrj/src/github/rudironsoni/Synaxis/tests/Synaxis.Infrastructure.Tests/Services/TeamMembershipServiceIntegrationTests.cs(121,19): error SA1101: Prefix local calls with this (https://github.com/DotNetAnalyzers/StyleCopAnalyzers/blob/master/documentation/SA1101.md) [/home/rrj/src/github/rudironsoni/Synaxis/tests/Synaxis.Infrastructure.Tests/Synaxis.Infrastructure.Tests.csproj]
/home/rrj/src/github/rudironsoni/Synaxis/tests/Synaxis.Infrastructure.Tests/Services/TeamMembershipServiceIntegrationTests.cs(121,43): error SA1101: Prefix local calls with this (https://github.com/DotNetAnalyzers/StyleCopAnalyzers/blob/master/documentation/SA1101.md) [/home/rrj/src/github/rudironsoni/Synaxis/tests/Synaxis.Infrastructure.Tests/Synaxis.Infrastructure.Tests.csproj]
/home/rrj/src/github/rudironsoni/Synaxis/tests/Synaxis.Infrastructure.Tests/Services/TeamMembershipServiceIntegrationTests.cs(121,53): error SA1101: Prefix local calls with this (https://github.com/DotNetAnalyzers/StyleCopAnalyzers/blob/master/documentation/SA1101.md) [/home/rrj/src/github/rudironsoni/Synaxis/tests/Synaxis.Infrastructure.Tests/Synaxis.Infrastructure.Tests.csproj]
/home/rrj/src/github/rudironsoni/Synaxis/tests/Synaxis.Infrastructure.Tests/Services/TeamMembershipServiceIntegrationTests.cs(121,74): error SA1101: Prefix local calls with this (https://github.com/DotNetAnalyzers/StyleCopAnalyzers/blob/master/documentation/SA1101.md) [/home/rrj/src/github/rudironsoni/Synaxis/tests/Synaxis.Infrastructure.Tests/Synaxis.Infrastructure.Tests.csproj]
/home/rrj/src/github/rudironsoni/Synaxis/tests/Synaxis.Infrastructure.Tests/Services/TeamMembershipServiceIntegrationTests.cs(123,13): error SA1101: Prefix local calls with this (https://github.com/DotNetAnalyzers/StyleCopAnalyzers/blob/master/documentation/SA1101.md) [/home/rrj/src/github/rudironsoni/Synaxis/tests/Synaxis.Infrastructure.Tests/Synaxis.Infrastructure.Tests.csproj]
/home/rrj/src/github/rudironsoni/Synaxis/tests/Synaxis.Infrastructure.Tests/Services/TeamMembershipServiceIntegrationTests.cs(123,35): error SA1101: Prefix local calls with this (https://github.com/DotNetAnalyzers/StyleCopAnalyzers/blob/master/documentation/SA1101.md) [/home/rrj/src/github/rudironsoni/Synaxis/tests/Synaxis.Infrastructure.Tests/Synaxis.Infrastructure.Tests.csproj]
/home/rrj/src/github/rudironsoni/Synaxis/tests/Synaxis.Infrastructure.Tests/Services/TeamMembershipServiceIntegrationTests.cs(124,19): error SA1101: Prefix local calls with this (https://github.com/DotNetAnalyzers/StyleCopAnalyzers/blob/master/documentation/SA1101.md) [/home/rrj/src/github/rudironsoni/Synaxis/tests/Synaxis.Infrastructure.Tests/Synaxis.Infrastructure.Tests.csproj]
/home/rrj/src/github/rudironsoni/Synaxis/tests/Synaxis.Infrastructure.Tests/Services/TeamMembershipServiceIntegrationTests.cs(126,36): error SA1101: Prefix local calls with this (https://github.com/DotNetAnalyzers/StyleCopAnalyzers/blob/master/documentation/SA1101.md) [/home/rrj/src/github/rudironsoni/Synaxis/tests/Synaxis.Infrastructure.Tests/Synaxis.Infrastructure.Tests.csproj]
/home/rrj/src/github/rudironsoni/Synaxis/tests/Synaxis.Infrastructure.Tests/Services/TeamMembershipServiceIntegrationTests.cs(127,55): error SA1101: Prefix local calls with this (https://github.com/DotNetAnalyzers/StyleCopAnalyzers/blob/master/documentation/SA1101.md) [/home/rrj/src/github/rudironsoni/Synaxis/tests/Synaxis.Infrastructure.Tests/Synaxis.Infrastructure.Tests.csproj]
/home/rrj/src/github/rudironsoni/Synaxis/tests/Synaxis.Infrastructure.Tests/Services/TeamMembershipServiceIntegrationTests.cs(127,80): error SA1101: Prefix local calls with this (https://github.com/DotNetAnalyzers/StyleCopAnalyzers/blob/master/documentation/SA1101.md) [/home/rrj/src/github/rudironsoni/Synaxis/tests/Synaxis.Infrastructure.Tests/Synaxis.Infrastructure.Tests.csproj]
/home/rrj/src/github/rudironsoni/Synaxis/tests/Synaxis.Infrastructure.Tests/Migrations/RollbackScriptTests.cs(97,45): error SA1101: Prefix local calls with this (https://github.com/DotNetAnalyzers/StyleCopAnalyzers/blob/master/documentation/SA1101.md) [/home/rrj/src/github/rudironsoni/Synaxis/tests/Synaxis.Infrastructure.Tests/Synaxis.Infrastructure.Tests.csproj]
/home/rrj/src/github/rudironsoni/Synaxis/tests/Synaxis.Infrastructure.Tests/Migrations/RollbackScriptTests.cs(98,47): error SA1101: Prefix local calls with this (https://github.com/DotNetAnalyzers/StyleCopAnalyzers/blob/master/documentation/SA1101.md) [/home/rrj/src/github/rudironsoni/Synaxis/tests/Synaxis.Infrastructure.Tests/Synaxis.Infrastructure.Tests.csproj]
/home/rrj/src/github/rudironsoni/Synaxis/tests/Synaxis.Infrastructure.Tests/Services/TeamMembershipServiceTests.cs(89,17): error SA1413: Use trailing comma in multi-line initializers (https://github.com/DotNetAnalyzers/StyleCopAnalyzers/blob/master/documentation/SA1413.md) [/home/rrj/src/github/rudironsoni/Synaxis/tests/Synaxis.Infrastructure.Tests/Synaxis.Infrastructure.Tests.csproj]
/home/rrj/src/github/rudironsoni/Synaxis/tests/Synaxis.Infrastructure.Tests/Services/TeamMembershipServiceTests.cs(97,17): error SA1413: Use trailing comma in multi-line initializers (https://github.com/DotNetAnalyzers/StyleCopAnalyzers/blob/master/documentation/SA1413.md) [/home/rrj/src/github/rudironsoni/Synaxis/tests/Synaxis.Infrastructure.Tests/Synaxis.Infrastructure.Tests.csproj]
/home/rrj/src/github/rudironsoni/Synaxis/tests/Synaxis.Infrastructure.Tests/Services/TeamMembershipServiceTests.cs(106,17): error SA1413: Use trailing comma in multi-line initializers (https://github.com/DotNetAnalyzers/StyleCopAnalyzers/blob/master/documentation/SA1413.md) [/home/rrj/src/github/rudironsoni/Synaxis/tests/Synaxis.Infrastructure.Tests/Synaxis.Infrastructure.Tests.csproj]
/home/rrj/src/github/rudironsoni/Synaxis/tests/Synaxis.Infrastructure.Tests/Services/TeamMembershipServiceTests.cs(84,22): error SA1101: Prefix local calls with this (https://github.com/DotNetAnalyzers/StyleCopAnalyzers/blob/master/documentation/SA1101.md) [/home/rrj/src/github/rudironsoni/Synaxis/tests/Synaxis.Infrastructure.Tests/Synaxis.Infrastructure.Tests.csproj]
/home/rrj/src/github/rudironsoni/Synaxis/tests/Synaxis.Infrastructure.Tests/Services/TeamMembershipServiceTests.cs(85,34): error SA1101: Prefix local calls with this (https://github.com/DotNetAnalyzers/StyleCopAnalyzers/blob/master/documentation/SA1101.md) [/home/rrj/src/github/rudironsoni/Synaxis/tests/Synaxis.Infrastructure.Tests/Synaxis.Infrastructure.Tests.csproj]
/home/rrj/src/github/rudironsoni/Synaxis/tests/Synaxis.Infrastructure.Tests/Services/TeamMembershipServiceTests.cs(94,22): error SA1101: Prefix local calls with this (https://github.com/DotNetAnalyzers/StyleCopAnalyzers/blob/master/documentation/SA1101.md) [/home/rrj/src/github/rudironsoni/Synaxis/tests/Synaxis.Infrastructure.Tests/Synaxis.Infrastructure.Tests.csproj]
/home/rrj/src/github/rudironsoni/Synaxis/tests/Synaxis.Infrastructure.Tests/Services/TeamMembershipServiceTests.cs(95,34): error SA1101: Prefix local calls with this (https://github.com/DotNetAnalyzers/StyleCopAnalyzers/blob/master/documentation/SA1101.md) [/home/rrj/src/github/rudironsoni/Synaxis/tests/Synaxis.Infrastructure.Tests/Synaxis.Infrastructure.Tests.csproj]
/home/rrj/src/github/rudironsoni/Synaxis/tests/Synaxis.Infrastructure.Tests/Services/TeamMembershipServiceTests.cs(103,26): error SA1101: Prefix local calls with this (https://github.com/DotNetAnalyzers/StyleCopAnalyzers/blob/master/documentation/SA1101.md) [/home/rrj/src/github/rudironsoni/Synaxis/tests/Synaxis.Infrastructure.Tests/Synaxis.Infrastructure.Tests.csproj]
/home/rrj/src/github/rudironsoni/Synaxis/tests/Synaxis.Infrastructure.Tests/Services/TeamMembershipServiceTests.cs(104,26): error SA1101: Prefix local calls with this (https://github.com/DotNetAnalyzers/StyleCopAnalyzers/blob/master/documentation/SA1101.md) [/home/rrj/src/github/rudironsoni/Synaxis/tests/Synaxis.Infrastructure.Tests/Synaxis.Infrastructure.Tests.csproj]
/home/rrj/src/github/rudironsoni/Synaxis/tests/Synaxis.Infrastructure.Tests/Services/TeamMembershipServiceTests.cs(105,34): error SA1101: Prefix local calls with this (https://github.com/DotNetAnalyzers/StyleCopAnalyzers/blob/master/documentation/SA1101.md) [/home/rrj/src/github/rudironsoni/Synaxis/tests/Synaxis.Infrastructure.Tests/Synaxis.Infrastructure.Tests.csproj]
/home/rrj/src/github/rudironsoni/Synaxis/tests/Synaxis.Infrastructure.Tests/Services/TeamMembershipServiceTests.cs(109,13): error SA1101: Prefix local calls with this (https://github.com/DotNetAnalyzers/StyleCopAnalyzers/blob/master/documentation/SA1101.md) [/home/rrj/src/github/rudironsoni/Synaxis/tests/Synaxis.Infrastructure.Tests/Synaxis.Infrastructure.Tests.csproj]
/home/rrj/src/github/rudironsoni/Synaxis/tests/Synaxis.Infrastructure.Tests/Services/TeamMembershipServiceTests.cs(110,13): error SA1101: Prefix local calls with this (https://github.com/DotNetAnalyzers/StyleCopAnalyzers/blob/master/documentation/SA1101.md) [/home/rrj/src/github/rudironsoni/Synaxis/tests/Synaxis.Infrastructure.Tests/Synaxis.Infrastructure.Tests.csproj]
/home/rrj/src/github/rudironsoni/Synaxis/tests/Synaxis.Infrastructure.Tests/Services/TeamMembershipServiceTests.cs(111,13): error SA1101: Prefix local calls with this (https://github.com/DotNetAnalyzers/StyleCopAnalyzers/blob/master/documentation/SA1101.md) [/home/rrj/src/github/rudironsoni/Synaxis/tests/Synaxis.Infrastructure.Tests/Synaxis.Infrastructure.Tests.csproj]
/home/rrj/src/github/rudironsoni/Synaxis/tests/Synaxis.Infrastructure.Tests/Services/TeamMembershipServiceTests.cs(112,19): error SA1101: Prefix local calls with this (https://github.com/DotNetAnalyzers/StyleCopAnalyzers/blob/master/documentation/SA1101.md) [/home/rrj/src/github/rudironsoni/Synaxis/tests/Synaxis.Infrastructure.Tests/Synaxis.Infrastructure.Tests.csproj]
/home/rrj/src/github/rudironsoni/Synaxis/tests/Synaxis.Infrastructure.Tests/Services/TeamMembershipServiceTests.cs(114,41): error SA1101: Prefix local calls with this (https://github.com/DotNetAnalyzers/StyleCopAnalyzers/blob/master/documentation/SA1101.md) [/home/rrj/src/github/rudironsoni/Synaxis/tests/Synaxis.Infrastructure.Tests/Synaxis.Infrastructure.Tests.csproj]
/home/rrj/src/github/rudironsoni/Synaxis/tests/Synaxis.Infrastructure.Tests/Services/TeamMembershipServiceTests.cs(114,65): error SA1101: Prefix local calls with this (https://github.com/DotNetAnalyzers/StyleCopAnalyzers/blob/master/documentation/SA1101.md) [/home/rrj/src/github/rudironsoni/Synaxis/tests/Synaxis.Infrastructure.Tests/Synaxis.Infrastructure.Tests.csproj]
/home/rrj/src/github/rudironsoni/Synaxis/tests/Synaxis.Infrastructure.Tests/Services/TeamMembershipServiceTests.cs(114,74): error SA1101: Prefix local calls with this (https://github.com/DotNetAnalyzers/StyleCopAnalyzers/blob/master/documentation/SA1101.md) [/home/rrj/src/github/rudironsoni/Synaxis/tests/Synaxis.Infrastructure.Tests/Synaxis.Infrastructure.Tests.csproj]
/home/rrj/src/github/rudironsoni/Synaxis/tests/Synaxis.Infrastructure.Tests/Services/TeamMembershipServiceTests.cs(114,93): error SA1101: Prefix local calls with this (https://github.com/DotNetAnalyzers/StyleCopAnalyzers/blob/master/documentation/SA1101.md) [/home/rrj/src/github/rudironsoni/Synaxis/tests/Synaxis.Infrastructure.Tests/Synaxis.Infrastructure.Tests.csproj]
/home/rrj/src/github/rudironsoni/Synaxis/tests/Synaxis.Infrastructure.Tests/Services/TeamMembershipServiceTests.cs(114,35): error MA0004: Use Task.ConfigureAwait(false) if the current SynchronizationContext is not needed (https://github.com/meziantou/Meziantou.Analyzer/blob/main/docs/Rules/MA0004.md) [/home/rrj/src/github/rudironsoni/Synaxis/tests/Synaxis.Infrastructure.Tests/Synaxis.Infrastructure.Tests.csproj]
/home/rrj/src/github/rudironsoni/Synaxis/tests/Synaxis.Infrastructure.Tests/Services/TeamMembershipServiceIntegrationTests.cs(134,19): error SA1101: Prefix local calls with this (https://github.com/DotNetAnalyzers/StyleCopAnalyzers/blob/master/documentation/SA1101.md) [/home/rrj/src/github/rudironsoni/Synaxis/tests/Synaxis.Infrastructure.Tests/Synaxis.Infrastructure.Tests.csproj]
/home/rrj/src/github/rudironsoni/Synaxis/tests/Synaxis.Infrastructure.Tests/Services/TeamMembershipServiceIntegrationTests.cs(134,43): error SA1101: Prefix local calls with this (https://github.com/DotNetAnalyzers/StyleCopAnalyzers/blob/master/documentation/SA1101.md) [/home/rrj/src/github/rudironsoni/Synaxis/tests/Synaxis.Infrastructure.Tests/Synaxis.Infrastructure.Tests.csproj]
/home/rrj/src/github/rudironsoni/Synaxis/tests/Synaxis.Infrastructure.Tests/Services/TeamMembershipServiceIntegrationTests.cs(134,53): error SA1101: Prefix local calls with this (https://github.com/DotNetAnalyzers/StyleCopAnalyzers/blob/master/documentation/SA1101.md) [/home/rrj/src/github/rudironsoni/Synaxis/tests/Synaxis.Infrastructure.Tests/Synaxis.Infrastructure.Tests.csproj]
/home/rrj/src/github/rudironsoni/Synaxis/tests/Synaxis.Infrastructure.Tests/Services/TeamMembershipServiceIntegrationTests.cs(134,74): error SA1101: Prefix local calls with this (https://github.com/DotNetAnalyzers/StyleCopAnalyzers/blob/master/documentation/SA1101.md) [/home/rrj/src/github/rudironsoni/Synaxis/tests/Synaxis.Infrastructure.Tests/Synaxis.Infrastructure.Tests.csproj]
/home/rrj/src/github/rudironsoni/Synaxis/tests/Synaxis.Infrastructure.Tests/Services/TeamMembershipServiceIntegrationTests.cs(136,13): error SA1101: Prefix local calls with this (https://github.com/DotNetAnalyzers/StyleCopAnalyzers/blob/master/documentation/SA1101.md) [/home/rrj/src/github/rudironsoni/Synaxis/tests/Synaxis.Infrastructure.Tests/Synaxis.Infrastructure.Tests.csproj]
/home/rrj/src/github/rudironsoni/Synaxis/tests/Synaxis.Infrastructure.Tests/Services/TeamMembershipServiceIntegrationTests.cs(136,35): error SA1101: Prefix local calls with this (https://github.com/DotNetAnalyzers/StyleCopAnalyzers/blob/master/documentation/SA1101.md) [/home/rrj/src/github/rudironsoni/Synaxis/tests/Synaxis.Infrastructure.Tests/Synaxis.Infrastructure.Tests.csproj]
/home/rrj/src/github/rudironsoni/Synaxis/tests/Synaxis.Infrastructure.Tests/Services/TeamMembershipServiceIntegrationTests.cs(137,19): error SA1101: Prefix local calls with this (https://github.com/DotNetAnalyzers/StyleCopAnalyzers/blob/master/documentation/SA1101.md) [/home/rrj/src/github/rudironsoni/Synaxis/tests/Synaxis.Infrastructure.Tests/Synaxis.Infrastructure.Tests.csproj]
/home/rrj/src/github/rudironsoni/Synaxis/tests/Synaxis.Infrastructure.Tests/Services/TeamMembershipServiceIntegrationTests.cs(139,36): error SA1101: Prefix local calls with this (https://github.com/DotNetAnalyzers/StyleCopAnalyzers/blob/master/documentation/SA1101.md) [/home/rrj/src/github/rudironsoni/Synaxis/tests/Synaxis.Infrastructure.Tests/Synaxis.Infrastructure.Tests.csproj]
/home/rrj/src/github/rudironsoni/Synaxis/tests/Synaxis.Infrastructure.Tests/Services/TeamMembershipServiceIntegrationTests.cs(140,55): error SA1101: Prefix local calls with this (https://github.com/DotNetAnalyzers/StyleCopAnalyzers/blob/master/documentation/SA1101.md) [/home/rrj/src/github/rudironsoni/Synaxis/tests/Synaxis.Infrastructure.Tests/Synaxis.Infrastructure.Tests.csproj]
/home/rrj/src/github/rudironsoni/Synaxis/tests/Synaxis.Infrastructure.Tests/Services/TeamMembershipServiceIntegrationTests.cs(140,80): error SA1101: Prefix local calls with this (https://github.com/DotNetAnalyzers/StyleCopAnalyzers/blob/master/documentation/SA1101.md) [/home/rrj/src/github/rudironsoni/Synaxis/tests/Synaxis.Infrastructure.Tests/Synaxis.Infrastructure.Tests.csproj]
/home/rrj/src/github/rudironsoni/Synaxis/tests/Synaxis.Infrastructure.Tests/Services/TeamMembershipServiceTests.cs(130,17): error SA1413: Use trailing comma in multi-line initializers (https://github.com/DotNetAnalyzers/StyleCopAnalyzers/blob/master/documentation/SA1413.md) [/home/rrj/src/github/rudironsoni/Synaxis/tests/Synaxis.Infrastructure.Tests/Synaxis.Infrastructure.Tests.csproj]
/home/rrj/src/github/rudironsoni/Synaxis/tests/Synaxis.Infrastructure.Tests/Services/TeamMembershipServiceTests.cs(138,17): error SA1413: Use trailing comma in multi-line initializers (https://github.com/DotNetAnalyzers/StyleCopAnalyzers/blob/master/documentation/SA1413.md) [/home/rrj/src/github/rudironsoni/Synaxis/tests/Synaxis.Infrastructure.Tests/Synaxis.Infrastructure.Tests.csproj]
/home/rrj/src/github/rudironsoni/Synaxis/tests/Synaxis.Infrastructure.Tests/Services/TeamMembershipServiceTests.cs(125,22): error SA1101: Prefix local calls with this (https://github.com/DotNetAnalyzers/StyleCopAnalyzers/blob/master/documentation/SA1101.md) [/home/rrj/src/github/rudironsoni/Synaxis/tests/Synaxis.Infrastructure.Tests/Synaxis.Infrastructure.Tests.csproj]
/home/rrj/src/github/rudironsoni/Synaxis/tests/Synaxis.Infrastructure.Tests/Services/TeamMembershipServiceTests.cs(126,34): error SA1101: Prefix local calls with this (https://github.com/DotNetAnalyzers/StyleCopAnalyzers/blob/master/documentation/SA1101.md) [/home/rrj/src/github/rudironsoni/Synaxis/tests/Synaxis.Infrastructure.Tests/Synaxis.Infrastructure.Tests.csproj]
/home/rrj/src/github/rudironsoni/Synaxis/tests/Synaxis.Infrastructure.Tests/Services/TeamMembershipServiceTests.cs(135,22): error SA1101: Prefix local calls with this (https://github.com/DotNetAnalyzers/StyleCopAnalyzers/blob/master/documentation/SA1101.md) [/home/rrj/src/github/rudironsoni/Synaxis/tests/Synaxis.Infrastructure.Tests/Synaxis.Infrastructure.Tests.csproj]
/home/rrj/src/github/rudironsoni/Synaxis/tests/Synaxis.Infrastructure.Tests/Services/TeamMembershipServiceTests.cs(136,34): error SA1101: Prefix local calls with this (https://github.com/DotNetAnalyzers/StyleCopAnalyzers/blob/master/documentation/SA1101.md) [/home/rrj/src/github/rudironsoni/Synaxis/tests/Synaxis.Infrastructure.Tests/Synaxis.Infrastructure.Tests.csproj]
/home/rrj/src/github/rudironsoni/Synaxis/tests/Synaxis.Infrastructure.Tests/Services/TeamMembershipServiceTests.cs(141,13): error SA1101: Prefix local calls with this (https://github.com/DotNetAnalyzers/StyleCopAnalyzers/blob/master/documentation/SA1101.md) [/home/rrj/src/github/rudironsoni/Synaxis/tests/Synaxis.Infrastructure.Tests/Synaxis.Infrastructure.Tests.csproj]
/home/rrj/src/github/rudironsoni/Synaxis/tests/Synaxis.Infrastructure.Tests/Services/TeamMembershipServiceTests.cs(142,13): error SA1101: Prefix local calls with this (https://github.com/DotNetAnalyzers/StyleCopAnalyzers/blob/master/documentation/SA1101.md) [/home/rrj/src/github/rudironsoni/Synaxis/tests/Synaxis.Infrastructure.Tests/Synaxis.Infrastructure.Tests.csproj]
/home/rrj/src/github/rudironsoni/Synaxis/tests/Synaxis.Infrastructure.Tests/Services/TeamMembershipServiceTests.cs(143,19): error SA1101: Prefix local calls with this (https://github.com/DotNetAnalyzers/StyleCopAnalyzers/blob/master/documentation/SA1101.md) [/home/rrj/src/github/rudironsoni/Synaxis/tests/Synaxis.Infrastructure.Tests/Synaxis.Infrastructure.Tests.csproj]
/home/rrj/src/github/rudironsoni/Synaxis/tests/Synaxis.Infrastructure.Tests/Services/TeamMembershipServiceTests.cs(145,41): error SA1101: Prefix local calls with this (https://github.com/DotNetAnalyzers/StyleCopAnalyzers/blob/master/documentation/SA1101.md) [/home/rrj/src/github/rudironsoni/Synaxis/tests/Synaxis.Infrastructure.Tests/Synaxis.Infrastructure.Tests.csproj]
/home/rrj/src/github/rudironsoni/Synaxis/tests/Synaxis.Infrastructure.Tests/Services/TeamMembershipServiceTests.cs(145,65): error SA1101: Prefix local calls with this (https://github.com/DotNetAnalyzers/StyleCopAnalyzers/blob/master/documentation/SA1101.md) [/home/rrj/src/github/rudironsoni/Synaxis/tests/Synaxis.Infrastructure.Tests/Synaxis.Infrastructure.Tests.csproj]
/home/rrj/src/github/rudironsoni/Synaxis/tests/Synaxis.Infrastructure.Tests/Services/TeamMembershipServiceTests.cs(145,74): error SA1101: Prefix local calls with this (https://github.com/DotNetAnalyzers/StyleCopAnalyzers/blob/master/documentation/SA1101.md) [/home/rrj/src/github/rudironsoni/Synaxis/tests/Synaxis.Infrastructure.Tests/Synaxis.Infrastructure.Tests.csproj]
/home/rrj/src/github/rudironsoni/Synaxis/tests/Synaxis.Infrastructure.Tests/Services/TeamMembershipServiceTests.cs(145,99): error SA1101: Prefix local calls with this (https://github.com/DotNetAnalyzers/StyleCopAnalyzers/blob/master/documentation/SA1101.md) [/home/rrj/src/github/rudironsoni/Synaxis/tests/Synaxis.Infrastructure.Tests/Synaxis.Infrastructure.Tests.csproj]
/home/rrj/src/github/rudironsoni/Synaxis/tests/Synaxis.Infrastructure.Tests/Services/TeamServiceTests.cs(92,17): error SA1413: Use trailing comma in multi-line initializers (https://github.com/DotNetAnalyzers/StyleCopAnalyzers/blob/master/documentation/SA1413.md) [/home/rrj/src/github/rudironsoni/Synaxis/tests/Synaxis.Infrastructure.Tests/Synaxis.Infrastructure.Tests.csproj]
/home/rrj/src/github/rudironsoni/Synaxis/tests/Synaxis.Infrastructure.Tests/Services/TeamServiceTests.cs(96,32): error SA1101: Prefix local calls with this (https://github.com/DotNetAnalyzers/StyleCopAnalyzers/blob/master/documentation/SA1101.md) [/home/rrj/src/github/rudironsoni/Synaxis/tests/Synaxis.Infrastructure.Tests/Synaxis.Infrastructure.Tests.csproj]
/home/rrj/src/github/rudironsoni/Synaxis/tests/Synaxis.Infrastructure.Tests/Services/TeamServiceTests.cs(96,66): error SA1101: Prefix local calls with this (https://github.com/DotNetAnalyzers/StyleCopAnalyzers/blob/master/documentation/SA1101.md) [/home/rrj/src/github/rudironsoni/Synaxis/tests/Synaxis.Infrastructure.Tests/Synaxis.Infrastructure.Tests.csproj]
/home/rrj/src/github/rudironsoni/Synaxis/tests/Synaxis.Infrastructure.Tests/Services/TeamServiceTests.cs(96,83): error SA1101: Prefix local calls with this (https://github.com/DotNetAnalyzers/StyleCopAnalyzers/blob/master/documentation/SA1101.md) [/home/rrj/src/github/rudironsoni/Synaxis/tests/Synaxis.Infrastructure.Tests/Synaxis.Infrastructure.Tests.csproj]
/home/rrj/src/github/rudironsoni/Synaxis/tests/Synaxis.Infrastructure.Tests/Services/TeamServiceTests.cs(105,47): error SA1101: Prefix local calls with this (https://github.com/DotNetAnalyzers/StyleCopAnalyzers/blob/master/documentation/SA1101.md) [/home/rrj/src/github/rudironsoni/Synaxis/tests/Synaxis.Infrastructure.Tests/Synaxis.Infrastructure.Tests.csproj]
/home/rrj/src/github/rudironsoni/Synaxis/tests/Synaxis.Infrastructure.Tests/Services/TeamServiceTests.cs(107,32): error SA1101: Prefix local calls with this (https://github.com/DotNetAnalyzers/StyleCopAnalyzers/blob/master/documentation/SA1101.md) [/home/rrj/src/github/rudironsoni/Synaxis/tests/Synaxis.Infrastructure.Tests/Synaxis.Infrastructure.Tests.csproj]
/home/rrj/src/github/rudironsoni/Synaxis/tests/Synaxis.Infrastructure.Tests/Services/TeamMembershipServiceTests.cs(145,35): error MA0004: Use Task.ConfigureAwait(false) if the current SynchronizationContext is not needed (https://github.com/meziantou/Meziantou.Analyzer/blob/main/docs/Rules/MA0004.md) [/home/rrj/src/github/rudironsoni/Synaxis/tests/Synaxis.Infrastructure.Tests/Synaxis.Infrastructure.Tests.csproj]
/home/rrj/src/github/rudironsoni/Synaxis/tests/Synaxis.Infrastructure.Tests/Migrations/PerformanceIndexTests.cs(89,30): error S6608: Indexing at 0 should be used instead of the "Enumerable" extension method "First" (https://rules.sonarsource.com/csharp/RSPEC-6608) [/home/rrj/src/github/rudironsoni/Synaxis/tests/Synaxis.Infrastructure.Tests/Synaxis.Infrastructure.Tests.csproj]
/home/rrj/src/github/rudironsoni/Synaxis/tests/Synaxis.Infrastructure.Tests/Services/TeamServiceTests.cs(80,9): error SA1124: Do not use regions (https://github.com/DotNetAnalyzers/StyleCopAnalyzers/blob/master/documentation/SA1124.md) [/home/rrj/src/github/rudironsoni/Synaxis/tests/Synaxis.Infrastructure.Tests/Synaxis.Infrastructure.Tests.csproj]
/home/rrj/src/github/rudironsoni/Synaxis/tests/Synaxis.Infrastructure.Tests/Services/TeamMembershipServiceTests.cs(161,17): error SA1413: Use trailing comma in multi-line initializers (https://github.com/DotNetAnalyzers/StyleCopAnalyzers/blob/master/documentation/SA1413.md) [/home/rrj/src/github/rudironsoni/Synaxis/tests/Synaxis.Infrastructure.Tests/Synaxis.Infrastructure.Tests.csproj]
/home/rrj/src/github/rudironsoni/Synaxis/tests/Synaxis.Infrastructure.Tests/Services/TeamMembershipServiceTests.cs(169,17): error SA1413: Use trailing comma in multi-line initializers (https://github.com/DotNetAnalyzers/StyleCopAnalyzers/blob/master/documentation/SA1413.md) [/home/rrj/src/github/rudironsoni/Synaxis/tests/Synaxis.Infrastructure.Tests/Synaxis.Infrastructure.Tests.csproj]
/home/rrj/src/github/rudironsoni/Synaxis/tests/Synaxis.Infrastructure.Tests/Services/TeamMembershipServiceTests.cs(156,22): error SA1101: Prefix local calls with this (https://github.com/DotNetAnalyzers/StyleCopAnalyzers/blob/master/documentation/SA1101.md) [/home/rrj/src/github/rudironsoni/Synaxis/tests/Synaxis.Infrastructure.Tests/Synaxis.Infrastructure.Tests.csproj]
/home/rrj/src/github/rudironsoni/Synaxis/tests/Synaxis.Infrastructure.Tests/Services/TeamMembershipServiceTests.cs(166,22): error SA1101: Prefix local calls with this (https://github.com/DotNetAnalyzers/StyleCopAnalyzers/blob/master/documentation/SA1101.md) [/home/rrj/src/github/rudironsoni/Synaxis/tests/Synaxis.Infrastructure.Tests/Synaxis.Infrastructure.Tests.csproj]
/home/rrj/src/github/rudironsoni/Synaxis/tests/Synaxis.Infrastructure.Tests/Services/TeamMembershipServiceTests.cs(167,34): error SA1101: Prefix local calls with this (https://github.com/DotNetAnalyzers/StyleCopAnalyzers/blob/master/documentation/SA1101.md) [/home/rrj/src/github/rudironsoni/Synaxis/tests/Synaxis.Infrastructure.Tests/Synaxis.Infrastructure.Tests.csproj]
/home/rrj/src/github/rudironsoni/Synaxis/tests/Synaxis.Infrastructure.Tests/Services/TeamMembershipServiceTests.cs(172,13): error SA1101: Prefix local calls with this (https://github.com/DotNetAnalyzers/StyleCopAnalyzers/blob/master/documentation/SA1101.md) [/home/rrj/src/github/rudironsoni/Synaxis/tests/Synaxis.Infrastructure.Tests/Synaxis.Infrastructure.Tests.csproj]
/home/rrj/src/github/rudironsoni/Synaxis/tests/Synaxis.Infrastructure.Tests/Services/TeamMembershipServiceTests.cs(173,13): error SA1101: Prefix local calls with this (https://github.com/DotNetAnalyzers/StyleCopAnalyzers/blob/master/documentation/SA1101.md) [/home/rrj/src/github/rudironsoni/Synaxis/tests/Synaxis.Infrastructure.Tests/Synaxis.Infrastructure.Tests.csproj]
/home/rrj/src/github/rudironsoni/Synaxis/tests/Synaxis.Infrastructure.Tests/Services/TeamMembershipServiceTests.cs(174,19): error SA1101: Prefix local calls with this (https://github.com/DotNetAnalyzers/StyleCopAnalyzers/blob/master/documentation/SA1101.md) [/home/rrj/src/github/rudironsoni/Synaxis/tests/Synaxis.Infrastructure.Tests/Synaxis.Infrastructure.Tests.csproj]
/home/rrj/src/github/rudironsoni/Synaxis/tests/Synaxis.Infrastructure.Tests/Services/TeamMembershipServiceTests.cs(176,41): error SA1101: Prefix local calls with this (https://github.com/DotNetAnalyzers/StyleCopAnalyzers/blob/master/documentation/SA1101.md) [/home/rrj/src/github/rudironsoni/Synaxis/tests/Synaxis.Infrastructure.Tests/Synaxis.Infrastructure.Tests.csproj]
/home/rrj/src/github/rudironsoni/Synaxis/tests/Synaxis.Infrastructure.Tests/Services/TeamMembershipServiceTests.cs(176,65): error SA1101: Prefix local calls with this (https://github.com/DotNetAnalyzers/StyleCopAnalyzers/blob/master/documentation/SA1101.md) [/home/rrj/src/github/rudironsoni/Synaxis/tests/Synaxis.Infrastructure.Tests/Synaxis.Infrastructure.Tests.csproj]
/home/rrj/src/github/rudironsoni/Synaxis/tests/Synaxis.Infrastructure.Tests/Services/TeamMembershipServiceTests.cs(176,74): error SA1101: Prefix local calls with this (https://github.com/DotNetAnalyzers/StyleCopAnalyzers/blob/master/documentation/SA1101.md) [/home/rrj/src/github/rudironsoni/Synaxis/tests/Synaxis.Infrastructure.Tests/Synaxis.Infrastructure.Tests.csproj]
/home/rrj/src/github/rudironsoni/Synaxis/tests/Synaxis.Infrastructure.Tests/Services/TeamMembershipServiceTests.cs(176,93): error SA1101: Prefix local calls with this (https://github.com/DotNetAnalyzers/StyleCopAnalyzers/blob/master/documentation/SA1101.md) [/home/rrj/src/github/rudironsoni/Synaxis/tests/Synaxis.Infrastructure.Tests/Synaxis.Infrastructure.Tests.csproj]
/home/rrj/src/github/rudironsoni/Synaxis/tests/Synaxis.Infrastructure.Tests/Services/TeamMembershipServiceTests.cs(176,35): error MA0004: Use Task.ConfigureAwait(false) if the current SynchronizationContext is not needed (https://github.com/meziantou/Meziantou.Analyzer/blob/main/docs/Rules/MA0004.md) [/home/rrj/src/github/rudironsoni/Synaxis/tests/Synaxis.Infrastructure.Tests/Synaxis.Infrastructure.Tests.csproj]
/home/rrj/src/github/rudironsoni/Synaxis/tests/Synaxis.Infrastructure.Tests/Migrations/RollbackScriptTests.cs(118,43): error SA1101: Prefix local calls with this (https://github.com/DotNetAnalyzers/StyleCopAnalyzers/blob/master/documentation/SA1101.md) [/home/rrj/src/github/rudironsoni/Synaxis/tests/Synaxis.Infrastructure.Tests/Synaxis.Infrastructure.Tests.csproj]
/home/rrj/src/github/rudironsoni/Synaxis/tests/Synaxis.Infrastructure.Tests/Migrations/RollbackScriptTests.cs(132,51): error MA0099: Use Explicit enum value for 'UnixFileMode' instead of 0 (https://github.com/meziantou/Meziantou.Analyzer/blob/main/docs/Rules/MA0099.md) [/home/rrj/src/github/rudironsoni/Synaxis/tests/Synaxis.Infrastructure.Tests/Synaxis.Infrastructure.Tests.csproj]
/home/rrj/src/github/rudironsoni/Synaxis/tests/Synaxis.Infrastructure.Tests/Migrations/PerformanceIndexTests.cs(89,17): error MA0006: Use string.Equals instead of Equals operator (https://github.com/meziantou/Meziantou.Analyzer/blob/main/docs/Rules/MA0006.md) [/home/rrj/src/github/rudironsoni/Synaxis/tests/Synaxis.Infrastructure.Tests/Synaxis.Infrastructure.Tests.csproj]
/home/rrj/src/github/rudironsoni/Synaxis/tests/Synaxis.Infrastructure.Tests/Services/TeamMembershipServiceTests.cs(204,9): error AsyncFixer01: Method 'RemoveMemberAsync_UserNotFound_ThrowsInvalidOperationException' only awaits a single expression - remove async/await and return the Task directly to reduce overhead (https://github.com/semihokur/AsyncFixer#asyncfixer01) [/home/rrj/src/github/rudironsoni/Synaxis/tests/Synaxis.Infrastructure.Tests/Synaxis.Infrastructure.Tests.csproj]
/home/rrj/src/github/rudironsoni/Synaxis/tests/Synaxis.Infrastructure.Tests/Services/TeamMembershipServiceTests.cs(207,41): error SA1101: Prefix local calls with this (https://github.com/DotNetAnalyzers/StyleCopAnalyzers/blob/master/documentation/SA1101.md) [/home/rrj/src/github/rudironsoni/Synaxis/tests/Synaxis.Infrastructure.Tests/Synaxis.Infrastructure.Tests.csproj]
/home/rrj/src/github/rudironsoni/Synaxis/tests/Synaxis.Infrastructure.Tests/Services/TeamMembershipServiceTests.cs(207,68): error SA1101: Prefix local calls with this (https://github.com/DotNetAnalyzers/StyleCopAnalyzers/blob/master/documentation/SA1101.md) [/home/rrj/src/github/rudironsoni/Synaxis/tests/Synaxis.Infrastructure.Tests/Synaxis.Infrastructure.Tests.csproj]
/home/rrj/src/github/rudironsoni/Synaxis/tests/Synaxis.Infrastructure.Tests/Services/TeamMembershipServiceTests.cs(207,77): error SA1101: Prefix local calls with this (https://github.com/DotNetAnalyzers/StyleCopAnalyzers/blob/master/documentation/SA1101.md) [/home/rrj/src/github/rudironsoni/Synaxis/tests/Synaxis.Infrastructure.Tests/Synaxis.Infrastructure.Tests.csproj]
/home/rrj/src/github/rudironsoni/Synaxis/tests/Synaxis.Infrastructure.Tests/Services/TeamMembershipServiceTests.cs(207,86): error SA1101: Prefix local calls with this (https://github.com/DotNetAnalyzers/StyleCopAnalyzers/blob/master/documentation/SA1101.md) [/home/rrj/src/github/rudironsoni/Synaxis/tests/Synaxis.Infrastructure.Tests/Synaxis.Infrastructure.Tests.csproj]
/home/rrj/src/github/rudironsoni/Synaxis/tests/Synaxis.Infrastructure.Tests/Services/TeamMembershipServiceTests.cs(207,35): error MA0004: Use Task.ConfigureAwait(false) if the current SynchronizationContext is not needed (https://github.com/meziantou/Meziantou.Analyzer/blob/main/docs/Rules/MA0004.md) [/home/rrj/src/github/rudironsoni/Synaxis/tests/Synaxis.Infrastructure.Tests/Synaxis.Infrastructure.Tests.csproj]
/home/rrj/src/github/rudironsoni/Synaxis/tests/Synaxis.Infrastructure.Tests/Services/TeamMembershipServiceTests.cs(191,17): error SA1413: Use trailing comma in multi-line initializers (https://github.com/DotNetAnalyzers/StyleCopAnalyzers/blob/master/documentation/SA1413.md) [/home/rrj/src/github/rudironsoni/Synaxis/tests/Synaxis.Infrastructure.Tests/Synaxis.Infrastructure.Tests.csproj]
/home/rrj/src/github/rudironsoni/Synaxis/tests/Synaxis.Infrastructure.Tests/Services/TeamMembershipServiceTests.cs(188,26): error SA1101: Prefix local calls with this (https://github.com/DotNetAnalyzers/StyleCopAnalyzers/blob/master/documentation/SA1101.md) [/home/rrj/src/github/rudironsoni/Synaxis/tests/Synaxis.Infrastructure.Tests/Synaxis.Infrastructure.Tests.csproj]
/home/rrj/src/github/rudironsoni/Synaxis/tests/Synaxis.Infrastructure.Tests/Services/TeamMembershipServiceTests.cs(189,26): error SA1101: Prefix local calls with this (https://github.com/DotNetAnalyzers/StyleCopAnalyzers/blob/master/documentation/SA1101.md) [/home/rrj/src/github/rudironsoni/Synaxis/tests/Synaxis.Infrastructure.Tests/Synaxis.Infrastructure.Tests.csproj]
/home/rrj/src/github/rudironsoni/Synaxis/tests/Synaxis.Infrastructure.Tests/Services/TeamMembershipServiceTests.cs(190,34): error SA1101: Prefix local calls with this (https://github.com/DotNetAnalyzers/StyleCopAnalyzers/blob/master/documentation/SA1101.md) [/home/rrj/src/github/rudironsoni/Synaxis/tests/Synaxis.Infrastructure.Tests/Synaxis.Infrastructure.Tests.csproj]
/home/rrj/src/github/rudironsoni/Synaxis/tests/Synaxis.Infrastructure.Tests/Services/TeamMembershipServiceTests.cs(194,13): error SA1101: Prefix local calls with this (https://github.com/DotNetAnalyzers/StyleCopAnalyzers/blob/master/documentation/SA1101.md) [/home/rrj/src/github/rudironsoni/Synaxis/tests/Synaxis.Infrastructure.Tests/Synaxis.Infrastructure.Tests.csproj]
/home/rrj/src/github/rudironsoni/Synaxis/tests/Synaxis.Infrastructure.Tests/Services/TeamMembershipServiceTests.cs(195,19): error SA1101: Prefix local calls with this (https://github.com/DotNetAnalyzers/StyleCopAnalyzers/blob/master/documentation/SA1101.md) [/home/rrj/src/github/rudironsoni/Synaxis/tests/Synaxis.Infrastructure.Tests/Synaxis.Infrastructure.Tests.csproj]
/home/rrj/src/github/rudironsoni/Synaxis/tests/Synaxis.Infrastructure.Tests/Services/TeamMembershipServiceTests.cs(197,19): error SA1101: Prefix local calls with this (https://github.com/DotNetAnalyzers/StyleCopAnalyzers/blob/master/documentation/SA1101.md) [/home/rrj/src/github/rudironsoni/Synaxis/tests/Synaxis.Infrastructure.Tests/Synaxis.Infrastructure.Tests.csproj]
/home/rrj/src/github/rudironsoni/Synaxis/tests/Synaxis.Infrastructure.Tests/Services/TeamMembershipServiceTests.cs(197,46): error SA1101: Prefix local calls with this (https://github.com/DotNetAnalyzers/StyleCopAnalyzers/blob/master/documentation/SA1101.md) [/home/rrj/src/github/rudironsoni/Synaxis/tests/Synaxis.Infrastructure.Tests/Synaxis.Infrastructure.Tests.csproj]
/home/rrj/src/github/rudironsoni/Synaxis/tests/Synaxis.Infrastructure.Tests/Services/TeamMembershipServiceTests.cs(197,55): error SA1101: Prefix local calls with this (https://github.com/DotNetAnalyzers/StyleCopAnalyzers/blob/master/documentation/SA1101.md) [/home/rrj/src/github/rudironsoni/Synaxis/tests/Synaxis.Infrastructure.Tests/Synaxis.Infrastructure.Tests.csproj]
/home/rrj/src/github/rudironsoni/Synaxis/tests/Synaxis.Infrastructure.Tests/Services/TeamMembershipServiceTests.cs(197,64): error SA1101: Prefix local calls with this (https://github.com/DotNetAnalyzers/StyleCopAnalyzers/blob/master/documentation/SA1101.md) [/home/rrj/src/github/rudironsoni/Synaxis/tests/Synaxis.Infrastructure.Tests/Synaxis.Infrastructure.Tests.csproj]
/home/rrj/src/github/rudironsoni/Synaxis/tests/Synaxis.Infrastructure.Tests/Services/TeamMembershipServiceTests.cs(199,33): error SA1101: Prefix local calls with this (https://github.com/DotNetAnalyzers/StyleCopAnalyzers/blob/master/documentation/SA1101.md) [/home/rrj/src/github/rudironsoni/Synaxis/tests/Synaxis.Infrastructure.Tests/Synaxis.Infrastructure.Tests.csproj]
/home/rrj/src/github/rudironsoni/Synaxis/tests/Synaxis.Infrastructure.Tests/Services/TeamMembershipServiceTests.cs(200,55): error SA1101: Prefix local calls with this (https://github.com/DotNetAnalyzers/StyleCopAnalyzers/blob/master/documentation/SA1101.md) [/home/rrj/src/github/rudironsoni/Synaxis/tests/Synaxis.Infrastructure.Tests/Synaxis.Infrastructure.Tests.csproj]
/home/rrj/src/github/rudironsoni/Synaxis/tests/Synaxis.Infrastructure.Tests/Services/TeamMembershipServiceTests.cs(200,78): error SA1101: Prefix local calls with this (https://github.com/DotNetAnalyzers/StyleCopAnalyzers/blob/master/documentation/SA1101.md) [/home/rrj/src/github/rudironsoni/Synaxis/tests/Synaxis.Infrastructure.Tests/Synaxis.Infrastructure.Tests.csproj]
/home/rrj/src/github/rudironsoni/Synaxis/tests/Synaxis.Infrastructure.Tests/Services/TeamMembershipServiceTests.cs(225,17): error SA1413: Use trailing comma in multi-line initializers (https://github.com/DotNetAnalyzers/StyleCopAnalyzers/blob/master/documentation/SA1413.md) [/home/rrj/src/github/rudironsoni/Synaxis/tests/Synaxis.Infrastructure.Tests/Synaxis.Infrastructure.Tests.csproj]
/home/rrj/src/github/rudironsoni/Synaxis/tests/Synaxis.Infrastructure.Tests/Services/TeamMembershipServiceTests.cs(234,17): error SA1413: Use trailing comma in multi-line initializers (https://github.com/DotNetAnalyzers/StyleCopAnalyzers/blob/master/documentation/SA1413.md) [/home/rrj/src/github/rudironsoni/Synaxis/tests/Synaxis.Infrastructure.Tests/Synaxis.Infrastructure.Tests.csproj]
/home/rrj/src/github/rudironsoni/Synaxis/tests/Synaxis.Infrastructure.Tests/Services/TeamMembershipServiceTests.cs(218,22): error SA1101: Prefix local calls with this (https://github.com/DotNetAnalyzers/StyleCopAnalyzers/blob/master/documentation/SA1101.md) [/home/rrj/src/github/rudironsoni/Synaxis/tests/Synaxis.Infrastructure.Tests/Synaxis.Infrastructure.Tests.csproj]
/home/rrj/src/github/rudironsoni/Synaxis/tests/Synaxis.Infrastructure.Tests/Services/TeamMembershipServiceTests.cs(219,34): error SA1101: Prefix local calls with this (https://github.com/DotNetAnalyzers/StyleCopAnalyzers/blob/master/documentation/SA1101.md) [/home/rrj/src/github/rudironsoni/Synaxis/tests/Synaxis.Infrastructure.Tests/Synaxis.Infrastructure.Tests.csproj]
/home/rrj/src/github/rudironsoni/Synaxis/tests/Synaxis.Infrastructure.Tests/Services/TeamMembershipServiceTests.cs(231,26): error SA1101: Prefix local calls with this (https://github.com/DotNetAnalyzers/StyleCopAnalyzers/blob/master/documentation/SA1101.md) [/home/rrj/src/github/rudironsoni/Synaxis/tests/Synaxis.Infrastructure.Tests/Synaxis.Infrastructure.Tests.csproj]
/home/rrj/src/github/rudironsoni/Synaxis/tests/Synaxis.Infrastructure.Tests/Services/TeamMembershipServiceTests.cs(232,26): error SA1101: Prefix local calls with this (https://github.com/DotNetAnalyzers/StyleCopAnalyzers/blob/master/documentation/SA1101.md) [/home/rrj/src/github/rudironsoni/Synaxis/tests/Synaxis.Infrastructure.Tests/Synaxis.Infrastructure.Tests.csproj]
/home/rrj/src/github/rudironsoni/Synaxis/tests/Synaxis.Infrastructure.Tests/Services/TeamMembershipServiceTests.cs(233,34): error SA1101: Prefix local calls with this (https://github.com/DotNetAnalyzers/StyleCopAnalyzers/blob/master/documentation/SA1101.md) [/home/rrj/src/github/rudironsoni/Synaxis/tests/Synaxis.Infrastructure.Tests/Synaxis.Infrastructure.Tests.csproj]
/home/rrj/src/github/rudironsoni/Synaxis/tests/Synaxis.Infrastructure.Tests/Services/TeamMembershipServiceTests.cs(237,13): error SA1101: Prefix local calls with this (https://github.com/DotNetAnalyzers/StyleCopAnalyzers/blob/master/documentation/SA1101.md) [/home/rrj/src/github/rudironsoni/Synaxis/tests/Synaxis.Infrastructure.Tests/Synaxis.Infrastructure.Tests.csproj]
/home/rrj/src/github/rudironsoni/Synaxis/tests/Synaxis.Infrastructure.Tests/Services/TeamMembershipServiceTests.cs(238,13): error SA1101: Prefix local calls with this (https://github.com/DotNetAnalyzers/StyleCopAnalyzers/blob/master/documentation/SA1101.md) [/home/rrj/src/github/rudironsoni/Synaxis/tests/Synaxis.Infrastructure.Tests/Synaxis.Infrastructure.Tests.csproj]
/home/rrj/src/github/rudironsoni/Synaxis/tests/Synaxis.Infrastructure.Tests/Services/TeamMembershipServiceTests.cs(239,19): error SA1101: Prefix local calls with this (https://github.com/DotNetAnalyzers/StyleCopAnalyzers/blob/master/documentation/SA1101.md) [/home/rrj/src/github/rudironsoni/Synaxis/tests/Synaxis.Infrastructure.Tests/Synaxis.Infrastructure.Tests.csproj]
/home/rrj/src/github/rudironsoni/Synaxis/tests/Synaxis.Infrastructure.Tests/Services/TeamMembershipServiceTests.cs(241,32): error SA1101: Prefix local calls with this (https://github.com/DotNetAnalyzers/StyleCopAnalyzers/blob/master/documentation/SA1101.md) [/home/rrj/src/github/rudironsoni/Synaxis/tests/Synaxis.Infrastructure.Tests/Synaxis.Infrastructure.Tests.csproj]
/home/rrj/src/github/rudironsoni/Synaxis/tests/Synaxis.Infrastructure.Tests/Services/TeamMembershipServiceTests.cs(241,63): error SA1101: Prefix local calls with this (https://github.com/DotNetAnalyzers/StyleCopAnalyzers/blob/master/documentation/SA1101.md) [/home/rrj/src/github/rudironsoni/Synaxis/tests/Synaxis.Infrastructure.Tests/Synaxis.Infrastructure.Tests.csproj]
/home/rrj/src/github/rudironsoni/Synaxis/tests/Synaxis.Infrastructure.Tests/Services/TeamMembershipServiceTests.cs(241,72): error SA1101: Prefix local calls with this (https://github.com/DotNetAnalyzers/StyleCopAnalyzers/blob/master/documentation/SA1101.md) [/home/rrj/src/github/rudironsoni/Synaxis/tests/Synaxis.Infrastructure.Tests/Synaxis.Infrastructure.Tests.csproj]
/home/rrj/src/github/rudironsoni/Synaxis/tests/Synaxis.Infrastructure.Tests/Services/TeamMembershipServiceTests.cs(241,94): error SA1101: Prefix local calls with this (https://github.com/DotNetAnalyzers/StyleCopAnalyzers/blob/master/documentation/SA1101.md) [/home/rrj/src/github/rudironsoni/Synaxis/tests/Synaxis.Infrastructure.Tests/Synaxis.Infrastructure.Tests.csproj]
/home/rrj/src/github/rudironsoni/Synaxis/tests/Synaxis.Infrastructure.Tests/Services/TeamMembershipServiceTests.cs(246,33): error SA1101: Prefix local calls with this (https://github.com/DotNetAnalyzers/StyleCopAnalyzers/blob/master/documentation/SA1101.md) [/home/rrj/src/github/rudironsoni/Synaxis/tests/Synaxis.Infrastructure.Tests/Synaxis.Infrastructure.Tests.csproj]
/home/rrj/src/github/rudironsoni/Synaxis/tests/Synaxis.Infrastructure.Tests/Services/TeamMembershipServiceTests.cs(247,55): error SA1101: Prefix local calls with this (https://github.com/DotNetAnalyzers/StyleCopAnalyzers/blob/master/documentation/SA1101.md) [/home/rrj/src/github/rudironsoni/Synaxis/tests/Synaxis.Infrastructure.Tests/Synaxis.Infrastructure.Tests.csproj]
/home/rrj/src/github/rudironsoni/Synaxis/tests/Synaxis.Infrastructure.Tests/Services/TeamMembershipServiceTests.cs(247,78): error SA1101: Prefix local calls with this (https://github.com/DotNetAnalyzers/StyleCopAnalyzers/blob/master/documentation/SA1101.md) [/home/rrj/src/github/rudironsoni/Synaxis/tests/Synaxis.Infrastructure.Tests/Synaxis.Infrastructure.Tests.csproj]
/home/rrj/src/github/rudironsoni/Synaxis/tests/Synaxis.Infrastructure.Tests/Services/TeamMembershipServiceIntegrationTests.cs(147,19): error SA1101: Prefix local calls with this (https://github.com/DotNetAnalyzers/StyleCopAnalyzers/blob/master/documentation/SA1101.md) [/home/rrj/src/github/rudironsoni/Synaxis/tests/Synaxis.Infrastructure.Tests/Synaxis.Infrastructure.Tests.csproj]
/home/rrj/src/github/rudironsoni/Synaxis/tests/Synaxis.Infrastructure.Tests/Services/TeamMembershipServiceIntegrationTests.cs(147,43): error SA1101: Prefix local calls with this (https://github.com/DotNetAnalyzers/StyleCopAnalyzers/blob/master/documentation/SA1101.md) [/home/rrj/src/github/rudironsoni/Synaxis/tests/Synaxis.Infrastructure.Tests/Synaxis.Infrastructure.Tests.csproj]
/home/rrj/src/github/rudironsoni/Synaxis/tests/Synaxis.Infrastructure.Tests/Services/TeamMembershipServiceIntegrationTests.cs(147,53): error SA1101: Prefix local calls with this (https://github.com/DotNetAnalyzers/StyleCopAnalyzers/blob/master/documentation/SA1101.md) [/home/rrj/src/github/rudironsoni/Synaxis/tests/Synaxis.Infrastructure.Tests/Synaxis.Infrastructure.Tests.csproj]
/home/rrj/src/github/rudironsoni/Synaxis/tests/Synaxis.Infrastructure.Tests/Services/TeamMembershipServiceIntegrationTests.cs(147,77): error SA1101: Prefix local calls with this (https://github.com/DotNetAnalyzers/StyleCopAnalyzers/blob/master/documentation/SA1101.md) [/home/rrj/src/github/rudironsoni/Synaxis/tests/Synaxis.Infrastructure.Tests/Synaxis.Infrastructure.Tests.csproj]
/home/rrj/src/github/rudironsoni/Synaxis/tests/Synaxis.Infrastructure.Tests/Services/TeamMembershipServiceIntegrationTests.cs(148,19): error SA1101: Prefix local calls with this (https://github.com/DotNetAnalyzers/StyleCopAnalyzers/blob/master/documentation/SA1101.md) [/home/rrj/src/github/rudironsoni/Synaxis/tests/Synaxis.Infrastructure.Tests/Synaxis.Infrastructure.Tests.csproj]
/home/rrj/src/github/rudironsoni/Synaxis/tests/Synaxis.Infrastructure.Tests/Services/TeamMembershipServiceIntegrationTests.cs(148,43): error SA1101: Prefix local calls with this (https://github.com/DotNetAnalyzers/StyleCopAnalyzers/blob/master/documentation/SA1101.md) [/home/rrj/src/github/rudironsoni/Synaxis/tests/Synaxis.Infrastructure.Tests/Synaxis.Infrastructure.Tests.csproj]
/home/rrj/src/github/rudironsoni/Synaxis/tests/Synaxis.Infrastructure.Tests/Services/TeamMembershipServiceIntegrationTests.cs(148,53): error SA1101: Prefix local calls with this (https://github.com/DotNetAnalyzers/StyleCopAnalyzers/blob/master/documentation/SA1101.md) [/home/rrj/src/github/rudironsoni/Synaxis/tests/Synaxis.Infrastructure.Tests/Synaxis.Infrastructure.Tests.csproj]
/home/rrj/src/github/rudironsoni/Synaxis/tests/Synaxis.Infrastructure.Tests/Services/TeamMembershipServiceIntegrationTests.cs(148,74): error SA1101: Prefix local calls with this (https://github.com/DotNetAnalyzers/StyleCopAnalyzers/blob/master/documentation/SA1101.md) [/home/rrj/src/github/rudironsoni/Synaxis/tests/Synaxis.Infrastructure.Tests/Synaxis.Infrastructure.Tests.csproj]
/home/rrj/src/github/rudironsoni/Synaxis/tests/Synaxis.Infrastructure.Tests/Services/TeamMembershipServiceIntegrationTests.cs(150,32): error SA1101: Prefix local calls with this (https://github.com/DotNetAnalyzers/StyleCopAnalyzers/blob/master/documentation/SA1101.md) [/home/rrj/src/github/rudironsoni/Synaxis/tests/Synaxis.Infrastructure.Tests/Synaxis.Infrastructure.Tests.csproj]
/home/rrj/src/github/rudironsoni/Synaxis/tests/Synaxis.Infrastructure.Tests/Services/TeamMembershipServiceIntegrationTests.cs(151,41): error SA1101: Prefix local calls with this (https://github.com/DotNetAnalyzers/StyleCopAnalyzers/blob/master/documentation/SA1101.md) [/home/rrj/src/github/rudironsoni/Synaxis/tests/Synaxis.Infrastructure.Tests/Synaxis.Infrastructure.Tests.csproj]
/home/rrj/src/github/rudironsoni/Synaxis/tests/Synaxis.Infrastructure.Tests/Services/TeamMembershipServiceIntegrationTests.cs(155,42): error SA1101: Prefix local calls with this (https://github.com/DotNetAnalyzers/StyleCopAnalyzers/blob/master/documentation/SA1101.md) [/home/rrj/src/github/rudironsoni/Synaxis/tests/Synaxis.Infrastructure.Tests/Synaxis.Infrastructure.Tests.csproj]
/home/rrj/src/github/rudironsoni/Synaxis/tests/Synaxis.Infrastructure.Tests/Services/TeamMembershipServiceIntegrationTests.cs(157,33): error SA1101: Prefix local calls with this (https://github.com/DotNetAnalyzers/StyleCopAnalyzers/blob/master/documentation/SA1101.md) [/home/rrj/src/github/rudironsoni/Synaxis/tests/Synaxis.Infrastructure.Tests/Synaxis.Infrastructure.Tests.csproj]
/home/rrj/src/github/rudironsoni/Synaxis/tests/Synaxis.Infrastructure.Tests/Services/TeamMembershipServiceIntegrationTests.cs(158,41): error SA1101: Prefix local calls with this (https://github.com/DotNetAnalyzers/StyleCopAnalyzers/blob/master/documentation/SA1101.md) [/home/rrj/src/github/rudironsoni/Synaxis/tests/Synaxis.Infrastructure.Tests/Synaxis.Infrastructure.Tests.csproj]
/home/rrj/src/github/rudironsoni/Synaxis/tests/Synaxis.Infrastructure.Tests/Services/TeamMembershipServiceIntegrationTests.cs(162,43): error SA1101: Prefix local calls with this (https://github.com/DotNetAnalyzers/StyleCopAnalyzers/blob/master/documentation/SA1101.md) [/home/rrj/src/github/rudironsoni/Synaxis/tests/Synaxis.Infrastructure.Tests/Synaxis.Infrastructure.Tests.csproj]
/home/rrj/src/github/rudironsoni/Synaxis/tests/Synaxis.Infrastructure.Tests/Migrations/RollbackScriptTests.cs(142,45): error SA1101: Prefix local calls with this (https://github.com/DotNetAnalyzers/StyleCopAnalyzers/blob/master/documentation/SA1101.md) [/home/rrj/src/github/rudironsoni/Synaxis/tests/Synaxis.Infrastructure.Tests/Synaxis.Infrastructure.Tests.csproj]
/home/rrj/src/github/rudironsoni/Synaxis/tests/Synaxis.Infrastructure.Tests/Migrations/RollbackScriptTests.cs(143,47): error SA1101: Prefix local calls with this (https://github.com/DotNetAnalyzers/StyleCopAnalyzers/blob/master/documentation/SA1101.md) [/home/rrj/src/github/rudironsoni/Synaxis/tests/Synaxis.Infrastructure.Tests/Synaxis.Infrastructure.Tests.csproj]
/home/rrj/src/github/rudironsoni/Synaxis/tests/Synaxis.Infrastructure.Tests/Services/TeamMembershipServiceTests.cs(261,17): error SA1413: Use trailing comma in multi-line initializers (https://github.com/DotNetAnalyzers/StyleCopAnalyzers/blob/master/documentation/SA1413.md) [/home/rrj/src/github/rudironsoni/Synaxis/tests/Synaxis.Infrastructure.Tests/Synaxis.Infrastructure.Tests.csproj]
/home/rrj/src/github/rudironsoni/Synaxis/tests/Synaxis.Infrastructure.Tests/Services/TeamMembershipServiceTests.cs(258,26): error SA1101: Prefix local calls with this (https://github.com/DotNetAnalyzers/StyleCopAnalyzers/blob/master/documentation/SA1101.md) [/home/rrj/src/github/rudironsoni/Synaxis/tests/Synaxis.Infrastructure.Tests/Synaxis.Infrastructure.Tests.csproj]
/home/rrj/src/github/rudironsoni/Synaxis/tests/Synaxis.Infrastructure.Tests/Services/TeamMembershipServiceTests.cs(259,26): error SA1101: Prefix local calls with this (https://github.com/DotNetAnalyzers/StyleCopAnalyzers/blob/master/documentation/SA1101.md) [/home/rrj/src/github/rudironsoni/Synaxis/tests/Synaxis.Infrastructure.Tests/Synaxis.Infrastructure.Tests.csproj]
/home/rrj/src/github/rudironsoni/Synaxis/tests/Synaxis.Infrastructure.Tests/Services/TeamMembershipServiceTests.cs(260,34): error SA1101: Prefix local calls with this (https://github.com/DotNetAnalyzers/StyleCopAnalyzers/blob/master/documentation/SA1101.md) [/home/rrj/src/github/rudironsoni/Synaxis/tests/Synaxis.Infrastructure.Tests/Synaxis.Infrastructure.Tests.csproj]
/home/rrj/src/github/rudironsoni/Synaxis/tests/Synaxis.Infrastructure.Tests/Services/TeamMembershipServiceTests.cs(264,13): error SA1101: Prefix local calls with this (https://github.com/DotNetAnalyzers/StyleCopAnalyzers/blob/master/documentation/SA1101.md) [/home/rrj/src/github/rudironsoni/Synaxis/tests/Synaxis.Infrastructure.Tests/Synaxis.Infrastructure.Tests.csproj]
/home/rrj/src/github/rudironsoni/Synaxis/tests/Synaxis.Infrastructure.Tests/Services/TeamMembershipServiceTests.cs(265,19): error SA1101: Prefix local calls with this (https://github.com/DotNetAnalyzers/StyleCopAnalyzers/blob/master/documentation/SA1101.md) [/home/rrj/src/github/rudironsoni/Synaxis/tests/Synaxis.Infrastructure.Tests/Synaxis.Infrastructure.Tests.csproj]
/home/rrj/src/github/rudironsoni/Synaxis/tests/Synaxis.Infrastructure.Tests/Services/TeamMembershipServiceTests.cs(267,41): error SA1101: Prefix local calls with this (https://github.com/DotNetAnalyzers/StyleCopAnalyzers/blob/master/documentation/SA1101.md) [/home/rrj/src/github/rudironsoni/Synaxis/tests/Synaxis.Infrastructure.Tests/Synaxis.Infrastructure.Tests.csproj]
/home/rrj/src/github/rudironsoni/Synaxis/tests/Synaxis.Infrastructure.Tests/Services/TeamMembershipServiceTests.cs(267,72): error SA1101: Prefix local calls with this (https://github.com/DotNetAnalyzers/StyleCopAnalyzers/blob/master/documentation/SA1101.md) [/home/rrj/src/github/rudironsoni/Synaxis/tests/Synaxis.Infrastructure.Tests/Synaxis.Infrastructure.Tests.csproj]
/home/rrj/src/github/rudironsoni/Synaxis/tests/Synaxis.Infrastructure.Tests/Services/TeamMembershipServiceTests.cs(267,81): error SA1101: Prefix local calls with this (https://github.com/DotNetAnalyzers/StyleCopAnalyzers/blob/master/documentation/SA1101.md) [/home/rrj/src/github/rudironsoni/Synaxis/tests/Synaxis.Infrastructure.Tests/Synaxis.Infrastructure.Tests.csproj]
/home/rrj/src/github/rudironsoni/Synaxis/tests/Synaxis.Infrastructure.Tests/Services/TeamMembershipServiceTests.cs(267,106): error SA1101: Prefix local calls with this (https://github.com/DotNetAnalyzers/StyleCopAnalyzers/blob/master/documentation/SA1101.md) [/home/rrj/src/github/rudironsoni/Synaxis/tests/Synaxis.Infrastructure.Tests/Synaxis.Infrastructure.Tests.csproj]
/home/rrj/src/github/rudironsoni/Synaxis/tests/Synaxis.Infrastructure.Tests/Services/TeamMembershipServiceTests.cs(267,35): error MA0004: Use Task.ConfigureAwait(false) if the current SynchronizationContext is not needed (https://github.com/meziantou/Meziantou.Analyzer/blob/main/docs/Rules/MA0004.md) [/home/rrj/src/github/rudironsoni/Synaxis/tests/Synaxis.Infrastructure.Tests/Synaxis.Infrastructure.Tests.csproj]
/home/rrj/src/github/rudironsoni/Synaxis/tests/Synaxis.Infrastructure.Tests/Services/TeamMembershipServiceIntegrationTests.cs(175,17): error SA1413: Use trailing comma in multi-line initializers (https://github.com/DotNetAnalyzers/StyleCopAnalyzers/blob/master/documentation/SA1413.md) [/home/rrj/src/github/rudironsoni/Synaxis/tests/Synaxis.Infrastructure.Tests/Synaxis.Infrastructure.Tests.csproj]
/home/rrj/src/github/rudironsoni/Synaxis/tests/Synaxis.Infrastructure.Tests/Services/TeamMembershipServiceIntegrationTests.cs(171,34): error SA1101: Prefix local calls with this (https://github.com/DotNetAnalyzers/StyleCopAnalyzers/blob/master/documentation/SA1101.md) [/home/rrj/src/github/rudironsoni/Synaxis/tests/Synaxis.Infrastructure.Tests/Synaxis.Infrastructure.Tests.csproj]
/home/rrj/src/github/rudironsoni/Synaxis/tests/Synaxis.Infrastructure.Tests/Services/TeamMembershipServiceIntegrationTests.cs(178,13): error SA1101: Prefix local calls with this (https://github.com/DotNetAnalyzers/StyleCopAnalyzers/blob/master/documentation/SA1101.md) [/home/rrj/src/github/rudironsoni/Synaxis/tests/Synaxis.Infrastructure.Tests/Synaxis.Infrastructure.Tests.csproj]
/home/rrj/src/github/rudironsoni/Synaxis/tests/Synaxis.Infrastructure.Tests/Services/TeamMembershipServiceIntegrationTests.cs(179,19): error SA1101: Prefix local calls with this (https://github.com/DotNetAnalyzers/StyleCopAnalyzers/blob/master/documentation/SA1101.md) [/home/rrj/src/github/rudironsoni/Synaxis/tests/Synaxis.Infrastructure.Tests/Synaxis.Infrastructure.Tests.csproj]
/home/rrj/src/github/rudironsoni/Synaxis/tests/Synaxis.Infrastructure.Tests/Services/TeamMembershipServiceIntegrationTests.cs(181,19): error SA1101: Prefix local calls with this (https://github.com/DotNetAnalyzers/StyleCopAnalyzers/blob/master/documentation/SA1101.md) [/home/rrj/src/github/rudironsoni/Synaxis/tests/Synaxis.Infrastructure.Tests/Synaxis.Infrastructure.Tests.csproj]
/home/rrj/src/github/rudironsoni/Synaxis/tests/Synaxis.Infrastructure.Tests/Services/TeamMembershipServiceIntegrationTests.cs(181,43): error SA1101: Prefix local calls with this (https://github.com/DotNetAnalyzers/StyleCopAnalyzers/blob/master/documentation/SA1101.md) [/home/rrj/src/github/rudironsoni/Synaxis/tests/Synaxis.Infrastructure.Tests/Synaxis.Infrastructure.Tests.csproj]
/home/rrj/src/github/rudironsoni/Synaxis/tests/Synaxis.Infrastructure.Tests/Services/TeamMembershipServiceIntegrationTests.cs(181,53): error SA1101: Prefix local calls with this (https://github.com/DotNetAnalyzers/StyleCopAnalyzers/blob/master/documentation/SA1101.md) [/home/rrj/src/github/rudironsoni/Synaxis/tests/Synaxis.Infrastructure.Tests/Synaxis.Infrastructure.Tests.csproj]
/home/rrj/src/github/rudironsoni/Synaxis/tests/Synaxis.Infrastructure.Tests/Services/TeamMembershipServiceIntegrationTests.cs(181,74): error SA1101: Prefix local calls with this (https://github.com/DotNetAnalyzers/StyleCopAnalyzers/blob/master/documentation/SA1101.md) [/home/rrj/src/github/rudironsoni/Synaxis/tests/Synaxis.Infrastructure.Tests/Synaxis.Infrastructure.Tests.csproj]
/home/rrj/src/github/rudironsoni/Synaxis/tests/Synaxis.Infrastructure.Tests/Services/TeamMembershipServiceIntegrationTests.cs(182,19): error SA1101: Prefix local calls with this (https://github.com/DotNetAnalyzers/StyleCopAnalyzers/blob/master/documentation/SA1101.md) [/home/rrj/src/github/rudironsoni/Synaxis/tests/Synaxis.Infrastructure.Tests/Synaxis.Infrastructure.Tests.csproj]
/home/rrj/src/github/rudironsoni/Synaxis/tests/Synaxis.Infrastructure.Tests/Services/TeamMembershipServiceIntegrationTests.cs(182,43): error SA1101: Prefix local calls with this (https://github.com/DotNetAnalyzers/StyleCopAnalyzers/blob/master/documentation/SA1101.md) [/home/rrj/src/github/rudironsoni/Synaxis/tests/Synaxis.Infrastructure.Tests/Synaxis.Infrastructure.Tests.csproj]
/home/rrj/src/github/rudironsoni/Synaxis/tests/Synaxis.Infrastructure.Tests/Services/TeamMembershipServiceIntegrationTests.cs(182,53): error SA1101: Prefix local calls with this (https://github.com/DotNetAnalyzers/StyleCopAnalyzers/blob/master/documentation/SA1101.md) [/home/rrj/src/github/rudironsoni/Synaxis/tests/Synaxis.Infrastructure.Tests/Synaxis.Infrastructure.Tests.csproj]
/home/rrj/src/github/rudironsoni/Synaxis/tests/Synaxis.Infrastructure.Tests/Services/TeamMembershipServiceIntegrationTests.cs(182,77): error SA1101: Prefix local calls with this (https://github.com/DotNetAnalyzers/StyleCopAnalyzers/blob/master/documentation/SA1101.md) [/home/rrj/src/github/rudironsoni/Synaxis/tests/Synaxis.Infrastructure.Tests/Synaxis.Infrastructure.Tests.csproj]
/home/rrj/src/github/rudironsoni/Synaxis/tests/Synaxis.Infrastructure.Tests/Services/TeamMembershipServiceIntegrationTests.cs(183,19): error SA1101: Prefix local calls with this (https://github.com/DotNetAnalyzers/StyleCopAnalyzers/blob/master/documentation/SA1101.md) [/home/rrj/src/github/rudironsoni/Synaxis/tests/Synaxis.Infrastructure.Tests/Synaxis.Infrastructure.Tests.csproj]
/home/rrj/src/github/rudironsoni/Synaxis/tests/Synaxis.Infrastructure.Tests/Services/TeamMembershipServiceIntegrationTests.cs(183,43): error SA1101: Prefix local calls with this (https://github.com/DotNetAnalyzers/StyleCopAnalyzers/blob/master/documentation/SA1101.md) [/home/rrj/src/github/rudironsoni/Synaxis/tests/Synaxis.Infrastructure.Tests/Synaxis.Infrastructure.Tests.csproj]
/home/rrj/src/github/rudironsoni/Synaxis/tests/Synaxis.Infrastructure.Tests/Services/TeamMembershipServiceIntegrationTests.cs(183,73): error SA1101: Prefix local calls with this (https://github.com/DotNetAnalyzers/StyleCopAnalyzers/blob/master/documentation/SA1101.md) [/home/rrj/src/github/rudironsoni/Synaxis/tests/Synaxis.Infrastructure.Tests/Synaxis.Infrastructure.Tests.csproj]
/home/rrj/src/github/rudironsoni/Synaxis/tests/Synaxis.Infrastructure.Tests/Services/TeamMembershipServiceIntegrationTests.cs(185,37): error SA1101: Prefix local calls with this (https://github.com/DotNetAnalyzers/StyleCopAnalyzers/blob/master/documentation/SA1101.md) [/home/rrj/src/github/rudironsoni/Synaxis/tests/Synaxis.Infrastructure.Tests/Synaxis.Infrastructure.Tests.csproj]
/home/rrj/src/github/rudironsoni/Synaxis/tests/Synaxis.Infrastructure.Tests/Services/TeamMembershipServiceIntegrationTests.cs(186,41): error SA1101: Prefix local calls with this (https://github.com/DotNetAnalyzers/StyleCopAnalyzers/blob/master/documentation/SA1101.md) [/home/rrj/src/github/rudironsoni/Synaxis/tests/Synaxis.Infrastructure.Tests/Synaxis.Infrastructure.Tests.csproj]
/home/rrj/src/github/rudironsoni/Synaxis/tests/Synaxis.Infrastructure.Tests/Services/TeamMembershipServiceIntegrationTests.cs(190,59): error SA1101: Prefix local calls with this (https://github.com/DotNetAnalyzers/StyleCopAnalyzers/blob/master/documentation/SA1101.md) [/home/rrj/src/github/rudironsoni/Synaxis/tests/Synaxis.Infrastructure.Tests/Synaxis.Infrastructure.Tests.csproj]
/home/rrj/src/github/rudironsoni/Synaxis/tests/Synaxis.Infrastructure.Tests/Services/TeamMembershipServiceIntegrationTests.cs(191,59): error SA1101: Prefix local calls with this (https://github.com/DotNetAnalyzers/StyleCopAnalyzers/blob/master/documentation/SA1101.md) [/home/rrj/src/github/rudironsoni/Synaxis/tests/Synaxis.Infrastructure.Tests/Synaxis.Infrastructure.Tests.csproj]
/home/rrj/src/github/rudironsoni/Synaxis/tests/Synaxis.Infrastructure.Tests/Services/TeamMembershipServiceTests.cs(273,9): error AsyncFixer01: Method 'UpdateMemberRoleAsync_UserNotFound_ThrowsInvalidOperationException' only awaits a single expression - remove async/await and return the Task directly to reduce overhead (https://github.com/semihokur/AsyncFixer#asyncfixer01) [/home/rrj/src/github/rudironsoni/Synaxis/tests/Synaxis.Infrastructure.Tests/Synaxis.Infrastructure.Tests.csproj]
/home/rrj/src/github/rudironsoni/Synaxis/tests/Synaxis.Infrastructure.Tests/Services/TeamMembershipServiceTests.cs(276,41): error SA1101: Prefix local calls with this (https://github.com/DotNetAnalyzers/StyleCopAnalyzers/blob/master/documentation/SA1101.md) [/home/rrj/src/github/rudironsoni/Synaxis/tests/Synaxis.Infrastructure.Tests/Synaxis.Infrastructure.Tests.csproj]
/home/rrj/src/github/rudironsoni/Synaxis/tests/Synaxis.Infrastructure.Tests/Services/TeamMembershipServiceTests.cs(276,72): error SA1101: Prefix local calls with this (https://github.com/DotNetAnalyzers/StyleCopAnalyzers/blob/master/documentation/SA1101.md) [/home/rrj/src/github/rudironsoni/Synaxis/tests/Synaxis.Infrastructure.Tests/Synaxis.Infrastructure.Tests.csproj]
/home/rrj/src/github/rudironsoni/Synaxis/tests/Synaxis.Infrastructure.Tests/Services/TeamMembershipServiceTests.cs(276,81): error SA1101: Prefix local calls with this (https://github.com/DotNetAnalyzers/StyleCopAnalyzers/blob/master/documentation/SA1101.md) [/home/rrj/src/github/rudironsoni/Synaxis/tests/Synaxis.Infrastructure.Tests/Synaxis.Infrastructure.Tests.csproj]
/home/rrj/src/github/rudironsoni/Synaxis/tests/Synaxis.Infrastructure.Tests/Services/TeamMembershipServiceTests.cs(276,103): error SA1101: Prefix local calls with this (https://github.com/DotNetAnalyzers/StyleCopAnalyzers/blob/master/documentation/SA1101.md) [/home/rrj/src/github/rudironsoni/Synaxis/tests/Synaxis.Infrastructure.Tests/Synaxis.Infrastructure.Tests.csproj]
/home/rrj/src/github/rudironsoni/Synaxis/tests/Synaxis.Infrastructure.Tests/Services/TeamMembershipServiceTests.cs(276,35): error MA0004: Use Task.ConfigureAwait(false) if the current SynchronizationContext is not needed (https://github.com/meziantou/Meziantou.Analyzer/blob/main/docs/Rules/MA0004.md) [/home/rrj/src/github/rudironsoni/Synaxis/tests/Synaxis.Infrastructure.Tests/Synaxis.Infrastructure.Tests.csproj]
/home/rrj/src/github/rudironsoni/Synaxis/tests/Synaxis.Infrastructure.Tests/Migrations/PerformanceIndexTests.cs(114,39): error MA0006: Use string.Equals instead of Equals operator (https://github.com/meziantou/Meziantou.Analyzer/blob/main/docs/Rules/MA0006.md) [/home/rrj/src/github/rudironsoni/Synaxis/tests/Synaxis.Infrastructure.Tests/Synaxis.Infrastructure.Tests.csproj]
/home/rrj/src/github/rudironsoni/Synaxis/tests/Synaxis.Infrastructure.Tests/Migrations/PerformanceIndexTests.cs(115,39): error MA0006: Use string.Equals instead of Equals operator (https://github.com/meziantou/Meziantou.Analyzer/blob/main/docs/Rules/MA0006.md) [/home/rrj/src/github/rudironsoni/Synaxis/tests/Synaxis.Infrastructure.Tests/Synaxis.Infrastructure.Tests.csproj]
/home/rrj/src/github/rudironsoni/Synaxis/tests/Synaxis.Infrastructure.Tests/Services/TeamServiceTests.cs(121,17): error SA1413: Use trailing comma in multi-line initializers (https://github.com/DotNetAnalyzers/StyleCopAnalyzers/blob/master/documentation/SA1413.md) [/home/rrj/src/github/rudironsoni/Synaxis/tests/Synaxis.Infrastructure.Tests/Synaxis.Infrastructure.Tests.csproj]
/home/rrj/src/github/rudironsoni/Synaxis/tests/Synaxis.Infrastructure.Tests/Services/TeamServiceTests.cs(129,17): error SA1413: Use trailing comma in multi-line initializers (https://github.com/DotNetAnalyzers/StyleCopAnalyzers/blob/master/documentation/SA1413.md) [/home/rrj/src/github/rudironsoni/Synaxis/tests/Synaxis.Infrastructure.Tests/Synaxis.Infrastructure.Tests.csproj]
/home/rrj/src/github/rudironsoni/Synaxis/tests/Synaxis.Infrastructure.Tests/Services/TeamServiceTests.cs(118,34): error SA1101: Prefix local calls with this (https://github.com/DotNetAnalyzers/StyleCopAnalyzers/blob/master/documentation/SA1101.md) [/home/rrj/src/github/rudironsoni/Synaxis/tests/Synaxis.Infrastructure.Tests/Synaxis.Infrastructure.Tests.csproj]
/home/rrj/src/github/rudironsoni/Synaxis/tests/Synaxis.Infrastructure.Tests/Services/TeamServiceTests.cs(123,13): error SA1101: Prefix local calls with this (https://github.com/DotNetAnalyzers/StyleCopAnalyzers/blob/master/documentation/SA1101.md) [/home/rrj/src/github/rudironsoni/Synaxis/tests/Synaxis.Infrastructure.Tests/Synaxis.Infrastructure.Tests.csproj]
/home/rrj/src/github/rudironsoni/Synaxis/tests/Synaxis.Infrastructure.Tests/Services/TeamServiceTests.cs(124,19): error SA1101: Prefix local calls with this (https://github.com/DotNetAnalyzers/StyleCopAnalyzers/blob/master/documentation/SA1101.md) [/home/rrj/src/github/rudironsoni/Synaxis/tests/Synaxis.Infrastructure.Tests/Synaxis.Infrastructure.Tests.csproj]
/home/rrj/src/github/rudironsoni/Synaxis/tests/Synaxis.Infrastructure.Tests/Services/TeamMembershipServiceIntegrationTests.cs(198,19): error SA1101: Prefix local calls with this (https://github.com/DotNetAnalyzers/StyleCopAnalyzers/blob/master/documentation/SA1101.md) [/home/rrj/src/github/rudironsoni/Synaxis/tests/Synaxis.Infrastructure.Tests/Synaxis.Infrastructure.Tests.csproj]
/home/rrj/src/github/rudironsoni/Synaxis/tests/Synaxis.Infrastructure.Tests/Services/TeamMembershipServiceIntegrationTests.cs(198,43): error SA1101: Prefix local calls with this (https://github.com/DotNetAnalyzers/StyleCopAnalyzers/blob/master/documentation/SA1101.md) [/home/rrj/src/github/rudironsoni/Synaxis/tests/Synaxis.Infrastructure.Tests/Synaxis.Infrastructure.Tests.csproj]
/home/rrj/src/github/rudironsoni/Synaxis/tests/Synaxis.Infrastructure.Tests/Services/TeamMembershipServiceIntegrationTests.cs(198,53): error SA1101: Prefix local calls with this (https://github.com/DotNetAnalyzers/StyleCopAnalyzers/blob/master/documentation/SA1101.md) [/home/rrj/src/github/rudironsoni/Synaxis/tests/Synaxis.Infrastructure.Tests/Synaxis.Infrastructure.Tests.csproj]
/home/rrj/src/github/rudironsoni/Synaxis/tests/Synaxis.Infrastructure.Tests/Services/TeamMembershipServiceIntegrationTests.cs(198,77): error SA1101: Prefix local calls with this (https://github.com/DotNetAnalyzers/StyleCopAnalyzers/blob/master/documentation/SA1101.md) [/home/rrj/src/github/rudironsoni/Synaxis/tests/Synaxis.Infrastructure.Tests/Synaxis.Infrastructure.Tests.csproj]
/home/rrj/src/github/rudironsoni/Synaxis/tests/Synaxis.Infrastructure.Tests/Services/TeamMembershipServiceIntegrationTests.cs(199,19): error SA1101: Prefix local calls with this (https://github.com/DotNetAnalyzers/StyleCopAnalyzers/blob/master/documentation/SA1101.md) [/home/rrj/src/github/rudironsoni/Synaxis/tests/Synaxis.Infrastructure.Tests/Synaxis.Infrastructure.Tests.csproj]
/home/rrj/src/github/rudironsoni/Synaxis/tests/Synaxis.Infrastructure.Tests/Services/TeamMembershipServiceIntegrationTests.cs(199,43): error SA1101: Prefix local calls with this (https://github.com/DotNetAnalyzers/StyleCopAnalyzers/blob/master/documentation/SA1101.md) [/home/rrj/src/github/rudironsoni/Synaxis/tests/Synaxis.Infrastructure.Tests/Synaxis.Infrastructure.Tests.csproj]
/home/rrj/src/github/rudironsoni/Synaxis/tests/Synaxis.Infrastructure.Tests/Services/TeamMembershipServiceIntegrationTests.cs(199,53): error SA1101: Prefix local calls with this (https://github.com/DotNetAnalyzers/StyleCopAnalyzers/blob/master/documentation/SA1101.md) [/home/rrj/src/github/rudironsoni/Synaxis/tests/Synaxis.Infrastructure.Tests/Synaxis.Infrastructure.Tests.csproj]
/home/rrj/src/github/rudironsoni/Synaxis/tests/Synaxis.Infrastructure.Tests/Services/TeamMembershipServiceIntegrationTests.cs(199,74): error SA1101: Prefix local calls with this (https://github.com/DotNetAnalyzers/StyleCopAnalyzers/blob/master/documentation/SA1101.md) [/home/rrj/src/github/rudironsoni/Synaxis/tests/Synaxis.Infrastructure.Tests/Synaxis.Infrastructure.Tests.csproj]
/home/rrj/src/github/rudironsoni/Synaxis/tests/Synaxis.Infrastructure.Tests/Services/TeamMembershipServiceIntegrationTests.cs(201,31): error SA1101: Prefix local calls with this (https://github.com/DotNetAnalyzers/StyleCopAnalyzers/blob/master/documentation/SA1101.md) [/home/rrj/src/github/rudironsoni/Synaxis/tests/Synaxis.Infrastructure.Tests/Synaxis.Infrastructure.Tests.csproj]
/home/rrj/src/github/rudironsoni/Synaxis/tests/Synaxis.Infrastructure.Tests/Services/TeamMembershipServiceIntegrationTests.cs(201,60): error SA1101: Prefix local calls with this (https://github.com/DotNetAnalyzers/StyleCopAnalyzers/blob/master/documentation/SA1101.md) [/home/rrj/src/github/rudironsoni/Synaxis/tests/Synaxis.Infrastructure.Tests/Synaxis.Infrastructure.Tests.csproj]
/home/rrj/src/github/rudironsoni/Synaxis/tests/Synaxis.Infrastructure.Tests/Services/TeamServiceTests.cs(133,48): error SA1101: Prefix local calls with this (https://github.com/DotNetAnalyzers/StyleCopAnalyzers/blob/master/documentation/SA1101.md) [/home/rrj/src/github/rudironsoni/Synaxis/tests/Synaxis.Infrastructure.Tests/Synaxis.Infrastructure.Tests.csproj]
/home/rrj/src/github/rudironsoni/Synaxis/tests/Synaxis.Infrastructure.Tests/Services/TeamServiceTests.cs(133,82): error SA1101: Prefix local calls with this (https://github.com/DotNetAnalyzers/StyleCopAnalyzers/blob/master/documentation/SA1101.md) [/home/rrj/src/github/rudironsoni/Synaxis/tests/Synaxis.Infrastructure.Tests/Synaxis.Infrastructure.Tests.csproj]
/home/rrj/src/github/rudironsoni/Synaxis/tests/Synaxis.Infrastructure.Tests/Services/TeamServiceTests.cs(133,99): error SA1101: Prefix local calls with this (https://github.com/DotNetAnalyzers/StyleCopAnalyzers/blob/master/documentation/SA1101.md) [/home/rrj/src/github/rudironsoni/Synaxis/tests/Synaxis.Infrastructure.Tests/Synaxis.Infrastructure.Tests.csproj]
/home/rrj/src/github/rudironsoni/Synaxis/tests/Synaxis.Infrastructure.Tests/Services/TeamServiceTests.cs(133,42): error MA0004: Use Task.ConfigureAwait(false) if the current SynchronizationContext is not needed (https://github.com/meziantou/Meziantou.Analyzer/blob/main/docs/Rules/MA0004.md) [/home/rrj/src/github/rudironsoni/Synaxis/tests/Synaxis.Infrastructure.Tests/Synaxis.Infrastructure.Tests.csproj]
/home/rrj/src/github/rudironsoni/Synaxis/tests/Synaxis.Infrastructure.Tests/Services/TeamMembershipServiceIntegrationTests.cs(206,31): error SA1101: Prefix local calls with this (https://github.com/DotNetAnalyzers/StyleCopAnalyzers/blob/master/documentation/SA1101.md) [/home/rrj/src/github/rudironsoni/Synaxis/tests/Synaxis.Infrastructure.Tests/Synaxis.Infrastructure.Tests.csproj]
/home/rrj/src/github/rudironsoni/Synaxis/tests/Synaxis.Infrastructure.Tests/Services/TeamMembershipServiceIntegrationTests.cs(206,60): error SA1101: Prefix local calls with this (https://github.com/DotNetAnalyzers/StyleCopAnalyzers/blob/master/documentation/SA1101.md) [/home/rrj/src/github/rudironsoni/Synaxis/tests/Synaxis.Infrastructure.Tests/Synaxis.Infrastructure.Tests.csproj]
/home/rrj/src/github/rudironsoni/Synaxis/tests/Synaxis.Infrastructure.Tests/Migrations/TestcontainersMigrationTests.cs(130,33): error SA1101: Prefix local calls with this (https://github.com/DotNetAnalyzers/StyleCopAnalyzers/blob/master/documentation/SA1101.md) [/home/rrj/src/github/rudironsoni/Synaxis/tests/Synaxis.Infrastructure.Tests/Synaxis.Infrastructure.Tests.csproj]
/home/rrj/src/github/rudironsoni/Synaxis/tests/Synaxis.Infrastructure.Tests/Services/TeamMembershipServiceTests.cs(291,17): error SA1413: Use trailing comma in multi-line initializers (https://github.com/DotNetAnalyzers/StyleCopAnalyzers/blob/master/documentation/SA1413.md) [/home/rrj/src/github/rudironsoni/Synaxis/tests/Synaxis.Infrastructure.Tests/Synaxis.Infrastructure.Tests.csproj]
/home/rrj/src/github/rudironsoni/Synaxis/tests/Synaxis.Infrastructure.Tests/Services/TeamMembershipServiceTests.cs(285,100): error SA1101: Prefix local calls with this (https://github.com/DotNetAnalyzers/StyleCopAnalyzers/blob/master/documentation/SA1101.md) [/home/rrj/src/github/rudironsoni/Synaxis/tests/Synaxis.Infrastructure.Tests/Synaxis.Infrastructure.Tests.csproj]
/home/rrj/src/github/rudironsoni/Synaxis/tests/Synaxis.Infrastructure.Tests/Services/TeamMembershipServiceTests.cs(286,100): error SA1101: Prefix local calls with this (https://github.com/DotNetAnalyzers/StyleCopAnalyzers/blob/master/documentation/SA1101.md) [/home/rrj/src/github/rudironsoni/Synaxis/tests/Synaxis.Infrastructure.Tests/Synaxis.Infrastructure.Tests.csproj]
/home/rrj/src/github/rudironsoni/Synaxis/tests/Synaxis.Infrastructure.Tests/Services/TeamMembershipServiceTests.cs(290,87): error SA1101: Prefix local calls with this (https://github.com/DotNetAnalyzers/StyleCopAnalyzers/blob/master/documentation/SA1101.md) [/home/rrj/src/github/rudironsoni/Synaxis/tests/Synaxis.Infrastructure.Tests/Synaxis.Infrastructure.Tests.csproj]
/home/rrj/src/github/rudironsoni/Synaxis/tests/Synaxis.Infrastructure.Tests/Services/TeamMembershipServiceTests.cs(290,113): error SA1101: Prefix local calls with this (https://github.com/DotNetAnalyzers/StyleCopAnalyzers/blob/master/documentation/SA1101.md) [/home/rrj/src/github/rudironsoni/Synaxis/tests/Synaxis.Infrastructure.Tests/Synaxis.Infrastructure.Tests.csproj]
/home/rrj/src/github/rudironsoni/Synaxis/tests/Synaxis.Infrastructure.Tests/Services/TeamMembershipServiceTests.cs(291,87): error SA1101: Prefix local calls with this (https://github.com/DotNetAnalyzers/StyleCopAnalyzers/blob/master/documentation/SA1101.md) [/home/rrj/src/github/rudironsoni/Synaxis/tests/Synaxis.Infrastructure.Tests/Synaxis.Infrastructure.Tests.csproj]
/home/rrj/src/github/rudironsoni/Synaxis/tests/Synaxis.Infrastructure.Tests/Services/TeamMembershipServiceTests.cs(291,113): error SA1101: Prefix local calls with this (https://github.com/DotNetAnalyzers/StyleCopAnalyzers/blob/master/documentation/SA1101.md) [/home/rrj/src/github/rudironsoni/Synaxis/tests/Synaxis.Infrastructure.Tests/Synaxis.Infrastructure.Tests.csproj]
/home/rrj/src/github/rudironsoni/Synaxis/tests/Synaxis.Infrastructure.Tests/Services/TeamMembershipServiceTests.cs(294,13): error SA1101: Prefix local calls with this (https://github.com/DotNetAnalyzers/StyleCopAnalyzers/blob/master/documentation/SA1101.md) [/home/rrj/src/github/rudironsoni/Synaxis/tests/Synaxis.Infrastructure.Tests/Synaxis.Infrastructure.Tests.csproj]
/home/rrj/src/github/rudironsoni/Synaxis/tests/Synaxis.Infrastructure.Tests/Services/TeamMembershipServiceTests.cs(295,13): error SA1101: Prefix local calls with this (https://github.com/DotNetAnalyzers/StyleCopAnalyzers/blob/master/documentation/SA1101.md) [/home/rrj/src/github/rudironsoni/Synaxis/tests/Synaxis.Infrastructure.Tests/Synaxis.Infrastructure.Tests.csproj]
/home/rrj/src/github/rudironsoni/Synaxis/tests/Synaxis.Infrastructure.Tests/Services/TeamMembershipServiceTests.cs(296,19): error SA1101: Prefix local calls with this (https://github.com/DotNetAnalyzers/StyleCopAnalyzers/blob/master/documentation/SA1101.md) [/home/rrj/src/github/rudironsoni/Synaxis/tests/Synaxis.Infrastructure.Tests/Synaxis.Infrastructure.Tests.csproj]
/home/rrj/src/github/rudironsoni/Synaxis/tests/Synaxis.Infrastructure.Tests/Services/TeamMembershipServiceTests.cs(298,32): error SA1101: Prefix local calls with this (https://github.com/DotNetAnalyzers/StyleCopAnalyzers/blob/master/documentation/SA1101.md) [/home/rrj/src/github/rudironsoni/Synaxis/tests/Synaxis.Infrastructure.Tests/Synaxis.Infrastructure.Tests.csproj]
/home/rrj/src/github/rudironsoni/Synaxis/tests/Synaxis.Infrastructure.Tests/Services/TeamMembershipServiceTests.cs(298,61): error SA1101: Prefix local calls with this (https://github.com/DotNetAnalyzers/StyleCopAnalyzers/blob/master/documentation/SA1101.md) [/home/rrj/src/github/rudironsoni/Synaxis/tests/Synaxis.Infrastructure.Tests/Synaxis.Infrastructure.Tests.csproj]
/home/rrj/src/github/rudironsoni/Synaxis/tests/Synaxis.Infrastructure.Tests/Migrations/RollbackScriptTests.cs(161,45): error SA1101: Prefix local calls with this (https://github.com/DotNetAnalyzers/StyleCopAnalyzers/blob/master/documentation/SA1101.md) [/home/rrj/src/github/rudironsoni/Synaxis/tests/Synaxis.Infrastructure.Tests/Synaxis.Infrastructure.Tests.csproj]
/home/rrj/src/github/rudironsoni/Synaxis/tests/Synaxis.Infrastructure.Tests/Migrations/RollbackScriptTests.cs(162,47): error SA1101: Prefix local calls with this (https://github.com/DotNetAnalyzers/StyleCopAnalyzers/blob/master/documentation/SA1101.md) [/home/rrj/src/github/rudironsoni/Synaxis/tests/Synaxis.Infrastructure.Tests/Synaxis.Infrastructure.Tests.csproj]
/home/rrj/src/github/rudironsoni/Synaxis/tests/Synaxis.Infrastructure.Tests/Services/TeamMembershipServiceTests.cs(310,32): error SA1101: Prefix local calls with this (https://github.com/DotNetAnalyzers/StyleCopAnalyzers/blob/master/documentation/SA1101.md) [/home/rrj/src/github/rudironsoni/Synaxis/tests/Synaxis.Infrastructure.Tests/Synaxis.Infrastructure.Tests.csproj]
/home/rrj/src/github/rudironsoni/Synaxis/tests/Synaxis.Infrastructure.Tests/Services/TeamMembershipServiceTests.cs(310,61): error SA1101: Prefix local calls with this (https://github.com/DotNetAnalyzers/StyleCopAnalyzers/blob/master/documentation/SA1101.md) [/home/rrj/src/github/rudironsoni/Synaxis/tests/Synaxis.Infrastructure.Tests/Synaxis.Infrastructure.Tests.csproj]
/home/rrj/src/github/rudironsoni/Synaxis/tests/Synaxis.Infrastructure.Tests/Services/TeamMembershipServiceIntegrationTests.cs(241,19): error SA1101: Prefix local calls with this (https://github.com/DotNetAnalyzers/StyleCopAnalyzers/blob/master/documentation/SA1101.md) [/home/rrj/src/github/rudironsoni/Synaxis/tests/Synaxis.Infrastructure.Tests/Synaxis.Infrastructure.Tests.csproj]
/home/rrj/src/github/rudironsoni/Synaxis/tests/Synaxis.Infrastructure.Tests/Services/TeamMembershipServiceIntegrationTests.cs(241,43): error SA1101: Prefix local calls with this (https://github.com/DotNetAnalyzers/StyleCopAnalyzers/blob/master/documentation/SA1101.md) [/home/rrj/src/github/rudironsoni/Synaxis/tests/Synaxis.Infrastructure.Tests/Synaxis.Infrastructure.Tests.csproj]
/home/rrj/src/github/rudironsoni/Synaxis/tests/Synaxis.Infrastructure.Tests/Services/TeamMembershipServiceIntegrationTests.cs(241,53): error SA1101: Prefix local calls with this (https://github.com/DotNetAnalyzers/StyleCopAnalyzers/blob/master/documentation/SA1101.md) [/home/rrj/src/github/rudironsoni/Synaxis/tests/Synaxis.Infrastructure.Tests/Synaxis.Infrastructure.Tests.csproj]
/home/rrj/src/github/rudironsoni/Synaxis/tests/Synaxis.Infrastructure.Tests/Services/TeamMembershipServiceIntegrationTests.cs(241,77): error SA1101: Prefix local calls with this (https://github.com/DotNetAnalyzers/StyleCopAnalyzers/blob/master/documentation/SA1101.md) [/home/rrj/src/github/rudironsoni/Synaxis/tests/Synaxis.Infrastructure.Tests/Synaxis.Infrastructure.Tests.csproj]
/home/rrj/src/github/rudironsoni/Synaxis/tests/Synaxis.Infrastructure.Tests/Services/TeamMembershipServiceIntegrationTests.cs(242,19): error SA1101: Prefix local calls with this (https://github.com/DotNetAnalyzers/StyleCopAnalyzers/blob/master/documentation/SA1101.md) [/home/rrj/src/github/rudironsoni/Synaxis/tests/Synaxis.Infrastructure.Tests/Synaxis.Infrastructure.Tests.csproj]
/home/rrj/src/github/rudironsoni/Synaxis/tests/Synaxis.Infrastructure.Tests/Services/TeamMembershipServiceIntegrationTests.cs(242,43): error SA1101: Prefix local calls with this (https://github.com/DotNetAnalyzers/StyleCopAnalyzers/blob/master/documentation/SA1101.md) [/home/rrj/src/github/rudironsoni/Synaxis/tests/Synaxis.Infrastructure.Tests/Synaxis.Infrastructure.Tests.csproj]
/home/rrj/src/github/rudironsoni/Synaxis/tests/Synaxis.Infrastructure.Tests/Services/TeamMembershipServiceIntegrationTests.cs(242,53): error SA1101: Prefix local calls with this (https://github.com/DotNetAnalyzers/StyleCopAnalyzers/blob/master/documentation/SA1101.md) [/home/rrj/src/github/rudironsoni/Synaxis/tests/Synaxis.Infrastructure.Tests/Synaxis.Infrastructure.Tests.csproj]
/home/rrj/src/github/rudironsoni/Synaxis/tests/Synaxis.Infrastructure.Tests/Services/TeamMembershipServiceIntegrationTests.cs(242,74): error SA1101: Prefix local calls with this (https://github.com/DotNetAnalyzers/StyleCopAnalyzers/blob/master/documentation/SA1101.md) [/home/rrj/src/github/rudironsoni/Synaxis/tests/Synaxis.Infrastructure.Tests/Synaxis.Infrastructure.Tests.csproj]
/home/rrj/src/github/rudironsoni/Synaxis/tests/Synaxis.Infrastructure.Tests/Services/TeamMembershipServiceIntegrationTests.cs(244,44): error SA1101: Prefix local calls with this (https://github.com/DotNetAnalyzers/StyleCopAnalyzers/blob/master/documentation/SA1101.md) [/home/rrj/src/github/rudironsoni/Synaxis/tests/Synaxis.Infrastructure.Tests/Synaxis.Infrastructure.Tests.csproj]
/home/rrj/src/github/rudironsoni/Synaxis/tests/Synaxis.Infrastructure.Tests/Services/TeamMembershipServiceIntegrationTests.cs(244,74): error SA1101: Prefix local calls with this (https://github.com/DotNetAnalyzers/StyleCopAnalyzers/blob/master/documentation/SA1101.md) [/home/rrj/src/github/rudironsoni/Synaxis/tests/Synaxis.Infrastructure.Tests/Synaxis.Infrastructure.Tests.csproj]
/home/rrj/src/github/rudironsoni/Synaxis/tests/Synaxis.Infrastructure.Tests/Services/TeamMembershipServiceIntegrationTests.cs(244,85): error SA1101: Prefix local calls with this (https://github.com/DotNetAnalyzers/StyleCopAnalyzers/blob/master/documentation/SA1101.md) [/home/rrj/src/github/rudironsoni/Synaxis/tests/Synaxis.Infrastructure.Tests/Synaxis.Infrastructure.Tests.csproj]
/home/rrj/src/github/rudironsoni/Synaxis/tests/Synaxis.Infrastructure.Tests/Services/TeamMembershipServiceIntegrationTests.cs(247,47): error SA1101: Prefix local calls with this (https://github.com/DotNetAnalyzers/StyleCopAnalyzers/blob/master/documentation/SA1101.md) [/home/rrj/src/github/rudironsoni/Synaxis/tests/Synaxis.Infrastructure.Tests/Synaxis.Infrastructure.Tests.csproj]
/home/rrj/src/github/rudironsoni/Synaxis/tests/Synaxis.Infrastructure.Tests/Services/TeamMembershipServiceIntegrationTests.cs(247,77): error SA1101: Prefix local calls with this (https://github.com/DotNetAnalyzers/StyleCopAnalyzers/blob/master/documentation/SA1101.md) [/home/rrj/src/github/rudironsoni/Synaxis/tests/Synaxis.Infrastructure.Tests/Synaxis.Infrastructure.Tests.csproj]
/home/rrj/src/github/rudironsoni/Synaxis/tests/Synaxis.Infrastructure.Tests/Services/TeamMembershipServiceIntegrationTests.cs(247,88): error SA1101: Prefix local calls with this (https://github.com/DotNetAnalyzers/StyleCopAnalyzers/blob/master/documentation/SA1101.md) [/home/rrj/src/github/rudironsoni/Synaxis/tests/Synaxis.Infrastructure.Tests/Synaxis.Infrastructure.Tests.csproj]
/home/rrj/src/github/rudironsoni/Synaxis/tests/Synaxis.Infrastructure.Tests/Services/TeamMembershipServiceIntegrationTests.cs(250,43): error SA1101: Prefix local calls with this (https://github.com/DotNetAnalyzers/StyleCopAnalyzers/blob/master/documentation/SA1101.md) [/home/rrj/src/github/rudironsoni/Synaxis/tests/Synaxis.Infrastructure.Tests/Synaxis.Infrastructure.Tests.csproj]
/home/rrj/src/github/rudironsoni/Synaxis/tests/Synaxis.Infrastructure.Tests/Services/TeamMembershipServiceIntegrationTests.cs(250,73): error SA1101: Prefix local calls with this (https://github.com/DotNetAnalyzers/StyleCopAnalyzers/blob/master/documentation/SA1101.md) [/home/rrj/src/github/rudironsoni/Synaxis/tests/Synaxis.Infrastructure.Tests/Synaxis.Infrastructure.Tests.csproj]
/home/rrj/src/github/rudironsoni/Synaxis/tests/Synaxis.Infrastructure.Tests/Services/TeamMembershipServiceIntegrationTests.cs(250,84): error SA1101: Prefix local calls with this (https://github.com/DotNetAnalyzers/StyleCopAnalyzers/blob/master/documentation/SA1101.md) [/home/rrj/src/github/rudironsoni/Synaxis/tests/Synaxis.Infrastructure.Tests/Synaxis.Infrastructure.Tests.csproj]
/home/rrj/src/github/rudironsoni/Synaxis/tests/Synaxis.Infrastructure.Tests/Services/TeamServiceTests.cs(140,9): error AsyncFixer01: Method 'CreateTeamAsync_WithInvalidOrganization_ThrowsInvalidOperationException' only awaits a single expression - remove async/await and return the Task directly to reduce overhead (https://github.com/semihokur/AsyncFixer#asyncfixer01) [/home/rrj/src/github/rudironsoni/Synaxis/tests/Synaxis.Infrastructure.Tests/Synaxis.Infrastructure.Tests.csproj]
/home/rrj/src/github/rudironsoni/Synaxis/tests/Synaxis.Infrastructure.Tests/Services/TeamServiceTests.cs(148,17): error SA1413: Use trailing comma in multi-line initializers (https://github.com/DotNetAnalyzers/StyleCopAnalyzers/blob/master/documentation/SA1413.md) [/home/rrj/src/github/rudironsoni/Synaxis/tests/Synaxis.Infrastructure.Tests/Synaxis.Infrastructure.Tests.csproj]
/home/rrj/src/github/rudironsoni/Synaxis/tests/Synaxis.Infrastructure.Tests/Services/TeamServiceTests.cs(152,48): error SA1101: Prefix local calls with this (https://github.com/DotNetAnalyzers/StyleCopAnalyzers/blob/master/documentation/SA1101.md) [/home/rrj/src/github/rudironsoni/Synaxis/tests/Synaxis.Infrastructure.Tests/Synaxis.Infrastructure.Tests.csproj]
/home/rrj/src/github/rudironsoni/Synaxis/tests/Synaxis.Infrastructure.Tests/Services/TeamServiceTests.cs(152,96): error SA1101: Prefix local calls with this (https://github.com/DotNetAnalyzers/StyleCopAnalyzers/blob/master/documentation/SA1101.md) [/home/rrj/src/github/rudironsoni/Synaxis/tests/Synaxis.Infrastructure.Tests/Synaxis.Infrastructure.Tests.csproj]
/home/rrj/src/github/rudironsoni/Synaxis/tests/Synaxis.Infrastructure.Tests/Services/TeamServiceTests.cs(152,42): error MA0004: Use Task.ConfigureAwait(false) if the current SynchronizationContext is not needed (https://github.com/meziantou/Meziantou.Analyzer/blob/main/docs/Rules/MA0004.md) [/home/rrj/src/github/rudironsoni/Synaxis/tests/Synaxis.Infrastructure.Tests/Synaxis.Infrastructure.Tests.csproj]
/home/rrj/src/github/rudironsoni/Synaxis/tests/Synaxis.Infrastructure.Tests/Services/TeamMembershipServiceIntegrationTests.cs(222,17): error SA1413: Use trailing comma in multi-line initializers (https://github.com/DotNetAnalyzers/StyleCopAnalyzers/blob/master/documentation/SA1413.md) [/home/rrj/src/github/rudironsoni/Synaxis/tests/Synaxis.Infrastructure.Tests/Synaxis.Infrastructure.Tests.csproj]
/home/rrj/src/github/rudironsoni/Synaxis/tests/Synaxis.Infrastructure.Tests/Services/TeamMembershipServiceIntegrationTests.cs(220,34): error SA1101: Prefix local calls with this (https://github.com/DotNetAnalyzers/StyleCopAnalyzers/blob/master/documentation/SA1101.md) [/home/rrj/src/github/rudironsoni/Synaxis/tests/Synaxis.Infrastructure.Tests/Synaxis.Infrastructure.Tests.csproj]
/home/rrj/src/github/rudironsoni/Synaxis/tests/Synaxis.Infrastructure.Tests/Services/TeamMembershipServiceIntegrationTests.cs(225,13): error SA1101: Prefix local calls with this (https://github.com/DotNetAnalyzers/StyleCopAnalyzers/blob/master/documentation/SA1101.md) [/home/rrj/src/github/rudironsoni/Synaxis/tests/Synaxis.Infrastructure.Tests/Synaxis.Infrastructure.Tests.csproj]
/home/rrj/src/github/rudironsoni/Synaxis/tests/Synaxis.Infrastructure.Tests/Services/TeamMembershipServiceIntegrationTests.cs(226,19): error SA1101: Prefix local calls with this (https://github.com/DotNetAnalyzers/StyleCopAnalyzers/blob/master/documentation/SA1101.md) [/home/rrj/src/github/rudironsoni/Synaxis/tests/Synaxis.Infrastructure.Tests/Synaxis.Infrastructure.Tests.csproj]
/home/rrj/src/github/rudironsoni/Synaxis/tests/Synaxis.Infrastructure.Tests/Services/TeamMembershipServiceIntegrationTests.cs(228,19): error SA1101: Prefix local calls with this (https://github.com/DotNetAnalyzers/StyleCopAnalyzers/blob/master/documentation/SA1101.md) [/home/rrj/src/github/rudironsoni/Synaxis/tests/Synaxis.Infrastructure.Tests/Synaxis.Infrastructure.Tests.csproj]
/home/rrj/src/github/rudironsoni/Synaxis/tests/Synaxis.Infrastructure.Tests/Services/TeamMembershipServiceIntegrationTests.cs(228,43): error SA1101: Prefix local calls with this (https://github.com/DotNetAnalyzers/StyleCopAnalyzers/blob/master/documentation/SA1101.md) [/home/rrj/src/github/rudironsoni/Synaxis/tests/Synaxis.Infrastructure.Tests/Synaxis.Infrastructure.Tests.csproj]
/home/rrj/src/github/rudironsoni/Synaxis/tests/Synaxis.Infrastructure.Tests/Services/TeamMembershipServiceIntegrationTests.cs(228,53): error SA1101: Prefix local calls with this (https://github.com/DotNetAnalyzers/StyleCopAnalyzers/blob/master/documentation/SA1101.md) [/home/rrj/src/github/rudironsoni/Synaxis/tests/Synaxis.Infrastructure.Tests/Synaxis.Infrastructure.Tests.csproj]
/home/rrj/src/github/rudironsoni/Synaxis/tests/Synaxis.Infrastructure.Tests/Services/TeamMembershipServiceIntegrationTests.cs(228,74): error SA1101: Prefix local calls with this (https://github.com/DotNetAnalyzers/StyleCopAnalyzers/blob/master/documentation/SA1101.md) [/home/rrj/src/github/rudironsoni/Synaxis/tests/Synaxis.Infrastructure.Tests/Synaxis.Infrastructure.Tests.csproj]
/home/rrj/src/github/rudironsoni/Synaxis/tests/Synaxis.Infrastructure.Tests/Services/TeamMembershipServiceIntegrationTests.cs(229,19): error SA1101: Prefix local calls with this (https://github.com/DotNetAnalyzers/StyleCopAnalyzers/blob/master/documentation/SA1101.md) [/home/rrj/src/github/rudironsoni/Synaxis/tests/Synaxis.Infrastructure.Tests/Synaxis.Infrastructure.Tests.csproj]
/home/rrj/src/github/rudironsoni/Synaxis/tests/Synaxis.Infrastructure.Tests/Services/TeamMembershipServiceIntegrationTests.cs(229,53): error SA1101: Prefix local calls with this (https://github.com/DotNetAnalyzers/StyleCopAnalyzers/blob/master/documentation/SA1101.md) [/home/rrj/src/github/rudironsoni/Synaxis/tests/Synaxis.Infrastructure.Tests/Synaxis.Infrastructure.Tests.csproj]
/home/rrj/src/github/rudironsoni/Synaxis/tests/Synaxis.Infrastructure.Tests/Services/TeamMembershipServiceIntegrationTests.cs(229,77): error SA1101: Prefix local calls with this (https://github.com/DotNetAnalyzers/StyleCopAnalyzers/blob/master/documentation/SA1101.md) [/home/rrj/src/github/rudironsoni/Synaxis/tests/Synaxis.Infrastructure.Tests/Synaxis.Infrastructure.Tests.csproj]
/home/rrj/src/github/rudironsoni/Synaxis/tests/Synaxis.Infrastructure.Tests/Services/TeamMembershipServiceIntegrationTests.cs(231,35): error SA1101: Prefix local calls with this (https://github.com/DotNetAnalyzers/StyleCopAnalyzers/blob/master/documentation/SA1101.md) [/home/rrj/src/github/rudironsoni/Synaxis/tests/Synaxis.Infrastructure.Tests/Synaxis.Infrastructure.Tests.csproj]
/home/rrj/src/github/rudironsoni/Synaxis/tests/Synaxis.Infrastructure.Tests/Services/TeamMembershipServiceIntegrationTests.cs(231,62): error SA1101: Prefix local calls with this (https://github.com/DotNetAnalyzers/StyleCopAnalyzers/blob/master/documentation/SA1101.md) [/home/rrj/src/github/rudironsoni/Synaxis/tests/Synaxis.Infrastructure.Tests/Synaxis.Infrastructure.Tests.csproj]
/home/rrj/src/github/rudironsoni/Synaxis/tests/Synaxis.Infrastructure.Tests/Services/TeamMembershipServiceTests.cs(327,17): error SA1413: Use trailing comma in multi-line initializers (https://github.com/DotNetAnalyzers/StyleCopAnalyzers/blob/master/documentation/SA1413.md) [/home/rrj/src/github/rudironsoni/Synaxis/tests/Synaxis.Infrastructure.Tests/Synaxis.Infrastructure.Tests.csproj]
/home/rrj/src/github/rudironsoni/Synaxis/tests/Synaxis.Infrastructure.Tests/Services/TeamMembershipServiceTests.cs(320,47): error SA1101: Prefix local calls with this (https://github.com/DotNetAnalyzers/StyleCopAnalyzers/blob/master/documentation/SA1101.md) [/home/rrj/src/github/rudironsoni/Synaxis/tests/Synaxis.Infrastructure.Tests/Synaxis.Infrastructure.Tests.csproj]
/home/rrj/src/github/rudironsoni/Synaxis/tests/Synaxis.Infrastructure.Tests/Services/TeamMembershipServiceTests.cs(321,74): error SA1101: Prefix local calls with this (https://github.com/DotNetAnalyzers/StyleCopAnalyzers/blob/master/documentation/SA1101.md) [/home/rrj/src/github/rudironsoni/Synaxis/tests/Synaxis.Infrastructure.Tests/Synaxis.Infrastructure.Tests.csproj]
/home/rrj/src/github/rudironsoni/Synaxis/tests/Synaxis.Infrastructure.Tests/Services/TeamMembershipServiceTests.cs(322,74): error SA1101: Prefix local calls with this (https://github.com/DotNetAnalyzers/StyleCopAnalyzers/blob/master/documentation/SA1101.md) [/home/rrj/src/github/rudironsoni/Synaxis/tests/Synaxis.Infrastructure.Tests/Synaxis.Infrastructure.Tests.csproj]
/home/rrj/src/github/rudironsoni/Synaxis/tests/Synaxis.Infrastructure.Tests/Services/TeamMembershipServiceTests.cs(326,68): error SA1101: Prefix local calls with this (https://github.com/DotNetAnalyzers/StyleCopAnalyzers/blob/master/documentation/SA1101.md) [/home/rrj/src/github/rudironsoni/Synaxis/tests/Synaxis.Infrastructure.Tests/Synaxis.Infrastructure.Tests.csproj]
/home/rrj/src/github/rudironsoni/Synaxis/tests/Synaxis.Infrastructure.Tests/Services/TeamMembershipServiceTests.cs(326,113): error SA1101: Prefix local calls with this (https://github.com/DotNetAnalyzers/StyleCopAnalyzers/blob/master/documentation/SA1101.md) [/home/rrj/src/github/rudironsoni/Synaxis/tests/Synaxis.Infrastructure.Tests/Synaxis.Infrastructure.Tests.csproj]
/home/rrj/src/github/rudironsoni/Synaxis/tests/Synaxis.Infrastructure.Tests/Services/TeamMembershipServiceTests.cs(327,68): error SA1101: Prefix local calls with this (https://github.com/DotNetAnalyzers/StyleCopAnalyzers/blob/master/documentation/SA1101.md) [/home/rrj/src/github/rudironsoni/Synaxis/tests/Synaxis.Infrastructure.Tests/Synaxis.Infrastructure.Tests.csproj]
/home/rrj/src/github/rudironsoni/Synaxis/tests/Synaxis.Infrastructure.Tests/Services/TeamMembershipServiceTests.cs(327,113): error SA1101: Prefix local calls with this (https://github.com/DotNetAnalyzers/StyleCopAnalyzers/blob/master/documentation/SA1101.md) [/home/rrj/src/github/rudironsoni/Synaxis/tests/Synaxis.Infrastructure.Tests/Synaxis.Infrastructure.Tests.csproj]
/home/rrj/src/github/rudironsoni/Synaxis/tests/Synaxis.Infrastructure.Tests/Services/TeamMembershipServiceTests.cs(330,13): error SA1101: Prefix local calls with this (https://github.com/DotNetAnalyzers/StyleCopAnalyzers/blob/master/documentation/SA1101.md) [/home/rrj/src/github/rudironsoni/Synaxis/tests/Synaxis.Infrastructure.Tests/Synaxis.Infrastructure.Tests.csproj]
/home/rrj/src/github/rudironsoni/Synaxis/tests/Synaxis.Infrastructure.Tests/Services/TeamMembershipServiceTests.cs(331,13): error SA1101: Prefix local calls with this (https://github.com/DotNetAnalyzers/StyleCopAnalyzers/blob/master/documentation/SA1101.md) [/home/rrj/src/github/rudironsoni/Synaxis/tests/Synaxis.Infrastructure.Tests/Synaxis.Infrastructure.Tests.csproj]
/home/rrj/src/github/rudironsoni/Synaxis/tests/Synaxis.Infrastructure.Tests/Services/TeamMembershipServiceTests.cs(332,13): error SA1101: Prefix local calls with this (https://github.com/DotNetAnalyzers/StyleCopAnalyzers/blob/master/documentation/SA1101.md) [/home/rrj/src/github/rudironsoni/Synaxis/tests/Synaxis.Infrastructure.Tests/Synaxis.Infrastructure.Tests.csproj]
/home/rrj/src/github/rudironsoni/Synaxis/tests/Synaxis.Infrastructure.Tests/Services/TeamMembershipServiceTests.cs(333,19): error SA1101: Prefix local calls with this (https://github.com/DotNetAnalyzers/StyleCopAnalyzers/blob/master/documentation/SA1101.md) [/home/rrj/src/github/rudironsoni/Synaxis/tests/Synaxis.Infrastructure.Tests/Synaxis.Infrastructure.Tests.csproj]
/home/rrj/src/github/rudironsoni/Synaxis/tests/Synaxis.Infrastructure.Tests/Services/TeamMembershipServiceTests.cs(335,32): error SA1101: Prefix local calls with this (https://github.com/DotNetAnalyzers/StyleCopAnalyzers/blob/master/documentation/SA1101.md) [/home/rrj/src/github/rudironsoni/Synaxis/tests/Synaxis.Infrastructure.Tests/Synaxis.Infrastructure.Tests.csproj]
/home/rrj/src/github/rudironsoni/Synaxis/tests/Synaxis.Infrastructure.Tests/Services/TeamMembershipServiceTests.cs(335,59): error SA1101: Prefix local calls with this (https://github.com/DotNetAnalyzers/StyleCopAnalyzers/blob/master/documentation/SA1101.md) [/home/rrj/src/github/rudironsoni/Synaxis/tests/Synaxis.Infrastructure.Tests/Synaxis.Infrastructure.Tests.csproj]
/home/rrj/src/github/rudironsoni/Synaxis/tests/Synaxis.Infrastructure.Tests/Migrations/InitialMigrationTests.cs(59,33): error AsyncFixer02: Blocking call 'context.Organizations.ToList' can cause deadlocks in async code. Use 'ToListAsync' instead. (https://github.com/semihokur/AsyncFixer#asyncfixer02) [/home/rrj/src/github/rudironsoni/Synaxis/tests/Synaxis.Infrastructure.Tests/Synaxis.Infrastructure.Tests.csproj]
/home/rrj/src/github/rudironsoni/Synaxis/tests/Synaxis.Infrastructure.Tests/Migrations/InitialMigrationTests.cs(60,25): error AsyncFixer02: Blocking call 'context.Teams.ToList' can cause deadlocks in async code. Use 'ToListAsync' instead. (https://github.com/semihokur/AsyncFixer#asyncfixer02) [/home/rrj/src/github/rudironsoni/Synaxis/tests/Synaxis.Infrastructure.Tests/Synaxis.Infrastructure.Tests.csproj]
/home/rrj/src/github/rudironsoni/Synaxis/tests/Synaxis.Infrastructure.Tests/Migrations/InitialMigrationTests.cs(61,25): error AsyncFixer02: Blocking call 'context.Users.ToList' can cause deadlocks in async code. Use 'ToListAsync' instead. (https://github.com/semihokur/AsyncFixer#asyncfixer02) [/home/rrj/src/github/rudironsoni/Synaxis/tests/Synaxis.Infrastructure.Tests/Synaxis.Infrastructure.Tests.csproj]
/home/rrj/src/github/rudironsoni/Synaxis/tests/Synaxis.Infrastructure.Tests/Migrations/InitialMigrationTests.cs(62,31): error AsyncFixer02: Blocking call 'context.TeamMemberships.ToList' can cause deadlocks in async code. Use 'ToListAsync' instead. (https://github.com/semihokur/AsyncFixer#asyncfixer02) [/home/rrj/src/github/rudironsoni/Synaxis/tests/Synaxis.Infrastructure.Tests/Synaxis.Infrastructure.Tests.csproj]
/home/rrj/src/github/rudironsoni/Synaxis/tests/Synaxis.Infrastructure.Tests/Migrations/InitialMigrationTests.cs(63,31): error AsyncFixer02: Blocking call 'context.VirtualKeys.ToList' can cause deadlocks in async code. Use 'ToListAsync' instead. (https://github.com/semihokur/AsyncFixer#asyncfixer02) [/home/rrj/src/github/rudironsoni/Synaxis/tests/Synaxis.Infrastructure.Tests/Synaxis.Infrastructure.Tests.csproj]
/home/rrj/src/github/rudironsoni/Synaxis/tests/Synaxis.Infrastructure.Tests/Migrations/InitialMigrationTests.cs(64,28): error AsyncFixer02: Blocking call 'context.Requests.ToList' can cause deadlocks in async code. Use 'ToListAsync' instead. (https://github.com/semihokur/AsyncFixer#asyncfixer02) [/home/rrj/src/github/rudironsoni/Synaxis/tests/Synaxis.Infrastructure.Tests/Synaxis.Infrastructure.Tests.csproj]
/home/rrj/src/github/rudironsoni/Synaxis/tests/Synaxis.Infrastructure.Tests/Migrations/InitialMigrationTests.cs(65,37): error AsyncFixer02: Blocking call 'context.SubscriptionPlans.ToList' can cause deadlocks in async code. Use 'ToListAsync' instead. (https://github.com/semihokur/AsyncFixer#asyncfixer02) [/home/rrj/src/github/rudironsoni/Synaxis/tests/Synaxis.Infrastructure.Tests/Synaxis.Infrastructure.Tests.csproj]
/home/rrj/src/github/rudironsoni/Synaxis/tests/Synaxis.Infrastructure.Tests/Migrations/InitialMigrationTests.cs(66,29): error AsyncFixer02: Blocking call 'context.AuditLogs.ToList' can cause deadlocks in async code. Use 'ToListAsync' instead. (https://github.com/semihokur/AsyncFixer#asyncfixer02) [/home/rrj/src/github/rudironsoni/Synaxis/tests/Synaxis.Infrastructure.Tests/Synaxis.Infrastructure.Tests.csproj]
/home/rrj/src/github/rudironsoni/Synaxis/tests/Synaxis.Infrastructure.Tests/Migrations/InitialMigrationTests.cs(67,29): error AsyncFixer02: Blocking call 'context.SpendLogs.ToList' can cause deadlocks in async code. Use 'ToListAsync' instead. (https://github.com/semihokur/AsyncFixer#asyncfixer02) [/home/rrj/src/github/rudironsoni/Synaxis/tests/Synaxis.Infrastructure.Tests/Synaxis.Infrastructure.Tests.csproj]
/home/rrj/src/github/rudironsoni/Synaxis/tests/Synaxis.Infrastructure.Tests/Migrations/InitialMigrationTests.cs(68,38): error AsyncFixer02: Blocking call 'context.CreditTransactions.ToList' can cause deadlocks in async code. Use 'ToListAsync' instead. (https://github.com/semihokur/AsyncFixer#asyncfixer02) [/home/rrj/src/github/rudironsoni/Synaxis/tests/Synaxis.Infrastructure.Tests/Synaxis.Infrastructure.Tests.csproj]
/home/rrj/src/github/rudironsoni/Synaxis/tests/Synaxis.Infrastructure.Tests/Migrations/InitialMigrationTests.cs(69,28): error AsyncFixer02: Blocking call 'context.Invoices.ToList' can cause deadlocks in async code. Use 'ToListAsync' instead. (https://github.com/semihokur/AsyncFixer#asyncfixer02) [/home/rrj/src/github/rudironsoni/Synaxis/tests/Synaxis.Infrastructure.Tests/Synaxis.Infrastructure.Tests.csproj]
/home/rrj/src/github/rudironsoni/Synaxis/tests/Synaxis.Infrastructure.Tests/Migrations/InitialMigrationTests.cs(70,33): error AsyncFixer02: Blocking call 'context.BackupConfigs.ToList' can cause deadlocks in async code. Use 'ToListAsync' instead. (https://github.com/semihokur/AsyncFixer#asyncfixer02) [/home/rrj/src/github/rudironsoni/Synaxis/tests/Synaxis.Infrastructure.Tests/Synaxis.Infrastructure.Tests.csproj]
/home/rrj/src/github/rudironsoni/Synaxis/tests/Synaxis.Infrastructure.Tests/Migrations/TestcontainersMigrationTests.cs(186,33): error SA1101: Prefix local calls with this (https://github.com/DotNetAnalyzers/StyleCopAnalyzers/blob/master/documentation/SA1101.md) [/home/rrj/src/github/rudironsoni/Synaxis/tests/Synaxis.Infrastructure.Tests/Synaxis.Infrastructure.Tests.csproj]
/home/rrj/src/github/rudironsoni/Synaxis/tests/Synaxis.Infrastructure.Tests/Migrations/TestcontainersMigrationTests.cs(216,17): error MA0004: Use Task.ConfigureAwait(false) if the current SynchronizationContext is not needed (https://github.com/meziantou/Meziantou.Analyzer/blob/main/docs/Rules/MA0004.md) [/home/rrj/src/github/rudironsoni/Synaxis/tests/Synaxis.Infrastructure.Tests/Synaxis.Infrastructure.Tests.csproj]
/home/rrj/src/github/rudironsoni/Synaxis/tests/Synaxis.Infrastructure.Tests/Migrations/RollbackScriptTests.cs(180,45): error SA1101: Prefix local calls with this (https://github.com/DotNetAnalyzers/StyleCopAnalyzers/blob/master/documentation/SA1101.md) [/home/rrj/src/github/rudironsoni/Synaxis/tests/Synaxis.Infrastructure.Tests/Synaxis.Infrastructure.Tests.csproj]
/home/rrj/src/github/rudironsoni/Synaxis/tests/Synaxis.Infrastructure.Tests/Migrations/RollbackScriptTests.cs(181,47): error SA1101: Prefix local calls with this (https://github.com/DotNetAnalyzers/StyleCopAnalyzers/blob/master/documentation/SA1101.md) [/home/rrj/src/github/rudironsoni/Synaxis/tests/Synaxis.Infrastructure.Tests/Synaxis.Infrastructure.Tests.csproj]
/home/rrj/src/github/rudironsoni/Synaxis/tests/Synaxis.Infrastructure.Tests/Migrations/PerformanceIndexTests.cs(139,39): error MA0006: Use string.Equals instead of Equals operator (https://github.com/meziantou/Meziantou.Analyzer/blob/main/docs/Rules/MA0006.md) [/home/rrj/src/github/rudironsoni/Synaxis/tests/Synaxis.Infrastructure.Tests/Synaxis.Infrastructure.Tests.csproj]
/home/rrj/src/github/rudironsoni/Synaxis/tests/Synaxis.Infrastructure.Tests/Migrations/PerformanceIndexTests.cs(140,39): error MA0006: Use string.Equals instead of Equals operator (https://github.com/meziantou/Meziantou.Analyzer/blob/main/docs/Rules/MA0006.md) [/home/rrj/src/github/rudironsoni/Synaxis/tests/Synaxis.Infrastructure.Tests/Synaxis.Infrastructure.Tests.csproj]
/home/rrj/src/github/rudironsoni/Synaxis/tests/Synaxis.Infrastructure.Tests/Migrations/PerformanceIndexTests.cs(164,39): error MA0006: Use string.Equals instead of Equals operator (https://github.com/meziantou/Meziantou.Analyzer/blob/main/docs/Rules/MA0006.md) [/home/rrj/src/github/rudironsoni/Synaxis/tests/Synaxis.Infrastructure.Tests/Synaxis.Infrastructure.Tests.csproj]
/home/rrj/src/github/rudironsoni/Synaxis/tests/Synaxis.Infrastructure.Tests/Migrations/PerformanceIndexTests.cs(165,39): error MA0006: Use string.Equals instead of Equals operator (https://github.com/meziantou/Meziantou.Analyzer/blob/main/docs/Rules/MA0006.md) [/home/rrj/src/github/rudironsoni/Synaxis/tests/Synaxis.Infrastructure.Tests/Synaxis.Infrastructure.Tests.csproj]
/home/rrj/src/github/rudironsoni/Synaxis/tests/Synaxis.Infrastructure.Tests/Services/OrganizationSettingsServiceIntegrationTests.cs(195,64): error S3878: Remove this array creation and simply pass the elements. (https://rules.sonarsource.com/csharp/RSPEC-3878) [/home/rrj/src/github/rudironsoni/Synaxis/tests/Synaxis.Infrastructure.Tests/Synaxis.Infrastructure.Tests.csproj]
/home/rrj/src/github/rudironsoni/Synaxis/tests/Synaxis.Infrastructure.Tests/Migrations/PerformanceIndexTests.cs(189,39): error MA0006: Use string.Equals instead of Equals operator (https://github.com/meziantou/Meziantou.Analyzer/blob/main/docs/Rules/MA0006.md) [/home/rrj/src/github/rudironsoni/Synaxis/tests/Synaxis.Infrastructure.Tests/Synaxis.Infrastructure.Tests.csproj]
/home/rrj/src/github/rudironsoni/Synaxis/tests/Synaxis.Infrastructure.Tests/Migrations/PerformanceIndexTests.cs(190,39): error MA0006: Use string.Equals instead of Equals operator (https://github.com/meziantou/Meziantou.Analyzer/blob/main/docs/Rules/MA0006.md) [/home/rrj/src/github/rudironsoni/Synaxis/tests/Synaxis.Infrastructure.Tests/Synaxis.Infrastructure.Tests.csproj]
/home/rrj/src/github/rudironsoni/Synaxis/tests/Synaxis.Infrastructure.Tests/Migrations/TestcontainersMigrationTests.cs(227,33): error SA1101: Prefix local calls with this (https://github.com/DotNetAnalyzers/StyleCopAnalyzers/blob/master/documentation/SA1101.md) [/home/rrj/src/github/rudironsoni/Synaxis/tests/Synaxis.Infrastructure.Tests/Synaxis.Infrastructure.Tests.csproj]
/home/rrj/src/github/rudironsoni/Synaxis/tests/Synaxis.Infrastructure.Tests/Services/TeamMembershipServiceIntegrationTests.cs(257,19): error SA1101: Prefix local calls with this (https://github.com/DotNetAnalyzers/StyleCopAnalyzers/blob/master/documentation/SA1101.md) [/home/rrj/src/github/rudironsoni/Synaxis/tests/Synaxis.Infrastructure.Tests/Synaxis.Infrastructure.Tests.csproj]
/home/rrj/src/github/rudironsoni/Synaxis/tests/Synaxis.Infrastructure.Tests/Services/TeamMembershipServiceIntegrationTests.cs(257,43): error SA1101: Prefix local calls with this (https://github.com/DotNetAnalyzers/StyleCopAnalyzers/blob/master/documentation/SA1101.md) [/home/rrj/src/github/rudironsoni/Synaxis/tests/Synaxis.Infrastructure.Tests/Synaxis.Infrastructure.Tests.csproj]
/home/rrj/src/github/rudironsoni/Synaxis/tests/Synaxis.Infrastructure.Tests/Services/TeamMembershipServiceIntegrationTests.cs(257,53): error SA1101: Prefix local calls with this (https://github.com/DotNetAnalyzers/StyleCopAnalyzers/blob/master/documentation/SA1101.md) [/home/rrj/src/github/rudironsoni/Synaxis/tests/Synaxis.Infrastructure.Tests/Synaxis.Infrastructure.Tests.csproj]
/home/rrj/src/github/rudironsoni/Synaxis/tests/Synaxis.Infrastructure.Tests/Services/TeamMembershipServiceIntegrationTests.cs(257,74): error SA1101: Prefix local calls with this (https://github.com/DotNetAnalyzers/StyleCopAnalyzers/blob/master/documentation/SA1101.md) [/home/rrj/src/github/rudironsoni/Synaxis/tests/Synaxis.Infrastructure.Tests/Synaxis.Infrastructure.Tests.csproj]
/home/rrj/src/github/rudironsoni/Synaxis/tests/Synaxis.Infrastructure.Tests/Migrations/TestcontainersMigrationTests.cs(252,17): error MA0004: Use Task.ConfigureAwait(false) if the current SynchronizationContext is not needed (https://github.com/meziantou/Meziantou.Analyzer/blob/main/docs/Rules/MA0004.md) [/home/rrj/src/github/rudironsoni/Synaxis/tests/Synaxis.Infrastructure.Tests/Synaxis.Infrastructure.Tests.csproj]
/home/rrj/src/github/rudironsoni/Synaxis/tests/Synaxis.Infrastructure.Tests/Services/TeamMembershipServiceIntegrationTests.cs(259,41): error SA1101: Prefix local calls with this (https://github.com/DotNetAnalyzers/StyleCopAnalyzers/blob/master/documentation/SA1101.md) [/home/rrj/src/github/rudironsoni/Synaxis/tests/Synaxis.Infrastructure.Tests/Synaxis.Infrastructure.Tests.csproj]
/home/rrj/src/github/rudironsoni/Synaxis/tests/Synaxis.Infrastructure.Tests/Services/TeamMembershipServiceIntegrationTests.cs(259,65): error SA1101: Prefix local calls with this (https://github.com/DotNetAnalyzers/StyleCopAnalyzers/blob/master/documentation/SA1101.md) [/home/rrj/src/github/rudironsoni/Synaxis/tests/Synaxis.Infrastructure.Tests/Synaxis.Infrastructure.Tests.csproj]
/home/rrj/src/github/rudironsoni/Synaxis/tests/Synaxis.Infrastructure.Tests/Services/TeamMembershipServiceIntegrationTests.cs(259,75): error SA1101: Prefix local calls with this (https://github.com/DotNetAnalyzers/StyleCopAnalyzers/blob/master/documentation/SA1101.md) [/home/rrj/src/github/rudironsoni/Synaxis/tests/Synaxis.Infrastructure.Tests/Synaxis.Infrastructure.Tests.csproj]
/home/rrj/src/github/rudironsoni/Synaxis/tests/Synaxis.Infrastructure.Tests/Services/TeamMembershipServiceIntegrationTests.cs(259,99): error SA1101: Prefix local calls with this (https://github.com/DotNetAnalyzers/StyleCopAnalyzers/blob/master/documentation/SA1101.md) [/home/rrj/src/github/rudironsoni/Synaxis/tests/Synaxis.Infrastructure.Tests/Synaxis.Infrastructure.Tests.csproj]
/home/rrj/src/github/rudironsoni/Synaxis/tests/Synaxis.Infrastructure.Tests/Services/TeamMembershipServiceIntegrationTests.cs(259,35): error MA0004: Use Task.ConfigureAwait(false) if the current SynchronizationContext is not needed (https://github.com/meziantou/Meziantou.Analyzer/blob/main/docs/Rules/MA0004.md) [/home/rrj/src/github/rudironsoni/Synaxis/tests/Synaxis.Infrastructure.Tests/Synaxis.Infrastructure.Tests.csproj]
/home/rrj/src/github/rudironsoni/Synaxis/tests/Synaxis.Infrastructure.Tests/Services/TeamServiceTests.cs(159,9): error AsyncFixer01: Method 'CreateTeamAsync_WithNullRequest_ThrowsArgumentNullException' only awaits a single expression - remove async/await and return the Task directly to reduce overhead (https://github.com/semihokur/AsyncFixer#asyncfixer01) [/home/rrj/src/github/rudironsoni/Synaxis/tests/Synaxis.Infrastructure.Tests/Synaxis.Infrastructure.Tests.csproj]
/home/rrj/src/github/rudironsoni/Synaxis/tests/Synaxis.Infrastructure.Tests/Services/TeamServiceTests.cs(163,48): error SA1101: Prefix local calls with this (https://github.com/DotNetAnalyzers/StyleCopAnalyzers/blob/master/documentation/SA1101.md) [/home/rrj/src/github/rudironsoni/Synaxis/tests/Synaxis.Infrastructure.Tests/Synaxis.Infrastructure.Tests.csproj]
/home/rrj/src/github/rudironsoni/Synaxis/tests/Synaxis.Infrastructure.Tests/Services/TeamServiceTests.cs(163,79): error SA1101: Prefix local calls with this (https://github.com/DotNetAnalyzers/StyleCopAnalyzers/blob/master/documentation/SA1101.md) [/home/rrj/src/github/rudironsoni/Synaxis/tests/Synaxis.Infrastructure.Tests/Synaxis.Infrastructure.Tests.csproj]
/home/rrj/src/github/rudironsoni/Synaxis/tests/Synaxis.Infrastructure.Tests/Services/TeamServiceTests.cs(163,96): error SA1101: Prefix local calls with this (https://github.com/DotNetAnalyzers/StyleCopAnalyzers/blob/master/documentation/SA1101.md) [/home/rrj/src/github/rudironsoni/Synaxis/tests/Synaxis.Infrastructure.Tests/Synaxis.Infrastructure.Tests.csproj]
/home/rrj/src/github/rudironsoni/Synaxis/tests/Synaxis.Infrastructure.Tests/Services/TeamServiceTests.cs(163,42): error MA0004: Use Task.ConfigureAwait(false) if the current SynchronizationContext is not needed (https://github.com/meziantou/Meziantou.Analyzer/blob/main/docs/Rules/MA0004.md) [/home/rrj/src/github/rudironsoni/Synaxis/tests/Synaxis.Infrastructure.Tests/Synaxis.Infrastructure.Tests.csproj]
/home/rrj/src/github/rudironsoni/Synaxis/tests/Synaxis.Infrastructure.Tests/Migrations/InitialMigrationTests.cs(59,33): error S6966: Await ToListAsync instead. (https://rules.sonarsource.com/csharp/RSPEC-6966) [/home/rrj/src/github/rudironsoni/Synaxis/tests/Synaxis.Infrastructure.Tests/Synaxis.Infrastructure.Tests.csproj]
/home/rrj/src/github/rudironsoni/Synaxis/tests/Synaxis.Infrastructure.Tests/Migrations/InitialMigrationTests.cs(60,25): error S6966: Await ToListAsync instead. (https://rules.sonarsource.com/csharp/RSPEC-6966) [/home/rrj/src/github/rudironsoni/Synaxis/tests/Synaxis.Infrastructure.Tests/Synaxis.Infrastructure.Tests.csproj]
/home/rrj/src/github/rudironsoni/Synaxis/tests/Synaxis.Infrastructure.Tests/Migrations/InitialMigrationTests.cs(61,25): error S6966: Await ToListAsync instead. (https://rules.sonarsource.com/csharp/RSPEC-6966) [/home/rrj/src/github/rudironsoni/Synaxis/tests/Synaxis.Infrastructure.Tests/Synaxis.Infrastructure.Tests.csproj]
/home/rrj/src/github/rudironsoni/Synaxis/tests/Synaxis.Infrastructure.Tests/Migrations/InitialMigrationTests.cs(62,31): error S6966: Await ToListAsync instead. (https://rules.sonarsource.com/csharp/RSPEC-6966) [/home/rrj/src/github/rudironsoni/Synaxis/tests/Synaxis.Infrastructure.Tests/Synaxis.Infrastructure.Tests.csproj]
/home/rrj/src/github/rudironsoni/Synaxis/tests/Synaxis.Infrastructure.Tests/Migrations/InitialMigrationTests.cs(63,31): error S6966: Await ToListAsync instead. (https://rules.sonarsource.com/csharp/RSPEC-6966) [/home/rrj/src/github/rudironsoni/Synaxis/tests/Synaxis.Infrastructure.Tests/Synaxis.Infrastructure.Tests.csproj]
/home/rrj/src/github/rudironsoni/Synaxis/tests/Synaxis.Infrastructure.Tests/Migrations/InitialMigrationTests.cs(64,28): error S6966: Await ToListAsync instead. (https://rules.sonarsource.com/csharp/RSPEC-6966) [/home/rrj/src/github/rudironsoni/Synaxis/tests/Synaxis.Infrastructure.Tests/Synaxis.Infrastructure.Tests.csproj]
/home/rrj/src/github/rudironsoni/Synaxis/tests/Synaxis.Infrastructure.Tests/Migrations/InitialMigrationTests.cs(65,37): error S6966: Await ToListAsync instead. (https://rules.sonarsource.com/csharp/RSPEC-6966) [/home/rrj/src/github/rudironsoni/Synaxis/tests/Synaxis.Infrastructure.Tests/Synaxis.Infrastructure.Tests.csproj]
/home/rrj/src/github/rudironsoni/Synaxis/tests/Synaxis.Infrastructure.Tests/Migrations/InitialMigrationTests.cs(66,29): error S6966: Await ToListAsync instead. (https://rules.sonarsource.com/csharp/RSPEC-6966) [/home/rrj/src/github/rudironsoni/Synaxis/tests/Synaxis.Infrastructure.Tests/Synaxis.Infrastructure.Tests.csproj]
/home/rrj/src/github/rudironsoni/Synaxis/tests/Synaxis.Infrastructure.Tests/Migrations/InitialMigrationTests.cs(67,29): error S6966: Await ToListAsync instead. (https://rules.sonarsource.com/csharp/RSPEC-6966) [/home/rrj/src/github/rudironsoni/Synaxis/tests/Synaxis.Infrastructure.Tests/Synaxis.Infrastructure.Tests.csproj]
/home/rrj/src/github/rudironsoni/Synaxis/tests/Synaxis.Infrastructure.Tests/Migrations/InitialMigrationTests.cs(68,38): error S6966: Await ToListAsync instead. (https://rules.sonarsource.com/csharp/RSPEC-6966) [/home/rrj/src/github/rudironsoni/Synaxis/tests/Synaxis.Infrastructure.Tests/Synaxis.Infrastructure.Tests.csproj]
/home/rrj/src/github/rudironsoni/Synaxis/tests/Synaxis.Infrastructure.Tests/Migrations/InitialMigrationTests.cs(69,28): error S6966: Await ToListAsync instead. (https://rules.sonarsource.com/csharp/RSPEC-6966) [/home/rrj/src/github/rudironsoni/Synaxis/tests/Synaxis.Infrastructure.Tests/Synaxis.Infrastructure.Tests.csproj]
/home/rrj/src/github/rudironsoni/Synaxis/tests/Synaxis.Infrastructure.Tests/Migrations/InitialMigrationTests.cs(70,33): error S6966: Await ToListAsync instead. (https://rules.sonarsource.com/csharp/RSPEC-6966) [/home/rrj/src/github/rudironsoni/Synaxis/tests/Synaxis.Infrastructure.Tests/Synaxis.Infrastructure.Tests.csproj]
/home/rrj/src/github/rudironsoni/Synaxis/tests/Synaxis.Infrastructure.Tests/Migrations/TestcontainersMigrationTests.cs(263,33): error SA1101: Prefix local calls with this (https://github.com/DotNetAnalyzers/StyleCopAnalyzers/blob/master/documentation/SA1101.md) [/home/rrj/src/github/rudironsoni/Synaxis/tests/Synaxis.Infrastructure.Tests/Synaxis.Infrastructure.Tests.csproj]
/home/rrj/src/github/rudironsoni/Synaxis/tests/Synaxis.Infrastructure.Tests/Services/OrganizationSettingsServiceIntegrationTests.cs(232,64): error S3878: Remove this array creation and simply pass the elements. (https://rules.sonarsource.com/csharp/RSPEC-3878) [/home/rrj/src/github/rudironsoni/Synaxis/tests/Synaxis.Infrastructure.Tests/Synaxis.Infrastructure.Tests.csproj]
/home/rrj/src/github/rudironsoni/Synaxis/tests/Synaxis.Infrastructure.Tests/Services/TeamServiceTests.cs(186,17): error SA1413: Use trailing comma in multi-line initializers (https://github.com/DotNetAnalyzers/StyleCopAnalyzers/blob/master/documentation/SA1413.md) [/home/rrj/src/github/rudironsoni/Synaxis/tests/Synaxis.Infrastructure.Tests/Synaxis.Infrastructure.Tests.csproj]
/home/rrj/src/github/rudironsoni/Synaxis/tests/Synaxis.Infrastructure.Tests/Services/TeamServiceTests.cs(181,34): error SA1101: Prefix local calls with this (https://github.com/DotNetAnalyzers/StyleCopAnalyzers/blob/master/documentation/SA1101.md) [/home/rrj/src/github/rudironsoni/Synaxis/tests/Synaxis.Infrastructure.Tests/Synaxis.Infrastructure.Tests.csproj]
/home/rrj/src/github/rudironsoni/Synaxis/tests/Synaxis.Infrastructure.Tests/Services/TeamServiceTests.cs(188,13): error SA1101: Prefix local calls with this (https://github.com/DotNetAnalyzers/StyleCopAnalyzers/blob/master/documentation/SA1101.md) [/home/rrj/src/github/rudironsoni/Synaxis/tests/Synaxis.Infrastructure.Tests/Synaxis.Infrastructure.Tests.csproj]
/home/rrj/src/github/rudironsoni/Synaxis/tests/Synaxis.Infrastructure.Tests/Services/TeamServiceTests.cs(189,19): error SA1101: Prefix local calls with this (https://github.com/DotNetAnalyzers/StyleCopAnalyzers/blob/master/documentation/SA1101.md) [/home/rrj/src/github/rudironsoni/Synaxis/tests/Synaxis.Infrastructure.Tests/Synaxis.Infrastructure.Tests.csproj]
/home/rrj/src/github/rudironsoni/Synaxis/tests/Synaxis.Infrastructure.Tests/Services/TeamServiceTests.cs(192,32): error SA1101: Prefix local calls with this (https://github.com/DotNetAnalyzers/StyleCopAnalyzers/blob/master/documentation/SA1101.md) [/home/rrj/src/github/rudironsoni/Synaxis/tests/Synaxis.Infrastructure.Tests/Synaxis.Infrastructure.Tests.csproj]
/home/rrj/src/github/rudironsoni/Synaxis/tests/Synaxis.Infrastructure.Tests/Services/TeamServiceTests.cs(192,62): error SA1101: Prefix local calls with this (https://github.com/DotNetAnalyzers/StyleCopAnalyzers/blob/master/documentation/SA1101.md) [/home/rrj/src/github/rudironsoni/Synaxis/tests/Synaxis.Infrastructure.Tests/Synaxis.Infrastructure.Tests.csproj]
/home/rrj/src/github/rudironsoni/Synaxis/tests/Synaxis.Infrastructure.Tests/Services/TeamServiceTests.cs(171,9): error SA1124: Do not use regions (https://github.com/DotNetAnalyzers/StyleCopAnalyzers/blob/master/documentation/SA1124.md) [/home/rrj/src/github/rudironsoni/Synaxis/tests/Synaxis.Infrastructure.Tests/Synaxis.Infrastructure.Tests.csproj]
/home/rrj/src/github/rudironsoni/Synaxis/tests/Synaxis.Infrastructure.Tests/Services/TeamMembershipServiceTests.cs(352,17): error SA1413: Use trailing comma in multi-line initializers (https://github.com/DotNetAnalyzers/StyleCopAnalyzers/blob/master/documentation/SA1413.md) [/home/rrj/src/github/rudironsoni/Synaxis/tests/Synaxis.Infrastructure.Tests/Synaxis.Infrastructure.Tests.csproj]
/home/rrj/src/github/rudironsoni/Synaxis/tests/Synaxis.Infrastructure.Tests/Services/TeamMembershipServiceTests.cs(345,47): error SA1101: Prefix local calls with this (https://github.com/DotNetAnalyzers/StyleCopAnalyzers/blob/master/documentation/SA1101.md) [/home/rrj/src/github/rudironsoni/Synaxis/tests/Synaxis.Infrastructure.Tests/Synaxis.Infrastructure.Tests.csproj]
/home/rrj/src/github/rudironsoni/Synaxis/tests/Synaxis.Infrastructure.Tests/Services/TeamMembershipServiceTests.cs(346,74): error SA1101: Prefix local calls with this (https://github.com/DotNetAnalyzers/StyleCopAnalyzers/blob/master/documentation/SA1101.md) [/home/rrj/src/github/rudironsoni/Synaxis/tests/Synaxis.Infrastructure.Tests/Synaxis.Infrastructure.Tests.csproj]
/home/rrj/src/github/rudironsoni/Synaxis/tests/Synaxis.Infrastructure.Tests/Services/TeamMembershipServiceTests.cs(347,74): error SA1101: Prefix local calls with this (https://github.com/DotNetAnalyzers/StyleCopAnalyzers/blob/master/documentation/SA1101.md) [/home/rrj/src/github/rudironsoni/Synaxis/tests/Synaxis.Infrastructure.Tests/Synaxis.Infrastructure.Tests.csproj]
/home/rrj/src/github/rudironsoni/Synaxis/tests/Synaxis.Infrastructure.Tests/Services/TeamMembershipServiceTests.cs(351,68): error SA1101: Prefix local calls with this (https://github.com/DotNetAnalyzers/StyleCopAnalyzers/blob/master/documentation/SA1101.md) [/home/rrj/src/github/rudironsoni/Synaxis/tests/Synaxis.Infrastructure.Tests/Synaxis.Infrastructure.Tests.csproj]
/home/rrj/src/github/rudironsoni/Synaxis/tests/Synaxis.Infrastructure.Tests/Services/TeamMembershipServiceTests.cs(351,113): error SA1101: Prefix local calls with this (https://github.com/DotNetAnalyzers/StyleCopAnalyzers/blob/master/documentation/SA1101.md) [/home/rrj/src/github/rudironsoni/Synaxis/tests/Synaxis.Infrastructure.Tests/Synaxis.Infrastructure.Tests.csproj]
/home/rrj/src/github/rudironsoni/Synaxis/tests/Synaxis.Infrastructure.Tests/Services/TeamMembershipServiceTests.cs(352,68): error SA1101: Prefix local calls with this (https://github.com/DotNetAnalyzers/StyleCopAnalyzers/blob/master/documentation/SA1101.md) [/home/rrj/src/github/rudironsoni/Synaxis/tests/Synaxis.Infrastructure.Tests/Synaxis.Infrastructure.Tests.csproj]
/home/rrj/src/github/rudironsoni/Synaxis/tests/Synaxis.Infrastructure.Tests/Services/TeamMembershipServiceTests.cs(352,113): error SA1101: Prefix local calls with this (https://github.com/DotNetAnalyzers/StyleCopAnalyzers/blob/master/documentation/SA1101.md) [/home/rrj/src/github/rudironsoni/Synaxis/tests/Synaxis.Infrastructure.Tests/Synaxis.Infrastructure.Tests.csproj]
/home/rrj/src/github/rudironsoni/Synaxis/tests/Synaxis.Infrastructure.Tests/Services/TeamMembershipServiceTests.cs(355,13): error SA1101: Prefix local calls with this (https://github.com/DotNetAnalyzers/StyleCopAnalyzers/blob/master/documentation/SA1101.md) [/home/rrj/src/github/rudironsoni/Synaxis/tests/Synaxis.Infrastructure.Tests/Synaxis.Infrastructure.Tests.csproj]
/home/rrj/src/github/rudironsoni/Synaxis/tests/Synaxis.Infrastructure.Tests/Services/TeamMembershipServiceTests.cs(356,13): error SA1101: Prefix local calls with this (https://github.com/DotNetAnalyzers/StyleCopAnalyzers/blob/master/documentation/SA1101.md) [/home/rrj/src/github/rudironsoni/Synaxis/tests/Synaxis.Infrastructure.Tests/Synaxis.Infrastructure.Tests.csproj]
/home/rrj/src/github/rudironsoni/Synaxis/tests/Synaxis.Infrastructure.Tests/Services/TeamMembershipServiceTests.cs(357,13): error SA1101: Prefix local calls with this (https://github.com/DotNetAnalyzers/StyleCopAnalyzers/blob/master/documentation/SA1101.md) [/home/rrj/src/github/rudironsoni/Synaxis/tests/Synaxis.Infrastructure.Tests/Synaxis.Infrastructure.Tests.csproj]
/home/rrj/src/github/rudironsoni/Synaxis/tests/Synaxis.Infrastructure.Tests/Services/TeamMembershipServiceTests.cs(358,19): error SA1101: Prefix local calls with this (https://github.com/DotNetAnalyzers/StyleCopAnalyzers/blob/master/documentation/SA1101.md) [/home/rrj/src/github/rudironsoni/Synaxis/tests/Synaxis.Infrastructure.Tests/Synaxis.Infrastructure.Tests.csproj]
/home/rrj/src/github/rudironsoni/Synaxis/tests/Synaxis.Infrastructure.Tests/Services/TeamMembershipServiceTests.cs(360,32): error SA1101: Prefix local calls with this (https://github.com/DotNetAnalyzers/StyleCopAnalyzers/blob/master/documentation/SA1101.md) [/home/rrj/src/github/rudironsoni/Synaxis/tests/Synaxis.Infrastructure.Tests/Synaxis.Infrastructure.Tests.csproj]
/home/rrj/src/github/rudironsoni/Synaxis/tests/Synaxis.Infrastructure.Tests/Services/TeamMembershipServiceTests.cs(360,59): error SA1101: Prefix local calls with this (https://github.com/DotNetAnalyzers/StyleCopAnalyzers/blob/master/documentation/SA1101.md) [/home/rrj/src/github/rudironsoni/Synaxis/tests/Synaxis.Infrastructure.Tests/Synaxis.Infrastructure.Tests.csproj]
/home/rrj/src/github/rudironsoni/Synaxis/tests/Synaxis.Infrastructure.Tests/Services/TeamServiceTests.cs(208,32): error SA1101: Prefix local calls with this (https://github.com/DotNetAnalyzers/StyleCopAnalyzers/blob/master/documentation/SA1101.md) [/home/rrj/src/github/rudironsoni/Synaxis/tests/Synaxis.Infrastructure.Tests/Synaxis.Infrastructure.Tests.csproj]
/home/rrj/src/github/rudironsoni/Synaxis/tests/Synaxis.Infrastructure.Tests/Services/TeamServiceTests.cs(208,69): error SA1101: Prefix local calls with this (https://github.com/DotNetAnalyzers/StyleCopAnalyzers/blob/master/documentation/SA1101.md) [/home/rrj/src/github/rudironsoni/Synaxis/tests/Synaxis.Infrastructure.Tests/Synaxis.Infrastructure.Tests.csproj]
/home/rrj/src/github/rudironsoni/Synaxis/tests/Synaxis.Infrastructure.Tests/Migrations/TestcontainersMigrationTests.cs(308,34): error SA1101: Prefix local calls with this (https://github.com/DotNetAnalyzers/StyleCopAnalyzers/blob/master/documentation/SA1101.md) [/home/rrj/src/github/rudironsoni/Synaxis/tests/Synaxis.Infrastructure.Tests/Synaxis.Infrastructure.Tests.csproj]
/home/rrj/src/github/rudironsoni/Synaxis/tests/Synaxis.Infrastructure.Tests/Migrations/TestcontainersMigrationTests.cs(309,34): error SA1101: Prefix local calls with this (https://github.com/DotNetAnalyzers/StyleCopAnalyzers/blob/master/documentation/SA1101.md) [/home/rrj/src/github/rudironsoni/Synaxis/tests/Synaxis.Infrastructure.Tests/Synaxis.Infrastructure.Tests.csproj]
/home/rrj/src/github/rudironsoni/Synaxis/tests/Synaxis.Infrastructure.Tests/Migrations/TestcontainersMigrationTests.cs(328,39): error SA1101: Prefix local calls with this (https://github.com/DotNetAnalyzers/StyleCopAnalyzers/blob/master/documentation/SA1101.md) [/home/rrj/src/github/rudironsoni/Synaxis/tests/Synaxis.Infrastructure.Tests/Synaxis.Infrastructure.Tests.csproj]
/home/rrj/src/github/rudironsoni/Synaxis/tests/Synaxis.Infrastructure.Tests/Services/TeamMembershipServiceTests.cs(371,32): error SA1101: Prefix local calls with this (https://github.com/DotNetAnalyzers/StyleCopAnalyzers/blob/master/documentation/SA1101.md) [/home/rrj/src/github/rudironsoni/Synaxis/tests/Synaxis.Infrastructure.Tests/Synaxis.Infrastructure.Tests.csproj]
/home/rrj/src/github/rudironsoni/Synaxis/tests/Synaxis.Infrastructure.Tests/Services/TeamMembershipServiceTests.cs(371,59): error SA1101: Prefix local calls with this (https://github.com/DotNetAnalyzers/StyleCopAnalyzers/blob/master/documentation/SA1101.md) [/home/rrj/src/github/rudironsoni/Synaxis/tests/Synaxis.Infrastructure.Tests/Synaxis.Infrastructure.Tests.csproj]
/home/rrj/src/github/rudironsoni/Synaxis/tests/Synaxis.Infrastructure.Tests/Services/TeamServiceTests.cs(226,17): error SA1413: Use trailing comma in multi-line initializers (https://github.com/DotNetAnalyzers/StyleCopAnalyzers/blob/master/documentation/SA1413.md) [/home/rrj/src/github/rudironsoni/Synaxis/tests/Synaxis.Infrastructure.Tests/Synaxis.Infrastructure.Tests.csproj]
/home/rrj/src/github/rudironsoni/Synaxis/tests/Synaxis.Infrastructure.Tests/Services/TeamServiceTests.cs(223,34): error SA1101: Prefix local calls with this (https://github.com/DotNetAnalyzers/StyleCopAnalyzers/blob/master/documentation/SA1101.md) [/home/rrj/src/github/rudironsoni/Synaxis/tests/Synaxis.Infrastructure.Tests/Synaxis.Infrastructure.Tests.csproj]
/home/rrj/src/github/rudironsoni/Synaxis/tests/Synaxis.Infrastructure.Tests/Services/TeamServiceTests.cs(228,13): error SA1101: Prefix local calls with this (https://github.com/DotNetAnalyzers/StyleCopAnalyzers/blob/master/documentation/SA1101.md) [/home/rrj/src/github/rudironsoni/Synaxis/tests/Synaxis.Infrastructure.Tests/Synaxis.Infrastructure.Tests.csproj]
/home/rrj/src/github/rudironsoni/Synaxis/tests/Synaxis.Infrastructure.Tests/Services/TeamServiceTests.cs(229,19): error SA1101: Prefix local calls with this (https://github.com/DotNetAnalyzers/StyleCopAnalyzers/blob/master/documentation/SA1101.md) [/home/rrj/src/github/rudironsoni/Synaxis/tests/Synaxis.Infrastructure.Tests/Synaxis.Infrastructure.Tests.csproj]
/home/rrj/src/github/rudironsoni/Synaxis/tests/Synaxis.Infrastructure.Tests/Services/TeamServiceTests.cs(232,32): error SA1101: Prefix local calls with this (https://github.com/DotNetAnalyzers/StyleCopAnalyzers/blob/master/documentation/SA1101.md) [/home/rrj/src/github/rudironsoni/Synaxis/tests/Synaxis.Infrastructure.Tests/Synaxis.Infrastructure.Tests.csproj]
/home/rrj/src/github/rudironsoni/Synaxis/tests/Synaxis.Infrastructure.Tests/Services/OrganizationSettingsServiceIntegrationTests.cs(300,42): error MA0004: Use Task.ConfigureAwait(false) if the current SynchronizationContext is not needed (https://github.com/meziantou/Meziantou.Analyzer/blob/main/docs/Rules/MA0004.md) [/home/rrj/src/github/rudironsoni/Synaxis/tests/Synaxis.Infrastructure.Tests/Synaxis.Infrastructure.Tests.csproj]
/home/rrj/src/github/rudironsoni/Synaxis/tests/Synaxis.Infrastructure.Tests/Services/TeamMembershipServiceTests.cs(387,17): error SA1413: Use trailing comma in multi-line initializers (https://github.com/DotNetAnalyzers/StyleCopAnalyzers/blob/master/documentation/SA1413.md) [/home/rrj/src/github/rudironsoni/Synaxis/tests/Synaxis.Infrastructure.Tests/Synaxis.Infrastructure.Tests.csproj]
/home/rrj/src/github/rudironsoni/Synaxis/tests/Synaxis.Infrastructure.Tests/Services/TeamMembershipServiceTests.cs(384,26): error SA1101: Prefix local calls with this (https://github.com/DotNetAnalyzers/StyleCopAnalyzers/blob/master/documentation/SA1101.md) [/home/rrj/src/github/rudironsoni/Synaxis/tests/Synaxis.Infrastructure.Tests/Synaxis.Infrastructure.Tests.csproj]
/home/rrj/src/github/rudironsoni/Synaxis/tests/Synaxis.Infrastructure.Tests/Services/TeamMembershipServiceTests.cs(385,26): error SA1101: Prefix local calls with this (https://github.com/DotNetAnalyzers/StyleCopAnalyzers/blob/master/documentation/SA1101.md) [/home/rrj/src/github/rudironsoni/Synaxis/tests/Synaxis.Infrastructure.Tests/Synaxis.Infrastructure.Tests.csproj]
/home/rrj/src/github/rudironsoni/Synaxis/tests/Synaxis.Infrastructure.Tests/Services/TeamMembershipServiceTests.cs(386,34): error SA1101: Prefix local calls with this (https://github.com/DotNetAnalyzers/StyleCopAnalyzers/blob/master/documentation/SA1101.md) [/home/rrj/src/github/rudironsoni/Synaxis/tests/Synaxis.Infrastructure.Tests/Synaxis.Infrastructure.Tests.csproj]
/home/rrj/src/github/rudironsoni/Synaxis/tests/Synaxis.Infrastructure.Tests/Services/TeamMembershipServiceTests.cs(390,13): error SA1101: Prefix local calls with this (https://github.com/DotNetAnalyzers/StyleCopAnalyzers/blob/master/documentation/SA1101.md) [/home/rrj/src/github/rudironsoni/Synaxis/tests/Synaxis.Infrastructure.Tests/Synaxis.Infrastructure.Tests.csproj]
/home/rrj/src/github/rudironsoni/Synaxis/tests/Synaxis.Infrastructure.Tests/Services/TeamMembershipServiceTests.cs(391,19): error SA1101: Prefix local calls with this (https://github.com/DotNetAnalyzers/StyleCopAnalyzers/blob/master/documentation/SA1101.md) [/home/rrj/src/github/rudironsoni/Synaxis/tests/Synaxis.Infrastructure.Tests/Synaxis.Infrastructure.Tests.csproj]
/home/rrj/src/github/rudironsoni/Synaxis/tests/Synaxis.Infrastructure.Tests/Services/TeamMembershipServiceTests.cs(393,32): error SA1101: Prefix local calls with this (https://github.com/DotNetAnalyzers/StyleCopAnalyzers/blob/master/documentation/SA1101.md) [/home/rrj/src/github/rudironsoni/Synaxis/tests/Synaxis.Infrastructure.Tests/Synaxis.Infrastructure.Tests.csproj]
/home/rrj/src/github/rudironsoni/Synaxis/tests/Synaxis.Infrastructure.Tests/Services/TeamMembershipServiceTests.cs(393,62): error SA1101: Prefix local calls with this (https://github.com/DotNetAnalyzers/StyleCopAnalyzers/blob/master/documentation/SA1101.md) [/home/rrj/src/github/rudironsoni/Synaxis/tests/Synaxis.Infrastructure.Tests/Synaxis.Infrastructure.Tests.csproj]
/home/rrj/src/github/rudironsoni/Synaxis/tests/Synaxis.Infrastructure.Tests/Services/TeamMembershipServiceTests.cs(393,71): error SA1101: Prefix local calls with this (https://github.com/DotNetAnalyzers/StyleCopAnalyzers/blob/master/documentation/SA1101.md) [/home/rrj/src/github/rudironsoni/Synaxis/tests/Synaxis.Infrastructure.Tests/Synaxis.Infrastructure.Tests.csproj]
/home/rrj/src/github/rudironsoni/Synaxis/tests/Synaxis.Infrastructure.Tests/Services/TeamMembershipServiceTests.cs(407,17): error SA1413: Use trailing comma in multi-line initializers (https://github.com/DotNetAnalyzers/StyleCopAnalyzers/blob/master/documentation/SA1413.md) [/home/rrj/src/github/rudironsoni/Synaxis/tests/Synaxis.Infrastructure.Tests/Synaxis.Infrastructure.Tests.csproj]
/home/rrj/src/github/rudironsoni/Synaxis/tests/Synaxis.Infrastructure.Tests/Services/TeamMembershipServiceTests.cs(404,26): error SA1101: Prefix local calls with this (https://github.com/DotNetAnalyzers/StyleCopAnalyzers/blob/master/documentation/SA1101.md) [/home/rrj/src/github/rudironsoni/Synaxis/tests/Synaxis.Infrastructure.Tests/Synaxis.Infrastructure.Tests.csproj]
/home/rrj/src/github/rudironsoni/Synaxis/tests/Synaxis.Infrastructure.Tests/Services/TeamMembershipServiceTests.cs(405,26): error SA1101: Prefix local calls with this (https://github.com/DotNetAnalyzers/StyleCopAnalyzers/blob/master/documentation/SA1101.md) [/home/rrj/src/github/rudironsoni/Synaxis/tests/Synaxis.Infrastructure.Tests/Synaxis.Infrastructure.Tests.csproj]
/home/rrj/src/github/rudironsoni/Synaxis/tests/Synaxis.Infrastructure.Tests/Services/TeamMembershipServiceTests.cs(406,34): error SA1101: Prefix local calls with this (https://github.com/DotNetAnalyzers/StyleCopAnalyzers/blob/master/documentation/SA1101.md) [/home/rrj/src/github/rudironsoni/Synaxis/tests/Synaxis.Infrastructure.Tests/Synaxis.Infrastructure.Tests.csproj]
/home/rrj/src/github/rudironsoni/Synaxis/tests/Synaxis.Infrastructure.Tests/Services/TeamMembershipServiceTests.cs(410,13): error SA1101: Prefix local calls with this (https://github.com/DotNetAnalyzers/StyleCopAnalyzers/blob/master/documentation/SA1101.md) [/home/rrj/src/github/rudironsoni/Synaxis/tests/Synaxis.Infrastructure.Tests/Synaxis.Infrastructure.Tests.csproj]
/home/rrj/src/github/rudironsoni/Synaxis/tests/Synaxis.Infrastructure.Tests/Services/TeamMembershipServiceTests.cs(411,19): error SA1101: Prefix local calls with this (https://github.com/DotNetAnalyzers/StyleCopAnalyzers/blob/master/documentation/SA1101.md) [/home/rrj/src/github/rudironsoni/Synaxis/tests/Synaxis.Infrastructure.Tests/Synaxis.Infrastructure.Tests.csproj]
/home/rrj/src/github/rudironsoni/Synaxis/tests/Synaxis.Infrastructure.Tests/Services/TeamMembershipServiceTests.cs(413,32): error SA1101: Prefix local calls with this (https://github.com/DotNetAnalyzers/StyleCopAnalyzers/blob/master/documentation/SA1101.md) [/home/rrj/src/github/rudironsoni/Synaxis/tests/Synaxis.Infrastructure.Tests/Synaxis.Infrastructure.Tests.csproj]
/home/rrj/src/github/rudironsoni/Synaxis/tests/Synaxis.Infrastructure.Tests/Services/TeamMembershipServiceTests.cs(413,62): error SA1101: Prefix local calls with this (https://github.com/DotNetAnalyzers/StyleCopAnalyzers/blob/master/documentation/SA1101.md) [/home/rrj/src/github/rudironsoni/Synaxis/tests/Synaxis.Infrastructure.Tests/Synaxis.Infrastructure.Tests.csproj]
/home/rrj/src/github/rudironsoni/Synaxis/tests/Synaxis.Infrastructure.Tests/Services/TeamMembershipServiceTests.cs(413,71): error SA1101: Prefix local calls with this (https://github.com/DotNetAnalyzers/StyleCopAnalyzers/blob/master/documentation/SA1101.md) [/home/rrj/src/github/rudironsoni/Synaxis/tests/Synaxis.Infrastructure.Tests/Synaxis.Infrastructure.Tests.csproj]
/home/rrj/src/github/rudironsoni/Synaxis/tests/Synaxis.Infrastructure.Tests/Migrations/InitialMigrationTests.cs(220,112): error MA0006: Use string.Equals instead of Equals operator (https://github.com/meziantou/Meziantou.Analyzer/blob/main/docs/Rules/MA0006.md) [/home/rrj/src/github/rudironsoni/Synaxis/tests/Synaxis.Infrastructure.Tests/Synaxis.Infrastructure.Tests.csproj]
/home/rrj/src/github/rudironsoni/Synaxis/tests/Synaxis.Infrastructure.Tests/Services/TeamServiceTests.cs(277,9): error AsyncFixer01: Method 'UpdateTeamAsync_WithNonExistentTeam_ThrowsInvalidOperationException' only awaits a single expression - remove async/await and return the Task directly to reduce overhead (https://github.com/semihokur/AsyncFixer#asyncfixer01) [/home/rrj/src/github/rudironsoni/Synaxis/tests/Synaxis.Infrastructure.Tests/Synaxis.Infrastructure.Tests.csproj]
/home/rrj/src/github/rudironsoni/Synaxis/tests/Synaxis.Infrastructure.Tests/Services/TeamMembershipServiceTests.cs(421,32): error SA1101: Prefix local calls with this (https://github.com/DotNetAnalyzers/StyleCopAnalyzers/blob/master/documentation/SA1101.md) [/home/rrj/src/github/rudironsoni/Synaxis/tests/Synaxis.Infrastructure.Tests/Synaxis.Infrastructure.Tests.csproj]
/home/rrj/src/github/rudironsoni/Synaxis/tests/Synaxis.Infrastructure.Tests/Services/TeamMembershipServiceTests.cs(421,62): error SA1101: Prefix local calls with this (https://github.com/DotNetAnalyzers/StyleCopAnalyzers/blob/master/documentation/SA1101.md) [/home/rrj/src/github/rudironsoni/Synaxis/tests/Synaxis.Infrastructure.Tests/Synaxis.Infrastructure.Tests.csproj]
/home/rrj/src/github/rudironsoni/Synaxis/tests/Synaxis.Infrastructure.Tests/Services/TeamMembershipServiceTests.cs(421,71): error SA1101: Prefix local calls with this (https://github.com/DotNetAnalyzers/StyleCopAnalyzers/blob/master/documentation/SA1101.md) [/home/rrj/src/github/rudironsoni/Synaxis/tests/Synaxis.Infrastructure.Tests/Synaxis.Infrastructure.Tests.csproj]
/home/rrj/src/github/rudironsoni/Synaxis/tests/Synaxis.Infrastructure.Tests/Services/TeamServiceTests.cs(253,17): error SA1413: Use trailing comma in multi-line initializers (https://github.com/DotNetAnalyzers/StyleCopAnalyzers/blob/master/documentation/SA1413.md) [/home/rrj/src/github/rudironsoni/Synaxis/tests/Synaxis.Infrastructure.Tests/Synaxis.Infrastructure.Tests.csproj]
/home/rrj/src/github/rudironsoni/Synaxis/tests/Synaxis.Infrastructure.Tests/Services/TeamServiceTests.cs(263,17): error SA1413: Use trailing comma in multi-line initializers (https://github.com/DotNetAnalyzers/StyleCopAnalyzers/blob/master/documentation/SA1413.md) [/home/rrj/src/github/rudironsoni/Synaxis/tests/Synaxis.Infrastructure.Tests/Synaxis.Infrastructure.Tests.csproj]
/home/rrj/src/github/rudironsoni/Synaxis/tests/Synaxis.Infrastructure.Tests/Services/TeamServiceTests.cs(250,34): error SA1101: Prefix local calls with this (https://github.com/DotNetAnalyzers/StyleCopAnalyzers/blob/master/documentation/SA1101.md) [/home/rrj/src/github/rudironsoni/Synaxis/tests/Synaxis.Infrastructure.Tests/Synaxis.Infrastructure.Tests.csproj]
/home/rrj/src/github/rudironsoni/Synaxis/tests/Synaxis.Infrastructure.Tests/Services/TeamServiceTests.cs(255,13): error SA1101: Prefix local calls with this (https://github.com/DotNetAnalyzers/StyleCopAnalyzers/blob/master/documentation/SA1101.md) [/home/rrj/src/github/rudironsoni/Synaxis/tests/Synaxis.Infrastructure.Tests/Synaxis.Infrastructure.Tests.csproj]
/home/rrj/src/github/rudironsoni/Synaxis/tests/Synaxis.Infrastructure.Tests/Services/TeamServiceTests.cs(284,17): error SA1413: Use trailing comma in multi-line initializers (https://github.com/DotNetAnalyzers/StyleCopAnalyzers/blob/master/documentation/SA1413.md) [/home/rrj/src/github/rudironsoni/Synaxis/tests/Synaxis.Infrastructure.Tests/Synaxis.Infrastructure.Tests.csproj]
/home/rrj/src/github/rudironsoni/Synaxis/tests/Synaxis.Infrastructure.Tests/Services/TeamServiceTests.cs(288,48): error SA1101: Prefix local calls with this (https://github.com/DotNetAnalyzers/StyleCopAnalyzers/blob/master/documentation/SA1101.md) [/home/rrj/src/github/rudironsoni/Synaxis/tests/Synaxis.Infrastructure.Tests/Synaxis.Infrastructure.Tests.csproj]
/home/rrj/src/github/rudironsoni/Synaxis/tests/Synaxis.Infrastructure.Tests/Services/TeamServiceTests.cs(256,19): error SA1101: Prefix local calls with this (https://github.com/DotNetAnalyzers/StyleCopAnalyzers/blob/master/documentation/SA1101.md) [/home/rrj/src/github/rudironsoni/Synaxis/tests/Synaxis.Infrastructure.Tests/Synaxis.Infrastructure.Tests.csproj]
/home/rrj/src/github/rudironsoni/Synaxis/tests/Synaxis.Infrastructure.Tests/Services/TeamServiceTests.cs(267,32): error SA1101: Prefix local calls with this (https://github.com/DotNetAnalyzers/StyleCopAnalyzers/blob/master/documentation/SA1101.md) [/home/rrj/src/github/rudironsoni/Synaxis/tests/Synaxis.Infrastructure.Tests/Synaxis.Infrastructure.Tests.csproj]
/home/rrj/src/github/rudironsoni/Synaxis/tests/Synaxis.Infrastructure.Tests/Services/TeamServiceTests.cs(240,9): error SA1124: Do not use regions (https://github.com/DotNetAnalyzers/StyleCopAnalyzers/blob/master/documentation/SA1124.md) [/home/rrj/src/github/rudironsoni/Synaxis/tests/Synaxis.Infrastructure.Tests/Synaxis.Infrastructure.Tests.csproj]
/home/rrj/src/github/rudironsoni/Synaxis/tests/Synaxis.Infrastructure.Tests/Services/TeamServiceTests.cs(288,42): error MA0004: Use Task.ConfigureAwait(false) if the current SynchronizationContext is not needed (https://github.com/meziantou/Meziantou.Analyzer/blob/main/docs/Rules/MA0004.md) [/home/rrj/src/github/rudironsoni/Synaxis/tests/Synaxis.Infrastructure.Tests/Synaxis.Infrastructure.Tests.csproj]
/home/rrj/src/github/rudironsoni/Synaxis/tests/Synaxis.Infrastructure.Tests/Services/TeamServiceTests.cs(295,9): error AsyncFixer01: Method 'UpdateTeamAsync_WithNullRequest_ThrowsArgumentNullException' only awaits a single expression - remove async/await and return the Task directly to reduce overhead (https://github.com/semihokur/AsyncFixer#asyncfixer01) [/home/rrj/src/github/rudironsoni/Synaxis/tests/Synaxis.Infrastructure.Tests/Synaxis.Infrastructure.Tests.csproj]
/home/rrj/src/github/rudironsoni/Synaxis/tests/Synaxis.Infrastructure.Tests/Services/TeamServiceTests.cs(302,48): error SA1101: Prefix local calls with this (https://github.com/DotNetAnalyzers/StyleCopAnalyzers/blob/master/documentation/SA1101.md) [/home/rrj/src/github/rudironsoni/Synaxis/tests/Synaxis.Infrastructure.Tests/Synaxis.Infrastructure.Tests.csproj]
/home/rrj/src/github/rudironsoni/Synaxis/tests/Synaxis.Infrastructure.Tests/Services/TeamServiceTests.cs(302,42): error MA0004: Use Task.ConfigureAwait(false) if the current SynchronizationContext is not needed (https://github.com/meziantou/Meziantou.Analyzer/blob/main/docs/Rules/MA0004.md) [/home/rrj/src/github/rudironsoni/Synaxis/tests/Synaxis.Infrastructure.Tests/Synaxis.Infrastructure.Tests.csproj]
/home/rrj/src/github/rudironsoni/Synaxis/tests/Synaxis.Infrastructure.Tests/Services/TeamServiceTests.cs(323,17): error SA1413: Use trailing comma in multi-line initializers (https://github.com/DotNetAnalyzers/StyleCopAnalyzers/blob/master/documentation/SA1413.md) [/home/rrj/src/github/rudironsoni/Synaxis/tests/Synaxis.Infrastructure.Tests/Synaxis.Infrastructure.Tests.csproj]
/home/rrj/src/github/rudironsoni/Synaxis/tests/Synaxis.Infrastructure.Tests/Services/TeamServiceTests.cs(320,34): error SA1101: Prefix local calls with this (https://github.com/DotNetAnalyzers/StyleCopAnalyzers/blob/master/documentation/SA1101.md) [/home/rrj/src/github/rudironsoni/Synaxis/tests/Synaxis.Infrastructure.Tests/Synaxis.Infrastructure.Tests.csproj]
/home/rrj/src/github/rudironsoni/Synaxis/tests/Synaxis.Infrastructure.Tests/Services/TeamServiceTests.cs(325,13): error SA1101: Prefix local calls with this (https://github.com/DotNetAnalyzers/StyleCopAnalyzers/blob/master/documentation/SA1101.md) [/home/rrj/src/github/rudironsoni/Synaxis/tests/Synaxis.Infrastructure.Tests/Synaxis.Infrastructure.Tests.csproj]
/home/rrj/src/github/rudironsoni/Synaxis/tests/Synaxis.Infrastructure.Tests/Services/TeamServiceTests.cs(326,19): error SA1101: Prefix local calls with this (https://github.com/DotNetAnalyzers/StyleCopAnalyzers/blob/master/documentation/SA1101.md) [/home/rrj/src/github/rudironsoni/Synaxis/tests/Synaxis.Infrastructure.Tests/Synaxis.Infrastructure.Tests.csproj]
/home/rrj/src/github/rudironsoni/Synaxis/tests/Synaxis.Infrastructure.Tests/Services/TeamServiceTests.cs(329,19): error SA1101: Prefix local calls with this (https://github.com/DotNetAnalyzers/StyleCopAnalyzers/blob/master/documentation/SA1101.md) [/home/rrj/src/github/rudironsoni/Synaxis/tests/Synaxis.Infrastructure.Tests/Synaxis.Infrastructure.Tests.csproj]
/home/rrj/src/github/rudironsoni/Synaxis/tests/Synaxis.Infrastructure.Tests/Services/TeamServiceTests.cs(329,52): error SA1101: Prefix local calls with this (https://github.com/DotNetAnalyzers/StyleCopAnalyzers/blob/master/documentation/SA1101.md) [/home/rrj/src/github/rudironsoni/Synaxis/tests/Synaxis.Infrastructure.Tests/Synaxis.Infrastructure.Tests.csproj]
/home/rrj/src/github/rudironsoni/Synaxis/tests/Synaxis.Infrastructure.Tests/Services/TeamServiceTests.cs(332,37): error SA1101: Prefix local calls with this (https://github.com/DotNetAnalyzers/StyleCopAnalyzers/blob/master/documentation/SA1101.md) [/home/rrj/src/github/rudironsoni/Synaxis/tests/Synaxis.Infrastructure.Tests/Synaxis.Infrastructure.Tests.csproj]
/home/rrj/src/github/rudironsoni/Synaxis/tests/Synaxis.Infrastructure.Tests/Services/TeamServiceTests.cs(310,9): error SA1124: Do not use regions (https://github.com/DotNetAnalyzers/StyleCopAnalyzers/blob/master/documentation/SA1124.md) [/home/rrj/src/github/rudironsoni/Synaxis/tests/Synaxis.Infrastructure.Tests/Synaxis.Infrastructure.Tests.csproj]
/home/rrj/src/github/rudironsoni/Synaxis/tests/Synaxis.Infrastructure.Tests/Services/TeamServiceTests.cs(337,9): error AsyncFixer01: Method 'DeleteTeamAsync_WithNonExistentTeam_ThrowsInvalidOperationException' only awaits a single expression - remove async/await and return the Task directly to reduce overhead (https://github.com/semihokur/AsyncFixer#asyncfixer01) [/home/rrj/src/github/rudironsoni/Synaxis/tests/Synaxis.Infrastructure.Tests/Synaxis.Infrastructure.Tests.csproj]
/home/rrj/src/github/rudironsoni/Synaxis/tests/Synaxis.Infrastructure.Tests/Services/TeamServiceTests.cs(363,17): error SA1413: Use trailing comma in multi-line initializers (https://github.com/DotNetAnalyzers/StyleCopAnalyzers/blob/master/documentation/SA1413.md) [/home/rrj/src/github/rudironsoni/Synaxis/tests/Synaxis.Infrastructure.Tests/Synaxis.Infrastructure.Tests.csproj]
/home/rrj/src/github/rudironsoni/Synaxis/tests/Synaxis.Infrastructure.Tests/Services/TeamServiceTests.cs(360,34): error SA1101: Prefix local calls with this (https://github.com/DotNetAnalyzers/StyleCopAnalyzers/blob/master/documentation/SA1101.md) [/home/rrj/src/github/rudironsoni/Synaxis/tests/Synaxis.Infrastructure.Tests/Synaxis.Infrastructure.Tests.csproj]
/home/rrj/src/github/rudironsoni/Synaxis/tests/Synaxis.Infrastructure.Tests/Services/TeamServiceTests.cs(365,13): error SA1101: Prefix local calls with this (https://github.com/DotNetAnalyzers/StyleCopAnalyzers/blob/master/documentation/SA1101.md) [/home/rrj/src/github/rudironsoni/Synaxis/tests/Synaxis.Infrastructure.Tests/Synaxis.Infrastructure.Tests.csproj]
/home/rrj/src/github/rudironsoni/Synaxis/tests/Synaxis.Infrastructure.Tests/Services/TeamServiceTests.cs(366,19): error SA1101: Prefix local calls with this (https://github.com/DotNetAnalyzers/StyleCopAnalyzers/blob/master/documentation/SA1101.md) [/home/rrj/src/github/rudironsoni/Synaxis/tests/Synaxis.Infrastructure.Tests/Synaxis.Infrastructure.Tests.csproj]
/home/rrj/src/github/rudironsoni/Synaxis/tests/Synaxis.Infrastructure.Tests/Services/TeamServiceTests.cs(369,48): error SA1101: Prefix local calls with this (https://github.com/DotNetAnalyzers/StyleCopAnalyzers/blob/master/documentation/SA1101.md) [/home/rrj/src/github/rudironsoni/Synaxis/tests/Synaxis.Infrastructure.Tests/Synaxis.Infrastructure.Tests.csproj]
/home/rrj/src/github/rudironsoni/Synaxis/tests/Synaxis.Infrastructure.Tests/Services/TeamServiceTests.cs(369,42): error MA0004: Use Task.ConfigureAwait(false) if the current SynchronizationContext is not needed (https://github.com/meziantou/Meziantou.Analyzer/blob/main/docs/Rules/MA0004.md) [/home/rrj/src/github/rudironsoni/Synaxis/tests/Synaxis.Infrastructure.Tests/Synaxis.Infrastructure.Tests.csproj]
/home/rrj/src/github/rudironsoni/Synaxis/tests/Synaxis.Infrastructure.Tests/Services/TeamServiceTests.cs(344,48): error SA1101: Prefix local calls with this (https://github.com/DotNetAnalyzers/StyleCopAnalyzers/blob/master/documentation/SA1101.md) [/home/rrj/src/github/rudironsoni/Synaxis/tests/Synaxis.Infrastructure.Tests/Synaxis.Infrastructure.Tests.csproj]
/home/rrj/src/github/rudironsoni/Synaxis/tests/Synaxis.Infrastructure.Tests/Services/TeamServiceTests.cs(344,88): error SA1101: Prefix local calls with this (https://github.com/DotNetAnalyzers/StyleCopAnalyzers/blob/master/documentation/SA1101.md) [/home/rrj/src/github/rudironsoni/Synaxis/tests/Synaxis.Infrastructure.Tests/Synaxis.Infrastructure.Tests.csproj]
/home/rrj/src/github/rudironsoni/Synaxis/tests/Synaxis.Infrastructure.Tests/Services/TeamServiceTests.cs(344,42): error MA0004: Use Task.ConfigureAwait(false) if the current SynchronizationContext is not needed (https://github.com/meziantou/Meziantou.Analyzer/blob/main/docs/Rules/MA0004.md) [/home/rrj/src/github/rudironsoni/Synaxis/tests/Synaxis.Infrastructure.Tests/Synaxis.Infrastructure.Tests.csproj]
/home/rrj/src/github/rudironsoni/Synaxis/tests/Synaxis.Infrastructure.Tests/Services/TeamServiceIntegrationTests.cs(71,17): error SA1101: Prefix local calls with this (https://github.com/DotNetAnalyzers/StyleCopAnalyzers/blob/master/documentation/SA1101.md) [/home/rrj/src/github/rudironsoni/Synaxis/tests/Synaxis.Infrastructure.Tests/Synaxis.Infrastructure.Tests.csproj]
/home/rrj/src/github/rudironsoni/Synaxis/tests/Synaxis.Infrastructure.Tests/Services/TeamServiceIntegrationTests.cs(73,23): error SA1101: Prefix local calls with this (https://github.com/DotNetAnalyzers/StyleCopAnalyzers/blob/master/documentation/SA1101.md) [/home/rrj/src/github/rudironsoni/Synaxis/tests/Synaxis.Infrastructure.Tests/Synaxis.Infrastructure.Tests.csproj]
/home/rrj/src/github/rudironsoni/Synaxis/tests/Synaxis.Infrastructure.Tests/Services/TeamServiceIntegrationTests.cs(76,17): error SA1101: Prefix local calls with this (https://github.com/DotNetAnalyzers/StyleCopAnalyzers/blob/master/documentation/SA1101.md) [/home/rrj/src/github/rudironsoni/Synaxis/tests/Synaxis.Infrastructure.Tests/Synaxis.Infrastructure.Tests.csproj]
/home/rrj/src/github/rudironsoni/Synaxis/tests/Synaxis.Infrastructure.Tests/Services/TeamServiceIntegrationTests.cs(78,23): error SA1101: Prefix local calls with this (https://github.com/DotNetAnalyzers/StyleCopAnalyzers/blob/master/documentation/SA1101.md) [/home/rrj/src/github/rudironsoni/Synaxis/tests/Synaxis.Infrastructure.Tests/Synaxis.Infrastructure.Tests.csproj]
/home/rrj/src/github/rudironsoni/Synaxis/tests/Synaxis.Infrastructure.Tests/Services/TeamServiceIntegrationTests.cs(73,17): error MA0004: Use Task.ConfigureAwait(false) if the current SynchronizationContext is not needed (https://github.com/meziantou/Meziantou.Analyzer/blob/main/docs/Rules/MA0004.md) [/home/rrj/src/github/rudironsoni/Synaxis/tests/Synaxis.Infrastructure.Tests/Synaxis.Infrastructure.Tests.csproj]
/home/rrj/src/github/rudironsoni/Synaxis/tests/Synaxis.Infrastructure.Tests/Services/TeamServiceIntegrationTests.cs(78,17): error MA0004: Use Task.ConfigureAwait(false) if the current SynchronizationContext is not needed (https://github.com/meziantou/Meziantou.Analyzer/blob/main/docs/Rules/MA0004.md) [/home/rrj/src/github/rudironsoni/Synaxis/tests/Synaxis.Infrastructure.Tests/Synaxis.Infrastructure.Tests.csproj]
/home/rrj/src/github/rudironsoni/Synaxis/tests/Synaxis.Infrastructure.Tests/Services/TeamServiceIntegrationTests.cs(93,37): error SA1101: Prefix local calls with this (https://github.com/DotNetAnalyzers/StyleCopAnalyzers/blob/master/documentation/SA1101.md) [/home/rrj/src/github/rudironsoni/Synaxis/tests/Synaxis.Infrastructure.Tests/Synaxis.Infrastructure.Tests.csproj]
/home/rrj/src/github/rudironsoni/Synaxis/tests/Synaxis.Infrastructure.Tests/Services/TeamServiceIntegrationTests.cs(93,71): error SA1101: Prefix local calls with this (https://github.com/DotNetAnalyzers/StyleCopAnalyzers/blob/master/documentation/SA1101.md) [/home/rrj/src/github/rudironsoni/Synaxis/tests/Synaxis.Infrastructure.Tests/Synaxis.Infrastructure.Tests.csproj]
/home/rrj/src/github/rudironsoni/Synaxis/tests/Synaxis.Infrastructure.Tests/Services/TeamServiceIntegrationTests.cs(93,88): error SA1101: Prefix local calls with this (https://github.com/DotNetAnalyzers/StyleCopAnalyzers/blob/master/documentation/SA1101.md) [/home/rrj/src/github/rudironsoni/Synaxis/tests/Synaxis.Infrastructure.Tests/Synaxis.Infrastructure.Tests.csproj]
/home/rrj/src/github/rudironsoni/Synaxis/tests/Synaxis.Infrastructure.Tests/Services/TeamServiceIntegrationTests.cs(99,39): error SA1101: Prefix local calls with this (https://github.com/DotNetAnalyzers/StyleCopAnalyzers/blob/master/documentation/SA1101.md) [/home/rrj/src/github/rudironsoni/Synaxis/tests/Synaxis.Infrastructure.Tests/Synaxis.Infrastructure.Tests.csproj]
/home/rrj/src/github/rudironsoni/Synaxis/tests/Synaxis.Infrastructure.Tests/Services/TeamServiceIntegrationTests.cs(99,77): error SA1101: Prefix local calls with this (https://github.com/DotNetAnalyzers/StyleCopAnalyzers/blob/master/documentation/SA1101.md) [/home/rrj/src/github/rudironsoni/Synaxis/tests/Synaxis.Infrastructure.Tests/Synaxis.Infrastructure.Tests.csproj]
/home/rrj/src/github/rudironsoni/Synaxis/tests/Synaxis.Infrastructure.Tests/Services/TeamServiceIntegrationTests.cs(109,37): error SA1101: Prefix local calls with this (https://github.com/DotNetAnalyzers/StyleCopAnalyzers/blob/master/documentation/SA1101.md) [/home/rrj/src/github/rudironsoni/Synaxis/tests/Synaxis.Infrastructure.Tests/Synaxis.Infrastructure.Tests.csproj]
/home/rrj/src/github/rudironsoni/Synaxis/tests/Synaxis.Infrastructure.Tests/Services/TeamServiceIntegrationTests.cs(113,19): error SA1101: Prefix local calls with this (https://github.com/DotNetAnalyzers/StyleCopAnalyzers/blob/master/documentation/SA1101.md) [/home/rrj/src/github/rudironsoni/Synaxis/tests/Synaxis.Infrastructure.Tests/Synaxis.Infrastructure.Tests.csproj]
/home/rrj/src/github/rudironsoni/Synaxis/tests/Synaxis.Infrastructure.Tests/Services/TeamServiceIntegrationTests.cs(113,60): error SA1101: Prefix local calls with this (https://github.com/DotNetAnalyzers/StyleCopAnalyzers/blob/master/documentation/SA1101.md) [/home/rrj/src/github/rudironsoni/Synaxis/tests/Synaxis.Infrastructure.Tests/Synaxis.Infrastructure.Tests.csproj]
/home/rrj/src/github/rudironsoni/Synaxis/tests/Synaxis.Infrastructure.Tests/Services/TeamServiceIntegrationTests.cs(115,37): error SA1101: Prefix local calls with this (https://github.com/DotNetAnalyzers/StyleCopAnalyzers/blob/master/documentation/SA1101.md) [/home/rrj/src/github/rudironsoni/Synaxis/tests/Synaxis.Infrastructure.Tests/Synaxis.Infrastructure.Tests.csproj]
/home/rrj/src/github/rudironsoni/Synaxis/tests/Synaxis.Infrastructure.Tests/Services/TeamServiceTests.cs(411,32): error SA1101: Prefix local calls with this (https://github.com/DotNetAnalyzers/StyleCopAnalyzers/blob/master/documentation/SA1101.md) [/home/rrj/src/github/rudironsoni/Synaxis/tests/Synaxis.Infrastructure.Tests/Synaxis.Infrastructure.Tests.csproj]
/home/rrj/src/github/rudironsoni/Synaxis/tests/Synaxis.Infrastructure.Tests/Services/TeamServiceTests.cs(411,56): error SA1101: Prefix local calls with this (https://github.com/DotNetAnalyzers/StyleCopAnalyzers/blob/master/documentation/SA1101.md) [/home/rrj/src/github/rudironsoni/Synaxis/tests/Synaxis.Infrastructure.Tests/Synaxis.Infrastructure.Tests.csproj]
/home/rrj/src/github/rudironsoni/Synaxis/tests/Synaxis.Infrastructure.Tests/Services/TeamServiceTests.cs(391,21): error SA1413: Use trailing comma in multi-line initializers (https://github.com/DotNetAnalyzers/StyleCopAnalyzers/blob/master/documentation/SA1413.md) [/home/rrj/src/github/rudironsoni/Synaxis/tests/Synaxis.Infrastructure.Tests/Synaxis.Infrastructure.Tests.csproj]
/home/rrj/src/github/rudironsoni/Synaxis/tests/Synaxis.Infrastructure.Tests/Services/TeamServiceTests.cs(385,17): error SA1101: Prefix local calls with this (https://github.com/DotNetAnalyzers/StyleCopAnalyzers/blob/master/documentation/SA1101.md) [/home/rrj/src/github/rudironsoni/Synaxis/tests/Synaxis.Infrastructure.Tests/Synaxis.Infrastructure.Tests.csproj]
/home/rrj/src/github/rudironsoni/Synaxis/tests/Synaxis.Infrastructure.Tests/Services/TeamServiceIntegrationTests.cs(47,13): error IDISP003: Dispose previous before re-assigning (https://github.com/DotNetAnalyzers/IDisposableAnalyzers/blob/master/documentation/IDISP003.md) [/home/rrj/src/github/rudironsoni/Synaxis/tests/Synaxis.Infrastructure.Tests/Synaxis.Infrastructure.Tests.csproj]
/home/rrj/src/github/rudironsoni/Synaxis/tests/Synaxis.Infrastructure.Tests/Services/TeamServiceTests.cs(388,38): error SA1101: Prefix local calls with this (https://github.com/DotNetAnalyzers/StyleCopAnalyzers/blob/master/documentation/SA1101.md) [/home/rrj/src/github/rudironsoni/Synaxis/tests/Synaxis.Infrastructure.Tests/Synaxis.Infrastructure.Tests.csproj]
/home/rrj/src/github/rudironsoni/Synaxis/tests/Synaxis.Infrastructure.Tests/Services/TeamServiceTests.cs(394,19): error SA1101: Prefix local calls with this (https://github.com/DotNetAnalyzers/StyleCopAnalyzers/blob/master/documentation/SA1101.md) [/home/rrj/src/github/rudironsoni/Synaxis/tests/Synaxis.Infrastructure.Tests/Synaxis.Infrastructure.Tests.csproj]
/home/rrj/src/github/rudironsoni/Synaxis/tests/Synaxis.Infrastructure.Tests/Services/TeamServiceTests.cs(397,32): error SA1101: Prefix local calls with this (https://github.com/DotNetAnalyzers/StyleCopAnalyzers/blob/master/documentation/SA1101.md) [/home/rrj/src/github/rudironsoni/Synaxis/tests/Synaxis.Infrastructure.Tests/Synaxis.Infrastructure.Tests.csproj]
/home/rrj/src/github/rudironsoni/Synaxis/tests/Synaxis.Infrastructure.Tests/Services/TeamServiceTests.cs(397,56): error SA1101: Prefix local calls with this (https://github.com/DotNetAnalyzers/StyleCopAnalyzers/blob/master/documentation/SA1101.md) [/home/rrj/src/github/rudironsoni/Synaxis/tests/Synaxis.Infrastructure.Tests/Synaxis.Infrastructure.Tests.csproj]
/home/rrj/src/github/rudironsoni/Synaxis/tests/Synaxis.Infrastructure.Tests/Services/TeamServiceTests.cs(377,9): error SA1124: Do not use regions (https://github.com/DotNetAnalyzers/StyleCopAnalyzers/blob/master/documentation/SA1124.md) [/home/rrj/src/github/rudironsoni/Synaxis/tests/Synaxis.Infrastructure.Tests/Synaxis.Infrastructure.Tests.csproj]
/home/rrj/src/github/rudironsoni/Synaxis/tests/Synaxis.Infrastructure.Tests/Migrations/TestcontainersMigrationTests.cs(343,33): error SA1101: Prefix local calls with this (https://github.com/DotNetAnalyzers/StyleCopAnalyzers/blob/master/documentation/SA1101.md) [/home/rrj/src/github/rudironsoni/Synaxis/tests/Synaxis.Infrastructure.Tests/Synaxis.Infrastructure.Tests.csproj]
/home/rrj/src/github/rudironsoni/Synaxis/tests/Synaxis.Infrastructure.Tests/Migrations/TestcontainersMigrationTests.cs(369,17): error MA0004: Use Task.ConfigureAwait(false) if the current SynchronizationContext is not needed (https://github.com/meziantou/Meziantou.Analyzer/blob/main/docs/Rules/MA0004.md) [/home/rrj/src/github/rudironsoni/Synaxis/tests/Synaxis.Infrastructure.Tests/Synaxis.Infrastructure.Tests.csproj]
/home/rrj/src/github/rudironsoni/Synaxis/tests/Synaxis.Infrastructure.Tests/Services/TeamServiceTests.cs(431,21): error SA1413: Use trailing comma in multi-line initializers (https://github.com/DotNetAnalyzers/StyleCopAnalyzers/blob/master/documentation/SA1413.md) [/home/rrj/src/github/rudironsoni/Synaxis/tests/Synaxis.Infrastructure.Tests/Synaxis.Infrastructure.Tests.csproj]
/home/rrj/src/github/rudironsoni/Synaxis/tests/Synaxis.Infrastructure.Tests/Services/TeamServiceTests.cs(425,17): error SA1101: Prefix local calls with this (https://github.com/DotNetAnalyzers/StyleCopAnalyzers/blob/master/documentation/SA1101.md) [/home/rrj/src/github/rudironsoni/Synaxis/tests/Synaxis.Infrastructure.Tests/Synaxis.Infrastructure.Tests.csproj]
/home/rrj/src/github/rudironsoni/Synaxis/tests/Synaxis.Infrastructure.Tests/Services/TeamServiceTests.cs(428,38): error SA1101: Prefix local calls with this (https://github.com/DotNetAnalyzers/StyleCopAnalyzers/blob/master/documentation/SA1101.md) [/home/rrj/src/github/rudironsoni/Synaxis/tests/Synaxis.Infrastructure.Tests/Synaxis.Infrastructure.Tests.csproj]
/home/rrj/src/github/rudironsoni/Synaxis/tests/Synaxis.Infrastructure.Tests/Services/TeamServiceTests.cs(434,19): error SA1101: Prefix local calls with this (https://github.com/DotNetAnalyzers/StyleCopAnalyzers/blob/master/documentation/SA1101.md) [/home/rrj/src/github/rudironsoni/Synaxis/tests/Synaxis.Infrastructure.Tests/Synaxis.Infrastructure.Tests.csproj]
/home/rrj/src/github/rudironsoni/Synaxis/tests/Synaxis.Infrastructure.Tests/Services/TeamServiceTests.cs(437,32): error SA1101: Prefix local calls with this (https://github.com/DotNetAnalyzers/StyleCopAnalyzers/blob/master/documentation/SA1101.md) [/home/rrj/src/github/rudironsoni/Synaxis/tests/Synaxis.Infrastructure.Tests/Synaxis.Infrastructure.Tests.csproj]
/home/rrj/src/github/rudironsoni/Synaxis/tests/Synaxis.Infrastructure.Tests/Services/TeamServiceTests.cs(437,56): error SA1101: Prefix local calls with this (https://github.com/DotNetAnalyzers/StyleCopAnalyzers/blob/master/documentation/SA1101.md) [/home/rrj/src/github/rudironsoni/Synaxis/tests/Synaxis.Infrastructure.Tests/Synaxis.Infrastructure.Tests.csproj]
/home/rrj/src/github/rudironsoni/Synaxis/tests/Synaxis.Infrastructure.Tests/Services/TeamServiceIntegrationTests.cs(32,13): error SA1101: Prefix local calls with this (https://github.com/DotNetAnalyzers/StyleCopAnalyzers/blob/master/documentation/SA1101.md) [/home/rrj/src/github/rudironsoni/Synaxis/tests/Synaxis.Infrastructure.Tests/Synaxis.Infrastructure.Tests.csproj]
/home/rrj/src/github/rudironsoni/Synaxis/tests/Synaxis.Infrastructure.Tests/Services/TeamServiceIntegrationTests.cs(39,19): error SA1101: Prefix local calls with this (https://github.com/DotNetAnalyzers/StyleCopAnalyzers/blob/master/documentation/SA1101.md) [/home/rrj/src/github/rudironsoni/Synaxis/tests/Synaxis.Infrastructure.Tests/Synaxis.Infrastructure.Tests.csproj]
/home/rrj/src/github/rudironsoni/Synaxis/tests/Synaxis.Infrastructure.Tests/Services/TeamServiceIntegrationTests.cs(42,28): error SA1101: Prefix local calls with this (https://github.com/DotNetAnalyzers/StyleCopAnalyzers/blob/master/documentation/SA1101.md) [/home/rrj/src/github/rudironsoni/Synaxis/tests/Synaxis.Infrastructure.Tests/Synaxis.Infrastructure.Tests.csproj]
/home/rrj/src/github/rudironsoni/Synaxis/tests/Synaxis.Infrastructure.Tests/Services/TeamServiceIntegrationTests.cs(47,13): error SA1101: Prefix local calls with this (https://github.com/DotNetAnalyzers/StyleCopAnalyzers/blob/master/documentation/SA1101.md) [/home/rrj/src/github/rudironsoni/Synaxis/tests/Synaxis.Infrastructure.Tests/Synaxis.Infrastructure.Tests.csproj]
/home/rrj/src/github/rudironsoni/Synaxis/tests/Synaxis.Infrastructure.Tests/Services/TeamServiceIntegrationTests.cs(48,19): error SA1101: Prefix local calls with this (https://github.com/DotNetAnalyzers/StyleCopAnalyzers/blob/master/documentation/SA1101.md) [/home/rrj/src/github/rudironsoni/Synaxis/tests/Synaxis.Infrastructure.Tests/Synaxis.Infrastructure.Tests.csproj]
/home/rrj/src/github/rudironsoni/Synaxis/tests/Synaxis.Infrastructure.Tests/Services/TeamServiceIntegrationTests.cs(50,13): error SA1101: Prefix local calls with this (https://github.com/DotNetAnalyzers/StyleCopAnalyzers/blob/master/documentation/SA1101.md) [/home/rrj/src/github/rudironsoni/Synaxis/tests/Synaxis.Infrastructure.Tests/Synaxis.Infrastructure.Tests.csproj]
/home/rrj/src/github/rudironsoni/Synaxis/tests/Synaxis.Infrastructure.Tests/Services/TeamServiceIntegrationTests.cs(51,13): error SA1101: Prefix local calls with this (https://github.com/DotNetAnalyzers/StyleCopAnalyzers/blob/master/documentation/SA1101.md) [/home/rrj/src/github/rudironsoni/Synaxis/tests/Synaxis.Infrastructure.Tests/Synaxis.Infrastructure.Tests.csproj]
/home/rrj/src/github/rudironsoni/Synaxis/tests/Synaxis.Infrastructure.Tests/Services/TeamServiceIntegrationTests.cs(51,40): error SA1101: Prefix local calls with this (https://github.com/DotNetAnalyzers/StyleCopAnalyzers/blob/master/documentation/SA1101.md) [/home/rrj/src/github/rudironsoni/Synaxis/tests/Synaxis.Infrastructure.Tests/Synaxis.Infrastructure.Tests.csproj]
/home/rrj/src/github/rudironsoni/Synaxis/tests/Synaxis.Infrastructure.Tests/Services/TeamServiceIntegrationTests.cs(51,50): error SA1101: Prefix local calls with this (https://github.com/DotNetAnalyzers/StyleCopAnalyzers/blob/master/documentation/SA1101.md) [/home/rrj/src/github/rudironsoni/Synaxis/tests/Synaxis.Infrastructure.Tests/Synaxis.Infrastructure.Tests.csproj]
/home/rrj/src/github/rudironsoni/Synaxis/tests/Synaxis.Infrastructure.Tests/Services/TeamServiceIntegrationTests.cs(53,13): error SA1101: Prefix local calls with this (https://github.com/DotNetAnalyzers/StyleCopAnalyzers/blob/master/documentation/SA1101.md) [/home/rrj/src/github/rudironsoni/Synaxis/tests/Synaxis.Infrastructure.Tests/Synaxis.Infrastructure.Tests.csproj]
/home/rrj/src/github/rudironsoni/Synaxis/tests/Synaxis.Infrastructure.Tests/Services/TeamServiceIntegrationTests.cs(54,13): error SA1101: Prefix local calls with this (https://github.com/DotNetAnalyzers/StyleCopAnalyzers/blob/master/documentation/SA1101.md) [/home/rrj/src/github/rudironsoni/Synaxis/tests/Synaxis.Infrastructure.Tests/Synaxis.Infrastructure.Tests.csproj]
/home/rrj/src/github/rudironsoni/Synaxis/tests/Synaxis.Infrastructure.Tests/Services/TeamServiceIntegrationTests.cs(58,22): error SA1101: Prefix local calls with this (https://github.com/DotNetAnalyzers/StyleCopAnalyzers/blob/master/documentation/SA1101.md) [/home/rrj/src/github/rudironsoni/Synaxis/tests/Synaxis.Infrastructure.Tests/Synaxis.Infrastructure.Tests.csproj]
/home/rrj/src/github/rudironsoni/Synaxis/tests/Synaxis.Infrastructure.Tests/Services/TeamServiceIntegrationTests.cs(65,13): error SA1101: Prefix local calls with this (https://github.com/DotNetAnalyzers/StyleCopAnalyzers/blob/master/documentation/SA1101.md) [/home/rrj/src/github/rudironsoni/Synaxis/tests/Synaxis.Infrastructure.Tests/Synaxis.Infrastructure.Tests.csproj]
/home/rrj/src/github/rudironsoni/Synaxis/tests/Synaxis.Infrastructure.Tests/Services/TeamServiceIntegrationTests.cs(66,19): error SA1101: Prefix local calls with this (https://github.com/DotNetAnalyzers/StyleCopAnalyzers/blob/master/documentation/SA1101.md) [/home/rrj/src/github/rudironsoni/Synaxis/tests/Synaxis.Infrastructure.Tests/Synaxis.Infrastructure.Tests.csproj]
/home/rrj/src/github/rudironsoni/Synaxis/tests/Synaxis.Infrastructure.Tests/Services/TeamServiceIntegrationTests.cs(147,29): error S6608: Indexing at 0 should be used instead of the "Enumerable" extension method "First" (https://rules.sonarsource.com/csharp/RSPEC-6608) [/home/rrj/src/github/rudironsoni/Synaxis/tests/Synaxis.Infrastructure.Tests/Synaxis.Infrastructure.Tests.csproj]
/home/rrj/src/github/rudironsoni/Synaxis/tests/Synaxis.Infrastructure.Tests/Services/TeamServiceIntegrationTests.cs(151,29): error S6608: Indexing at 0 should be used instead of the "Enumerable" extension method "First" (https://rules.sonarsource.com/csharp/RSPEC-6608) [/home/rrj/src/github/rudironsoni/Synaxis/tests/Synaxis.Infrastructure.Tests/Synaxis.Infrastructure.Tests.csproj]
/home/rrj/src/github/rudironsoni/Synaxis/tests/Synaxis.Infrastructure.Tests/Services/TeamServiceIntegrationTests.cs(132,13): error SA1101: Prefix local calls with this (https://github.com/DotNetAnalyzers/StyleCopAnalyzers/blob/master/documentation/SA1101.md) [/home/rrj/src/github/rudironsoni/Synaxis/tests/Synaxis.Infrastructure.Tests/Synaxis.Infrastructure.Tests.csproj]
/home/rrj/src/github/rudironsoni/Synaxis/tests/Synaxis.Infrastructure.Tests/Services/TeamServiceIntegrationTests.cs(133,19): error SA1101: Prefix local calls with this (https://github.com/DotNetAnalyzers/StyleCopAnalyzers/blob/master/documentation/SA1101.md) [/home/rrj/src/github/rudironsoni/Synaxis/tests/Synaxis.Infrastructure.Tests/Synaxis.Infrastructure.Tests.csproj]
/home/rrj/src/github/rudironsoni/Synaxis/tests/Synaxis.Infrastructure.Tests/Services/TeamServiceIntegrationTests.cs(135,31): error SA1101: Prefix local calls with this (https://github.com/DotNetAnalyzers/StyleCopAnalyzers/blob/master/documentation/SA1101.md) [/home/rrj/src/github/rudironsoni/Synaxis/tests/Synaxis.Infrastructure.Tests/Synaxis.Infrastructure.Tests.csproj]
/home/rrj/src/github/rudironsoni/Synaxis/tests/Synaxis.Infrastructure.Tests/Services/TeamServiceIntegrationTests.cs(137,17): error SA1101: Prefix local calls with this (https://github.com/DotNetAnalyzers/StyleCopAnalyzers/blob/master/documentation/SA1101.md) [/home/rrj/src/github/rudironsoni/Synaxis/tests/Synaxis.Infrastructure.Tests/Synaxis.Infrastructure.Tests.csproj]
/home/rrj/src/github/rudironsoni/Synaxis/tests/Synaxis.Infrastructure.Tests/Services/TeamServiceIntegrationTests.cs(138,17): error SA1101: Prefix local calls with this (https://github.com/DotNetAnalyzers/StyleCopAnalyzers/blob/master/documentation/SA1101.md) [/home/rrj/src/github/rudironsoni/Synaxis/tests/Synaxis.Infrastructure.Tests/Synaxis.Infrastructure.Tests.csproj]
/home/rrj/src/github/rudironsoni/Synaxis/tests/Synaxis.Infrastructure.Tests/Services/TeamServiceIntegrationTests.cs(140,31): error SA1101: Prefix local calls with this (https://github.com/DotNetAnalyzers/StyleCopAnalyzers/blob/master/documentation/SA1101.md) [/home/rrj/src/github/rudironsoni/Synaxis/tests/Synaxis.Infrastructure.Tests/Synaxis.Infrastructure.Tests.csproj]
/home/rrj/src/github/rudironsoni/Synaxis/tests/Synaxis.Infrastructure.Tests/Services/TeamServiceIntegrationTests.cs(143,17): error SA1101: Prefix local calls with this (https://github.com/DotNetAnalyzers/StyleCopAnalyzers/blob/master/documentation/SA1101.md) [/home/rrj/src/github/rudironsoni/Synaxis/tests/Synaxis.Infrastructure.Tests/Synaxis.Infrastructure.Tests.csproj]
/home/rrj/src/github/rudironsoni/Synaxis/tests/Synaxis.Infrastructure.Tests/Services/TeamServiceIntegrationTests.cs(145,35): error SA1101: Prefix local calls with this (https://github.com/DotNetAnalyzers/StyleCopAnalyzers/blob/master/documentation/SA1101.md) [/home/rrj/src/github/rudironsoni/Synaxis/tests/Synaxis.Infrastructure.Tests/Synaxis.Infrastructure.Tests.csproj]
/home/rrj/src/github/rudironsoni/Synaxis/tests/Synaxis.Infrastructure.Tests/Services/TeamServiceIntegrationTests.cs(145,59): error SA1101: Prefix local calls with this (https://github.com/DotNetAnalyzers/StyleCopAnalyzers/blob/master/documentation/SA1101.md) [/home/rrj/src/github/rudironsoni/Synaxis/tests/Synaxis.Infrastructure.Tests/Synaxis.Infrastructure.Tests.csproj]
/home/rrj/src/github/rudironsoni/Synaxis/tests/Synaxis.Infrastructure.Tests/Services/TeamServiceIntegrationTests.cs(149,35): error SA1101: Prefix local calls with this (https://github.com/DotNetAnalyzers/StyleCopAnalyzers/blob/master/documentation/SA1101.md) [/home/rrj/src/github/rudironsoni/Synaxis/tests/Synaxis.Infrastructure.Tests/Synaxis.Infrastructure.Tests.csproj]
/home/rrj/src/github/rudironsoni/Synaxis/tests/Synaxis.Infrastructure.Tests/Services/TeamServiceIntegrationTests.cs(153,39): error SA1101: Prefix local calls with this (https://github.com/DotNetAnalyzers/StyleCopAnalyzers/blob/master/documentation/SA1101.md) [/home/rrj/src/github/rudironsoni/Synaxis/tests/Synaxis.Infrastructure.Tests/Synaxis.Infrastructure.Tests.csproj]
/home/rrj/src/github/rudironsoni/Synaxis/tests/Synaxis.Infrastructure.Tests/Services/TeamServiceIntegrationTests.cs(39,13): error MA0004: Use Task.ConfigureAwait(false) if the current SynchronizationContext is not needed (https://github.com/meziantou/Meziantou.Analyzer/blob/main/docs/Rules/MA0004.md) [/home/rrj/src/github/rudironsoni/Synaxis/tests/Synaxis.Infrastructure.Tests/Synaxis.Infrastructure.Tests.csproj]
/home/rrj/src/github/rudironsoni/Synaxis/tests/Synaxis.Infrastructure.Tests/Services/TeamServiceIntegrationTests.cs(48,13): error MA0004: Use Task.ConfigureAwait(false) if the current SynchronizationContext is not needed (https://github.com/meziantou/Meziantou.Analyzer/blob/main/docs/Rules/MA0004.md) [/home/rrj/src/github/rudironsoni/Synaxis/tests/Synaxis.Infrastructure.Tests/Synaxis.Infrastructure.Tests.csproj]
/home/rrj/src/github/rudironsoni/Synaxis/tests/Synaxis.Infrastructure.Tests/Services/TeamServiceIntegrationTests.cs(66,13): error MA0004: Use Task.ConfigureAwait(false) if the current SynchronizationContext is not needed (https://github.com/meziantou/Meziantou.Analyzer/blob/main/docs/Rules/MA0004.md) [/home/rrj/src/github/rudironsoni/Synaxis/tests/Synaxis.Infrastructure.Tests/Synaxis.Infrastructure.Tests.csproj]
/home/rrj/src/github/rudironsoni/Synaxis/tests/Synaxis.Infrastructure.Tests/Services/TeamServiceTests.cs(461,17): error SA1413: Use trailing comma in multi-line initializers (https://github.com/DotNetAnalyzers/StyleCopAnalyzers/blob/master/documentation/SA1413.md) [/home/rrj/src/github/rudironsoni/Synaxis/tests/Synaxis.Infrastructure.Tests/Synaxis.Infrastructure.Tests.csproj]
/home/rrj/src/github/rudironsoni/Synaxis/tests/Synaxis.Infrastructure.Tests/Services/TeamServiceTests.cs(458,34): error SA1101: Prefix local calls with this (https://github.com/DotNetAnalyzers/StyleCopAnalyzers/blob/master/documentation/SA1101.md) [/home/rrj/src/github/rudironsoni/Synaxis/tests/Synaxis.Infrastructure.Tests/Synaxis.Infrastructure.Tests.csproj]
/home/rrj/src/github/rudironsoni/Synaxis/tests/Synaxis.Infrastructure.Tests/Services/TeamServiceTests.cs(463,13): error SA1101: Prefix local calls with this (https://github.com/DotNetAnalyzers/StyleCopAnalyzers/blob/master/documentation/SA1101.md) [/home/rrj/src/github/rudironsoni/Synaxis/tests/Synaxis.Infrastructure.Tests/Synaxis.Infrastructure.Tests.csproj]
/home/rrj/src/github/rudironsoni/Synaxis/tests/Synaxis.Infrastructure.Tests/Services/TeamServiceTests.cs(464,19): error SA1101: Prefix local calls with this (https://github.com/DotNetAnalyzers/StyleCopAnalyzers/blob/master/documentation/SA1101.md) [/home/rrj/src/github/rudironsoni/Synaxis/tests/Synaxis.Infrastructure.Tests/Synaxis.Infrastructure.Tests.csproj]
/home/rrj/src/github/rudironsoni/Synaxis/tests/Synaxis.Infrastructure.Tests/Services/TeamServiceTests.cs(467,19): error SA1101: Prefix local calls with this (https://github.com/DotNetAnalyzers/StyleCopAnalyzers/blob/master/documentation/SA1101.md) [/home/rrj/src/github/rudironsoni/Synaxis/tests/Synaxis.Infrastructure.Tests/Synaxis.Infrastructure.Tests.csproj]
/home/rrj/src/github/rudironsoni/Synaxis/tests/Synaxis.Infrastructure.Tests/Services/TeamServiceTests.cs(467,53): error SA1101: Prefix local calls with this (https://github.com/DotNetAnalyzers/StyleCopAnalyzers/blob/master/documentation/SA1101.md) [/home/rrj/src/github/rudironsoni/Synaxis/tests/Synaxis.Infrastructure.Tests/Synaxis.Infrastructure.Tests.csproj]
/home/rrj/src/github/rudironsoni/Synaxis/tests/Synaxis.Infrastructure.Tests/Services/TeamServiceTests.cs(470,38): error SA1101: Prefix local calls with this (https://github.com/DotNetAnalyzers/StyleCopAnalyzers/blob/master/documentation/SA1101.md) [/home/rrj/src/github/rudironsoni/Synaxis/tests/Synaxis.Infrastructure.Tests/Synaxis.Infrastructure.Tests.csproj]
/home/rrj/src/github/rudironsoni/Synaxis/tests/Synaxis.Infrastructure.Tests/Services/TeamServiceTests.cs(448,9): error SA1124: Do not use regions (https://github.com/DotNetAnalyzers/StyleCopAnalyzers/blob/master/documentation/SA1124.md) [/home/rrj/src/github/rudironsoni/Synaxis/tests/Synaxis.Infrastructure.Tests/Synaxis.Infrastructure.Tests.csproj]
/home/rrj/src/github/rudironsoni/Synaxis/tests/Synaxis.Infrastructure.Tests/Migrations/TestcontainersMigrationTests.cs(424,13): error IDISP001: Dispose created (https://github.com/DotNetAnalyzers/IDisposableAnalyzers/blob/master/documentation/IDISP001.md) [/home/rrj/src/github/rudironsoni/Synaxis/tests/Synaxis.Infrastructure.Tests/Synaxis.Infrastructure.Tests.csproj]
/home/rrj/src/github/rudironsoni/Synaxis/tests/Synaxis.Infrastructure.Tests/Services/TeamServiceTests.cs(475,9): error AsyncFixer01: Method 'ArchiveTeamAsync_WithNonExistentTeam_ThrowsInvalidOperationException' only awaits a single expression - remove async/await and return the Task directly to reduce overhead (https://github.com/semihokur/AsyncFixer#asyncfixer01) [/home/rrj/src/github/rudironsoni/Synaxis/tests/Synaxis.Infrastructure.Tests/Synaxis.Infrastructure.Tests.csproj]
/home/rrj/src/github/rudironsoni/Synaxis/tests/Synaxis.Infrastructure.Tests/Services/TeamServiceTests.cs(482,48): error SA1101: Prefix local calls with this (https://github.com/DotNetAnalyzers/StyleCopAnalyzers/blob/master/documentation/SA1101.md) [/home/rrj/src/github/rudironsoni/Synaxis/tests/Synaxis.Infrastructure.Tests/Synaxis.Infrastructure.Tests.csproj]
/home/rrj/src/github/rudironsoni/Synaxis/tests/Synaxis.Infrastructure.Tests/Services/TeamServiceTests.cs(482,89): error SA1101: Prefix local calls with this (https://github.com/DotNetAnalyzers/StyleCopAnalyzers/blob/master/documentation/SA1101.md) [/home/rrj/src/github/rudironsoni/Synaxis/tests/Synaxis.Infrastructure.Tests/Synaxis.Infrastructure.Tests.csproj]
/home/rrj/src/github/rudironsoni/Synaxis/tests/Synaxis.Infrastructure.Tests/Services/TeamServiceTests.cs(482,42): error MA0004: Use Task.ConfigureAwait(false) if the current SynchronizationContext is not needed (https://github.com/meziantou/Meziantou.Analyzer/blob/main/docs/Rules/MA0004.md) [/home/rrj/src/github/rudironsoni/Synaxis/tests/Synaxis.Infrastructure.Tests/Synaxis.Infrastructure.Tests.csproj]
/home/rrj/src/github/rudironsoni/Synaxis/tests/Synaxis.Infrastructure.Tests/Migrations/TestcontainersMigrationTests.cs(422,34): error S2325: Make 'TableExistsAsync' a static method. (https://rules.sonarsource.com/csharp/RSPEC-2325) [/home/rrj/src/github/rudironsoni/Synaxis/tests/Synaxis.Infrastructure.Tests/Synaxis.Infrastructure.Tests.csproj]
/home/rrj/src/github/rudironsoni/Synaxis/tests/Synaxis.Infrastructure.Tests/Services/TeamServiceTests.cs(504,17): error SA1413: Use trailing comma in multi-line initializers (https://github.com/DotNetAnalyzers/StyleCopAnalyzers/blob/master/documentation/SA1413.md) [/home/rrj/src/github/rudironsoni/Synaxis/tests/Synaxis.Infrastructure.Tests/Synaxis.Infrastructure.Tests.csproj]
/home/rrj/src/github/rudironsoni/Synaxis/tests/Synaxis.Infrastructure.Tests/Services/TeamServiceTests.cs(501,34): error SA1101: Prefix local calls with this (https://github.com/DotNetAnalyzers/StyleCopAnalyzers/blob/master/documentation/SA1101.md) [/home/rrj/src/github/rudironsoni/Synaxis/tests/Synaxis.Infrastructure.Tests/Synaxis.Infrastructure.Tests.csproj]
/home/rrj/src/github/rudironsoni/Synaxis/tests/Synaxis.Infrastructure.Tests/Services/TeamServiceTests.cs(506,13): error SA1101: Prefix local calls with this (https://github.com/DotNetAnalyzers/StyleCopAnalyzers/blob/master/documentation/SA1101.md) [/home/rrj/src/github/rudironsoni/Synaxis/tests/Synaxis.Infrastructure.Tests/Synaxis.Infrastructure.Tests.csproj]
/home/rrj/src/github/rudironsoni/Synaxis/tests/Synaxis.Infrastructure.Tests/Services/TeamServiceTests.cs(507,19): error SA1101: Prefix local calls with this (https://github.com/DotNetAnalyzers/StyleCopAnalyzers/blob/master/documentation/SA1101.md) [/home/rrj/src/github/rudironsoni/Synaxis/tests/Synaxis.Infrastructure.Tests/Synaxis.Infrastructure.Tests.csproj]
/home/rrj/src/github/rudironsoni/Synaxis/tests/Synaxis.Infrastructure.Tests/Services/TeamServiceTests.cs(510,19): error SA1101: Prefix local calls with this (https://github.com/DotNetAnalyzers/StyleCopAnalyzers/blob/master/documentation/SA1101.md) [/home/rrj/src/github/rudironsoni/Synaxis/tests/Synaxis.Infrastructure.Tests/Synaxis.Infrastructure.Tests.csproj]
/home/rrj/src/github/rudironsoni/Synaxis/tests/Synaxis.Infrastructure.Tests/Services/TeamServiceTests.cs(510,53): error SA1101: Prefix local calls with this (https://github.com/DotNetAnalyzers/StyleCopAnalyzers/blob/master/documentation/SA1101.md) [/home/rrj/src/github/rudironsoni/Synaxis/tests/Synaxis.Infrastructure.Tests/Synaxis.Infrastructure.Tests.csproj]
/home/rrj/src/github/rudironsoni/Synaxis/tests/Synaxis.Infrastructure.Tests/Services/TeamServiceTests.cs(513,38): error SA1101: Prefix local calls with this (https://github.com/DotNetAnalyzers/StyleCopAnalyzers/blob/master/documentation/SA1101.md) [/home/rrj/src/github/rudironsoni/Synaxis/tests/Synaxis.Infrastructure.Tests/Synaxis.Infrastructure.Tests.csproj]
/home/rrj/src/github/rudironsoni/Synaxis/tests/Synaxis.Infrastructure.Tests/Services/TeamServiceTests.cs(491,9): error SA1124: Do not use regions (https://github.com/DotNetAnalyzers/StyleCopAnalyzers/blob/master/documentation/SA1124.md) [/home/rrj/src/github/rudironsoni/Synaxis/tests/Synaxis.Infrastructure.Tests/Synaxis.Infrastructure.Tests.csproj]
/home/rrj/src/github/rudironsoni/Synaxis/tests/Synaxis.Infrastructure.Tests/Services/TeamServiceIntegrationTests.cs(160,19): error SA1101: Prefix local calls with this (https://github.com/DotNetAnalyzers/StyleCopAnalyzers/blob/master/documentation/SA1101.md) [/home/rrj/src/github/rudironsoni/Synaxis/tests/Synaxis.Infrastructure.Tests/Synaxis.Infrastructure.Tests.csproj]
/home/rrj/src/github/rudironsoni/Synaxis/tests/Synaxis.Infrastructure.Tests/Services/TeamServiceIntegrationTests.cs(162,17): error SA1101: Prefix local calls with this (https://github.com/DotNetAnalyzers/StyleCopAnalyzers/blob/master/documentation/SA1101.md) [/home/rrj/src/github/rudironsoni/Synaxis/tests/Synaxis.Infrastructure.Tests/Synaxis.Infrastructure.Tests.csproj]
/home/rrj/src/github/rudironsoni/Synaxis/tests/Synaxis.Infrastructure.Tests/Services/TeamServiceIntegrationTests.cs(163,17): error SA1101: Prefix local calls with this (https://github.com/DotNetAnalyzers/StyleCopAnalyzers/blob/master/documentation/SA1101.md) [/home/rrj/src/github/rudironsoni/Synaxis/tests/Synaxis.Infrastructure.Tests/Synaxis.Infrastructure.Tests.csproj]
/home/rrj/src/github/rudironsoni/Synaxis/tests/Synaxis.Infrastructure.Tests/Services/TeamServiceIntegrationTests.cs(165,41): error SA1101: Prefix local calls with this (https://github.com/DotNetAnalyzers/StyleCopAnalyzers/blob/master/documentation/SA1101.md) [/home/rrj/src/github/rudironsoni/Synaxis/tests/Synaxis.Infrastructure.Tests/Synaxis.Infrastructure.Tests.csproj]
/home/rrj/src/github/rudironsoni/Synaxis/tests/Synaxis.Infrastructure.Tests/Services/TeamServiceIntegrationTests.cs(167,17): error SA1101: Prefix local calls with this (https://github.com/DotNetAnalyzers/StyleCopAnalyzers/blob/master/documentation/SA1101.md) [/home/rrj/src/github/rudironsoni/Synaxis/tests/Synaxis.Infrastructure.Tests/Synaxis.Infrastructure.Tests.csproj]
/home/rrj/src/github/rudironsoni/Synaxis/tests/Synaxis.Infrastructure.Tests/Services/TeamServiceIntegrationTests.cs(168,17): error SA1101: Prefix local calls with this (https://github.com/DotNetAnalyzers/StyleCopAnalyzers/blob/master/documentation/SA1101.md) [/home/rrj/src/github/rudironsoni/Synaxis/tests/Synaxis.Infrastructure.Tests/Synaxis.Infrastructure.Tests.csproj]
/home/rrj/src/github/rudironsoni/Synaxis/tests/Synaxis.Infrastructure.Tests/Migrations/TestcontainersMigrationTests.cs(430,17): error MA0004: Use Task.ConfigureAwait(false) if the current SynchronizationContext is not needed (https://github.com/meziantou/Meziantou.Analyzer/blob/main/docs/Rules/MA0004.md) [/home/rrj/src/github/rudironsoni/Synaxis/tests/Synaxis.Infrastructure.Tests/Synaxis.Infrastructure.Tests.csproj]
/home/rrj/src/github/rudironsoni/Synaxis/tests/Synaxis.Infrastructure.Tests/Migrations/TestcontainersMigrationTests.cs(449,30): error MA0004: Use Task.ConfigureAwait(false) if the current SynchronizationContext is not needed (https://github.com/meziantou/Meziantou.Analyzer/blob/main/docs/Rules/MA0004.md) [/home/rrj/src/github/rudironsoni/Synaxis/tests/Synaxis.Infrastructure.Tests/Synaxis.Infrastructure.Tests.csproj]
/home/rrj/src/github/rudironsoni/Synaxis/tests/Synaxis.Infrastructure.Tests/Migrations/TestcontainersMigrationTests.cs(456,21): error MA0004: Use Task.ConfigureAwait(false) if the current SynchronizationContext is not needed (https://github.com/meziantou/Meziantou.Analyzer/blob/main/docs/Rules/MA0004.md) [/home/rrj/src/github/rudironsoni/Synaxis/tests/Synaxis.Infrastructure.Tests/Synaxis.Infrastructure.Tests.csproj]
/home/rrj/src/github/rudironsoni/Synaxis/tests/Synaxis.Infrastructure.Tests/Services/TeamServiceIntegrationTests.cs(165,35): error MA0004: Use Task.ConfigureAwait(false) if the current SynchronizationContext is not needed (https://github.com/meziantou/Meziantou.Analyzer/blob/main/docs/Rules/MA0004.md) [/home/rrj/src/github/rudironsoni/Synaxis/tests/Synaxis.Infrastructure.Tests/Synaxis.Infrastructure.Tests.csproj]
/home/rrj/src/github/rudironsoni/Synaxis/tests/Synaxis.Infrastructure.Tests/Migrations/TestcontainersMigrationTests.cs(380,33): error SA1101: Prefix local calls with this (https://github.com/DotNetAnalyzers/StyleCopAnalyzers/blob/master/documentation/SA1101.md) [/home/rrj/src/github/rudironsoni/Synaxis/tests/Synaxis.Infrastructure.Tests/Synaxis.Infrastructure.Tests.csproj]
/home/rrj/src/github/rudironsoni/Synaxis/tests/Synaxis.Infrastructure.Tests/Migrations/TestcontainersMigrationTests.cs(389,34): error MA0002: Use an overload that has a IEqualityComparer<string> or IComparer<string> parameter (https://github.com/meziantou/Meziantou.Analyzer/blob/main/docs/Rules/MA0002.md) [/home/rrj/src/github/rudironsoni/Synaxis/tests/Synaxis.Infrastructure.Tests/Synaxis.Infrastructure.Tests.csproj]
/home/rrj/src/github/rudironsoni/Synaxis/tests/Synaxis.Infrastructure.Tests/Services/TeamServiceIntegrationTests.cs(186,13): error SA1101: Prefix local calls with this (https://github.com/DotNetAnalyzers/StyleCopAnalyzers/blob/master/documentation/SA1101.md) [/home/rrj/src/github/rudironsoni/Synaxis/tests/Synaxis.Infrastructure.Tests/Synaxis.Infrastructure.Tests.csproj]
/home/rrj/src/github/rudironsoni/Synaxis/tests/Synaxis.Infrastructure.Tests/Services/TeamServiceIntegrationTests.cs(187,19): error SA1101: Prefix local calls with this (https://github.com/DotNetAnalyzers/StyleCopAnalyzers/blob/master/documentation/SA1101.md) [/home/rrj/src/github/rudironsoni/Synaxis/tests/Synaxis.Infrastructure.Tests/Synaxis.Infrastructure.Tests.csproj]
/home/rrj/src/github/rudironsoni/Synaxis/tests/Synaxis.Infrastructure.Tests/Services/TeamServiceIntegrationTests.cs(189,31): error SA1101: Prefix local calls with this (https://github.com/DotNetAnalyzers/StyleCopAnalyzers/blob/master/documentation/SA1101.md) [/home/rrj/src/github/rudironsoni/Synaxis/tests/Synaxis.Infrastructure.Tests/Synaxis.Infrastructure.Tests.csproj]
/home/rrj/src/github/rudironsoni/Synaxis/tests/Synaxis.Infrastructure.Tests/Services/TeamServiceIntegrationTests.cs(191,17): error SA1101: Prefix local calls with this (https://github.com/DotNetAnalyzers/StyleCopAnalyzers/blob/master/documentation/SA1101.md) [/home/rrj/src/github/rudironsoni/Synaxis/tests/Synaxis.Infrastructure.Tests/Synaxis.Infrastructure.Tests.csproj]
/home/rrj/src/github/rudironsoni/Synaxis/tests/Synaxis.Infrastructure.Tests/Services/TeamServiceIntegrationTests.cs(192,17): error SA1101: Prefix local calls with this (https://github.com/DotNetAnalyzers/StyleCopAnalyzers/blob/master/documentation/SA1101.md) [/home/rrj/src/github/rudironsoni/Synaxis/tests/Synaxis.Infrastructure.Tests/Synaxis.Infrastructure.Tests.csproj]
/home/rrj/src/github/rudironsoni/Synaxis/tests/Synaxis.Infrastructure.Tests/Services/TeamServiceIntegrationTests.cs(194,31): error SA1101: Prefix local calls with this (https://github.com/DotNetAnalyzers/StyleCopAnalyzers/blob/master/documentation/SA1101.md) [/home/rrj/src/github/rudironsoni/Synaxis/tests/Synaxis.Infrastructure.Tests/Synaxis.Infrastructure.Tests.csproj]
/home/rrj/src/github/rudironsoni/Synaxis/tests/Synaxis.Infrastructure.Tests/Services/TeamServiceIntegrationTests.cs(197,17): error SA1101: Prefix local calls with this (https://github.com/DotNetAnalyzers/StyleCopAnalyzers/blob/master/documentation/SA1101.md) [/home/rrj/src/github/rudironsoni/Synaxis/tests/Synaxis.Infrastructure.Tests/Synaxis.Infrastructure.Tests.csproj]
/home/rrj/src/github/rudironsoni/Synaxis/tests/Synaxis.Infrastructure.Tests/Services/TeamServiceTests.cs(518,9): error AsyncFixer01: Method 'RestoreTeamAsync_WithNonExistentTeam_ThrowsInvalidOperationException' only awaits a single expression - remove async/await and return the Task directly to reduce overhead (https://github.com/semihokur/AsyncFixer#asyncfixer01) [/home/rrj/src/github/rudironsoni/Synaxis/tests/Synaxis.Infrastructure.Tests/Synaxis.Infrastructure.Tests.csproj]
/home/rrj/src/github/rudironsoni/Synaxis/tests/Synaxis.Infrastructure.Tests/Services/TeamServiceTests.cs(525,48): error SA1101: Prefix local calls with this (https://github.com/DotNetAnalyzers/StyleCopAnalyzers/blob/master/documentation/SA1101.md) [/home/rrj/src/github/rudironsoni/Synaxis/tests/Synaxis.Infrastructure.Tests/Synaxis.Infrastructure.Tests.csproj]
/home/rrj/src/github/rudironsoni/Synaxis/tests/Synaxis.Infrastructure.Tests/Services/TeamServiceTests.cs(525,89): error SA1101: Prefix local calls with this (https://github.com/DotNetAnalyzers/StyleCopAnalyzers/blob/master/documentation/SA1101.md) [/home/rrj/src/github/rudironsoni/Synaxis/tests/Synaxis.Infrastructure.Tests/Synaxis.Infrastructure.Tests.csproj]
/home/rrj/src/github/rudironsoni/Synaxis/tests/Synaxis.Infrastructure.Tests/Services/TeamServiceTests.cs(543,32): error SA1101: Prefix local calls with this (https://github.com/DotNetAnalyzers/StyleCopAnalyzers/blob/master/documentation/SA1101.md) [/home/rrj/src/github/rudironsoni/Synaxis/tests/Synaxis.Infrastructure.Tests/Synaxis.Infrastructure.Tests.csproj]
/home/rrj/src/github/rudironsoni/Synaxis/tests/Synaxis.Infrastructure.Tests/Services/TeamServiceTests.cs(543,69): error SA1101: Prefix local calls with this (https://github.com/DotNetAnalyzers/StyleCopAnalyzers/blob/master/documentation/SA1101.md) [/home/rrj/src/github/rudironsoni/Synaxis/tests/Synaxis.Infrastructure.Tests/Synaxis.Infrastructure.Tests.csproj]
/home/rrj/src/github/rudironsoni/Synaxis/tests/Synaxis.Infrastructure.Tests/Services/TeamServiceTests.cs(534,9): error SA1124: Do not use regions (https://github.com/DotNetAnalyzers/StyleCopAnalyzers/blob/master/documentation/SA1124.md) [/home/rrj/src/github/rudironsoni/Synaxis/tests/Synaxis.Infrastructure.Tests/Synaxis.Infrastructure.Tests.csproj]
/home/rrj/src/github/rudironsoni/Synaxis/tests/Synaxis.Infrastructure.Tests/Services/TeamServiceTests.cs(525,42): error MA0004: Use Task.ConfigureAwait(false) if the current SynchronizationContext is not needed (https://github.com/meziantou/Meziantou.Analyzer/blob/main/docs/Rules/MA0004.md) [/home/rrj/src/github/rudironsoni/Synaxis/tests/Synaxis.Infrastructure.Tests/Synaxis.Infrastructure.Tests.csproj]
/home/rrj/src/github/rudironsoni/Synaxis/tests/Synaxis.Infrastructure.Tests/Services/TeamServiceIntegrationTests.cs(208,38): error SA1101: Prefix local calls with this (https://github.com/DotNetAnalyzers/StyleCopAnalyzers/blob/master/documentation/SA1101.md) [/home/rrj/src/github/rudironsoni/Synaxis/tests/Synaxis.Infrastructure.Tests/Synaxis.Infrastructure.Tests.csproj]
/home/rrj/src/github/rudironsoni/Synaxis/tests/Synaxis.Infrastructure.Tests/Services/TeamServiceIntegrationTests.cs(208,71): error SA1101: Prefix local calls with this (https://github.com/DotNetAnalyzers/StyleCopAnalyzers/blob/master/documentation/SA1101.md) [/home/rrj/src/github/rudironsoni/Synaxis/tests/Synaxis.Infrastructure.Tests/Synaxis.Infrastructure.Tests.csproj]
/home/rrj/src/github/rudironsoni/Synaxis/tests/Synaxis.Infrastructure.Tests/Services/TeamServiceIntegrationTests.cs(210,19): error SA1101: Prefix local calls with this (https://github.com/DotNetAnalyzers/StyleCopAnalyzers/blob/master/documentation/SA1101.md) [/home/rrj/src/github/rudironsoni/Synaxis/tests/Synaxis.Infrastructure.Tests/Synaxis.Infrastructure.Tests.csproj]
/home/rrj/src/github/rudironsoni/Synaxis/tests/Synaxis.Infrastructure.Tests/Services/TeamServiceIntegrationTests.cs(214,23): error SA1101: Prefix local calls with this (https://github.com/DotNetAnalyzers/StyleCopAnalyzers/blob/master/documentation/SA1101.md) [/home/rrj/src/github/rudironsoni/Synaxis/tests/Synaxis.Infrastructure.Tests/Synaxis.Infrastructure.Tests.csproj]
/home/rrj/src/github/rudironsoni/Synaxis/tests/Synaxis.Infrastructure.Tests/Services/TeamServiceIntegrationTests.cs(220,21): error SA1101: Prefix local calls with this (https://github.com/DotNetAnalyzers/StyleCopAnalyzers/blob/master/documentation/SA1101.md) [/home/rrj/src/github/rudironsoni/Synaxis/tests/Synaxis.Infrastructure.Tests/Synaxis.Infrastructure.Tests.csproj]
/home/rrj/src/github/rudironsoni/Synaxis/tests/Synaxis.Infrastructure.Tests/Services/TeamServiceIntegrationTests.cs(221,21): error SA1101: Prefix local calls with this (https://github.com/DotNetAnalyzers/StyleCopAnalyzers/blob/master/documentation/SA1101.md) [/home/rrj/src/github/rudironsoni/Synaxis/tests/Synaxis.Infrastructure.Tests/Synaxis.Infrastructure.Tests.csproj]
/home/rrj/src/github/rudironsoni/Synaxis/tests/Synaxis.Infrastructure.Tests/Services/TeamServiceIntegrationTests.cs(224,31): error SA1101: Prefix local calls with this (https://github.com/DotNetAnalyzers/StyleCopAnalyzers/blob/master/documentation/SA1101.md) [/home/rrj/src/github/rudironsoni/Synaxis/tests/Synaxis.Infrastructure.Tests/Synaxis.Infrastructure.Tests.csproj]
/home/rrj/src/github/rudironsoni/Synaxis/tests/Synaxis.Infrastructure.Tests/Services/TeamServiceIntegrationTests.cs(224,55): error SA1101: Prefix local calls with this (https://github.com/DotNetAnalyzers/StyleCopAnalyzers/blob/master/documentation/SA1101.md) [/home/rrj/src/github/rudironsoni/Synaxis/tests/Synaxis.Infrastructure.Tests/Synaxis.Infrastructure.Tests.csproj]
/home/rrj/src/github/rudironsoni/Synaxis/tests/Synaxis.Infrastructure.Tests/Services/TeamServiceIntegrationTests.cs(225,31): error SA1101: Prefix local calls with this (https://github.com/DotNetAnalyzers/StyleCopAnalyzers/blob/master/documentation/SA1101.md) [/home/rrj/src/github/rudironsoni/Synaxis/tests/Synaxis.Infrastructure.Tests/Synaxis.Infrastructure.Tests.csproj]
/home/rrj/src/github/rudironsoni/Synaxis/tests/Synaxis.Infrastructure.Tests/Services/TeamServiceIntegrationTests.cs(225,55): error SA1101: Prefix local calls with this (https://github.com/DotNetAnalyzers/StyleCopAnalyzers/blob/master/documentation/SA1101.md) [/home/rrj/src/github/rudironsoni/Synaxis/tests/Synaxis.Infrastructure.Tests/Synaxis.Infrastructure.Tests.csproj]
/home/rrj/src/github/rudironsoni/Synaxis/tests/Synaxis.Infrastructure.Tests/Services/TeamServiceIntegrationTests.cs(226,31): error SA1101: Prefix local calls with this (https://github.com/DotNetAnalyzers/StyleCopAnalyzers/blob/master/documentation/SA1101.md) [/home/rrj/src/github/rudironsoni/Synaxis/tests/Synaxis.Infrastructure.Tests/Synaxis.Infrastructure.Tests.csproj]
/home/rrj/src/github/rudironsoni/Synaxis/tests/Synaxis.Infrastructure.Tests/Services/TeamServiceIntegrationTests.cs(226,55): error SA1101: Prefix local calls with this (https://github.com/DotNetAnalyzers/StyleCopAnalyzers/blob/master/documentation/SA1101.md) [/home/rrj/src/github/rudironsoni/Synaxis/tests/Synaxis.Infrastructure.Tests/Synaxis.Infrastructure.Tests.csproj]
/home/rrj/src/github/rudironsoni/Synaxis/tests/Synaxis.Infrastructure.Tests/Services/TeamServiceTests.cs(560,17): error SA1413: Use trailing comma in multi-line initializers (https://github.com/DotNetAnalyzers/StyleCopAnalyzers/blob/master/documentation/SA1413.md) [/home/rrj/src/github/rudironsoni/Synaxis/tests/Synaxis.Infrastructure.Tests/Synaxis.Infrastructure.Tests.csproj]
/home/rrj/src/github/rudironsoni/Synaxis/tests/Synaxis.Infrastructure.Tests/Services/TeamServiceTests.cs(554,13): error SA1101: Prefix local calls with this (https://github.com/DotNetAnalyzers/StyleCopAnalyzers/blob/master/documentation/SA1101.md) [/home/rrj/src/github/rudironsoni/Synaxis/tests/Synaxis.Infrastructure.Tests/Synaxis.Infrastructure.Tests.csproj]
/home/rrj/src/github/rudironsoni/Synaxis/tests/Synaxis.Infrastructure.Tests/Services/TeamServiceTests.cs(557,34): error SA1101: Prefix local calls with this (https://github.com/DotNetAnalyzers/StyleCopAnalyzers/blob/master/documentation/SA1101.md) [/home/rrj/src/github/rudironsoni/Synaxis/tests/Synaxis.Infrastructure.Tests/Synaxis.Infrastructure.Tests.csproj]
/home/rrj/src/github/rudironsoni/Synaxis/tests/Synaxis.Infrastructure.Tests/Services/TeamServiceTests.cs(562,19): error SA1101: Prefix local calls with this (https://github.com/DotNetAnalyzers/StyleCopAnalyzers/blob/master/documentation/SA1101.md) [/home/rrj/src/github/rudironsoni/Synaxis/tests/Synaxis.Infrastructure.Tests/Synaxis.Infrastructure.Tests.csproj]
/home/rrj/src/github/rudironsoni/Synaxis/tests/Synaxis.Infrastructure.Tests/Services/TeamServiceTests.cs(565,32): error SA1101: Prefix local calls with this (https://github.com/DotNetAnalyzers/StyleCopAnalyzers/blob/master/documentation/SA1101.md) [/home/rrj/src/github/rudironsoni/Synaxis/tests/Synaxis.Infrastructure.Tests/Synaxis.Infrastructure.Tests.csproj]
/home/rrj/src/github/rudironsoni/Synaxis/tests/Synaxis.Infrastructure.Tests/Services/TeamServiceTests.cs(565,69): error SA1101: Prefix local calls with this (https://github.com/DotNetAnalyzers/StyleCopAnalyzers/blob/master/documentation/SA1101.md) [/home/rrj/src/github/rudironsoni/Synaxis/tests/Synaxis.Infrastructure.Tests/Synaxis.Infrastructure.Tests.csproj]
/home/rrj/src/github/rudironsoni/Synaxis/tests/Synaxis.Infrastructure.Tests/Services/TeamServiceIntegrationTests.cs(240,30): error SA1101: Prefix local calls with this (https://github.com/DotNetAnalyzers/StyleCopAnalyzers/blob/master/documentation/SA1101.md) [/home/rrj/src/github/rudironsoni/Synaxis/tests/Synaxis.Infrastructure.Tests/Synaxis.Infrastructure.Tests.csproj]
/home/rrj/src/github/rudironsoni/Synaxis/tests/Synaxis.Infrastructure.Tests/Services/TeamServiceIntegrationTests.cs(242,17): error SA1101: Prefix local calls with this (https://github.com/DotNetAnalyzers/StyleCopAnalyzers/blob/master/documentation/SA1101.md) [/home/rrj/src/github/rudironsoni/Synaxis/tests/Synaxis.Infrastructure.Tests/Synaxis.Infrastructure.Tests.csproj]
/home/rrj/src/github/rudironsoni/Synaxis/tests/Synaxis.Infrastructure.Tests/Services/TeamServiceIntegrationTests.cs(243,17): error SA1101: Prefix local calls with this (https://github.com/DotNetAnalyzers/StyleCopAnalyzers/blob/master/documentation/SA1101.md) [/home/rrj/src/github/rudironsoni/Synaxis/tests/Synaxis.Infrastructure.Tests/Synaxis.Infrastructure.Tests.csproj]
/home/rrj/src/github/rudironsoni/Synaxis/tests/Synaxis.Infrastructure.Tests/Services/TeamServiceIntegrationTests.cs(246,19): error SA1101: Prefix local calls with this (https://github.com/DotNetAnalyzers/StyleCopAnalyzers/blob/master/documentation/SA1101.md) [/home/rrj/src/github/rudironsoni/Synaxis/tests/Synaxis.Infrastructure.Tests/Synaxis.Infrastructure.Tests.csproj]
/home/rrj/src/github/rudironsoni/Synaxis/tests/Synaxis.Infrastructure.Tests/Services/TeamServiceIntegrationTests.cs(257,38): error SA1101: Prefix local calls with this (https://github.com/DotNetAnalyzers/StyleCopAnalyzers/blob/master/documentation/SA1101.md) [/home/rrj/src/github/rudironsoni/Synaxis/tests/Synaxis.Infrastructure.Tests/Synaxis.Infrastructure.Tests.csproj]
/home/rrj/src/github/rudironsoni/Synaxis/tests/Synaxis.Infrastructure.Tests/Services/TeamServiceIntegrationTests.cs(257,71): error SA1101: Prefix local calls with this (https://github.com/DotNetAnalyzers/StyleCopAnalyzers/blob/master/documentation/SA1101.md) [/home/rrj/src/github/rudironsoni/Synaxis/tests/Synaxis.Infrastructure.Tests/Synaxis.Infrastructure.Tests.csproj]
/home/rrj/src/github/rudironsoni/Synaxis/tests/Synaxis.Infrastructure.Tests/Services/TeamServiceIntegrationTests.cs(259,19): error SA1101: Prefix local calls with this (https://github.com/DotNetAnalyzers/StyleCopAnalyzers/blob/master/documentation/SA1101.md) [/home/rrj/src/github/rudironsoni/Synaxis/tests/Synaxis.Infrastructure.Tests/Synaxis.Infrastructure.Tests.csproj]
/home/rrj/src/github/rudironsoni/Synaxis/tests/Synaxis.Infrastructure.Tests/Services/TeamServiceIntegrationTests.cs(261,19): error SA1101: Prefix local calls with this (https://github.com/DotNetAnalyzers/StyleCopAnalyzers/blob/master/documentation/SA1101.md) [/home/rrj/src/github/rudironsoni/Synaxis/tests/Synaxis.Infrastructure.Tests/Synaxis.Infrastructure.Tests.csproj]
/home/rrj/src/github/rudironsoni/Synaxis/tests/Synaxis.Infrastructure.Tests/Services/TeamServiceIntegrationTests.cs(263,17): error SA1101: Prefix local calls with this (https://github.com/DotNetAnalyzers/StyleCopAnalyzers/blob/master/documentation/SA1101.md) [/home/rrj/src/github/rudironsoni/Synaxis/tests/Synaxis.Infrastructure.Tests/Synaxis.Infrastructure.Tests.csproj]
/home/rrj/src/github/rudironsoni/Synaxis/tests/Synaxis.Infrastructure.Tests/Services/TeamServiceIntegrationTests.cs(264,17): error SA1101: Prefix local calls with this (https://github.com/DotNetAnalyzers/StyleCopAnalyzers/blob/master/documentation/SA1101.md) [/home/rrj/src/github/rudironsoni/Synaxis/tests/Synaxis.Infrastructure.Tests/Synaxis.Infrastructure.Tests.csproj]
/home/rrj/src/github/rudironsoni/Synaxis/tests/Synaxis.Infrastructure.Tests/Services/TeamServiceIntegrationTests.cs(266,19): error SA1101: Prefix local calls with this (https://github.com/DotNetAnalyzers/StyleCopAnalyzers/blob/master/documentation/SA1101.md) [/home/rrj/src/github/rudironsoni/Synaxis/tests/Synaxis.Infrastructure.Tests/Synaxis.Infrastructure.Tests.csproj]
/home/rrj/src/github/rudironsoni/Synaxis/tests/Synaxis.Infrastructure.Tests/Services/TeamServiceIntegrationTests.cs(268,17): error SA1101: Prefix local calls with this (https://github.com/DotNetAnalyzers/StyleCopAnalyzers/blob/master/documentation/SA1101.md) [/home/rrj/src/github/rudironsoni/Synaxis/tests/Synaxis.Infrastructure.Tests/Synaxis.Infrastructure.Tests.csproj]
/home/rrj/src/github/rudironsoni/Synaxis/tests/Synaxis.Infrastructure.Tests/Services/TeamServiceIntegrationTests.cs(269,17): error SA1101: Prefix local calls with this (https://github.com/DotNetAnalyzers/StyleCopAnalyzers/blob/master/documentation/SA1101.md) [/home/rrj/src/github/rudironsoni/Synaxis/tests/Synaxis.Infrastructure.Tests/Synaxis.Infrastructure.Tests.csproj]
/home/rrj/src/github/rudironsoni/Synaxis/tests/Synaxis.Infrastructure.Tests/Services/TeamServiceIntegrationTests.cs(271,41): error SA1101: Prefix local calls with this (https://github.com/DotNetAnalyzers/StyleCopAnalyzers/blob/master/documentation/SA1101.md) [/home/rrj/src/github/rudironsoni/Synaxis/tests/Synaxis.Infrastructure.Tests/Synaxis.Infrastructure.Tests.csproj]
/home/rrj/src/github/rudironsoni/Synaxis/tests/Synaxis.Infrastructure.Tests/Services/TeamServiceIntegrationTests.cs(273,17): error SA1101: Prefix local calls with this (https://github.com/DotNetAnalyzers/StyleCopAnalyzers/blob/master/documentation/SA1101.md) [/home/rrj/src/github/rudironsoni/Synaxis/tests/Synaxis.Infrastructure.Tests/Synaxis.Infrastructure.Tests.csproj]
/home/rrj/src/github/rudironsoni/Synaxis/tests/Synaxis.Infrastructure.Tests/Services/TeamServiceIntegrationTests.cs(274,17): error SA1101: Prefix local calls with this (https://github.com/DotNetAnalyzers/StyleCopAnalyzers/blob/master/documentation/SA1101.md) [/home/rrj/src/github/rudironsoni/Synaxis/tests/Synaxis.Infrastructure.Tests/Synaxis.Infrastructure.Tests.csproj]
/home/rrj/src/github/rudironsoni/Synaxis/tests/Synaxis.Infrastructure.Tests/Services/TeamServiceIntegrationTests.cs(247,19): error SA1101: Prefix local calls with this (https://github.com/DotNetAnalyzers/StyleCopAnalyzers/blob/master/documentation/SA1101.md) [/home/rrj/src/github/rudironsoni/Synaxis/tests/Synaxis.Infrastructure.Tests/Synaxis.Infrastructure.Tests.csproj]
/home/rrj/src/github/rudironsoni/Synaxis/tests/Synaxis.Infrastructure.Tests/Services/TeamServiceIntegrationTests.cs(249,35): error SA1101: Prefix local calls with this (https://github.com/DotNetAnalyzers/StyleCopAnalyzers/blob/master/documentation/SA1101.md) [/home/rrj/src/github/rudironsoni/Synaxis/tests/Synaxis.Infrastructure.Tests/Synaxis.Infrastructure.Tests.csproj]
/home/rrj/src/github/rudironsoni/Synaxis/tests/Synaxis.Infrastructure.Tests/Services/TeamServiceIntegrationTests.cs(249,66): error SA1101: Prefix local calls with this (https://github.com/DotNetAnalyzers/StyleCopAnalyzers/blob/master/documentation/SA1101.md) [/home/rrj/src/github/rudironsoni/Synaxis/tests/Synaxis.Infrastructure.Tests/Synaxis.Infrastructure.Tests.csproj]
/home/rrj/src/github/rudironsoni/Synaxis/tests/Synaxis.Infrastructure.Tests/Services/TeamServiceIntegrationTests.cs(271,35): error MA0004: Use Task.ConfigureAwait(false) if the current SynchronizationContext is not needed (https://github.com/meziantou/Meziantou.Analyzer/blob/main/docs/Rules/MA0004.md) [/home/rrj/src/github/rudironsoni/Synaxis/tests/Synaxis.Infrastructure.Tests/Synaxis.Infrastructure.Tests.csproj]
/home/rrj/src/github/rudironsoni/Synaxis/tests/Synaxis.Infrastructure.Tests/Services/TeamServiceIntegrationTests.cs(283,30): error SA1101: Prefix local calls with this (https://github.com/DotNetAnalyzers/StyleCopAnalyzers/blob/master/documentation/SA1101.md) [/home/rrj/src/github/rudironsoni/Synaxis/tests/Synaxis.Infrastructure.Tests/Synaxis.Infrastructure.Tests.csproj]
/home/rrj/src/github/rudironsoni/Synaxis/tests/Synaxis.Infrastructure.Tests/Services/TeamServiceIntegrationTests.cs(285,17): error SA1101: Prefix local calls with this (https://github.com/DotNetAnalyzers/StyleCopAnalyzers/blob/master/documentation/SA1101.md) [/home/rrj/src/github/rudironsoni/Synaxis/tests/Synaxis.Infrastructure.Tests/Synaxis.Infrastructure.Tests.csproj]
/home/rrj/src/github/rudironsoni/Synaxis/tests/Synaxis.Infrastructure.Tests/Services/TeamServiceIntegrationTests.cs(286,17): error SA1101: Prefix local calls with this (https://github.com/DotNetAnalyzers/StyleCopAnalyzers/blob/master/documentation/SA1101.md) [/home/rrj/src/github/rudironsoni/Synaxis/tests/Synaxis.Infrastructure.Tests/Synaxis.Infrastructure.Tests.csproj]
/home/rrj/src/github/rudironsoni/Synaxis/tests/Synaxis.Infrastructure.Tests/Services/TeamServiceIntegrationTests.cs(288,19): error SA1101: Prefix local calls with this (https://github.com/DotNetAnalyzers/StyleCopAnalyzers/blob/master/documentation/SA1101.md) [/home/rrj/src/github/rudironsoni/Synaxis/tests/Synaxis.Infrastructure.Tests/Synaxis.Infrastructure.Tests.csproj]
/home/rrj/src/github/rudironsoni/Synaxis/tests/Synaxis.Infrastructure.Tests/Services/TeamServiceIntegrationTests.cs(288,53): error SA1101: Prefix local calls with this (https://github.com/DotNetAnalyzers/StyleCopAnalyzers/blob/master/documentation/SA1101.md) [/home/rrj/src/github/rudironsoni/Synaxis/tests/Synaxis.Infrastructure.Tests/Synaxis.Infrastructure.Tests.csproj]
/home/rrj/src/github/rudironsoni/Synaxis/tests/Synaxis.Infrastructure.Tests/Services/TeamServiceIntegrationTests.cs(290,34): error SA1101: Prefix local calls with this (https://github.com/DotNetAnalyzers/StyleCopAnalyzers/blob/master/documentation/SA1101.md) [/home/rrj/src/github/rudironsoni/Synaxis/tests/Synaxis.Infrastructure.Tests/Synaxis.Infrastructure.Tests.csproj]
/home/rrj/src/github/rudironsoni/Synaxis/tests/Synaxis.Infrastructure.Tests/Services/TeamServiceIntegrationTests.cs(294,39): error SA1101: Prefix local calls with this (https://github.com/DotNetAnalyzers/StyleCopAnalyzers/blob/master/documentation/SA1101.md) [/home/rrj/src/github/rudironsoni/Synaxis/tests/Synaxis.Infrastructure.Tests/Synaxis.Infrastructure.Tests.csproj]
/home/rrj/src/github/rudironsoni/Synaxis/tests/Synaxis.Infrastructure.Tests/Services/TeamServiceIntegrationTests.cs(294,70): error SA1101: Prefix local calls with this (https://github.com/DotNetAnalyzers/StyleCopAnalyzers/blob/master/documentation/SA1101.md) [/home/rrj/src/github/rudironsoni/Synaxis/tests/Synaxis.Infrastructure.Tests/Synaxis.Infrastructure.Tests.csproj]
/home/rrj/src/github/rudironsoni/Synaxis/tests/Synaxis.Infrastructure.Tests/Services/TeamServiceIntegrationTests.cs(319,9): error AsyncFixer01: Method 'DatabaseConstraints_EnforcedCorrectly' only awaits a single expression - remove async/await and return the Task directly to reduce overhead (https://github.com/semihokur/AsyncFixer#asyncfixer01) [/home/rrj/src/github/rudironsoni/Synaxis/tests/Synaxis.Infrastructure.Tests/Synaxis.Infrastructure.Tests.csproj]
/home/rrj/src/github/rudironsoni/Synaxis/tests/Synaxis.Infrastructure.Tests/Services/TeamServiceIntegrationTests.cs(325,34): error SA1101: Prefix local calls with this (https://github.com/DotNetAnalyzers/StyleCopAnalyzers/blob/master/documentation/SA1101.md) [/home/rrj/src/github/rudironsoni/Synaxis/tests/Synaxis.Infrastructure.Tests/Synaxis.Infrastructure.Tests.csproj]
/home/rrj/src/github/rudironsoni/Synaxis/tests/Synaxis.Infrastructure.Tests/Services/TeamServiceIntegrationTests.cs(331,13): error SA1101: Prefix local calls with this (https://github.com/DotNetAnalyzers/StyleCopAnalyzers/blob/master/documentation/SA1101.md) [/home/rrj/src/github/rudironsoni/Synaxis/tests/Synaxis.Infrastructure.Tests/Synaxis.Infrastructure.Tests.csproj]
/home/rrj/src/github/rudironsoni/Synaxis/tests/Synaxis.Infrastructure.Tests/Services/TeamServiceIntegrationTests.cs(333,41): error SA1101: Prefix local calls with this (https://github.com/DotNetAnalyzers/StyleCopAnalyzers/blob/master/documentation/SA1101.md) [/home/rrj/src/github/rudironsoni/Synaxis/tests/Synaxis.Infrastructure.Tests/Synaxis.Infrastructure.Tests.csproj]
/home/rrj/src/github/rudironsoni/Synaxis/tests/Synaxis.Infrastructure.Tests/Services/TeamServiceIntegrationTests.cs(333,35): error MA0004: Use Task.ConfigureAwait(false) if the current SynchronizationContext is not needed (https://github.com/meziantou/Meziantou.Analyzer/blob/main/docs/Rules/MA0004.md) [/home/rrj/src/github/rudironsoni/Synaxis/tests/Synaxis.Infrastructure.Tests/Synaxis.Infrastructure.Tests.csproj]
/home/rrj/src/github/rudironsoni/Synaxis/tests/Synaxis.Infrastructure.Tests/Services/TeamServiceIntegrationTests.cs(316,25): error S6608: Indexing at 0 should be used instead of the "Enumerable" extension method "First" (https://rules.sonarsource.com/csharp/RSPEC-6608) [/home/rrj/src/github/rudironsoni/Synaxis/tests/Synaxis.Infrastructure.Tests/Synaxis.Infrastructure.Tests.csproj]
/home/rrj/src/github/rudironsoni/Synaxis/tests/Synaxis.Infrastructure.Tests/Services/TeamServiceIntegrationTests.cs(301,31): error SA1101: Prefix local calls with this (https://github.com/DotNetAnalyzers/StyleCopAnalyzers/blob/master/documentation/SA1101.md) [/home/rrj/src/github/rudironsoni/Synaxis/tests/Synaxis.Infrastructure.Tests/Synaxis.Infrastructure.Tests.csproj]
/home/rrj/src/github/rudironsoni/Synaxis/tests/Synaxis.Infrastructure.Tests/Services/TeamServiceIntegrationTests.cs(303,17): error SA1101: Prefix local calls with this (https://github.com/DotNetAnalyzers/StyleCopAnalyzers/blob/master/documentation/SA1101.md) [/home/rrj/src/github/rudironsoni/Synaxis/tests/Synaxis.Infrastructure.Tests/Synaxis.Infrastructure.Tests.csproj]
/home/rrj/src/github/rudironsoni/Synaxis/tests/Synaxis.Infrastructure.Tests/Services/TeamServiceIntegrationTests.cs(304,17): error SA1101: Prefix local calls with this (https://github.com/DotNetAnalyzers/StyleCopAnalyzers/blob/master/documentation/SA1101.md) [/home/rrj/src/github/rudironsoni/Synaxis/tests/Synaxis.Infrastructure.Tests/Synaxis.Infrastructure.Tests.csproj]
/home/rrj/src/github/rudironsoni/Synaxis/tests/Synaxis.Infrastructure.Tests/Services/TeamServiceIntegrationTests.cs(306,31): error SA1101: Prefix local calls with this (https://github.com/DotNetAnalyzers/StyleCopAnalyzers/blob/master/documentation/SA1101.md) [/home/rrj/src/github/rudironsoni/Synaxis/tests/Synaxis.Infrastructure.Tests/Synaxis.Infrastructure.Tests.csproj]
/home/rrj/src/github/rudironsoni/Synaxis/tests/Synaxis.Infrastructure.Tests/Services/TeamServiceIntegrationTests.cs(308,17): error SA1101: Prefix local calls with this (https://github.com/DotNetAnalyzers/StyleCopAnalyzers/blob/master/documentation/SA1101.md) [/home/rrj/src/github/rudironsoni/Synaxis/tests/Synaxis.Infrastructure.Tests/Synaxis.Infrastructure.Tests.csproj]
/home/rrj/src/github/rudironsoni/Synaxis/tests/Synaxis.Infrastructure.Tests/Services/TeamServiceIntegrationTests.cs(309,17): error SA1101: Prefix local calls with this (https://github.com/DotNetAnalyzers/StyleCopAnalyzers/blob/master/documentation/SA1101.md) [/home/rrj/src/github/rudironsoni/Synaxis/tests/Synaxis.Infrastructure.Tests/Synaxis.Infrastructure.Tests.csproj]
/home/rrj/src/github/rudironsoni/Synaxis/tests/Synaxis.Infrastructure.Tests/Services/TeamServiceIntegrationTests.cs(311,19): error SA1101: Prefix local calls with this (https://github.com/DotNetAnalyzers/StyleCopAnalyzers/blob/master/documentation/SA1101.md) [/home/rrj/src/github/rudironsoni/Synaxis/tests/Synaxis.Infrastructure.Tests/Synaxis.Infrastructure.Tests.csproj]
/home/rrj/src/github/rudironsoni/Synaxis/tests/Synaxis.Infrastructure.Tests/Services/TeamServiceIntegrationTests.cs(311,54): error SA1101: Prefix local calls with this (https://github.com/DotNetAnalyzers/StyleCopAnalyzers/blob/master/documentation/SA1101.md) [/home/rrj/src/github/rudironsoni/Synaxis/tests/Synaxis.Infrastructure.Tests/Synaxis.Infrastructure.Tests.csproj]
/home/rrj/src/github/rudironsoni/Synaxis/tests/Synaxis.Infrastructure.Tests/Services/TeamServiceIntegrationTests.cs(313,31): error SA1101: Prefix local calls with this (https://github.com/DotNetAnalyzers/StyleCopAnalyzers/blob/master/documentation/SA1101.md) [/home/rrj/src/github/rudironsoni/Synaxis/tests/Synaxis.Infrastructure.Tests/Synaxis.Infrastructure.Tests.csproj]
/home/rrj/src/github/rudironsoni/Synaxis/tests/Synaxis.Infrastructure.Tests/Services/TeamServiceIntegrationTests.cs(313,55): error SA1101: Prefix local calls with this (https://github.com/DotNetAnalyzers/StyleCopAnalyzers/blob/master/documentation/SA1101.md) [/home/rrj/src/github/rudironsoni/Synaxis/tests/Synaxis.Infrastructure.Tests/Synaxis.Infrastructure.Tests.csproj]
/home/rrj/src/github/rudironsoni/Synaxis/tests/Synaxis.Infrastructure.Tests/Services/TeamServiceIntegrationTests.cs(341,30): error SA1101: Prefix local calls with this (https://github.com/DotNetAnalyzers/StyleCopAnalyzers/blob/master/documentation/SA1101.md) [/home/rrj/src/github/rudironsoni/Synaxis/tests/Synaxis.Infrastructure.Tests/Synaxis.Infrastructure.Tests.csproj]
/home/rrj/src/github/rudironsoni/Synaxis/tests/Synaxis.Infrastructure.Tests/Services/TeamServiceIntegrationTests.cs(343,17): error SA1101: Prefix local calls with this (https://github.com/DotNetAnalyzers/StyleCopAnalyzers/blob/master/documentation/SA1101.md) [/home/rrj/src/github/rudironsoni/Synaxis/tests/Synaxis.Infrastructure.Tests/Synaxis.Infrastructure.Tests.csproj]
/home/rrj/src/github/rudironsoni/Synaxis/tests/Synaxis.Infrastructure.Tests/Services/TeamServiceIntegrationTests.cs(344,17): error SA1101: Prefix local calls with this (https://github.com/DotNetAnalyzers/StyleCopAnalyzers/blob/master/documentation/SA1101.md) [/home/rrj/src/github/rudironsoni/Synaxis/tests/Synaxis.Infrastructure.Tests/Synaxis.Infrastructure.Tests.csproj]
/home/rrj/src/github/rudironsoni/Synaxis/tests/Synaxis.Infrastructure.Tests/Services/TeamServiceIntegrationTests.cs(349,19): error SA1101: Prefix local calls with this (https://github.com/DotNetAnalyzers/StyleCopAnalyzers/blob/master/documentation/SA1101.md) [/home/rrj/src/github/rudironsoni/Synaxis/tests/Synaxis.Infrastructure.Tests/Synaxis.Infrastructure.Tests.csproj]
/home/rrj/src/github/rudironsoni/Synaxis/tests/Synaxis.Infrastructure.Tests/Services/TeamServiceIntegrationTests.cs(349,68): error SA1101: Prefix local calls with this (https://github.com/DotNetAnalyzers/StyleCopAnalyzers/blob/master/documentation/SA1101.md) [/home/rrj/src/github/rudironsoni/Synaxis/tests/Synaxis.Infrastructure.Tests/Synaxis.Infrastructure.Tests.csproj]
/home/rrj/src/github/rudironsoni/Synaxis/tests/Synaxis.Infrastructure.Tests/Services/TeamServiceIntegrationTests.cs(351,13): error SA1101: Prefix local calls with this (https://github.com/DotNetAnalyzers/StyleCopAnalyzers/blob/master/documentation/SA1101.md) [/home/rrj/src/github/rudironsoni/Synaxis/tests/Synaxis.Infrastructure.Tests/Synaxis.Infrastructure.Tests.csproj]
/home/rrj/src/github/rudironsoni/Synaxis/tests/Synaxis.Infrastructure.Tests/Services/TeamServiceIntegrationTests.cs(352,68): error SA1101: Prefix local calls with this (https://github.com/DotNetAnalyzers/StyleCopAnalyzers/blob/master/documentation/SA1101.md) [/home/rrj/src/github/rudironsoni/Synaxis/tests/Synaxis.Infrastructure.Tests/Synaxis.Infrastructure.Tests.csproj]
/home/rrj/src/github/rudironsoni/Synaxis/tests/Synaxis.Infrastructure.Tests/Services/TeamServiceTests.cs(607,17): error SA1413: Use trailing comma in multi-line initializers (https://github.com/DotNetAnalyzers/StyleCopAnalyzers/blob/master/documentation/SA1413.md) [/home/rrj/src/github/rudironsoni/Synaxis/tests/Synaxis.Infrastructure.Tests/Synaxis.Infrastructure.Tests.csproj]
/home/rrj/src/github/rudironsoni/Synaxis/tests/Synaxis.Infrastructure.Tests/Services/TeamServiceTests.cs(615,17): error SA1413: Use trailing comma in multi-line initializers (https://github.com/DotNetAnalyzers/StyleCopAnalyzers/blob/master/documentation/SA1413.md) [/home/rrj/src/github/rudironsoni/Synaxis/tests/Synaxis.Infrastructure.Tests/Synaxis.Infrastructure.Tests.csproj]
/home/rrj/src/github/rudironsoni/Synaxis/tests/Synaxis.Infrastructure.Tests/Services/TeamServiceTests.cs(600,13): error SA1101: Prefix local calls with this (https://github.com/DotNetAnalyzers/StyleCopAnalyzers/blob/master/documentation/SA1101.md) [/home/rrj/src/github/rudironsoni/Synaxis/tests/Synaxis.Infrastructure.Tests/Synaxis.Infrastructure.Tests.csproj]
/home/rrj/src/github/rudironsoni/Synaxis/tests/Synaxis.Infrastructure.Tests/Services/TeamServiceTests.cs(609,13): error SA1101: Prefix local calls with this (https://github.com/DotNetAnalyzers/StyleCopAnalyzers/blob/master/documentation/SA1101.md) [/home/rrj/src/github/rudironsoni/Synaxis/tests/Synaxis.Infrastructure.Tests/Synaxis.Infrastructure.Tests.csproj]
/home/rrj/src/github/rudironsoni/Synaxis/tests/Synaxis.Infrastructure.Tests/Services/TeamServiceTests.cs(617,19): error SA1101: Prefix local calls with this (https://github.com/DotNetAnalyzers/StyleCopAnalyzers/blob/master/documentation/SA1101.md) [/home/rrj/src/github/rudironsoni/Synaxis/tests/Synaxis.Infrastructure.Tests/Synaxis.Infrastructure.Tests.csproj]
/home/rrj/src/github/rudironsoni/Synaxis/tests/Synaxis.Infrastructure.Tests/Services/TeamServiceTests.cs(620,32): error SA1101: Prefix local calls with this (https://github.com/DotNetAnalyzers/StyleCopAnalyzers/blob/master/documentation/SA1101.md) [/home/rrj/src/github/rudironsoni/Synaxis/tests/Synaxis.Infrastructure.Tests/Synaxis.Infrastructure.Tests.csproj]
/home/rrj/src/github/rudironsoni/Synaxis/tests/Synaxis.Infrastructure.Tests/Services/TeamServiceTests.cs(620,69): error SA1101: Prefix local calls with this (https://github.com/DotNetAnalyzers/StyleCopAnalyzers/blob/master/documentation/SA1101.md) [/home/rrj/src/github/rudironsoni/Synaxis/tests/Synaxis.Infrastructure.Tests/Synaxis.Infrastructure.Tests.csproj]
/home/rrj/src/github/rudironsoni/Synaxis/tests/Synaxis.Infrastructure.Tests/Services/TeamServiceTests.cs(712,17): error SA1413: Use trailing comma in multi-line initializers (https://github.com/DotNetAnalyzers/StyleCopAnalyzers/blob/master/documentation/SA1413.md) [/home/rrj/src/github/rudironsoni/Synaxis/tests/Synaxis.Infrastructure.Tests/Synaxis.Infrastructure.Tests.csproj]
/home/rrj/src/github/rudironsoni/Synaxis/tests/Synaxis.Infrastructure.Tests/Services/TeamServiceTests.cs(709,34): error SA1101: Prefix local calls with this (https://github.com/DotNetAnalyzers/StyleCopAnalyzers/blob/master/documentation/SA1101.md) [/home/rrj/src/github/rudironsoni/Synaxis/tests/Synaxis.Infrastructure.Tests/Synaxis.Infrastructure.Tests.csproj]
/home/rrj/src/github/rudironsoni/Synaxis/tests/Synaxis.Infrastructure.Tests/Services/TeamServiceTests.cs(714,13): error SA1101: Prefix local calls with this (https://github.com/DotNetAnalyzers/StyleCopAnalyzers/blob/master/documentation/SA1101.md) [/home/rrj/src/github/rudironsoni/Synaxis/tests/Synaxis.Infrastructure.Tests/Synaxis.Infrastructure.Tests.csproj]
/home/rrj/src/github/rudironsoni/Synaxis/tests/Synaxis.Infrastructure.Tests/Services/TeamServiceTests.cs(715,19): error SA1101: Prefix local calls with this (https://github.com/DotNetAnalyzers/StyleCopAnalyzers/blob/master/documentation/SA1101.md) [/home/rrj/src/github/rudironsoni/Synaxis/tests/Synaxis.Infrastructure.Tests/Synaxis.Infrastructure.Tests.csproj]
/home/rrj/src/github/rudironsoni/Synaxis/tests/Synaxis.Infrastructure.Tests/Services/TeamServiceTests.cs(718,32): error SA1101: Prefix local calls with this (https://github.com/DotNetAnalyzers/StyleCopAnalyzers/blob/master/documentation/SA1101.md) [/home/rrj/src/github/rudironsoni/Synaxis/tests/Synaxis.Infrastructure.Tests/Synaxis.Infrastructure.Tests.csproj]
/home/rrj/src/github/rudironsoni/Synaxis/tests/Synaxis.Infrastructure.Tests/Services/TeamServiceTests.cs(718,67): error SA1101: Prefix local calls with this (https://github.com/DotNetAnalyzers/StyleCopAnalyzers/blob/master/documentation/SA1101.md) [/home/rrj/src/github/rudironsoni/Synaxis/tests/Synaxis.Infrastructure.Tests/Synaxis.Infrastructure.Tests.csproj]
/home/rrj/src/github/rudironsoni/Synaxis/tests/Synaxis.Infrastructure.Tests/Services/TeamServiceTests.cs(631,27): error MA0051: Method is too long (67 lines; maximum allowed: 60) (https://github.com/meziantou/Meziantou.Analyzer/blob/main/docs/Rules/MA0051.md) [/home/rrj/src/github/rudironsoni/Synaxis/tests/Synaxis.Infrastructure.Tests/Synaxis.Infrastructure.Tests.csproj]
/home/rrj/src/github/rudironsoni/Synaxis/tests/Synaxis.Infrastructure.Tests/Services/TeamServiceTests.cs(642,17): error SA1413: Use trailing comma in multi-line initializers (https://github.com/DotNetAnalyzers/StyleCopAnalyzers/blob/master/documentation/SA1413.md) [/home/rrj/src/github/rudironsoni/Synaxis/tests/Synaxis.Infrastructure.Tests/Synaxis.Infrastructure.Tests.csproj]
/home/rrj/src/github/rudironsoni/Synaxis/tests/Synaxis.Infrastructure.Tests/Services/TeamServiceTests.cs(658,21): error SA1413: Use trailing comma in multi-line initializers (https://github.com/DotNetAnalyzers/StyleCopAnalyzers/blob/master/documentation/SA1413.md) [/home/rrj/src/github/rudironsoni/Synaxis/tests/Synaxis.Infrastructure.Tests/Synaxis.Infrastructure.Tests.csproj]
/home/rrj/src/github/rudironsoni/Synaxis/tests/Synaxis.Infrastructure.Tests/Services/TeamServiceTests.cs(667,21): error SA1413: Use trailing comma in multi-line initializers (https://github.com/DotNetAnalyzers/StyleCopAnalyzers/blob/master/documentation/SA1413.md) [/home/rrj/src/github/rudironsoni/Synaxis/tests/Synaxis.Infrastructure.Tests/Synaxis.Infrastructure.Tests.csproj]
/home/rrj/src/github/rudironsoni/Synaxis/tests/Synaxis.Infrastructure.Tests/Services/TeamServiceTests.cs(684,21): error SA1413: Use trailing comma in multi-line initializers (https://github.com/DotNetAnalyzers/StyleCopAnalyzers/blob/master/documentation/SA1413.md) [/home/rrj/src/github/rudironsoni/Synaxis/tests/Synaxis.Infrastructure.Tests/Synaxis.Infrastructure.Tests.csproj]
/home/rrj/src/github/rudironsoni/Synaxis/tests/Synaxis.Infrastructure.Tests/Services/TeamServiceTests.cs(638,34): error SA1101: Prefix local calls with this (https://github.com/DotNetAnalyzers/StyleCopAnalyzers/blob/master/documentation/SA1101.md) [/home/rrj/src/github/rudironsoni/Synaxis/tests/Synaxis.Infrastructure.Tests/Synaxis.Infrastructure.Tests.csproj]
/home/rrj/src/github/rudironsoni/Synaxis/tests/Synaxis.Infrastructure.Tests/Services/TeamServiceTests.cs(644,13): error SA1101: Prefix local calls with this (https://github.com/DotNetAnalyzers/StyleCopAnalyzers/blob/master/documentation/SA1101.md) [/home/rrj/src/github/rudironsoni/Synaxis/tests/Synaxis.Infrastructure.Tests/Synaxis.Infrastructure.Tests.csproj]
/home/rrj/src/github/rudironsoni/Synaxis/tests/Synaxis.Infrastructure.Tests/Services/TeamServiceTests.cs(650,17): error SA1101: Prefix local calls with this (https://github.com/DotNetAnalyzers/StyleCopAnalyzers/blob/master/documentation/SA1101.md) [/home/rrj/src/github/rudironsoni/Synaxis/tests/Synaxis.Infrastructure.Tests/Synaxis.Infrastructure.Tests.csproj]
/home/rrj/src/github/rudironsoni/Synaxis/tests/Synaxis.Infrastructure.Tests/Services/TeamServiceTests.cs(653,38): error SA1101: Prefix local calls with this (https://github.com/DotNetAnalyzers/StyleCopAnalyzers/blob/master/documentation/SA1101.md) [/home/rrj/src/github/rudironsoni/Synaxis/tests/Synaxis.Infrastructure.Tests/Synaxis.Infrastructure.Tests.csproj]
/home/rrj/src/github/rudironsoni/Synaxis/tests/Synaxis.Infrastructure.Tests/Services/TeamServiceTests.cs(726,9): error AsyncFixer01: Method 'GetTeamStatsAsync_WithNonExistentTeam_ThrowsInvalidOperationException' only awaits a single expression - remove async/await and return the Task directly to reduce overhead (https://github.com/semihokur/AsyncFixer#asyncfixer01) [/home/rrj/src/github/rudironsoni/Synaxis/tests/Synaxis.Infrastructure.Tests/Synaxis.Infrastructure.Tests.csproj]
/home/rrj/src/github/rudironsoni/Synaxis/tests/Synaxis.Infrastructure.Tests/Services/TeamServiceTests.cs(660,17): error SA1101: Prefix local calls with this (https://github.com/DotNetAnalyzers/StyleCopAnalyzers/blob/master/documentation/SA1101.md) [/home/rrj/src/github/rudironsoni/Synaxis/tests/Synaxis.Infrastructure.Tests/Synaxis.Infrastructure.Tests.csproj]
/home/rrj/src/github/rudironsoni/Synaxis/tests/Synaxis.Infrastructure.Tests/Services/TeamServiceTests.cs(665,38): error SA1101: Prefix local calls with this (https://github.com/DotNetAnalyzers/StyleCopAnalyzers/blob/master/documentation/SA1101.md) [/home/rrj/src/github/rudironsoni/Synaxis/tests/Synaxis.Infrastructure.Tests/Synaxis.Infrastructure.Tests.csproj]
/home/rrj/src/github/rudironsoni/Synaxis/tests/Synaxis.Infrastructure.Tests/Services/TeamServiceTests.cs(674,17): error SA1101: Prefix local calls with this (https://github.com/DotNetAnalyzers/StyleCopAnalyzers/blob/master/documentation/SA1101.md) [/home/rrj/src/github/rudironsoni/Synaxis/tests/Synaxis.Infrastructure.Tests/Synaxis.Infrastructure.Tests.csproj]
/home/rrj/src/github/rudironsoni/Synaxis/tests/Synaxis.Infrastructure.Tests/Services/TeamServiceTests.cs(677,38): error SA1101: Prefix local calls with this (https://github.com/DotNetAnalyzers/StyleCopAnalyzers/blob/master/documentation/SA1101.md) [/home/rrj/src/github/rudironsoni/Synaxis/tests/Synaxis.Infrastructure.Tests/Synaxis.Infrastructure.Tests.csproj]
/home/rrj/src/github/rudironsoni/Synaxis/tests/Synaxis.Infrastructure.Tests/Services/TeamServiceTests.cs(679,33): error SA1101: Prefix local calls with this (https://github.com/DotNetAnalyzers/StyleCopAnalyzers/blob/master/documentation/SA1101.md) [/home/rrj/src/github/rudironsoni/Synaxis/tests/Synaxis.Infrastructure.Tests/Synaxis.Infrastructure.Tests.csproj]
/home/rrj/src/github/rudironsoni/Synaxis/tests/Synaxis.Infrastructure.Tests/Services/TeamServiceTests.cs(688,19): error SA1101: Prefix local calls with this (https://github.com/DotNetAnalyzers/StyleCopAnalyzers/blob/master/documentation/SA1101.md) [/home/rrj/src/github/rudironsoni/Synaxis/tests/Synaxis.Infrastructure.Tests/Synaxis.Infrastructure.Tests.csproj]
/home/rrj/src/github/rudironsoni/Synaxis/tests/Synaxis.Infrastructure.Tests/Services/TeamServiceTests.cs(691,32): error SA1101: Prefix local calls with this (https://github.com/DotNetAnalyzers/StyleCopAnalyzers/blob/master/documentation/SA1101.md) [/home/rrj/src/github/rudironsoni/Synaxis/tests/Synaxis.Infrastructure.Tests/Synaxis.Infrastructure.Tests.csproj]
/home/rrj/src/github/rudironsoni/Synaxis/tests/Synaxis.Infrastructure.Tests/Services/TeamServiceTests.cs(691,67): error SA1101: Prefix local calls with this (https://github.com/DotNetAnalyzers/StyleCopAnalyzers/blob/master/documentation/SA1101.md) [/home/rrj/src/github/rudironsoni/Synaxis/tests/Synaxis.Infrastructure.Tests/Synaxis.Infrastructure.Tests.csproj]
/home/rrj/src/github/rudironsoni/Synaxis/tests/Synaxis.Infrastructure.Tests/Services/TeamServiceTests.cs(628,9): error SA1124: Do not use regions (https://github.com/DotNetAnalyzers/StyleCopAnalyzers/blob/master/documentation/SA1124.md) [/home/rrj/src/github/rudironsoni/Synaxis/tests/Synaxis.Infrastructure.Tests/Synaxis.Infrastructure.Tests.csproj]
/home/rrj/src/github/rudironsoni/Synaxis/tests/Synaxis.Infrastructure.Tests/Services/TeamServiceTests.cs(733,48): error SA1101: Prefix local calls with this (https://github.com/DotNetAnalyzers/StyleCopAnalyzers/blob/master/documentation/SA1101.md) [/home/rrj/src/github/rudironsoni/Synaxis/tests/Synaxis.Infrastructure.Tests/Synaxis.Infrastructure.Tests.csproj]
/home/rrj/src/github/rudironsoni/Synaxis/tests/Synaxis.Infrastructure.Tests/Services/TeamServiceTests.cs(733,90): error SA1101: Prefix local calls with this (https://github.com/DotNetAnalyzers/StyleCopAnalyzers/blob/master/documentation/SA1101.md) [/home/rrj/src/github/rudironsoni/Synaxis/tests/Synaxis.Infrastructure.Tests/Synaxis.Infrastructure.Tests.csproj]
/home/rrj/src/github/rudironsoni/Synaxis/tests/Synaxis.Infrastructure.Tests/Services/TeamServiceTests.cs(733,42): error MA0004: Use Task.ConfigureAwait(false) if the current SynchronizationContext is not needed (https://github.com/meziantou/Meziantou.Analyzer/blob/main/docs/Rules/MA0004.md) [/home/rrj/src/github/rudironsoni/Synaxis/tests/Synaxis.Infrastructure.Tests/Synaxis.Infrastructure.Tests.csproj]
/home/rrj/src/github/rudironsoni/Synaxis/tests/Synaxis.Infrastructure.Tests/Services/TeamServiceTests.cs(755,17): error SA1413: Use trailing comma in multi-line initializers (https://github.com/DotNetAnalyzers/StyleCopAnalyzers/blob/master/documentation/SA1413.md) [/home/rrj/src/github/rudironsoni/Synaxis/tests/Synaxis.Infrastructure.Tests/Synaxis.Infrastructure.Tests.csproj]
/home/rrj/src/github/rudironsoni/Synaxis/tests/Synaxis.Infrastructure.Tests/Services/TeamServiceTests.cs(752,34): error SA1101: Prefix local calls with this (https://github.com/DotNetAnalyzers/StyleCopAnalyzers/blob/master/documentation/SA1101.md) [/home/rrj/src/github/rudironsoni/Synaxis/tests/Synaxis.Infrastructure.Tests/Synaxis.Infrastructure.Tests.csproj]
/home/rrj/src/github/rudironsoni/Synaxis/tests/Synaxis.Infrastructure.Tests/Services/TeamServiceTests.cs(757,13): error SA1101: Prefix local calls with this (https://github.com/DotNetAnalyzers/StyleCopAnalyzers/blob/master/documentation/SA1101.md) [/home/rrj/src/github/rudironsoni/Synaxis/tests/Synaxis.Infrastructure.Tests/Synaxis.Infrastructure.Tests.csproj]
/home/rrj/src/github/rudironsoni/Synaxis/tests/Synaxis.Infrastructure.Tests/Services/TeamServiceTests.cs(758,19): error SA1101: Prefix local calls with this (https://github.com/DotNetAnalyzers/StyleCopAnalyzers/blob/master/documentation/SA1101.md) [/home/rrj/src/github/rudironsoni/Synaxis/tests/Synaxis.Infrastructure.Tests/Synaxis.Infrastructure.Tests.csproj]
/home/rrj/src/github/rudironsoni/Synaxis/tests/Synaxis.Infrastructure.Tests/Services/TeamServiceTests.cs(764,19): error SA1101: Prefix local calls with this (https://github.com/DotNetAnalyzers/StyleCopAnalyzers/blob/master/documentation/SA1101.md) [/home/rrj/src/github/rudironsoni/Synaxis/tests/Synaxis.Infrastructure.Tests/Synaxis.Infrastructure.Tests.csproj]
/home/rrj/src/github/rudironsoni/Synaxis/tests/Synaxis.Infrastructure.Tests/Services/TeamServiceTests.cs(764,67): error SA1101: Prefix local calls with this (https://github.com/DotNetAnalyzers/StyleCopAnalyzers/blob/master/documentation/SA1101.md) [/home/rrj/src/github/rudironsoni/Synaxis/tests/Synaxis.Infrastructure.Tests/Synaxis.Infrastructure.Tests.csproj]
/home/rrj/src/github/rudironsoni/Synaxis/tests/Synaxis.Infrastructure.Tests/Services/TeamServiceTests.cs(767,13): error SA1101: Prefix local calls with this (https://github.com/DotNetAnalyzers/StyleCopAnalyzers/blob/master/documentation/SA1101.md) [/home/rrj/src/github/rudironsoni/Synaxis/tests/Synaxis.Infrastructure.Tests/Synaxis.Infrastructure.Tests.csproj]
/home/rrj/src/github/rudironsoni/Synaxis/tests/Synaxis.Infrastructure.Tests/Services/TeamServiceTests.cs(768,67): error SA1101: Prefix local calls with this (https://github.com/DotNetAnalyzers/StyleCopAnalyzers/blob/master/documentation/SA1101.md) [/home/rrj/src/github/rudironsoni/Synaxis/tests/Synaxis.Infrastructure.Tests/Synaxis.Infrastructure.Tests.csproj]
/home/rrj/src/github/rudironsoni/Synaxis/tests/Synaxis.Infrastructure.Tests/Services/TeamServiceTests.cs(742,9): error SA1124: Do not use regions (https://github.com/DotNetAnalyzers/StyleCopAnalyzers/blob/master/documentation/SA1124.md) [/home/rrj/src/github/rudironsoni/Synaxis/tests/Synaxis.Infrastructure.Tests/Synaxis.Infrastructure.Tests.csproj]
/home/rrj/src/github/rudironsoni/Synaxis/tests/Synaxis.Infrastructure.Tests/Services/TeamServiceTests.cs(772,9): error AsyncFixer01: Method 'InviteMemberAsync_WithInvalidTeam_ThrowsInvalidOperationException' only awaits a single expression - remove async/await and return the Task directly to reduce overhead (https://github.com/semihokur/AsyncFixer#asyncfixer01) [/home/rrj/src/github/rudironsoni/Synaxis/tests/Synaxis.Infrastructure.Tests/Synaxis.Infrastructure.Tests.csproj]
/home/rrj/src/github/rudironsoni/Synaxis/tests/Synaxis.Infrastructure.Tests/Services/TeamServiceTests.cs(779,48): error SA1101: Prefix local calls with this (https://github.com/DotNetAnalyzers/StyleCopAnalyzers/blob/master/documentation/SA1101.md) [/home/rrj/src/github/rudironsoni/Synaxis/tests/Synaxis.Infrastructure.Tests/Synaxis.Infrastructure.Tests.csproj]
/home/rrj/src/github/rudironsoni/Synaxis/tests/Synaxis.Infrastructure.Tests/Services/TeamServiceTests.cs(780,63): error SA1101: Prefix local calls with this (https://github.com/DotNetAnalyzers/StyleCopAnalyzers/blob/master/documentation/SA1101.md) [/home/rrj/src/github/rudironsoni/Synaxis/tests/Synaxis.Infrastructure.Tests/Synaxis.Infrastructure.Tests.csproj]
/home/rrj/src/github/rudironsoni/Synaxis/tests/Synaxis.Infrastructure.Tests/Services/TeamServiceTests.cs(779,42): error MA0004: Use Task.ConfigureAwait(false) if the current SynchronizationContext is not needed (https://github.com/meziantou/Meziantou.Analyzer/blob/main/docs/Rules/MA0004.md) [/home/rrj/src/github/rudironsoni/Synaxis/tests/Synaxis.Infrastructure.Tests/Synaxis.Infrastructure.Tests.csproj]
/home/rrj/src/github/rudironsoni/Synaxis/tests/Synaxis.Infrastructure.Tests/Services/TeamServiceTests.cs(583,17): error SA1413: Use trailing comma in multi-line initializers (https://github.com/DotNetAnalyzers/StyleCopAnalyzers/blob/master/documentation/SA1413.md) [/home/rrj/src/github/rudironsoni/Synaxis/tests/Synaxis.Infrastructure.Tests/Synaxis.Infrastructure.Tests.csproj]
/home/rrj/src/github/rudironsoni/Synaxis/tests/Synaxis.Infrastructure.Tests/Services/TeamServiceTests.cs(577,13): error SA1101: Prefix local calls with this (https://github.com/DotNetAnalyzers/StyleCopAnalyzers/blob/master/documentation/SA1101.md) [/home/rrj/src/github/rudironsoni/Synaxis/tests/Synaxis.Infrastructure.Tests/Synaxis.Infrastructure.Tests.csproj]
/home/rrj/src/github/rudironsoni/Synaxis/tests/Synaxis.Infrastructure.Tests/Services/TeamServiceTests.cs(580,34): error SA1101: Prefix local calls with this (https://github.com/DotNetAnalyzers/StyleCopAnalyzers/blob/master/documentation/SA1101.md) [/home/rrj/src/github/rudironsoni/Synaxis/tests/Synaxis.Infrastructure.Tests/Synaxis.Infrastructure.Tests.csproj]
/home/rrj/src/github/rudironsoni/Synaxis/tests/Synaxis.Infrastructure.Tests/Services/TeamServiceTests.cs(585,19): error SA1101: Prefix local calls with this (https://github.com/DotNetAnalyzers/StyleCopAnalyzers/blob/master/documentation/SA1101.md) [/home/rrj/src/github/rudironsoni/Synaxis/tests/Synaxis.Infrastructure.Tests/Synaxis.Infrastructure.Tests.csproj]
/home/rrj/src/github/rudironsoni/Synaxis/tests/Synaxis.Infrastructure.Tests/Services/TeamServiceTests.cs(588,32): error SA1101: Prefix local calls with this (https://github.com/DotNetAnalyzers/StyleCopAnalyzers/blob/master/documentation/SA1101.md) [/home/rrj/src/github/rudironsoni/Synaxis/tests/Synaxis.Infrastructure.Tests/Synaxis.Infrastructure.Tests.csproj]
/home/rrj/src/github/rudironsoni/Synaxis/tests/Synaxis.Infrastructure.Tests/Services/TeamServiceTests.cs(588,69): error SA1101: Prefix local calls with this (https://github.com/DotNetAnalyzers/StyleCopAnalyzers/blob/master/documentation/SA1101.md) [/home/rrj/src/github/rudironsoni/Synaxis/tests/Synaxis.Infrastructure.Tests/Synaxis.Infrastructure.Tests.csproj]
CSC : error SA0001: XML comment analysis is disabled due to project configuration (https://github.com/DotNetAnalyzers/StyleCopAnalyzers/blob/master/documentation/SA0001.md) [/home/rrj/src/github/rudironsoni/Synaxis/tests/Synaxis.Infrastructure.Tests/Synaxis.Infrastructure.Tests.csproj]
/home/rrj/src/github/rudironsoni/Synaxis/src/InferenceGateway/WebApi/Middleware/QuotaMiddleware.cs(182,37): error CS8601: Possible null reference assignment. [/home/rrj/src/github/rudironsoni/Synaxis/src/InferenceGateway/WebApi/Synaxis.InferenceGateway.WebApi.csproj]
/home/rrj/src/github/rudironsoni/Synaxis/src/InferenceGateway/WebApi/Controllers/TeamsController.cs(132,31): error CS8601: Possible null reference assignment. [/home/rrj/src/github/rudironsoni/Synaxis/src/InferenceGateway/WebApi/Synaxis.InferenceGateway.WebApi.csproj]
/home/rrj/src/github/rudironsoni/Synaxis/src/InferenceGateway/WebApi/Controllers/TeamsController.cs(678,31): error CS8602: Dereference of a possibly null reference. [/home/rrj/src/github/rudironsoni/Synaxis/src/InferenceGateway/WebApi/Synaxis.InferenceGateway.WebApi.csproj]
/home/rrj/src/github/rudironsoni/Synaxis/src/InferenceGateway/WebApi/Controllers/TeamsController.cs(684,29): error CS8602: Dereference of a possibly null reference. [/home/rrj/src/github/rudironsoni/Synaxis/src/InferenceGateway/WebApi/Synaxis.InferenceGateway.WebApi.csproj]
  Synaxis.Benchmarks -> /home/rrj/src/github/rudironsoni/Synaxis/src/Tests/Benchmarks/bin/Release/net10.0/Synaxis.Benchmarks.dll

Build FAILED.

/home/rrj/src/github/rudironsoni/Synaxis/tests/Synaxis.Infrastructure.Tests/Migrations/TestcontainersMigrationTests.cs(28,34): error CS0618: 'PostgreSqlBuilder.PostgreSqlBuilder()' is obsolete: 'This parameterless constructor is obsolete and will be removed. Use the constructor with the image parameter instead: https://github.com/testcontainers/testcontainers-dotnet/discussions/1470#discussioncomment-15185721.' [/home/rrj/src/github/rudironsoni/Synaxis/tests/Synaxis.Infrastructure.Tests/Synaxis.Infrastructure.Tests.csproj]
/home/rrj/src/github/rudironsoni/Synaxis/tests/Synaxis.Infrastructure.Tests/Services/OrganizationSettingsServiceIntegrationTests.cs(22,57): error CS0618: 'PostgreSqlBuilder.PostgreSqlBuilder()' is obsolete: 'This parameterless constructor is obsolete and will be removed. Use the constructor with the image parameter instead: https://github.com/testcontainers/testcontainers-dotnet/discussions/1470#discussioncomment-15185721.' [/home/rrj/src/github/rudironsoni/Synaxis/tests/Synaxis.Infrastructure.Tests/Synaxis.Infrastructure.Tests.csproj]
/home/rrj/src/github/rudironsoni/Synaxis/tests/Synaxis.Infrastructure.Tests/Services/TeamMembershipServiceIntegrationTests.cs(19,58): error CS0618: 'PostgreSqlBuilder.PostgreSqlBuilder()' is obsolete: 'This parameterless constructor is obsolete and will be removed. Use the constructor with the image parameter instead: https://github.com/testcontainers/testcontainers-dotnet/discussions/1470#discussioncomment-15185721.' [/home/rrj/src/github/rudironsoni/Synaxis/tests/Synaxis.Infrastructure.Tests/Synaxis.Infrastructure.Tests.csproj]
/home/rrj/src/github/rudironsoni/Synaxis/tests/Synaxis.Infrastructure.Tests/Services/TeamServiceTests.cs(163,73): error CS8625: Cannot convert null literal to non-nullable reference type. [/home/rrj/src/github/rudironsoni/Synaxis/tests/Synaxis.Infrastructure.Tests/Synaxis.Infrastructure.Tests.csproj]
/home/rrj/src/github/rudironsoni/Synaxis/tests/Synaxis.Infrastructure.Tests/Services/TeamServiceTests.cs(302,81): error CS8625: Cannot convert null literal to non-nullable reference type. [/home/rrj/src/github/rudironsoni/Synaxis/tests/Synaxis.Infrastructure.Tests/Synaxis.Infrastructure.Tests.csproj]
/home/rrj/src/github/rudironsoni/Synaxis/tests/Synaxis.Infrastructure.Tests/Services/TeamServiceIntegrationTests.cs(32,34): error CS0618: 'PostgreSqlBuilder.PostgreSqlBuilder()' is obsolete: 'This parameterless constructor is obsolete and will be removed. Use the constructor with the image parameter instead: https://github.com/testcontainers/testcontainers-dotnet/discussions/1470#discussioncomment-15185721.' [/home/rrj/src/github/rudironsoni/Synaxis/tests/Synaxis.Infrastructure.Tests/Synaxis.Infrastructure.Tests.csproj]
/home/rrj/src/github/rudironsoni/Synaxis/tests/Synaxis.Infrastructure.Tests/Migrations/TestcontainersMigrationTests.cs(21,37): error CS8618: Non-nullable field '_postgresContainer' must contain a non-null value when exiting constructor. Consider adding the 'required' modifier or declaring the field as nullable. [/home/rrj/src/github/rudironsoni/Synaxis/tests/Synaxis.Infrastructure.Tests/Synaxis.Infrastructure.Tests.csproj]
/home/rrj/src/github/rudironsoni/Synaxis/tests/Synaxis.Infrastructure.Tests/Services/TeamServiceIntegrationTests.cs(23,37): error CS8618: Non-nullable field '_postgresContainer' must contain a non-null value when exiting constructor. Consider adding the 'required' modifier or declaring the field as nullable. [/home/rrj/src/github/rudironsoni/Synaxis/tests/Synaxis.Infrastructure.Tests/Synaxis.Infrastructure.Tests.csproj]
/home/rrj/src/github/rudironsoni/Synaxis/tests/Synaxis.Infrastructure.Tests/Services/TeamServiceIntegrationTests.cs(24,34): error CS8618: Non-nullable field '_context' must contain a non-null value when exiting constructor. Consider adding the 'required' modifier or declaring the field as nullable. [/home/rrj/src/github/rudironsoni/Synaxis/tests/Synaxis.Infrastructure.Tests/Synaxis.Infrastructure.Tests.csproj]
/home/rrj/src/github/rudironsoni/Synaxis/tests/Synaxis.Infrastructure.Tests/Services/TeamServiceIntegrationTests.cs(25,42): error CS8618: Non-nullable field '_invitationServiceMock' must contain a non-null value when exiting constructor. Consider adding the 'required' modifier or declaring the field as nullable. [/home/rrj/src/github/rudironsoni/Synaxis/tests/Synaxis.Infrastructure.Tests/Synaxis.Infrastructure.Tests.csproj]
/home/rrj/src/github/rudironsoni/Synaxis/tests/Synaxis.Infrastructure.Tests/Services/TeamServiceIntegrationTests.cs(26,29): error CS8618: Non-nullable field '_service' must contain a non-null value when exiting constructor. Consider adding the 'required' modifier or declaring the field as nullable. [/home/rrj/src/github/rudironsoni/Synaxis/tests/Synaxis.Infrastructure.Tests/Synaxis.Infrastructure.Tests.csproj]
/home/rrj/src/github/rudironsoni/Synaxis/tests/Synaxis.Infrastructure.Tests/Services/TeamServiceTests.cs(27,34): error CS8618: Non-nullable field '_context' must contain a non-null value when exiting constructor. Consider adding the 'required' modifier or declaring the field as nullable. [/home/rrj/src/github/rudironsoni/Synaxis/tests/Synaxis.Infrastructure.Tests/Synaxis.Infrastructure.Tests.csproj]
/home/rrj/src/github/rudironsoni/Synaxis/tests/Synaxis.Infrastructure.Tests/Services/TeamServiceTests.cs(28,42): error CS8618: Non-nullable field '_invitationServiceMock' must contain a non-null value when exiting constructor. Consider adding the 'required' modifier or declaring the field as nullable. [/home/rrj/src/github/rudironsoni/Synaxis/tests/Synaxis.Infrastructure.Tests/Synaxis.Infrastructure.Tests.csproj]
/home/rrj/src/github/rudironsoni/Synaxis/tests/Synaxis.Infrastructure.Tests/Services/TeamServiceTests.cs(29,29): error CS8618: Non-nullable field '_service' must contain a non-null value when exiting constructor. Consider adding the 'required' modifier or declaring the field as nullable. [/home/rrj/src/github/rudironsoni/Synaxis/tests/Synaxis.Infrastructure.Tests/Synaxis.Infrastructure.Tests.csproj]
/home/rrj/src/github/rudironsoni/Synaxis/tests/Synaxis.Infrastructure.Tests/Migrations/DataIntegrityConstraintTests.cs(186,13): error SA1515: Single-line comment should be preceded by blank line (https://github.com/DotNetAnalyzers/StyleCopAnalyzers/blob/master/documentation/SA1515.md) [/home/rrj/src/github/rudironsoni/Synaxis/tests/Synaxis.Infrastructure.Tests/Synaxis.Infrastructure.Tests.csproj]
/home/rrj/src/github/rudironsoni/Synaxis/tests/Synaxis.Infrastructure.Tests/Services/TeamServiceTests.cs(393,14): error SA1513: Closing brace should be followed by blank line (https://github.com/DotNetAnalyzers/StyleCopAnalyzers/blob/master/documentation/SA1513.md) [/home/rrj/src/github/rudironsoni/Synaxis/tests/Synaxis.Infrastructure.Tests/Synaxis.Infrastructure.Tests.csproj]
/home/rrj/src/github/rudironsoni/Synaxis/tests/Synaxis.Infrastructure.Tests/Services/TeamServiceTests.cs(433,14): error SA1513: Closing brace should be followed by blank line (https://github.com/DotNetAnalyzers/StyleCopAnalyzers/blob/master/documentation/SA1513.md) [/home/rrj/src/github/rudironsoni/Synaxis/tests/Synaxis.Infrastructure.Tests/Synaxis.Infrastructure.Tests.csproj]
/home/rrj/src/github/rudironsoni/Synaxis/tests/Synaxis.Infrastructure.Tests/Services/TeamMembershipServiceTests.cs(20,31): error SA1214: Readonly fields should appear before non-readonly fields (https://github.com/DotNetAnalyzers/StyleCopAnalyzers/blob/master/documentation/SA1214.md) [/home/rrj/src/github/rudironsoni/Synaxis/tests/Synaxis.Infrastructure.Tests/Synaxis.Infrastructure.Tests.csproj]
/home/rrj/src/github/rudironsoni/Synaxis/tests/Synaxis.Infrastructure.Tests/Services/TeamMembershipServiceIntegrationTests.cs(26,9): error IDISP006: Implement IDisposable (https://github.com/DotNetAnalyzers/IDisposableAnalyzers/blob/master/documentation/IDISP006.md) [/home/rrj/src/github/rudironsoni/Synaxis/tests/Synaxis.Infrastructure.Tests/Synaxis.Infrastructure.Tests.csproj]
/home/rrj/src/github/rudironsoni/Synaxis/tests/Synaxis.Infrastructure.Tests/Services/OrganizationSettingsServiceIntegrationTests.cs(29,9): error IDISP006: Implement IDisposable (https://github.com/DotNetAnalyzers/IDisposableAnalyzers/blob/master/documentation/IDISP006.md) [/home/rrj/src/github/rudironsoni/Synaxis/tests/Synaxis.Infrastructure.Tests/Synaxis.Infrastructure.Tests.csproj]
/home/rrj/src/github/rudironsoni/Synaxis/tests/Synaxis.Infrastructure.Tests/Services/TeamServiceIntegrationTests.cs(24,9): error IDISP006: Implement IDisposable (https://github.com/DotNetAnalyzers/IDisposableAnalyzers/blob/master/documentation/IDISP006.md) [/home/rrj/src/github/rudironsoni/Synaxis/tests/Synaxis.Infrastructure.Tests/Synaxis.Infrastructure.Tests.csproj]
/home/rrj/src/github/rudironsoni/Synaxis/tests/Synaxis.Infrastructure.Tests/Migrations/TestcontainersMigrationTests.cs(26,9): error AsyncFixer01: Method 'InitializeAsync' only awaits a single expression - remove async/await and return the Task directly to reduce overhead (https://github.com/semihokur/AsyncFixer#asyncfixer01) [/home/rrj/src/github/rudironsoni/Synaxis/tests/Synaxis.Infrastructure.Tests/Synaxis.Infrastructure.Tests.csproj]
/home/rrj/src/github/rudironsoni/Synaxis/tests/Synaxis.Infrastructure.Tests/Migrations/TestcontainersMigrationTests.cs(28,13): error SA1101: Prefix local calls with this (https://github.com/DotNetAnalyzers/StyleCopAnalyzers/blob/master/documentation/SA1101.md) [/home/rrj/src/github/rudironsoni/Synaxis/tests/Synaxis.Infrastructure.Tests/Synaxis.Infrastructure.Tests.csproj]
/home/rrj/src/github/rudironsoni/Synaxis/tests/Synaxis.Infrastructure.Tests/Migrations/TestcontainersMigrationTests.cs(35,19): error SA1101: Prefix local calls with this (https://github.com/DotNetAnalyzers/StyleCopAnalyzers/blob/master/documentation/SA1101.md) [/home/rrj/src/github/rudironsoni/Synaxis/tests/Synaxis.Infrastructure.Tests/Synaxis.Infrastructure.Tests.csproj]
/home/rrj/src/github/rudironsoni/Synaxis/tests/Synaxis.Infrastructure.Tests/Migrations/TestcontainersMigrationTests.cs(35,13): error MA0004: Use Task.ConfigureAwait(false) if the current SynchronizationContext is not needed (https://github.com/meziantou/Meziantou.Analyzer/blob/main/docs/Rules/MA0004.md) [/home/rrj/src/github/rudironsoni/Synaxis/tests/Synaxis.Infrastructure.Tests/Synaxis.Infrastructure.Tests.csproj]
/home/rrj/src/github/rudironsoni/Synaxis/tests/Synaxis.Infrastructure.Tests/Migrations/TestcontainersMigrationTests.cs(43,17): error SA1101: Prefix local calls with this (https://github.com/DotNetAnalyzers/StyleCopAnalyzers/blob/master/documentation/SA1101.md) [/home/rrj/src/github/rudironsoni/Synaxis/tests/Synaxis.Infrastructure.Tests/Synaxis.Infrastructure.Tests.csproj]
/home/rrj/src/github/rudironsoni/Synaxis/tests/Synaxis.Infrastructure.Tests/Migrations/TestcontainersMigrationTests.cs(45,23): error SA1101: Prefix local calls with this (https://github.com/DotNetAnalyzers/StyleCopAnalyzers/blob/master/documentation/SA1101.md) [/home/rrj/src/github/rudironsoni/Synaxis/tests/Synaxis.Infrastructure.Tests/Synaxis.Infrastructure.Tests.csproj]
/home/rrj/src/github/rudironsoni/Synaxis/tests/Synaxis.Infrastructure.Tests/Migrations/TestcontainersMigrationTests.cs(45,17): error MA0004: Use Task.ConfigureAwait(false) if the current SynchronizationContext is not needed (https://github.com/meziantou/Meziantou.Analyzer/blob/main/docs/Rules/MA0004.md) [/home/rrj/src/github/rudironsoni/Synaxis/tests/Synaxis.Infrastructure.Tests/Synaxis.Infrastructure.Tests.csproj]
/home/rrj/src/github/rudironsoni/Synaxis/tests/Synaxis.Infrastructure.Tests/Migrations/TestcontainersMigrationTests.cs(52,28): error SA1101: Prefix local calls with this (https://github.com/DotNetAnalyzers/StyleCopAnalyzers/blob/master/documentation/SA1101.md) [/home/rrj/src/github/rudironsoni/Synaxis/tests/Synaxis.Infrastructure.Tests/Synaxis.Infrastructure.Tests.csproj]
/home/rrj/src/github/rudironsoni/Synaxis/tests/Synaxis.Infrastructure.Tests/Migrations/DataIntegrityConstraintTests.cs(32,25): error MA0009: Regular expressions should not be vulnerable to Denial of Service attacks (https://github.com/meziantou/Meziantou.Analyzer/blob/main/docs/Rules/MA0009.md) [/home/rrj/src/github/rudironsoni/Synaxis/tests/Synaxis.Infrastructure.Tests/Synaxis.Infrastructure.Tests.csproj]
/home/rrj/src/github/rudironsoni/Synaxis/tests/Synaxis.Infrastructure.Tests/Migrations/RollbackScriptTests.cs(25,13): error SA1101: Prefix local calls with this (https://github.com/DotNetAnalyzers/StyleCopAnalyzers/blob/master/documentation/SA1101.md) [/home/rrj/src/github/rudironsoni/Synaxis/tests/Synaxis.Infrastructure.Tests/Synaxis.Infrastructure.Tests.csproj]
/home/rrj/src/github/rudironsoni/Synaxis/tests/Synaxis.Infrastructure.Tests/Migrations/RollbackScriptTests.cs(27,23): error SA1117: The parameters should all be placed on the same line or each parameter should be placed on its own line (https://github.com/DotNetAnalyzers/StyleCopAnalyzers/blob/master/documentation/SA1117.md) [/home/rrj/src/github/rudironsoni/Synaxis/tests/Synaxis.Infrastructure.Tests/Synaxis.Infrastructure.Tests.csproj]
/home/rrj/src/github/rudironsoni/Synaxis/tests/Synaxis.Infrastructure.Tests/Migrations/RollbackScriptTests.cs(37,43): error SA1101: Prefix local calls with this (https://github.com/DotNetAnalyzers/StyleCopAnalyzers/blob/master/documentation/SA1101.md) [/home/rrj/src/github/rudironsoni/Synaxis/tests/Synaxis.Infrastructure.Tests/Synaxis.Infrastructure.Tests.csproj]
/home/rrj/src/github/rudironsoni/Synaxis/tests/Synaxis.Infrastructure.Tests/Services/TeamMembershipServiceTests.cs(25,9): error AsyncFixer01: Method 'InitializeAsync' only awaits a single expression - remove async/await and return the Task directly to reduce overhead (https://github.com/semihokur/AsyncFixer#asyncfixer01) [/home/rrj/src/github/rudironsoni/Synaxis/tests/Synaxis.Infrastructure.Tests/Synaxis.Infrastructure.Tests.csproj]
/home/rrj/src/github/rudironsoni/Synaxis/tests/Synaxis.Infrastructure.Tests/Migrations/TestcontainersMigrationTests.cs(67,33): error SA1101: Prefix local calls with this (https://github.com/DotNetAnalyzers/StyleCopAnalyzers/blob/master/documentation/SA1101.md) [/home/rrj/src/github/rudironsoni/Synaxis/tests/Synaxis.Infrastructure.Tests/Synaxis.Infrastructure.Tests.csproj]
/home/rrj/src/github/rudironsoni/Synaxis/tests/Synaxis.Infrastructure.Tests/Migrations/TestcontainersMigrationTests.cs(87,41): error SA1101: Prefix local calls with this (https://github.com/DotNetAnalyzers/StyleCopAnalyzers/blob/master/documentation/SA1101.md) [/home/rrj/src/github/rudironsoni/Synaxis/tests/Synaxis.Infrastructure.Tests/Synaxis.Infrastructure.Tests.csproj]
/home/rrj/src/github/rudironsoni/Synaxis/tests/Synaxis.Infrastructure.Tests/Services/TeamMembershipServiceTests.cs(18,9): error IDISP006: Implement IDisposable (https://github.com/DotNetAnalyzers/IDisposableAnalyzers/blob/master/documentation/IDISP006.md) [/home/rrj/src/github/rudironsoni/Synaxis/tests/Synaxis.Infrastructure.Tests/Synaxis.Infrastructure.Tests.csproj]
/home/rrj/src/github/rudironsoni/Synaxis/tests/Synaxis.Infrastructure.Tests/Migrations/DataIntegrityConstraintTests.cs(52,25): error MA0009: Regular expressions should not be vulnerable to Denial of Service attacks (https://github.com/meziantou/Meziantou.Analyzer/blob/main/docs/Rules/MA0009.md) [/home/rrj/src/github/rudironsoni/Synaxis/tests/Synaxis.Infrastructure.Tests/Synaxis.Infrastructure.Tests.csproj]
/home/rrj/src/github/rudironsoni/Synaxis/tests/Synaxis.Infrastructure.Tests/Services/TeamMembershipServiceTests.cs(31,13): error IDISP003: Dispose previous before re-assigning (https://github.com/DotNetAnalyzers/IDisposableAnalyzers/blob/master/documentation/IDISP003.md) [/home/rrj/src/github/rudironsoni/Synaxis/tests/Synaxis.Infrastructure.Tests/Synaxis.Infrastructure.Tests.csproj]
/home/rrj/src/github/rudironsoni/Synaxis/tests/Synaxis.Infrastructure.Tests/Services/TeamMembershipServiceTests.cs(31,13): error SA1101: Prefix local calls with this (https://github.com/DotNetAnalyzers/StyleCopAnalyzers/blob/master/documentation/SA1101.md) [/home/rrj/src/github/rudironsoni/Synaxis/tests/Synaxis.Infrastructure.Tests/Synaxis.Infrastructure.Tests.csproj]
/home/rrj/src/github/rudironsoni/Synaxis/tests/Synaxis.Infrastructure.Tests/Services/TeamMembershipServiceTests.cs(32,13): error SA1101: Prefix local calls with this (https://github.com/DotNetAnalyzers/StyleCopAnalyzers/blob/master/documentation/SA1101.md) [/home/rrj/src/github/rudironsoni/Synaxis/tests/Synaxis.Infrastructure.Tests/Synaxis.Infrastructure.Tests.csproj]
/home/rrj/src/github/rudironsoni/Synaxis/tests/Synaxis.Infrastructure.Tests/Services/TeamMembershipServiceTests.cs(32,50): error SA1101: Prefix local calls with this (https://github.com/DotNetAnalyzers/StyleCopAnalyzers/blob/master/documentation/SA1101.md) [/home/rrj/src/github/rudironsoni/Synaxis/tests/Synaxis.Infrastructure.Tests/Synaxis.Infrastructure.Tests.csproj]
/home/rrj/src/github/rudironsoni/Synaxis/tests/Synaxis.Infrastructure.Tests/Services/TeamMembershipServiceTests.cs(34,13): error MA0004: Use Task.ConfigureAwait(false) if the current SynchronizationContext is not needed (https://github.com/meziantou/Meziantou.Analyzer/blob/main/docs/Rules/MA0004.md) [/home/rrj/src/github/rudironsoni/Synaxis/tests/Synaxis.Infrastructure.Tests/Synaxis.Infrastructure.Tests.csproj]
/home/rrj/src/github/rudironsoni/Synaxis/tests/Synaxis.Infrastructure.Tests/Services/TeamMembershipServiceTests.cs(39,19): error SA1101: Prefix local calls with this (https://github.com/DotNetAnalyzers/StyleCopAnalyzers/blob/master/documentation/SA1101.md) [/home/rrj/src/github/rudironsoni/Synaxis/tests/Synaxis.Infrastructure.Tests/Synaxis.Infrastructure.Tests.csproj]
/home/rrj/src/github/rudironsoni/Synaxis/tests/Synaxis.Infrastructure.Tests/Services/TeamMembershipServiceTests.cs(39,13): error MA0004: Use Task.ConfigureAwait(false) if the current SynchronizationContext is not needed (https://github.com/meziantou/Meziantou.Analyzer/blob/main/docs/Rules/MA0004.md) [/home/rrj/src/github/rudironsoni/Synaxis/tests/Synaxis.Infrastructure.Tests/Synaxis.Infrastructure.Tests.csproj]
/home/rrj/src/github/rudironsoni/Synaxis/tests/Synaxis.Infrastructure.Tests/Services/OrganizationSettingsServiceIntegrationTests.cs(50,17): error MA0004: Use Task.ConfigureAwait(false) if the current SynchronizationContext is not needed (https://github.com/meziantou/Meziantou.Analyzer/blob/main/docs/Rules/MA0004.md) [/home/rrj/src/github/rudironsoni/Synaxis/tests/Synaxis.Infrastructure.Tests/Synaxis.Infrastructure.Tests.csproj]
/home/rrj/src/github/rudironsoni/Synaxis/tests/Synaxis.Infrastructure.Tests/Services/OrganizationSettingsServiceIntegrationTests.cs(53,13): error MA0004: Use Task.ConfigureAwait(false) if the current SynchronizationContext is not needed (https://github.com/meziantou/Meziantou.Analyzer/blob/main/docs/Rules/MA0004.md) [/home/rrj/src/github/rudironsoni/Synaxis/tests/Synaxis.Infrastructure.Tests/Synaxis.Infrastructure.Tests.csproj]
/home/rrj/src/github/rudironsoni/Synaxis/tests/Synaxis.Infrastructure.Tests/Services/TeamServiceTests.cs(77,19): error SA1101: Prefix local calls with this (https://github.com/DotNetAnalyzers/StyleCopAnalyzers/blob/master/documentation/SA1101.md) [/home/rrj/src/github/rudironsoni/Synaxis/tests/Synaxis.Infrastructure.Tests/Synaxis.Infrastructure.Tests.csproj]
/home/rrj/src/github/rudironsoni/Synaxis/tests/Synaxis.Infrastructure.Tests/Services/TeamServiceTests.cs(77,13): error MA0004: Use Task.ConfigureAwait(false) if the current SynchronizationContext is not needed (https://github.com/meziantou/Meziantou.Analyzer/blob/main/docs/Rules/MA0004.md) [/home/rrj/src/github/rudironsoni/Synaxis/tests/Synaxis.Infrastructure.Tests/Synaxis.Infrastructure.Tests.csproj]
/home/rrj/src/github/rudironsoni/Synaxis/tests/Synaxis.Infrastructure.Tests/Services/OrganizationSettingsServiceIntegrationTests.cs(40,13): error IDISP003: Dispose previous before re-assigning (https://github.com/DotNetAnalyzers/IDisposableAnalyzers/blob/master/documentation/IDISP003.md) [/home/rrj/src/github/rudironsoni/Synaxis/tests/Synaxis.Infrastructure.Tests/Synaxis.Infrastructure.Tests.csproj]
/home/rrj/src/github/rudironsoni/Synaxis/tests/Synaxis.Infrastructure.Tests/Services/TeamServiceTests.cs(27,9): error IDISP006: Implement IDisposable (https://github.com/DotNetAnalyzers/IDisposableAnalyzers/blob/master/documentation/IDISP006.md) [/home/rrj/src/github/rudironsoni/Synaxis/tests/Synaxis.Infrastructure.Tests/Synaxis.Infrastructure.Tests.csproj]
/home/rrj/src/github/rudironsoni/Synaxis/tests/Synaxis.Infrastructure.Tests/Services/OrganizationSettingsServiceIntegrationTests.cs(34,13): error MA0004: Use Task.ConfigureAwait(false) if the current SynchronizationContext is not needed (https://github.com/meziantou/Meziantou.Analyzer/blob/main/docs/Rules/MA0004.md) [/home/rrj/src/github/rudironsoni/Synaxis/tests/Synaxis.Infrastructure.Tests/Synaxis.Infrastructure.Tests.csproj]
/home/rrj/src/github/rudironsoni/Synaxis/tests/Synaxis.Infrastructure.Tests/Services/OrganizationSettingsServiceIntegrationTests.cs(41,13): error MA0004: Use Task.ConfigureAwait(false) if the current SynchronizationContext is not needed (https://github.com/meziantou/Meziantou.Analyzer/blob/main/docs/Rules/MA0004.md) [/home/rrj/src/github/rudironsoni/Synaxis/tests/Synaxis.Infrastructure.Tests/Synaxis.Infrastructure.Tests.csproj]
/home/rrj/src/github/rudironsoni/Synaxis/tests/Synaxis.Infrastructure.Tests/Migrations/RollbackScriptTests.cs(50,43): error SA1101: Prefix local calls with this (https://github.com/DotNetAnalyzers/StyleCopAnalyzers/blob/master/documentation/SA1101.md) [/home/rrj/src/github/rudironsoni/Synaxis/tests/Synaxis.Infrastructure.Tests/Synaxis.Infrastructure.Tests.csproj]
/home/rrj/src/github/rudironsoni/Synaxis/tests/Synaxis.Infrastructure.Tests/Migrations/InitialMigrationTests.cs(38,13): error S6966: Await CanConnectAsync instead. (https://rules.sonarsource.com/csharp/RSPEC-6966) [/home/rrj/src/github/rudironsoni/Synaxis/tests/Synaxis.Infrastructure.Tests/Synaxis.Infrastructure.Tests.csproj]
/home/rrj/src/github/rudironsoni/Synaxis/tests/Synaxis.Infrastructure.Tests/Services/TeamMembershipServiceIntegrationTests.cs(96,19): error SA1101: Prefix local calls with this (https://github.com/DotNetAnalyzers/StyleCopAnalyzers/blob/master/documentation/SA1101.md) [/home/rrj/src/github/rudironsoni/Synaxis/tests/Synaxis.Infrastructure.Tests/Synaxis.Infrastructure.Tests.csproj]
/home/rrj/src/github/rudironsoni/Synaxis/tests/Synaxis.Infrastructure.Tests/Services/TeamMembershipServiceIntegrationTests.cs(97,19): error SA1101: Prefix local calls with this (https://github.com/DotNetAnalyzers/StyleCopAnalyzers/blob/master/documentation/SA1101.md) [/home/rrj/src/github/rudironsoni/Synaxis/tests/Synaxis.Infrastructure.Tests/Synaxis.Infrastructure.Tests.csproj]
/home/rrj/src/github/rudironsoni/Synaxis/tests/Synaxis.Infrastructure.Tests/Services/TeamMembershipServiceIntegrationTests.cs(96,13): error MA0004: Use Task.ConfigureAwait(false) if the current SynchronizationContext is not needed (https://github.com/meziantou/Meziantou.Analyzer/blob/main/docs/Rules/MA0004.md) [/home/rrj/src/github/rudironsoni/Synaxis/tests/Synaxis.Infrastructure.Tests/Synaxis.Infrastructure.Tests.csproj]
/home/rrj/src/github/rudironsoni/Synaxis/tests/Synaxis.Infrastructure.Tests/Services/TeamMembershipServiceIntegrationTests.cs(97,13): error MA0004: Use Task.ConfigureAwait(false) if the current SynchronizationContext is not needed (https://github.com/meziantou/Meziantou.Analyzer/blob/main/docs/Rules/MA0004.md) [/home/rrj/src/github/rudironsoni/Synaxis/tests/Synaxis.Infrastructure.Tests/Synaxis.Infrastructure.Tests.csproj]
/home/rrj/src/github/rudironsoni/Synaxis/tests/Synaxis.Infrastructure.Tests/Services/TeamServiceTests.cs(39,13): error IDISP003: Dispose previous before re-assigning (https://github.com/DotNetAnalyzers/IDisposableAnalyzers/blob/master/documentation/IDISP003.md) [/home/rrj/src/github/rudironsoni/Synaxis/tests/Synaxis.Infrastructure.Tests/Synaxis.Infrastructure.Tests.csproj]
/home/rrj/src/github/rudironsoni/Synaxis/tests/Synaxis.Infrastructure.Tests/Migrations/DataIntegrityConstraintTests.cs(92,25): error MA0009: Regular expressions should not be vulnerable to Denial of Service attacks (https://github.com/meziantou/Meziantou.Analyzer/blob/main/docs/Rules/MA0009.md) [/home/rrj/src/github/rudironsoni/Synaxis/tests/Synaxis.Infrastructure.Tests/Synaxis.Infrastructure.Tests.csproj]
/home/rrj/src/github/rudironsoni/Synaxis/tests/Synaxis.Infrastructure.Tests/Migrations/PerformanceIndexTests.cs(39,30): error S6608: Indexing at 0 should be used instead of the "Enumerable" extension method "First" (https://rules.sonarsource.com/csharp/RSPEC-6608) [/home/rrj/src/github/rudironsoni/Synaxis/tests/Synaxis.Infrastructure.Tests/Synaxis.Infrastructure.Tests.csproj]
/home/rrj/src/github/rudironsoni/Synaxis/tests/Synaxis.Infrastructure.Tests/Services/TeamServiceTests.cs(54,17): error SA1413: Use trailing comma in multi-line initializers (https://github.com/DotNetAnalyzers/StyleCopAnalyzers/blob/master/documentation/SA1413.md) [/home/rrj/src/github/rudironsoni/Synaxis/tests/Synaxis.Infrastructure.Tests/Synaxis.Infrastructure.Tests.csproj]
/home/rrj/src/github/rudironsoni/Synaxis/tests/Synaxis.Infrastructure.Tests/Services/TeamServiceTests.cs(65,17): error SA1413: Use trailing comma in multi-line initializers (https://github.com/DotNetAnalyzers/StyleCopAnalyzers/blob/master/documentation/SA1413.md) [/home/rrj/src/github/rudironsoni/Synaxis/tests/Synaxis.Infrastructure.Tests/Synaxis.Infrastructure.Tests.csproj]
/home/rrj/src/github/rudironsoni/Synaxis/tests/Synaxis.Infrastructure.Tests/Services/TeamServiceTests.cs(39,13): error SA1101: Prefix local calls with this (https://github.com/DotNetAnalyzers/StyleCopAnalyzers/blob/master/documentation/SA1101.md) [/home/rrj/src/github/rudironsoni/Synaxis/tests/Synaxis.Infrastructure.Tests/Synaxis.Infrastructure.Tests.csproj]
/home/rrj/src/github/rudironsoni/Synaxis/tests/Synaxis.Infrastructure.Tests/Services/TeamServiceTests.cs(40,13): error SA1101: Prefix local calls with this (https://github.com/DotNetAnalyzers/StyleCopAnalyzers/blob/master/documentation/SA1101.md) [/home/rrj/src/github/rudironsoni/Synaxis/tests/Synaxis.Infrastructure.Tests/Synaxis.Infrastructure.Tests.csproj]
/home/rrj/src/github/rudironsoni/Synaxis/tests/Synaxis.Infrastructure.Tests/Services/TeamServiceTests.cs(43,13): error SA1101: Prefix local calls with this (https://github.com/DotNetAnalyzers/StyleCopAnalyzers/blob/master/documentation/SA1101.md) [/home/rrj/src/github/rudironsoni/Synaxis/tests/Synaxis.Infrastructure.Tests/Synaxis.Infrastructure.Tests.csproj]
/home/rrj/src/github/rudironsoni/Synaxis/tests/Synaxis.Infrastructure.Tests/Services/TeamServiceTests.cs(44,13): error SA1101: Prefix local calls with this (https://github.com/DotNetAnalyzers/StyleCopAnalyzers/blob/master/documentation/SA1101.md) [/home/rrj/src/github/rudironsoni/Synaxis/tests/Synaxis.Infrastructure.Tests/Synaxis.Infrastructure.Tests.csproj]
/home/rrj/src/github/rudironsoni/Synaxis/tests/Synaxis.Infrastructure.Tests/Services/TeamServiceTests.cs(48,22): error SA1101: Prefix local calls with this (https://github.com/DotNetAnalyzers/StyleCopAnalyzers/blob/master/documentation/SA1101.md) [/home/rrj/src/github/rudironsoni/Synaxis/tests/Synaxis.Infrastructure.Tests/Synaxis.Infrastructure.Tests.csproj]
/home/rrj/src/github/rudironsoni/Synaxis/tests/Synaxis.Infrastructure.Tests/Services/TeamServiceTests.cs(59,22): error SA1101: Prefix local calls with this (https://github.com/DotNetAnalyzers/StyleCopAnalyzers/blob/master/documentation/SA1101.md) [/home/rrj/src/github/rudironsoni/Synaxis/tests/Synaxis.Infrastructure.Tests/Synaxis.Infrastructure.Tests.csproj]
/home/rrj/src/github/rudironsoni/Synaxis/tests/Synaxis.Infrastructure.Tests/Services/TeamServiceTests.cs(60,34): error SA1101: Prefix local calls with this (https://github.com/DotNetAnalyzers/StyleCopAnalyzers/blob/master/documentation/SA1101.md) [/home/rrj/src/github/rudironsoni/Synaxis/tests/Synaxis.Infrastructure.Tests/Synaxis.Infrastructure.Tests.csproj]
/home/rrj/src/github/rudironsoni/Synaxis/tests/Synaxis.Infrastructure.Tests/Services/TeamServiceTests.cs(68,13): error SA1101: Prefix local calls with this (https://github.com/DotNetAnalyzers/StyleCopAnalyzers/blob/master/documentation/SA1101.md) [/home/rrj/src/github/rudironsoni/Synaxis/tests/Synaxis.Infrastructure.Tests/Synaxis.Infrastructure.Tests.csproj]
/home/rrj/src/github/rudironsoni/Synaxis/tests/Synaxis.Infrastructure.Tests/Services/TeamServiceTests.cs(69,13): error SA1101: Prefix local calls with this (https://github.com/DotNetAnalyzers/StyleCopAnalyzers/blob/master/documentation/SA1101.md) [/home/rrj/src/github/rudironsoni/Synaxis/tests/Synaxis.Infrastructure.Tests/Synaxis.Infrastructure.Tests.csproj]
/home/rrj/src/github/rudironsoni/Synaxis/tests/Synaxis.Infrastructure.Tests/Services/TeamServiceTests.cs(70,19): error SA1101: Prefix local calls with this (https://github.com/DotNetAnalyzers/StyleCopAnalyzers/blob/master/documentation/SA1101.md) [/home/rrj/src/github/rudironsoni/Synaxis/tests/Synaxis.Infrastructure.Tests/Synaxis.Infrastructure.Tests.csproj]
/home/rrj/src/github/rudironsoni/Synaxis/tests/Synaxis.Infrastructure.Tests/Services/TeamServiceTests.cs(72,13): error SA1101: Prefix local calls with this (https://github.com/DotNetAnalyzers/StyleCopAnalyzers/blob/master/documentation/SA1101.md) [/home/rrj/src/github/rudironsoni/Synaxis/tests/Synaxis.Infrastructure.Tests/Synaxis.Infrastructure.Tests.csproj]
/home/rrj/src/github/rudironsoni/Synaxis/tests/Synaxis.Infrastructure.Tests/Services/TeamServiceTests.cs(72,40): error SA1101: Prefix local calls with this (https://github.com/DotNetAnalyzers/StyleCopAnalyzers/blob/master/documentation/SA1101.md) [/home/rrj/src/github/rudironsoni/Synaxis/tests/Synaxis.Infrastructure.Tests/Synaxis.Infrastructure.Tests.csproj]
/home/rrj/src/github/rudironsoni/Synaxis/tests/Synaxis.Infrastructure.Tests/Services/TeamServiceTests.cs(72,50): error SA1101: Prefix local calls with this (https://github.com/DotNetAnalyzers/StyleCopAnalyzers/blob/master/documentation/SA1101.md) [/home/rrj/src/github/rudironsoni/Synaxis/tests/Synaxis.Infrastructure.Tests/Synaxis.Infrastructure.Tests.csproj]
/home/rrj/src/github/rudironsoni/Synaxis/tests/Synaxis.Infrastructure.Tests/Services/TeamServiceTests.cs(70,13): error MA0004: Use Task.ConfigureAwait(false) if the current SynchronizationContext is not needed (https://github.com/meziantou/Meziantou.Analyzer/blob/main/docs/Rules/MA0004.md) [/home/rrj/src/github/rudironsoni/Synaxis/tests/Synaxis.Infrastructure.Tests/Synaxis.Infrastructure.Tests.csproj]
/home/rrj/src/github/rudironsoni/Synaxis/tests/Synaxis.Infrastructure.Tests/Migrations/PerformanceIndexTests.cs(39,17): error MA0006: Use string.Equals instead of Equals operator (https://github.com/meziantou/Meziantou.Analyzer/blob/main/docs/Rules/MA0006.md) [/home/rrj/src/github/rudironsoni/Synaxis/tests/Synaxis.Infrastructure.Tests/Synaxis.Infrastructure.Tests.csproj]
/home/rrj/src/github/rudironsoni/Synaxis/tests/Synaxis.Infrastructure.Tests/Migrations/RollbackScriptTests.cs(63,43): error SA1101: Prefix local calls with this (https://github.com/DotNetAnalyzers/StyleCopAnalyzers/blob/master/documentation/SA1101.md) [/home/rrj/src/github/rudironsoni/Synaxis/tests/Synaxis.Infrastructure.Tests/Synaxis.Infrastructure.Tests.csproj]
/home/rrj/src/github/rudironsoni/Synaxis/tests/Synaxis.Infrastructure.Tests/Services/TeamMembershipServiceTests.cs(54,17): error SA1413: Use trailing comma in multi-line initializers (https://github.com/DotNetAnalyzers/StyleCopAnalyzers/blob/master/documentation/SA1413.md) [/home/rrj/src/github/rudironsoni/Synaxis/tests/Synaxis.Infrastructure.Tests/Synaxis.Infrastructure.Tests.csproj]
/home/rrj/src/github/rudironsoni/Synaxis/tests/Synaxis.Infrastructure.Tests/Services/TeamMembershipServiceTests.cs(62,17): error SA1413: Use trailing comma in multi-line initializers (https://github.com/DotNetAnalyzers/StyleCopAnalyzers/blob/master/documentation/SA1413.md) [/home/rrj/src/github/rudironsoni/Synaxis/tests/Synaxis.Infrastructure.Tests/Synaxis.Infrastructure.Tests.csproj]
/home/rrj/src/github/rudironsoni/Synaxis/tests/Synaxis.Infrastructure.Tests/Services/TeamMembershipServiceTests.cs(47,22): error SA1101: Prefix local calls with this (https://github.com/DotNetAnalyzers/StyleCopAnalyzers/blob/master/documentation/SA1101.md) [/home/rrj/src/github/rudironsoni/Synaxis/tests/Synaxis.Infrastructure.Tests/Synaxis.Infrastructure.Tests.csproj]
/home/rrj/src/github/rudironsoni/Synaxis/tests/Synaxis.Infrastructure.Tests/Services/TeamMembershipServiceTests.cs(48,34): error SA1101: Prefix local calls with this (https://github.com/DotNetAnalyzers/StyleCopAnalyzers/blob/master/documentation/SA1101.md) [/home/rrj/src/github/rudironsoni/Synaxis/tests/Synaxis.Infrastructure.Tests/Synaxis.Infrastructure.Tests.csproj]
/home/rrj/src/github/rudironsoni/Synaxis/tests/Synaxis.Infrastructure.Tests/Services/TeamMembershipServiceTests.cs(59,22): error SA1101: Prefix local calls with this (https://github.com/DotNetAnalyzers/StyleCopAnalyzers/blob/master/documentation/SA1101.md) [/home/rrj/src/github/rudironsoni/Synaxis/tests/Synaxis.Infrastructure.Tests/Synaxis.Infrastructure.Tests.csproj]
/home/rrj/src/github/rudironsoni/Synaxis/tests/Synaxis.Infrastructure.Tests/Services/TeamMembershipServiceTests.cs(60,34): error SA1101: Prefix local calls with this (https://github.com/DotNetAnalyzers/StyleCopAnalyzers/blob/master/documentation/SA1101.md) [/home/rrj/src/github/rudironsoni/Synaxis/tests/Synaxis.Infrastructure.Tests/Synaxis.Infrastructure.Tests.csproj]
/home/rrj/src/github/rudironsoni/Synaxis/tests/Synaxis.Infrastructure.Tests/Services/TeamMembershipServiceTests.cs(65,13): error SA1101: Prefix local calls with this (https://github.com/DotNetAnalyzers/StyleCopAnalyzers/blob/master/documentation/SA1101.md) [/home/rrj/src/github/rudironsoni/Synaxis/tests/Synaxis.Infrastructure.Tests/Synaxis.Infrastructure.Tests.csproj]
/home/rrj/src/github/rudironsoni/Synaxis/tests/Synaxis.Infrastructure.Tests/Services/TeamMembershipServiceTests.cs(66,13): error SA1101: Prefix local calls with this (https://github.com/DotNetAnalyzers/StyleCopAnalyzers/blob/master/documentation/SA1101.md) [/home/rrj/src/github/rudironsoni/Synaxis/tests/Synaxis.Infrastructure.Tests/Synaxis.Infrastructure.Tests.csproj]
/home/rrj/src/github/rudironsoni/Synaxis/tests/Synaxis.Infrastructure.Tests/Services/TeamMembershipServiceTests.cs(67,19): error SA1101: Prefix local calls with this (https://github.com/DotNetAnalyzers/StyleCopAnalyzers/blob/master/documentation/SA1101.md) [/home/rrj/src/github/rudironsoni/Synaxis/tests/Synaxis.Infrastructure.Tests/Synaxis.Infrastructure.Tests.csproj]
/home/rrj/src/github/rudironsoni/Synaxis/tests/Synaxis.Infrastructure.Tests/Services/TeamMembershipServiceTests.cs(69,32): error SA1101: Prefix local calls with this (https://github.com/DotNetAnalyzers/StyleCopAnalyzers/blob/master/documentation/SA1101.md) [/home/rrj/src/github/rudironsoni/Synaxis/tests/Synaxis.Infrastructure.Tests/Synaxis.Infrastructure.Tests.csproj]
/home/rrj/src/github/rudironsoni/Synaxis/tests/Synaxis.Infrastructure.Tests/Services/TeamMembershipServiceTests.cs(69,56): error SA1101: Prefix local calls with this (https://github.com/DotNetAnalyzers/StyleCopAnalyzers/blob/master/documentation/SA1101.md) [/home/rrj/src/github/rudironsoni/Synaxis/tests/Synaxis.Infrastructure.Tests/Synaxis.Infrastructure.Tests.csproj]
/home/rrj/src/github/rudironsoni/Synaxis/tests/Synaxis.Infrastructure.Tests/Services/TeamMembershipServiceTests.cs(69,65): error SA1101: Prefix local calls with this (https://github.com/DotNetAnalyzers/StyleCopAnalyzers/blob/master/documentation/SA1101.md) [/home/rrj/src/github/rudironsoni/Synaxis/tests/Synaxis.Infrastructure.Tests/Synaxis.Infrastructure.Tests.csproj]
/home/rrj/src/github/rudironsoni/Synaxis/tests/Synaxis.Infrastructure.Tests/Services/TeamMembershipServiceTests.cs(69,84): error SA1101: Prefix local calls with this (https://github.com/DotNetAnalyzers/StyleCopAnalyzers/blob/master/documentation/SA1101.md) [/home/rrj/src/github/rudironsoni/Synaxis/tests/Synaxis.Infrastructure.Tests/Synaxis.Infrastructure.Tests.csproj]
/home/rrj/src/github/rudironsoni/Synaxis/tests/Synaxis.Infrastructure.Tests/Services/TeamMembershipServiceTests.cs(72,39): error SA1101: Prefix local calls with this (https://github.com/DotNetAnalyzers/StyleCopAnalyzers/blob/master/documentation/SA1101.md) [/home/rrj/src/github/rudironsoni/Synaxis/tests/Synaxis.Infrastructure.Tests/Synaxis.Infrastructure.Tests.csproj]
/home/rrj/src/github/rudironsoni/Synaxis/tests/Synaxis.Infrastructure.Tests/Services/TeamMembershipServiceTests.cs(73,39): error SA1101: Prefix local calls with this (https://github.com/DotNetAnalyzers/StyleCopAnalyzers/blob/master/documentation/SA1101.md) [/home/rrj/src/github/rudironsoni/Synaxis/tests/Synaxis.Infrastructure.Tests/Synaxis.Infrastructure.Tests.csproj]
/home/rrj/src/github/rudironsoni/Synaxis/tests/Synaxis.Infrastructure.Tests/Services/TeamMembershipServiceIntegrationTests.cs(42,13): error IDISP003: Dispose previous before re-assigning (https://github.com/DotNetAnalyzers/IDisposableAnalyzers/blob/master/documentation/IDISP003.md) [/home/rrj/src/github/rudironsoni/Synaxis/tests/Synaxis.Infrastructure.Tests/Synaxis.Infrastructure.Tests.csproj]
/home/rrj/src/github/rudironsoni/Synaxis/tests/Synaxis.Infrastructure.Tests/Services/TeamMembershipServiceIntegrationTests.cs(103,31): error SA1101: Prefix local calls with this (https://github.com/DotNetAnalyzers/StyleCopAnalyzers/blob/master/documentation/SA1101.md) [/home/rrj/src/github/rudironsoni/Synaxis/tests/Synaxis.Infrastructure.Tests/Synaxis.Infrastructure.Tests.csproj]
/home/rrj/src/github/rudironsoni/Synaxis/tests/Synaxis.Infrastructure.Tests/Services/TeamMembershipServiceIntegrationTests.cs(103,55): error SA1101: Prefix local calls with this (https://github.com/DotNetAnalyzers/StyleCopAnalyzers/blob/master/documentation/SA1101.md) [/home/rrj/src/github/rudironsoni/Synaxis/tests/Synaxis.Infrastructure.Tests/Synaxis.Infrastructure.Tests.csproj]
/home/rrj/src/github/rudironsoni/Synaxis/tests/Synaxis.Infrastructure.Tests/Services/TeamMembershipServiceIntegrationTests.cs(103,65): error SA1101: Prefix local calls with this (https://github.com/DotNetAnalyzers/StyleCopAnalyzers/blob/master/documentation/SA1101.md) [/home/rrj/src/github/rudironsoni/Synaxis/tests/Synaxis.Infrastructure.Tests/Synaxis.Infrastructure.Tests.csproj]
/home/rrj/src/github/rudironsoni/Synaxis/tests/Synaxis.Infrastructure.Tests/Services/TeamMembershipServiceIntegrationTests.cs(103,86): error SA1101: Prefix local calls with this (https://github.com/DotNetAnalyzers/StyleCopAnalyzers/blob/master/documentation/SA1101.md) [/home/rrj/src/github/rudironsoni/Synaxis/tests/Synaxis.Infrastructure.Tests/Synaxis.Infrastructure.Tests.csproj]
/home/rrj/src/github/rudironsoni/Synaxis/tests/Synaxis.Infrastructure.Tests/Services/TeamMembershipServiceIntegrationTests.cs(107,33): error SA1101: Prefix local calls with this (https://github.com/DotNetAnalyzers/StyleCopAnalyzers/blob/master/documentation/SA1101.md) [/home/rrj/src/github/rudironsoni/Synaxis/tests/Synaxis.Infrastructure.Tests/Synaxis.Infrastructure.Tests.csproj]
/home/rrj/src/github/rudironsoni/Synaxis/tests/Synaxis.Infrastructure.Tests/Services/TeamMembershipServiceIntegrationTests.cs(107,64): error SA1101: Prefix local calls with this (https://github.com/DotNetAnalyzers/StyleCopAnalyzers/blob/master/documentation/SA1101.md) [/home/rrj/src/github/rudironsoni/Synaxis/tests/Synaxis.Infrastructure.Tests/Synaxis.Infrastructure.Tests.csproj]
/home/rrj/src/github/rudironsoni/Synaxis/tests/Synaxis.Infrastructure.Tests/Services/TeamMembershipServiceIntegrationTests.cs(107,74): error SA1101: Prefix local calls with this (https://github.com/DotNetAnalyzers/StyleCopAnalyzers/blob/master/documentation/SA1101.md) [/home/rrj/src/github/rudironsoni/Synaxis/tests/Synaxis.Infrastructure.Tests/Synaxis.Infrastructure.Tests.csproj]
/home/rrj/src/github/rudironsoni/Synaxis/tests/Synaxis.Infrastructure.Tests/Services/TeamMembershipServiceIntegrationTests.cs(107,98): error SA1101: Prefix local calls with this (https://github.com/DotNetAnalyzers/StyleCopAnalyzers/blob/master/documentation/SA1101.md) [/home/rrj/src/github/rudironsoni/Synaxis/tests/Synaxis.Infrastructure.Tests/Synaxis.Infrastructure.Tests.csproj]
/home/rrj/src/github/rudironsoni/Synaxis/tests/Synaxis.Infrastructure.Tests/Services/TeamMembershipServiceIntegrationTests.cs(111,19): error SA1101: Prefix local calls with this (https://github.com/DotNetAnalyzers/StyleCopAnalyzers/blob/master/documentation/SA1101.md) [/home/rrj/src/github/rudironsoni/Synaxis/tests/Synaxis.Infrastructure.Tests/Synaxis.Infrastructure.Tests.csproj]
/home/rrj/src/github/rudironsoni/Synaxis/tests/Synaxis.Infrastructure.Tests/Services/TeamMembershipServiceIntegrationTests.cs(111,46): error SA1101: Prefix local calls with this (https://github.com/DotNetAnalyzers/StyleCopAnalyzers/blob/master/documentation/SA1101.md) [/home/rrj/src/github/rudironsoni/Synaxis/tests/Synaxis.Infrastructure.Tests/Synaxis.Infrastructure.Tests.csproj]
/home/rrj/src/github/rudironsoni/Synaxis/tests/Synaxis.Infrastructure.Tests/Services/TeamMembershipServiceIntegrationTests.cs(111,56): error SA1101: Prefix local calls with this (https://github.com/DotNetAnalyzers/StyleCopAnalyzers/blob/master/documentation/SA1101.md) [/home/rrj/src/github/rudironsoni/Synaxis/tests/Synaxis.Infrastructure.Tests/Synaxis.Infrastructure.Tests.csproj]
/home/rrj/src/github/rudironsoni/Synaxis/tests/Synaxis.Infrastructure.Tests/Services/TeamMembershipServiceIntegrationTests.cs(111,67): error SA1101: Prefix local calls with this (https://github.com/DotNetAnalyzers/StyleCopAnalyzers/blob/master/documentation/SA1101.md) [/home/rrj/src/github/rudironsoni/Synaxis/tests/Synaxis.Infrastructure.Tests/Synaxis.Infrastructure.Tests.csproj]
/home/rrj/src/github/rudironsoni/Synaxis/tests/Synaxis.Infrastructure.Tests/Services/TeamMembershipServiceIntegrationTests.cs(113,36): error SA1101: Prefix local calls with this (https://github.com/DotNetAnalyzers/StyleCopAnalyzers/blob/master/documentation/SA1101.md) [/home/rrj/src/github/rudironsoni/Synaxis/tests/Synaxis.Infrastructure.Tests/Synaxis.Infrastructure.Tests.csproj]
/home/rrj/src/github/rudironsoni/Synaxis/tests/Synaxis.Infrastructure.Tests/Services/TeamMembershipServiceIntegrationTests.cs(114,55): error SA1101: Prefix local calls with this (https://github.com/DotNetAnalyzers/StyleCopAnalyzers/blob/master/documentation/SA1101.md) [/home/rrj/src/github/rudironsoni/Synaxis/tests/Synaxis.Infrastructure.Tests/Synaxis.Infrastructure.Tests.csproj]
/home/rrj/src/github/rudironsoni/Synaxis/tests/Synaxis.Infrastructure.Tests/Services/TeamMembershipServiceIntegrationTests.cs(114,80): error SA1101: Prefix local calls with this (https://github.com/DotNetAnalyzers/StyleCopAnalyzers/blob/master/documentation/SA1101.md) [/home/rrj/src/github/rudironsoni/Synaxis/tests/Synaxis.Infrastructure.Tests/Synaxis.Infrastructure.Tests.csproj]
/home/rrj/src/github/rudironsoni/Synaxis/tests/Synaxis.Infrastructure.Tests/Services/TeamMembershipServiceIntegrationTests.cs(53,17): error SA1413: Use trailing comma in multi-line initializers (https://github.com/DotNetAnalyzers/StyleCopAnalyzers/blob/master/documentation/SA1413.md) [/home/rrj/src/github/rudironsoni/Synaxis/tests/Synaxis.Infrastructure.Tests/Synaxis.Infrastructure.Tests.csproj]
/home/rrj/src/github/rudironsoni/Synaxis/tests/Synaxis.Infrastructure.Tests/Services/TeamMembershipServiceIntegrationTests.cs(61,17): error SA1413: Use trailing comma in multi-line initializers (https://github.com/DotNetAnalyzers/StyleCopAnalyzers/blob/master/documentation/SA1413.md) [/home/rrj/src/github/rudironsoni/Synaxis/tests/Synaxis.Infrastructure.Tests/Synaxis.Infrastructure.Tests.csproj]
/home/rrj/src/github/rudironsoni/Synaxis/tests/Synaxis.Infrastructure.Tests/Services/TeamMembershipServiceIntegrationTests.cs(73,17): error SA1413: Use trailing comma in multi-line initializers (https://github.com/DotNetAnalyzers/StyleCopAnalyzers/blob/master/documentation/SA1413.md) [/home/rrj/src/github/rudironsoni/Synaxis/tests/Synaxis.Infrastructure.Tests/Synaxis.Infrastructure.Tests.csproj]
/home/rrj/src/github/rudironsoni/Synaxis/tests/Synaxis.Infrastructure.Tests/Services/TeamMembershipServiceIntegrationTests.cs(85,17): error SA1413: Use trailing comma in multi-line initializers (https://github.com/DotNetAnalyzers/StyleCopAnalyzers/blob/master/documentation/SA1413.md) [/home/rrj/src/github/rudironsoni/Synaxis/tests/Synaxis.Infrastructure.Tests/Synaxis.Infrastructure.Tests.csproj]
/home/rrj/src/github/rudironsoni/Synaxis/tests/Synaxis.Infrastructure.Tests/Services/TeamMembershipServiceIntegrationTests.cs(36,19): error SA1101: Prefix local calls with this (https://github.com/DotNetAnalyzers/StyleCopAnalyzers/blob/master/documentation/SA1101.md) [/home/rrj/src/github/rudironsoni/Synaxis/tests/Synaxis.Infrastructure.Tests/Synaxis.Infrastructure.Tests.csproj]
/home/rrj/src/github/rudironsoni/Synaxis/tests/Synaxis.Infrastructure.Tests/Services/TeamMembershipServiceIntegrationTests.cs(39,28): error SA1101: Prefix local calls with this (https://github.com/DotNetAnalyzers/StyleCopAnalyzers/blob/master/documentation/SA1101.md) [/home/rrj/src/github/rudironsoni/Synaxis/tests/Synaxis.Infrastructure.Tests/Synaxis.Infrastructure.Tests.csproj]
/home/rrj/src/github/rudironsoni/Synaxis/tests/Synaxis.Infrastructure.Tests/Services/TeamMembershipServiceIntegrationTests.cs(42,13): error SA1101: Prefix local calls with this (https://github.com/DotNetAnalyzers/StyleCopAnalyzers/blob/master/documentation/SA1101.md) [/home/rrj/src/github/rudironsoni/Synaxis/tests/Synaxis.Infrastructure.Tests/Synaxis.Infrastructure.Tests.csproj]
/home/rrj/src/github/rudironsoni/Synaxis/tests/Synaxis.Infrastructure.Tests/Services/TeamMembershipServiceIntegrationTests.cs(43,19): error SA1101: Prefix local calls with this (https://github.com/DotNetAnalyzers/StyleCopAnalyzers/blob/master/documentation/SA1101.md) [/home/rrj/src/github/rudironsoni/Synaxis/tests/Synaxis.Infrastructure.Tests/Synaxis.Infrastructure.Tests.csproj]
/home/rrj/src/github/rudironsoni/Synaxis/tests/Synaxis.Infrastructure.Tests/Services/TeamMembershipServiceIntegrationTests.cs(45,13): error SA1101: Prefix local calls with this (https://github.com/DotNetAnalyzers/StyleCopAnalyzers/blob/master/documentation/SA1101.md) [/home/rrj/src/github/rudironsoni/Synaxis/tests/Synaxis.Infrastructure.Tests/Synaxis.Infrastructure.Tests.csproj]
/home/rrj/src/github/rudironsoni/Synaxis/tests/Synaxis.Infrastructure.Tests/Services/TeamMembershipServiceIntegrationTests.cs(45,50): error SA1101: Prefix local calls with this (https://github.com/DotNetAnalyzers/StyleCopAnalyzers/blob/master/documentation/SA1101.md) [/home/rrj/src/github/rudironsoni/Synaxis/tests/Synaxis.Infrastructure.Tests/Synaxis.Infrastructure.Tests.csproj]
/home/rrj/src/github/rudironsoni/Synaxis/tests/Synaxis.Infrastructure.Tests/Services/TeamMembershipServiceIntegrationTests.cs(47,13): error SA1101: Prefix local calls with this (https://github.com/DotNetAnalyzers/StyleCopAnalyzers/blob/master/documentation/SA1101.md) [/home/rrj/src/github/rudironsoni/Synaxis/tests/Synaxis.Infrastructure.Tests/Synaxis.Infrastructure.Tests.csproj]
/home/rrj/src/github/rudironsoni/Synaxis/tests/Synaxis.Infrastructure.Tests/Services/TeamMembershipServiceIntegrationTests.cs(48,13): error SA1101: Prefix local calls with this (https://github.com/DotNetAnalyzers/StyleCopAnalyzers/blob/master/documentation/SA1101.md) [/home/rrj/src/github/rudironsoni/Synaxis/tests/Synaxis.Infrastructure.Tests/Synaxis.Infrastructure.Tests.csproj]
/home/rrj/src/github/rudironsoni/Synaxis/tests/Synaxis.Infrastructure.Tests/Services/TeamMembershipServiceIntegrationTests.cs(56,13): error SA1101: Prefix local calls with this (https://github.com/DotNetAnalyzers/StyleCopAnalyzers/blob/master/documentation/SA1101.md) [/home/rrj/src/github/rudironsoni/Synaxis/tests/Synaxis.Infrastructure.Tests/Synaxis.Infrastructure.Tests.csproj]
/home/rrj/src/github/rudironsoni/Synaxis/tests/Synaxis.Infrastructure.Tests/Services/TeamMembershipServiceIntegrationTests.cs(59,34): error SA1101: Prefix local calls with this (https://github.com/DotNetAnalyzers/StyleCopAnalyzers/blob/master/documentation/SA1101.md) [/home/rrj/src/github/rudironsoni/Synaxis/tests/Synaxis.Infrastructure.Tests/Synaxis.Infrastructure.Tests.csproj]
/home/rrj/src/github/rudironsoni/Synaxis/tests/Synaxis.Infrastructure.Tests/Services/TeamMembershipServiceIntegrationTests.cs(64,13): error SA1101: Prefix local calls with this (https://github.com/DotNetAnalyzers/StyleCopAnalyzers/blob/master/documentation/SA1101.md) [/home/rrj/src/github/rudironsoni/Synaxis/tests/Synaxis.Infrastructure.Tests/Synaxis.Infrastructure.Tests.csproj]
/home/rrj/src/github/rudironsoni/Synaxis/tests/Synaxis.Infrastructure.Tests/Services/TeamMembershipServiceIntegrationTests.cs(67,34): error SA1101: Prefix local calls with this (https://github.com/DotNetAnalyzers/StyleCopAnalyzers/blob/master/documentation/SA1101.md) [/home/rrj/src/github/rudironsoni/Synaxis/tests/Synaxis.Infrastructure.Tests/Synaxis.Infrastructure.Tests.csproj]
/home/rrj/src/github/rudironsoni/Synaxis/tests/Synaxis.Infrastructure.Tests/Services/TeamMembershipServiceIntegrationTests.cs(76,13): error SA1101: Prefix local calls with this (https://github.com/DotNetAnalyzers/StyleCopAnalyzers/blob/master/documentation/SA1101.md) [/home/rrj/src/github/rudironsoni/Synaxis/tests/Synaxis.Infrastructure.Tests/Synaxis.Infrastructure.Tests.csproj]
/home/rrj/src/github/rudironsoni/Synaxis/tests/Synaxis.Infrastructure.Tests/Services/TeamMembershipServiceIntegrationTests.cs(79,34): error SA1101: Prefix local calls with this (https://github.com/DotNetAnalyzers/StyleCopAnalyzers/blob/master/documentation/SA1101.md) [/home/rrj/src/github/rudironsoni/Synaxis/tests/Synaxis.Infrastructure.Tests/Synaxis.Infrastructure.Tests.csproj]
/home/rrj/src/github/rudironsoni/Synaxis/tests/Synaxis.Infrastructure.Tests/Services/TeamMembershipServiceIntegrationTests.cs(88,13): error SA1101: Prefix local calls with this (https://github.com/DotNetAnalyzers/StyleCopAnalyzers/blob/master/documentation/SA1101.md) [/home/rrj/src/github/rudironsoni/Synaxis/tests/Synaxis.Infrastructure.Tests/Synaxis.Infrastructure.Tests.csproj]
/home/rrj/src/github/rudironsoni/Synaxis/tests/Synaxis.Infrastructure.Tests/Services/TeamMembershipServiceIntegrationTests.cs(88,40): error SA1101: Prefix local calls with this (https://github.com/DotNetAnalyzers/StyleCopAnalyzers/blob/master/documentation/SA1101.md) [/home/rrj/src/github/rudironsoni/Synaxis/tests/Synaxis.Infrastructure.Tests/Synaxis.Infrastructure.Tests.csproj]
/home/rrj/src/github/rudironsoni/Synaxis/tests/Synaxis.Infrastructure.Tests/Services/TeamMembershipServiceIntegrationTests.cs(89,13): error SA1101: Prefix local calls with this (https://github.com/DotNetAnalyzers/StyleCopAnalyzers/blob/master/documentation/SA1101.md) [/home/rrj/src/github/rudironsoni/Synaxis/tests/Synaxis.Infrastructure.Tests/Synaxis.Infrastructure.Tests.csproj]
/home/rrj/src/github/rudironsoni/Synaxis/tests/Synaxis.Infrastructure.Tests/Services/TeamMembershipServiceIntegrationTests.cs(89,32): error SA1101: Prefix local calls with this (https://github.com/DotNetAnalyzers/StyleCopAnalyzers/blob/master/documentation/SA1101.md) [/home/rrj/src/github/rudironsoni/Synaxis/tests/Synaxis.Infrastructure.Tests/Synaxis.Infrastructure.Tests.csproj]
/home/rrj/src/github/rudironsoni/Synaxis/tests/Synaxis.Infrastructure.Tests/Services/TeamMembershipServiceIntegrationTests.cs(90,13): error SA1101: Prefix local calls with this (https://github.com/DotNetAnalyzers/StyleCopAnalyzers/blob/master/documentation/SA1101.md) [/home/rrj/src/github/rudironsoni/Synaxis/tests/Synaxis.Infrastructure.Tests/Synaxis.Infrastructure.Tests.csproj]
/home/rrj/src/github/rudironsoni/Synaxis/tests/Synaxis.Infrastructure.Tests/Services/TeamMembershipServiceIntegrationTests.cs(90,37): error SA1101: Prefix local calls with this (https://github.com/DotNetAnalyzers/StyleCopAnalyzers/blob/master/documentation/SA1101.md) [/home/rrj/src/github/rudironsoni/Synaxis/tests/Synaxis.Infrastructure.Tests/Synaxis.Infrastructure.Tests.csproj]
/home/rrj/src/github/rudironsoni/Synaxis/tests/Synaxis.Infrastructure.Tests/Services/TeamMembershipServiceIntegrationTests.cs(90,45): error SA1101: Prefix local calls with this (https://github.com/DotNetAnalyzers/StyleCopAnalyzers/blob/master/documentation/SA1101.md) [/home/rrj/src/github/rudironsoni/Synaxis/tests/Synaxis.Infrastructure.Tests/Synaxis.Infrastructure.Tests.csproj]
/home/rrj/src/github/rudironsoni/Synaxis/tests/Synaxis.Infrastructure.Tests/Services/TeamMembershipServiceIntegrationTests.cs(91,19): error SA1101: Prefix local calls with this (https://github.com/DotNetAnalyzers/StyleCopAnalyzers/blob/master/documentation/SA1101.md) [/home/rrj/src/github/rudironsoni/Synaxis/tests/Synaxis.Infrastructure.Tests/Synaxis.Infrastructure.Tests.csproj]
/home/rrj/src/github/rudironsoni/Synaxis/tests/Synaxis.Infrastructure.Tests/Services/TeamMembershipServiceIntegrationTests.cs(36,13): error MA0004: Use Task.ConfigureAwait(false) if the current SynchronizationContext is not needed (https://github.com/meziantou/Meziantou.Analyzer/blob/main/docs/Rules/MA0004.md) [/home/rrj/src/github/rudironsoni/Synaxis/tests/Synaxis.Infrastructure.Tests/Synaxis.Infrastructure.Tests.csproj]
/home/rrj/src/github/rudironsoni/Synaxis/tests/Synaxis.Infrastructure.Tests/Services/TeamMembershipServiceIntegrationTests.cs(43,13): error MA0004: Use Task.ConfigureAwait(false) if the current SynchronizationContext is not needed (https://github.com/meziantou/Meziantou.Analyzer/blob/main/docs/Rules/MA0004.md) [/home/rrj/src/github/rudironsoni/Synaxis/tests/Synaxis.Infrastructure.Tests/Synaxis.Infrastructure.Tests.csproj]
/home/rrj/src/github/rudironsoni/Synaxis/tests/Synaxis.Infrastructure.Tests/Services/TeamMembershipServiceIntegrationTests.cs(91,13): error MA0004: Use Task.ConfigureAwait(false) if the current SynchronizationContext is not needed (https://github.com/meziantou/Meziantou.Analyzer/blob/main/docs/Rules/MA0004.md) [/home/rrj/src/github/rudironsoni/Synaxis/tests/Synaxis.Infrastructure.Tests/Synaxis.Infrastructure.Tests.csproj]
/home/rrj/src/github/rudironsoni/Synaxis/tests/Synaxis.Infrastructure.Tests/Migrations/TestcontainersMigrationTests.cs(99,33): error SA1101: Prefix local calls with this (https://github.com/DotNetAnalyzers/StyleCopAnalyzers/blob/master/documentation/SA1101.md) [/home/rrj/src/github/rudironsoni/Synaxis/tests/Synaxis.Infrastructure.Tests/Synaxis.Infrastructure.Tests.csproj]
/home/rrj/src/github/rudironsoni/Synaxis/tests/Synaxis.Infrastructure.Tests/Migrations/TestcontainersMigrationTests.cs(119,37): error SA1101: Prefix local calls with this (https://github.com/DotNetAnalyzers/StyleCopAnalyzers/blob/master/documentation/SA1101.md) [/home/rrj/src/github/rudironsoni/Synaxis/tests/Synaxis.Infrastructure.Tests/Synaxis.Infrastructure.Tests.csproj]
/home/rrj/src/github/rudironsoni/Synaxis/tests/Synaxis.Infrastructure.Tests/Migrations/RollbackScriptTests.cs(80,43): error SA1101: Prefix local calls with this (https://github.com/DotNetAnalyzers/StyleCopAnalyzers/blob/master/documentation/SA1101.md) [/home/rrj/src/github/rudironsoni/Synaxis/tests/Synaxis.Infrastructure.Tests/Synaxis.Infrastructure.Tests.csproj]
/home/rrj/src/github/rudironsoni/Synaxis/tests/Synaxis.Infrastructure.Tests/Migrations/PerformanceIndexTests.cs(64,39): error MA0006: Use string.Equals instead of Equals operator (https://github.com/meziantou/Meziantou.Analyzer/blob/main/docs/Rules/MA0006.md) [/home/rrj/src/github/rudironsoni/Synaxis/tests/Synaxis.Infrastructure.Tests/Synaxis.Infrastructure.Tests.csproj]
/home/rrj/src/github/rudironsoni/Synaxis/tests/Synaxis.Infrastructure.Tests/Migrations/PerformanceIndexTests.cs(65,39): error MA0006: Use string.Equals instead of Equals operator (https://github.com/meziantou/Meziantou.Analyzer/blob/main/docs/Rules/MA0006.md) [/home/rrj/src/github/rudironsoni/Synaxis/tests/Synaxis.Infrastructure.Tests/Synaxis.Infrastructure.Tests.csproj]
/home/rrj/src/github/rudironsoni/Synaxis/tests/Synaxis.Infrastructure.Tests/Services/TeamMembershipServiceIntegrationTests.cs(121,19): error SA1101: Prefix local calls with this (https://github.com/DotNetAnalyzers/StyleCopAnalyzers/blob/master/documentation/SA1101.md) [/home/rrj/src/github/rudironsoni/Synaxis/tests/Synaxis.Infrastructure.Tests/Synaxis.Infrastructure.Tests.csproj]
/home/rrj/src/github/rudironsoni/Synaxis/tests/Synaxis.Infrastructure.Tests/Services/TeamMembershipServiceIntegrationTests.cs(121,43): error SA1101: Prefix local calls with this (https://github.com/DotNetAnalyzers/StyleCopAnalyzers/blob/master/documentation/SA1101.md) [/home/rrj/src/github/rudironsoni/Synaxis/tests/Synaxis.Infrastructure.Tests/Synaxis.Infrastructure.Tests.csproj]
/home/rrj/src/github/rudironsoni/Synaxis/tests/Synaxis.Infrastructure.Tests/Services/TeamMembershipServiceIntegrationTests.cs(121,53): error SA1101: Prefix local calls with this (https://github.com/DotNetAnalyzers/StyleCopAnalyzers/blob/master/documentation/SA1101.md) [/home/rrj/src/github/rudironsoni/Synaxis/tests/Synaxis.Infrastructure.Tests/Synaxis.Infrastructure.Tests.csproj]
/home/rrj/src/github/rudironsoni/Synaxis/tests/Synaxis.Infrastructure.Tests/Services/TeamMembershipServiceIntegrationTests.cs(121,74): error SA1101: Prefix local calls with this (https://github.com/DotNetAnalyzers/StyleCopAnalyzers/blob/master/documentation/SA1101.md) [/home/rrj/src/github/rudironsoni/Synaxis/tests/Synaxis.Infrastructure.Tests/Synaxis.Infrastructure.Tests.csproj]
/home/rrj/src/github/rudironsoni/Synaxis/tests/Synaxis.Infrastructure.Tests/Services/TeamMembershipServiceIntegrationTests.cs(123,13): error SA1101: Prefix local calls with this (https://github.com/DotNetAnalyzers/StyleCopAnalyzers/blob/master/documentation/SA1101.md) [/home/rrj/src/github/rudironsoni/Synaxis/tests/Synaxis.Infrastructure.Tests/Synaxis.Infrastructure.Tests.csproj]
/home/rrj/src/github/rudironsoni/Synaxis/tests/Synaxis.Infrastructure.Tests/Services/TeamMembershipServiceIntegrationTests.cs(123,35): error SA1101: Prefix local calls with this (https://github.com/DotNetAnalyzers/StyleCopAnalyzers/blob/master/documentation/SA1101.md) [/home/rrj/src/github/rudironsoni/Synaxis/tests/Synaxis.Infrastructure.Tests/Synaxis.Infrastructure.Tests.csproj]
/home/rrj/src/github/rudironsoni/Synaxis/tests/Synaxis.Infrastructure.Tests/Services/TeamMembershipServiceIntegrationTests.cs(124,19): error SA1101: Prefix local calls with this (https://github.com/DotNetAnalyzers/StyleCopAnalyzers/blob/master/documentation/SA1101.md) [/home/rrj/src/github/rudironsoni/Synaxis/tests/Synaxis.Infrastructure.Tests/Synaxis.Infrastructure.Tests.csproj]
/home/rrj/src/github/rudironsoni/Synaxis/tests/Synaxis.Infrastructure.Tests/Services/TeamMembershipServiceIntegrationTests.cs(126,36): error SA1101: Prefix local calls with this (https://github.com/DotNetAnalyzers/StyleCopAnalyzers/blob/master/documentation/SA1101.md) [/home/rrj/src/github/rudironsoni/Synaxis/tests/Synaxis.Infrastructure.Tests/Synaxis.Infrastructure.Tests.csproj]
/home/rrj/src/github/rudironsoni/Synaxis/tests/Synaxis.Infrastructure.Tests/Services/TeamMembershipServiceIntegrationTests.cs(127,55): error SA1101: Prefix local calls with this (https://github.com/DotNetAnalyzers/StyleCopAnalyzers/blob/master/documentation/SA1101.md) [/home/rrj/src/github/rudironsoni/Synaxis/tests/Synaxis.Infrastructure.Tests/Synaxis.Infrastructure.Tests.csproj]
/home/rrj/src/github/rudironsoni/Synaxis/tests/Synaxis.Infrastructure.Tests/Services/TeamMembershipServiceIntegrationTests.cs(127,80): error SA1101: Prefix local calls with this (https://github.com/DotNetAnalyzers/StyleCopAnalyzers/blob/master/documentation/SA1101.md) [/home/rrj/src/github/rudironsoni/Synaxis/tests/Synaxis.Infrastructure.Tests/Synaxis.Infrastructure.Tests.csproj]
/home/rrj/src/github/rudironsoni/Synaxis/tests/Synaxis.Infrastructure.Tests/Migrations/RollbackScriptTests.cs(97,45): error SA1101: Prefix local calls with this (https://github.com/DotNetAnalyzers/StyleCopAnalyzers/blob/master/documentation/SA1101.md) [/home/rrj/src/github/rudironsoni/Synaxis/tests/Synaxis.Infrastructure.Tests/Synaxis.Infrastructure.Tests.csproj]
/home/rrj/src/github/rudironsoni/Synaxis/tests/Synaxis.Infrastructure.Tests/Migrations/RollbackScriptTests.cs(98,47): error SA1101: Prefix local calls with this (https://github.com/DotNetAnalyzers/StyleCopAnalyzers/blob/master/documentation/SA1101.md) [/home/rrj/src/github/rudironsoni/Synaxis/tests/Synaxis.Infrastructure.Tests/Synaxis.Infrastructure.Tests.csproj]
/home/rrj/src/github/rudironsoni/Synaxis/tests/Synaxis.Infrastructure.Tests/Services/TeamMembershipServiceTests.cs(89,17): error SA1413: Use trailing comma in multi-line initializers (https://github.com/DotNetAnalyzers/StyleCopAnalyzers/blob/master/documentation/SA1413.md) [/home/rrj/src/github/rudironsoni/Synaxis/tests/Synaxis.Infrastructure.Tests/Synaxis.Infrastructure.Tests.csproj]
/home/rrj/src/github/rudironsoni/Synaxis/tests/Synaxis.Infrastructure.Tests/Services/TeamMembershipServiceTests.cs(97,17): error SA1413: Use trailing comma in multi-line initializers (https://github.com/DotNetAnalyzers/StyleCopAnalyzers/blob/master/documentation/SA1413.md) [/home/rrj/src/github/rudironsoni/Synaxis/tests/Synaxis.Infrastructure.Tests/Synaxis.Infrastructure.Tests.csproj]
/home/rrj/src/github/rudironsoni/Synaxis/tests/Synaxis.Infrastructure.Tests/Services/TeamMembershipServiceTests.cs(106,17): error SA1413: Use trailing comma in multi-line initializers (https://github.com/DotNetAnalyzers/StyleCopAnalyzers/blob/master/documentation/SA1413.md) [/home/rrj/src/github/rudironsoni/Synaxis/tests/Synaxis.Infrastructure.Tests/Synaxis.Infrastructure.Tests.csproj]
/home/rrj/src/github/rudironsoni/Synaxis/tests/Synaxis.Infrastructure.Tests/Services/TeamMembershipServiceTests.cs(84,22): error SA1101: Prefix local calls with this (https://github.com/DotNetAnalyzers/StyleCopAnalyzers/blob/master/documentation/SA1101.md) [/home/rrj/src/github/rudironsoni/Synaxis/tests/Synaxis.Infrastructure.Tests/Synaxis.Infrastructure.Tests.csproj]
/home/rrj/src/github/rudironsoni/Synaxis/tests/Synaxis.Infrastructure.Tests/Services/TeamMembershipServiceTests.cs(85,34): error SA1101: Prefix local calls with this (https://github.com/DotNetAnalyzers/StyleCopAnalyzers/blob/master/documentation/SA1101.md) [/home/rrj/src/github/rudironsoni/Synaxis/tests/Synaxis.Infrastructure.Tests/Synaxis.Infrastructure.Tests.csproj]
/home/rrj/src/github/rudironsoni/Synaxis/tests/Synaxis.Infrastructure.Tests/Services/TeamMembershipServiceTests.cs(94,22): error SA1101: Prefix local calls with this (https://github.com/DotNetAnalyzers/StyleCopAnalyzers/blob/master/documentation/SA1101.md) [/home/rrj/src/github/rudironsoni/Synaxis/tests/Synaxis.Infrastructure.Tests/Synaxis.Infrastructure.Tests.csproj]
/home/rrj/src/github/rudironsoni/Synaxis/tests/Synaxis.Infrastructure.Tests/Services/TeamMembershipServiceTests.cs(95,34): error SA1101: Prefix local calls with this (https://github.com/DotNetAnalyzers/StyleCopAnalyzers/blob/master/documentation/SA1101.md) [/home/rrj/src/github/rudironsoni/Synaxis/tests/Synaxis.Infrastructure.Tests/Synaxis.Infrastructure.Tests.csproj]
/home/rrj/src/github/rudironsoni/Synaxis/tests/Synaxis.Infrastructure.Tests/Services/TeamMembershipServiceTests.cs(103,26): error SA1101: Prefix local calls with this (https://github.com/DotNetAnalyzers/StyleCopAnalyzers/blob/master/documentation/SA1101.md) [/home/rrj/src/github/rudironsoni/Synaxis/tests/Synaxis.Infrastructure.Tests/Synaxis.Infrastructure.Tests.csproj]
/home/rrj/src/github/rudironsoni/Synaxis/tests/Synaxis.Infrastructure.Tests/Services/TeamMembershipServiceTests.cs(104,26): error SA1101: Prefix local calls with this (https://github.com/DotNetAnalyzers/StyleCopAnalyzers/blob/master/documentation/SA1101.md) [/home/rrj/src/github/rudironsoni/Synaxis/tests/Synaxis.Infrastructure.Tests/Synaxis.Infrastructure.Tests.csproj]
/home/rrj/src/github/rudironsoni/Synaxis/tests/Synaxis.Infrastructure.Tests/Services/TeamMembershipServiceTests.cs(105,34): error SA1101: Prefix local calls with this (https://github.com/DotNetAnalyzers/StyleCopAnalyzers/blob/master/documentation/SA1101.md) [/home/rrj/src/github/rudironsoni/Synaxis/tests/Synaxis.Infrastructure.Tests/Synaxis.Infrastructure.Tests.csproj]
/home/rrj/src/github/rudironsoni/Synaxis/tests/Synaxis.Infrastructure.Tests/Services/TeamMembershipServiceTests.cs(109,13): error SA1101: Prefix local calls with this (https://github.com/DotNetAnalyzers/StyleCopAnalyzers/blob/master/documentation/SA1101.md) [/home/rrj/src/github/rudironsoni/Synaxis/tests/Synaxis.Infrastructure.Tests/Synaxis.Infrastructure.Tests.csproj]
/home/rrj/src/github/rudironsoni/Synaxis/tests/Synaxis.Infrastructure.Tests/Services/TeamMembershipServiceTests.cs(110,13): error SA1101: Prefix local calls with this (https://github.com/DotNetAnalyzers/StyleCopAnalyzers/blob/master/documentation/SA1101.md) [/home/rrj/src/github/rudironsoni/Synaxis/tests/Synaxis.Infrastructure.Tests/Synaxis.Infrastructure.Tests.csproj]
/home/rrj/src/github/rudironsoni/Synaxis/tests/Synaxis.Infrastructure.Tests/Services/TeamMembershipServiceTests.cs(111,13): error SA1101: Prefix local calls with this (https://github.com/DotNetAnalyzers/StyleCopAnalyzers/blob/master/documentation/SA1101.md) [/home/rrj/src/github/rudironsoni/Synaxis/tests/Synaxis.Infrastructure.Tests/Synaxis.Infrastructure.Tests.csproj]
/home/rrj/src/github/rudironsoni/Synaxis/tests/Synaxis.Infrastructure.Tests/Services/TeamMembershipServiceTests.cs(112,19): error SA1101: Prefix local calls with this (https://github.com/DotNetAnalyzers/StyleCopAnalyzers/blob/master/documentation/SA1101.md) [/home/rrj/src/github/rudironsoni/Synaxis/tests/Synaxis.Infrastructure.Tests/Synaxis.Infrastructure.Tests.csproj]
/home/rrj/src/github/rudironsoni/Synaxis/tests/Synaxis.Infrastructure.Tests/Services/TeamMembershipServiceTests.cs(114,41): error SA1101: Prefix local calls with this (https://github.com/DotNetAnalyzers/StyleCopAnalyzers/blob/master/documentation/SA1101.md) [/home/rrj/src/github/rudironsoni/Synaxis/tests/Synaxis.Infrastructure.Tests/Synaxis.Infrastructure.Tests.csproj]
/home/rrj/src/github/rudironsoni/Synaxis/tests/Synaxis.Infrastructure.Tests/Services/TeamMembershipServiceTests.cs(114,65): error SA1101: Prefix local calls with this (https://github.com/DotNetAnalyzers/StyleCopAnalyzers/blob/master/documentation/SA1101.md) [/home/rrj/src/github/rudironsoni/Synaxis/tests/Synaxis.Infrastructure.Tests/Synaxis.Infrastructure.Tests.csproj]
/home/rrj/src/github/rudironsoni/Synaxis/tests/Synaxis.Infrastructure.Tests/Services/TeamMembershipServiceTests.cs(114,74): error SA1101: Prefix local calls with this (https://github.com/DotNetAnalyzers/StyleCopAnalyzers/blob/master/documentation/SA1101.md) [/home/rrj/src/github/rudironsoni/Synaxis/tests/Synaxis.Infrastructure.Tests/Synaxis.Infrastructure.Tests.csproj]
/home/rrj/src/github/rudironsoni/Synaxis/tests/Synaxis.Infrastructure.Tests/Services/TeamMembershipServiceTests.cs(114,93): error SA1101: Prefix local calls with this (https://github.com/DotNetAnalyzers/StyleCopAnalyzers/blob/master/documentation/SA1101.md) [/home/rrj/src/github/rudironsoni/Synaxis/tests/Synaxis.Infrastructure.Tests/Synaxis.Infrastructure.Tests.csproj]
/home/rrj/src/github/rudironsoni/Synaxis/tests/Synaxis.Infrastructure.Tests/Services/TeamMembershipServiceTests.cs(114,35): error MA0004: Use Task.ConfigureAwait(false) if the current SynchronizationContext is not needed (https://github.com/meziantou/Meziantou.Analyzer/blob/main/docs/Rules/MA0004.md) [/home/rrj/src/github/rudironsoni/Synaxis/tests/Synaxis.Infrastructure.Tests/Synaxis.Infrastructure.Tests.csproj]
/home/rrj/src/github/rudironsoni/Synaxis/tests/Synaxis.Infrastructure.Tests/Services/TeamMembershipServiceIntegrationTests.cs(134,19): error SA1101: Prefix local calls with this (https://github.com/DotNetAnalyzers/StyleCopAnalyzers/blob/master/documentation/SA1101.md) [/home/rrj/src/github/rudironsoni/Synaxis/tests/Synaxis.Infrastructure.Tests/Synaxis.Infrastructure.Tests.csproj]
/home/rrj/src/github/rudironsoni/Synaxis/tests/Synaxis.Infrastructure.Tests/Services/TeamMembershipServiceIntegrationTests.cs(134,43): error SA1101: Prefix local calls with this (https://github.com/DotNetAnalyzers/StyleCopAnalyzers/blob/master/documentation/SA1101.md) [/home/rrj/src/github/rudironsoni/Synaxis/tests/Synaxis.Infrastructure.Tests/Synaxis.Infrastructure.Tests.csproj]
/home/rrj/src/github/rudironsoni/Synaxis/tests/Synaxis.Infrastructure.Tests/Services/TeamMembershipServiceIntegrationTests.cs(134,53): error SA1101: Prefix local calls with this (https://github.com/DotNetAnalyzers/StyleCopAnalyzers/blob/master/documentation/SA1101.md) [/home/rrj/src/github/rudironsoni/Synaxis/tests/Synaxis.Infrastructure.Tests/Synaxis.Infrastructure.Tests.csproj]
/home/rrj/src/github/rudironsoni/Synaxis/tests/Synaxis.Infrastructure.Tests/Services/TeamMembershipServiceIntegrationTests.cs(134,74): error SA1101: Prefix local calls with this (https://github.com/DotNetAnalyzers/StyleCopAnalyzers/blob/master/documentation/SA1101.md) [/home/rrj/src/github/rudironsoni/Synaxis/tests/Synaxis.Infrastructure.Tests/Synaxis.Infrastructure.Tests.csproj]
/home/rrj/src/github/rudironsoni/Synaxis/tests/Synaxis.Infrastructure.Tests/Services/TeamMembershipServiceIntegrationTests.cs(136,13): error SA1101: Prefix local calls with this (https://github.com/DotNetAnalyzers/StyleCopAnalyzers/blob/master/documentation/SA1101.md) [/home/rrj/src/github/rudironsoni/Synaxis/tests/Synaxis.Infrastructure.Tests/Synaxis.Infrastructure.Tests.csproj]
/home/rrj/src/github/rudironsoni/Synaxis/tests/Synaxis.Infrastructure.Tests/Services/TeamMembershipServiceIntegrationTests.cs(136,35): error SA1101: Prefix local calls with this (https://github.com/DotNetAnalyzers/StyleCopAnalyzers/blob/master/documentation/SA1101.md) [/home/rrj/src/github/rudironsoni/Synaxis/tests/Synaxis.Infrastructure.Tests/Synaxis.Infrastructure.Tests.csproj]
/home/rrj/src/github/rudironsoni/Synaxis/tests/Synaxis.Infrastructure.Tests/Services/TeamMembershipServiceIntegrationTests.cs(137,19): error SA1101: Prefix local calls with this (https://github.com/DotNetAnalyzers/StyleCopAnalyzers/blob/master/documentation/SA1101.md) [/home/rrj/src/github/rudironsoni/Synaxis/tests/Synaxis.Infrastructure.Tests/Synaxis.Infrastructure.Tests.csproj]
/home/rrj/src/github/rudironsoni/Synaxis/tests/Synaxis.Infrastructure.Tests/Services/TeamMembershipServiceIntegrationTests.cs(139,36): error SA1101: Prefix local calls with this (https://github.com/DotNetAnalyzers/StyleCopAnalyzers/blob/master/documentation/SA1101.md) [/home/rrj/src/github/rudironsoni/Synaxis/tests/Synaxis.Infrastructure.Tests/Synaxis.Infrastructure.Tests.csproj]
/home/rrj/src/github/rudironsoni/Synaxis/tests/Synaxis.Infrastructure.Tests/Services/TeamMembershipServiceIntegrationTests.cs(140,55): error SA1101: Prefix local calls with this (https://github.com/DotNetAnalyzers/StyleCopAnalyzers/blob/master/documentation/SA1101.md) [/home/rrj/src/github/rudironsoni/Synaxis/tests/Synaxis.Infrastructure.Tests/Synaxis.Infrastructure.Tests.csproj]
/home/rrj/src/github/rudironsoni/Synaxis/tests/Synaxis.Infrastructure.Tests/Services/TeamMembershipServiceIntegrationTests.cs(140,80): error SA1101: Prefix local calls with this (https://github.com/DotNetAnalyzers/StyleCopAnalyzers/blob/master/documentation/SA1101.md) [/home/rrj/src/github/rudironsoni/Synaxis/tests/Synaxis.Infrastructure.Tests/Synaxis.Infrastructure.Tests.csproj]
/home/rrj/src/github/rudironsoni/Synaxis/tests/Synaxis.Infrastructure.Tests/Services/TeamMembershipServiceTests.cs(130,17): error SA1413: Use trailing comma in multi-line initializers (https://github.com/DotNetAnalyzers/StyleCopAnalyzers/blob/master/documentation/SA1413.md) [/home/rrj/src/github/rudironsoni/Synaxis/tests/Synaxis.Infrastructure.Tests/Synaxis.Infrastructure.Tests.csproj]
/home/rrj/src/github/rudironsoni/Synaxis/tests/Synaxis.Infrastructure.Tests/Services/TeamMembershipServiceTests.cs(138,17): error SA1413: Use trailing comma in multi-line initializers (https://github.com/DotNetAnalyzers/StyleCopAnalyzers/blob/master/documentation/SA1413.md) [/home/rrj/src/github/rudironsoni/Synaxis/tests/Synaxis.Infrastructure.Tests/Synaxis.Infrastructure.Tests.csproj]
/home/rrj/src/github/rudironsoni/Synaxis/tests/Synaxis.Infrastructure.Tests/Services/TeamMembershipServiceTests.cs(125,22): error SA1101: Prefix local calls with this (https://github.com/DotNetAnalyzers/StyleCopAnalyzers/blob/master/documentation/SA1101.md) [/home/rrj/src/github/rudironsoni/Synaxis/tests/Synaxis.Infrastructure.Tests/Synaxis.Infrastructure.Tests.csproj]
/home/rrj/src/github/rudironsoni/Synaxis/tests/Synaxis.Infrastructure.Tests/Services/TeamMembershipServiceTests.cs(126,34): error SA1101: Prefix local calls with this (https://github.com/DotNetAnalyzers/StyleCopAnalyzers/blob/master/documentation/SA1101.md) [/home/rrj/src/github/rudironsoni/Synaxis/tests/Synaxis.Infrastructure.Tests/Synaxis.Infrastructure.Tests.csproj]
/home/rrj/src/github/rudironsoni/Synaxis/tests/Synaxis.Infrastructure.Tests/Services/TeamMembershipServiceTests.cs(135,22): error SA1101: Prefix local calls with this (https://github.com/DotNetAnalyzers/StyleCopAnalyzers/blob/master/documentation/SA1101.md) [/home/rrj/src/github/rudironsoni/Synaxis/tests/Synaxis.Infrastructure.Tests/Synaxis.Infrastructure.Tests.csproj]
/home/rrj/src/github/rudironsoni/Synaxis/tests/Synaxis.Infrastructure.Tests/Services/TeamMembershipServiceTests.cs(136,34): error SA1101: Prefix local calls with this (https://github.com/DotNetAnalyzers/StyleCopAnalyzers/blob/master/documentation/SA1101.md) [/home/rrj/src/github/rudironsoni/Synaxis/tests/Synaxis.Infrastructure.Tests/Synaxis.Infrastructure.Tests.csproj]
/home/rrj/src/github/rudironsoni/Synaxis/tests/Synaxis.Infrastructure.Tests/Services/TeamMembershipServiceTests.cs(141,13): error SA1101: Prefix local calls with this (https://github.com/DotNetAnalyzers/StyleCopAnalyzers/blob/master/documentation/SA1101.md) [/home/rrj/src/github/rudironsoni/Synaxis/tests/Synaxis.Infrastructure.Tests/Synaxis.Infrastructure.Tests.csproj]
/home/rrj/src/github/rudironsoni/Synaxis/tests/Synaxis.Infrastructure.Tests/Services/TeamMembershipServiceTests.cs(142,13): error SA1101: Prefix local calls with this (https://github.com/DotNetAnalyzers/StyleCopAnalyzers/blob/master/documentation/SA1101.md) [/home/rrj/src/github/rudironsoni/Synaxis/tests/Synaxis.Infrastructure.Tests/Synaxis.Infrastructure.Tests.csproj]
/home/rrj/src/github/rudironsoni/Synaxis/tests/Synaxis.Infrastructure.Tests/Services/TeamMembershipServiceTests.cs(143,19): error SA1101: Prefix local calls with this (https://github.com/DotNetAnalyzers/StyleCopAnalyzers/blob/master/documentation/SA1101.md) [/home/rrj/src/github/rudironsoni/Synaxis/tests/Synaxis.Infrastructure.Tests/Synaxis.Infrastructure.Tests.csproj]
/home/rrj/src/github/rudironsoni/Synaxis/tests/Synaxis.Infrastructure.Tests/Services/TeamMembershipServiceTests.cs(145,41): error SA1101: Prefix local calls with this (https://github.com/DotNetAnalyzers/StyleCopAnalyzers/blob/master/documentation/SA1101.md) [/home/rrj/src/github/rudironsoni/Synaxis/tests/Synaxis.Infrastructure.Tests/Synaxis.Infrastructure.Tests.csproj]
/home/rrj/src/github/rudironsoni/Synaxis/tests/Synaxis.Infrastructure.Tests/Services/TeamMembershipServiceTests.cs(145,65): error SA1101: Prefix local calls with this (https://github.com/DotNetAnalyzers/StyleCopAnalyzers/blob/master/documentation/SA1101.md) [/home/rrj/src/github/rudironsoni/Synaxis/tests/Synaxis.Infrastructure.Tests/Synaxis.Infrastructure.Tests.csproj]
/home/rrj/src/github/rudironsoni/Synaxis/tests/Synaxis.Infrastructure.Tests/Services/TeamMembershipServiceTests.cs(145,74): error SA1101: Prefix local calls with this (https://github.com/DotNetAnalyzers/StyleCopAnalyzers/blob/master/documentation/SA1101.md) [/home/rrj/src/github/rudironsoni/Synaxis/tests/Synaxis.Infrastructure.Tests/Synaxis.Infrastructure.Tests.csproj]
/home/rrj/src/github/rudironsoni/Synaxis/tests/Synaxis.Infrastructure.Tests/Services/TeamMembershipServiceTests.cs(145,99): error SA1101: Prefix local calls with this (https://github.com/DotNetAnalyzers/StyleCopAnalyzers/blob/master/documentation/SA1101.md) [/home/rrj/src/github/rudironsoni/Synaxis/tests/Synaxis.Infrastructure.Tests/Synaxis.Infrastructure.Tests.csproj]
/home/rrj/src/github/rudironsoni/Synaxis/tests/Synaxis.Infrastructure.Tests/Services/TeamServiceTests.cs(92,17): error SA1413: Use trailing comma in multi-line initializers (https://github.com/DotNetAnalyzers/StyleCopAnalyzers/blob/master/documentation/SA1413.md) [/home/rrj/src/github/rudironsoni/Synaxis/tests/Synaxis.Infrastructure.Tests/Synaxis.Infrastructure.Tests.csproj]
/home/rrj/src/github/rudironsoni/Synaxis/tests/Synaxis.Infrastructure.Tests/Services/TeamServiceTests.cs(96,32): error SA1101: Prefix local calls with this (https://github.com/DotNetAnalyzers/StyleCopAnalyzers/blob/master/documentation/SA1101.md) [/home/rrj/src/github/rudironsoni/Synaxis/tests/Synaxis.Infrastructure.Tests/Synaxis.Infrastructure.Tests.csproj]
/home/rrj/src/github/rudironsoni/Synaxis/tests/Synaxis.Infrastructure.Tests/Services/TeamServiceTests.cs(96,66): error SA1101: Prefix local calls with this (https://github.com/DotNetAnalyzers/StyleCopAnalyzers/blob/master/documentation/SA1101.md) [/home/rrj/src/github/rudironsoni/Synaxis/tests/Synaxis.Infrastructure.Tests/Synaxis.Infrastructure.Tests.csproj]
/home/rrj/src/github/rudironsoni/Synaxis/tests/Synaxis.Infrastructure.Tests/Services/TeamServiceTests.cs(96,83): error SA1101: Prefix local calls with this (https://github.com/DotNetAnalyzers/StyleCopAnalyzers/blob/master/documentation/SA1101.md) [/home/rrj/src/github/rudironsoni/Synaxis/tests/Synaxis.Infrastructure.Tests/Synaxis.Infrastructure.Tests.csproj]
/home/rrj/src/github/rudironsoni/Synaxis/tests/Synaxis.Infrastructure.Tests/Services/TeamServiceTests.cs(105,47): error SA1101: Prefix local calls with this (https://github.com/DotNetAnalyzers/StyleCopAnalyzers/blob/master/documentation/SA1101.md) [/home/rrj/src/github/rudironsoni/Synaxis/tests/Synaxis.Infrastructure.Tests/Synaxis.Infrastructure.Tests.csproj]
/home/rrj/src/github/rudironsoni/Synaxis/tests/Synaxis.Infrastructure.Tests/Services/TeamServiceTests.cs(107,32): error SA1101: Prefix local calls with this (https://github.com/DotNetAnalyzers/StyleCopAnalyzers/blob/master/documentation/SA1101.md) [/home/rrj/src/github/rudironsoni/Synaxis/tests/Synaxis.Infrastructure.Tests/Synaxis.Infrastructure.Tests.csproj]
/home/rrj/src/github/rudironsoni/Synaxis/tests/Synaxis.Infrastructure.Tests/Services/TeamMembershipServiceTests.cs(145,35): error MA0004: Use Task.ConfigureAwait(false) if the current SynchronizationContext is not needed (https://github.com/meziantou/Meziantou.Analyzer/blob/main/docs/Rules/MA0004.md) [/home/rrj/src/github/rudironsoni/Synaxis/tests/Synaxis.Infrastructure.Tests/Synaxis.Infrastructure.Tests.csproj]
/home/rrj/src/github/rudironsoni/Synaxis/tests/Synaxis.Infrastructure.Tests/Migrations/PerformanceIndexTests.cs(89,30): error S6608: Indexing at 0 should be used instead of the "Enumerable" extension method "First" (https://rules.sonarsource.com/csharp/RSPEC-6608) [/home/rrj/src/github/rudironsoni/Synaxis/tests/Synaxis.Infrastructure.Tests/Synaxis.Infrastructure.Tests.csproj]
/home/rrj/src/github/rudironsoni/Synaxis/tests/Synaxis.Infrastructure.Tests/Services/TeamServiceTests.cs(80,9): error SA1124: Do not use regions (https://github.com/DotNetAnalyzers/StyleCopAnalyzers/blob/master/documentation/SA1124.md) [/home/rrj/src/github/rudironsoni/Synaxis/tests/Synaxis.Infrastructure.Tests/Synaxis.Infrastructure.Tests.csproj]
/home/rrj/src/github/rudironsoni/Synaxis/tests/Synaxis.Infrastructure.Tests/Services/TeamMembershipServiceTests.cs(161,17): error SA1413: Use trailing comma in multi-line initializers (https://github.com/DotNetAnalyzers/StyleCopAnalyzers/blob/master/documentation/SA1413.md) [/home/rrj/src/github/rudironsoni/Synaxis/tests/Synaxis.Infrastructure.Tests/Synaxis.Infrastructure.Tests.csproj]
/home/rrj/src/github/rudironsoni/Synaxis/tests/Synaxis.Infrastructure.Tests/Services/TeamMembershipServiceTests.cs(169,17): error SA1413: Use trailing comma in multi-line initializers (https://github.com/DotNetAnalyzers/StyleCopAnalyzers/blob/master/documentation/SA1413.md) [/home/rrj/src/github/rudironsoni/Synaxis/tests/Synaxis.Infrastructure.Tests/Synaxis.Infrastructure.Tests.csproj]
/home/rrj/src/github/rudironsoni/Synaxis/tests/Synaxis.Infrastructure.Tests/Services/TeamMembershipServiceTests.cs(156,22): error SA1101: Prefix local calls with this (https://github.com/DotNetAnalyzers/StyleCopAnalyzers/blob/master/documentation/SA1101.md) [/home/rrj/src/github/rudironsoni/Synaxis/tests/Synaxis.Infrastructure.Tests/Synaxis.Infrastructure.Tests.csproj]
/home/rrj/src/github/rudironsoni/Synaxis/tests/Synaxis.Infrastructure.Tests/Services/TeamMembershipServiceTests.cs(166,22): error SA1101: Prefix local calls with this (https://github.com/DotNetAnalyzers/StyleCopAnalyzers/blob/master/documentation/SA1101.md) [/home/rrj/src/github/rudironsoni/Synaxis/tests/Synaxis.Infrastructure.Tests/Synaxis.Infrastructure.Tests.csproj]
/home/rrj/src/github/rudironsoni/Synaxis/tests/Synaxis.Infrastructure.Tests/Services/TeamMembershipServiceTests.cs(167,34): error SA1101: Prefix local calls with this (https://github.com/DotNetAnalyzers/StyleCopAnalyzers/blob/master/documentation/SA1101.md) [/home/rrj/src/github/rudironsoni/Synaxis/tests/Synaxis.Infrastructure.Tests/Synaxis.Infrastructure.Tests.csproj]
/home/rrj/src/github/rudironsoni/Synaxis/tests/Synaxis.Infrastructure.Tests/Services/TeamMembershipServiceTests.cs(172,13): error SA1101: Prefix local calls with this (https://github.com/DotNetAnalyzers/StyleCopAnalyzers/blob/master/documentation/SA1101.md) [/home/rrj/src/github/rudironsoni/Synaxis/tests/Synaxis.Infrastructure.Tests/Synaxis.Infrastructure.Tests.csproj]
/home/rrj/src/github/rudironsoni/Synaxis/tests/Synaxis.Infrastructure.Tests/Services/TeamMembershipServiceTests.cs(173,13): error SA1101: Prefix local calls with this (https://github.com/DotNetAnalyzers/StyleCopAnalyzers/blob/master/documentation/SA1101.md) [/home/rrj/src/github/rudironsoni/Synaxis/tests/Synaxis.Infrastructure.Tests/Synaxis.Infrastructure.Tests.csproj]
/home/rrj/src/github/rudironsoni/Synaxis/tests/Synaxis.Infrastructure.Tests/Services/TeamMembershipServiceTests.cs(174,19): error SA1101: Prefix local calls with this (https://github.com/DotNetAnalyzers/StyleCopAnalyzers/blob/master/documentation/SA1101.md) [/home/rrj/src/github/rudironsoni/Synaxis/tests/Synaxis.Infrastructure.Tests/Synaxis.Infrastructure.Tests.csproj]
/home/rrj/src/github/rudironsoni/Synaxis/tests/Synaxis.Infrastructure.Tests/Services/TeamMembershipServiceTests.cs(176,41): error SA1101: Prefix local calls with this (https://github.com/DotNetAnalyzers/StyleCopAnalyzers/blob/master/documentation/SA1101.md) [/home/rrj/src/github/rudironsoni/Synaxis/tests/Synaxis.Infrastructure.Tests/Synaxis.Infrastructure.Tests.csproj]
/home/rrj/src/github/rudironsoni/Synaxis/tests/Synaxis.Infrastructure.Tests/Services/TeamMembershipServiceTests.cs(176,65): error SA1101: Prefix local calls with this (https://github.com/DotNetAnalyzers/StyleCopAnalyzers/blob/master/documentation/SA1101.md) [/home/rrj/src/github/rudironsoni/Synaxis/tests/Synaxis.Infrastructure.Tests/Synaxis.Infrastructure.Tests.csproj]
/home/rrj/src/github/rudironsoni/Synaxis/tests/Synaxis.Infrastructure.Tests/Services/TeamMembershipServiceTests.cs(176,74): error SA1101: Prefix local calls with this (https://github.com/DotNetAnalyzers/StyleCopAnalyzers/blob/master/documentation/SA1101.md) [/home/rrj/src/github/rudironsoni/Synaxis/tests/Synaxis.Infrastructure.Tests/Synaxis.Infrastructure.Tests.csproj]
/home/rrj/src/github/rudironsoni/Synaxis/tests/Synaxis.Infrastructure.Tests/Services/TeamMembershipServiceTests.cs(176,93): error SA1101: Prefix local calls with this (https://github.com/DotNetAnalyzers/StyleCopAnalyzers/blob/master/documentation/SA1101.md) [/home/rrj/src/github/rudironsoni/Synaxis/tests/Synaxis.Infrastructure.Tests/Synaxis.Infrastructure.Tests.csproj]
/home/rrj/src/github/rudironsoni/Synaxis/tests/Synaxis.Infrastructure.Tests/Services/TeamMembershipServiceTests.cs(176,35): error MA0004: Use Task.ConfigureAwait(false) if the current SynchronizationContext is not needed (https://github.com/meziantou/Meziantou.Analyzer/blob/main/docs/Rules/MA0004.md) [/home/rrj/src/github/rudironsoni/Synaxis/tests/Synaxis.Infrastructure.Tests/Synaxis.Infrastructure.Tests.csproj]
/home/rrj/src/github/rudironsoni/Synaxis/tests/Synaxis.Infrastructure.Tests/Migrations/RollbackScriptTests.cs(118,43): error SA1101: Prefix local calls with this (https://github.com/DotNetAnalyzers/StyleCopAnalyzers/blob/master/documentation/SA1101.md) [/home/rrj/src/github/rudironsoni/Synaxis/tests/Synaxis.Infrastructure.Tests/Synaxis.Infrastructure.Tests.csproj]
/home/rrj/src/github/rudironsoni/Synaxis/tests/Synaxis.Infrastructure.Tests/Migrations/RollbackScriptTests.cs(132,51): error MA0099: Use Explicit enum value for 'UnixFileMode' instead of 0 (https://github.com/meziantou/Meziantou.Analyzer/blob/main/docs/Rules/MA0099.md) [/home/rrj/src/github/rudironsoni/Synaxis/tests/Synaxis.Infrastructure.Tests/Synaxis.Infrastructure.Tests.csproj]
/home/rrj/src/github/rudironsoni/Synaxis/tests/Synaxis.Infrastructure.Tests/Migrations/PerformanceIndexTests.cs(89,17): error MA0006: Use string.Equals instead of Equals operator (https://github.com/meziantou/Meziantou.Analyzer/blob/main/docs/Rules/MA0006.md) [/home/rrj/src/github/rudironsoni/Synaxis/tests/Synaxis.Infrastructure.Tests/Synaxis.Infrastructure.Tests.csproj]
/home/rrj/src/github/rudironsoni/Synaxis/tests/Synaxis.Infrastructure.Tests/Services/TeamMembershipServiceTests.cs(204,9): error AsyncFixer01: Method 'RemoveMemberAsync_UserNotFound_ThrowsInvalidOperationException' only awaits a single expression - remove async/await and return the Task directly to reduce overhead (https://github.com/semihokur/AsyncFixer#asyncfixer01) [/home/rrj/src/github/rudironsoni/Synaxis/tests/Synaxis.Infrastructure.Tests/Synaxis.Infrastructure.Tests.csproj]
/home/rrj/src/github/rudironsoni/Synaxis/tests/Synaxis.Infrastructure.Tests/Services/TeamMembershipServiceTests.cs(207,41): error SA1101: Prefix local calls with this (https://github.com/DotNetAnalyzers/StyleCopAnalyzers/blob/master/documentation/SA1101.md) [/home/rrj/src/github/rudironsoni/Synaxis/tests/Synaxis.Infrastructure.Tests/Synaxis.Infrastructure.Tests.csproj]
/home/rrj/src/github/rudironsoni/Synaxis/tests/Synaxis.Infrastructure.Tests/Services/TeamMembershipServiceTests.cs(207,68): error SA1101: Prefix local calls with this (https://github.com/DotNetAnalyzers/StyleCopAnalyzers/blob/master/documentation/SA1101.md) [/home/rrj/src/github/rudironsoni/Synaxis/tests/Synaxis.Infrastructure.Tests/Synaxis.Infrastructure.Tests.csproj]
/home/rrj/src/github/rudironsoni/Synaxis/tests/Synaxis.Infrastructure.Tests/Services/TeamMembershipServiceTests.cs(207,77): error SA1101: Prefix local calls with this (https://github.com/DotNetAnalyzers/StyleCopAnalyzers/blob/master/documentation/SA1101.md) [/home/rrj/src/github/rudironsoni/Synaxis/tests/Synaxis.Infrastructure.Tests/Synaxis.Infrastructure.Tests.csproj]
/home/rrj/src/github/rudironsoni/Synaxis/tests/Synaxis.Infrastructure.Tests/Services/TeamMembershipServiceTests.cs(207,86): error SA1101: Prefix local calls with this (https://github.com/DotNetAnalyzers/StyleCopAnalyzers/blob/master/documentation/SA1101.md) [/home/rrj/src/github/rudironsoni/Synaxis/tests/Synaxis.Infrastructure.Tests/Synaxis.Infrastructure.Tests.csproj]
/home/rrj/src/github/rudironsoni/Synaxis/tests/Synaxis.Infrastructure.Tests/Services/TeamMembershipServiceTests.cs(207,35): error MA0004: Use Task.ConfigureAwait(false) if the current SynchronizationContext is not needed (https://github.com/meziantou/Meziantou.Analyzer/blob/main/docs/Rules/MA0004.md) [/home/rrj/src/github/rudironsoni/Synaxis/tests/Synaxis.Infrastructure.Tests/Synaxis.Infrastructure.Tests.csproj]
/home/rrj/src/github/rudironsoni/Synaxis/tests/Synaxis.Infrastructure.Tests/Services/TeamMembershipServiceTests.cs(191,17): error SA1413: Use trailing comma in multi-line initializers (https://github.com/DotNetAnalyzers/StyleCopAnalyzers/blob/master/documentation/SA1413.md) [/home/rrj/src/github/rudironsoni/Synaxis/tests/Synaxis.Infrastructure.Tests/Synaxis.Infrastructure.Tests.csproj]
/home/rrj/src/github/rudironsoni/Synaxis/tests/Synaxis.Infrastructure.Tests/Services/TeamMembershipServiceTests.cs(188,26): error SA1101: Prefix local calls with this (https://github.com/DotNetAnalyzers/StyleCopAnalyzers/blob/master/documentation/SA1101.md) [/home/rrj/src/github/rudironsoni/Synaxis/tests/Synaxis.Infrastructure.Tests/Synaxis.Infrastructure.Tests.csproj]
/home/rrj/src/github/rudironsoni/Synaxis/tests/Synaxis.Infrastructure.Tests/Services/TeamMembershipServiceTests.cs(189,26): error SA1101: Prefix local calls with this (https://github.com/DotNetAnalyzers/StyleCopAnalyzers/blob/master/documentation/SA1101.md) [/home/rrj/src/github/rudironsoni/Synaxis/tests/Synaxis.Infrastructure.Tests/Synaxis.Infrastructure.Tests.csproj]
/home/rrj/src/github/rudironsoni/Synaxis/tests/Synaxis.Infrastructure.Tests/Services/TeamMembershipServiceTests.cs(190,34): error SA1101: Prefix local calls with this (https://github.com/DotNetAnalyzers/StyleCopAnalyzers/blob/master/documentation/SA1101.md) [/home/rrj/src/github/rudironsoni/Synaxis/tests/Synaxis.Infrastructure.Tests/Synaxis.Infrastructure.Tests.csproj]
/home/rrj/src/github/rudironsoni/Synaxis/tests/Synaxis.Infrastructure.Tests/Services/TeamMembershipServiceTests.cs(194,13): error SA1101: Prefix local calls with this (https://github.com/DotNetAnalyzers/StyleCopAnalyzers/blob/master/documentation/SA1101.md) [/home/rrj/src/github/rudironsoni/Synaxis/tests/Synaxis.Infrastructure.Tests/Synaxis.Infrastructure.Tests.csproj]
/home/rrj/src/github/rudironsoni/Synaxis/tests/Synaxis.Infrastructure.Tests/Services/TeamMembershipServiceTests.cs(195,19): error SA1101: Prefix local calls with this (https://github.com/DotNetAnalyzers/StyleCopAnalyzers/blob/master/documentation/SA1101.md) [/home/rrj/src/github/rudironsoni/Synaxis/tests/Synaxis.Infrastructure.Tests/Synaxis.Infrastructure.Tests.csproj]
/home/rrj/src/github/rudironsoni/Synaxis/tests/Synaxis.Infrastructure.Tests/Services/TeamMembershipServiceTests.cs(197,19): error SA1101: Prefix local calls with this (https://github.com/DotNetAnalyzers/StyleCopAnalyzers/blob/master/documentation/SA1101.md) [/home/rrj/src/github/rudironsoni/Synaxis/tests/Synaxis.Infrastructure.Tests/Synaxis.Infrastructure.Tests.csproj]
/home/rrj/src/github/rudironsoni/Synaxis/tests/Synaxis.Infrastructure.Tests/Services/TeamMembershipServiceTests.cs(197,46): error SA1101: Prefix local calls with this (https://github.com/DotNetAnalyzers/StyleCopAnalyzers/blob/master/documentation/SA1101.md) [/home/rrj/src/github/rudironsoni/Synaxis/tests/Synaxis.Infrastructure.Tests/Synaxis.Infrastructure.Tests.csproj]
/home/rrj/src/github/rudironsoni/Synaxis/tests/Synaxis.Infrastructure.Tests/Services/TeamMembershipServiceTests.cs(197,55): error SA1101: Prefix local calls with this (https://github.com/DotNetAnalyzers/StyleCopAnalyzers/blob/master/documentation/SA1101.md) [/home/rrj/src/github/rudironsoni/Synaxis/tests/Synaxis.Infrastructure.Tests/Synaxis.Infrastructure.Tests.csproj]
/home/rrj/src/github/rudironsoni/Synaxis/tests/Synaxis.Infrastructure.Tests/Services/TeamMembershipServiceTests.cs(197,64): error SA1101: Prefix local calls with this (https://github.com/DotNetAnalyzers/StyleCopAnalyzers/blob/master/documentation/SA1101.md) [/home/rrj/src/github/rudironsoni/Synaxis/tests/Synaxis.Infrastructure.Tests/Synaxis.Infrastructure.Tests.csproj]
/home/rrj/src/github/rudironsoni/Synaxis/tests/Synaxis.Infrastructure.Tests/Services/TeamMembershipServiceTests.cs(199,33): error SA1101: Prefix local calls with this (https://github.com/DotNetAnalyzers/StyleCopAnalyzers/blob/master/documentation/SA1101.md) [/home/rrj/src/github/rudironsoni/Synaxis/tests/Synaxis.Infrastructure.Tests/Synaxis.Infrastructure.Tests.csproj]
/home/rrj/src/github/rudironsoni/Synaxis/tests/Synaxis.Infrastructure.Tests/Services/TeamMembershipServiceTests.cs(200,55): error SA1101: Prefix local calls with this (https://github.com/DotNetAnalyzers/StyleCopAnalyzers/blob/master/documentation/SA1101.md) [/home/rrj/src/github/rudironsoni/Synaxis/tests/Synaxis.Infrastructure.Tests/Synaxis.Infrastructure.Tests.csproj]
/home/rrj/src/github/rudironsoni/Synaxis/tests/Synaxis.Infrastructure.Tests/Services/TeamMembershipServiceTests.cs(200,78): error SA1101: Prefix local calls with this (https://github.com/DotNetAnalyzers/StyleCopAnalyzers/blob/master/documentation/SA1101.md) [/home/rrj/src/github/rudironsoni/Synaxis/tests/Synaxis.Infrastructure.Tests/Synaxis.Infrastructure.Tests.csproj]
/home/rrj/src/github/rudironsoni/Synaxis/tests/Synaxis.Infrastructure.Tests/Services/TeamMembershipServiceTests.cs(225,17): error SA1413: Use trailing comma in multi-line initializers (https://github.com/DotNetAnalyzers/StyleCopAnalyzers/blob/master/documentation/SA1413.md) [/home/rrj/src/github/rudironsoni/Synaxis/tests/Synaxis.Infrastructure.Tests/Synaxis.Infrastructure.Tests.csproj]
/home/rrj/src/github/rudironsoni/Synaxis/tests/Synaxis.Infrastructure.Tests/Services/TeamMembershipServiceTests.cs(234,17): error SA1413: Use trailing comma in multi-line initializers (https://github.com/DotNetAnalyzers/StyleCopAnalyzers/blob/master/documentation/SA1413.md) [/home/rrj/src/github/rudironsoni/Synaxis/tests/Synaxis.Infrastructure.Tests/Synaxis.Infrastructure.Tests.csproj]
/home/rrj/src/github/rudironsoni/Synaxis/tests/Synaxis.Infrastructure.Tests/Services/TeamMembershipServiceTests.cs(218,22): error SA1101: Prefix local calls with this (https://github.com/DotNetAnalyzers/StyleCopAnalyzers/blob/master/documentation/SA1101.md) [/home/rrj/src/github/rudironsoni/Synaxis/tests/Synaxis.Infrastructure.Tests/Synaxis.Infrastructure.Tests.csproj]
/home/rrj/src/github/rudironsoni/Synaxis/tests/Synaxis.Infrastructure.Tests/Services/TeamMembershipServiceTests.cs(219,34): error SA1101: Prefix local calls with this (https://github.com/DotNetAnalyzers/StyleCopAnalyzers/blob/master/documentation/SA1101.md) [/home/rrj/src/github/rudironsoni/Synaxis/tests/Synaxis.Infrastructure.Tests/Synaxis.Infrastructure.Tests.csproj]
/home/rrj/src/github/rudironsoni/Synaxis/tests/Synaxis.Infrastructure.Tests/Services/TeamMembershipServiceTests.cs(231,26): error SA1101: Prefix local calls with this (https://github.com/DotNetAnalyzers/StyleCopAnalyzers/blob/master/documentation/SA1101.md) [/home/rrj/src/github/rudironsoni/Synaxis/tests/Synaxis.Infrastructure.Tests/Synaxis.Infrastructure.Tests.csproj]
/home/rrj/src/github/rudironsoni/Synaxis/tests/Synaxis.Infrastructure.Tests/Services/TeamMembershipServiceTests.cs(232,26): error SA1101: Prefix local calls with this (https://github.com/DotNetAnalyzers/StyleCopAnalyzers/blob/master/documentation/SA1101.md) [/home/rrj/src/github/rudironsoni/Synaxis/tests/Synaxis.Infrastructure.Tests/Synaxis.Infrastructure.Tests.csproj]
/home/rrj/src/github/rudironsoni/Synaxis/tests/Synaxis.Infrastructure.Tests/Services/TeamMembershipServiceTests.cs(233,34): error SA1101: Prefix local calls with this (https://github.com/DotNetAnalyzers/StyleCopAnalyzers/blob/master/documentation/SA1101.md) [/home/rrj/src/github/rudironsoni/Synaxis/tests/Synaxis.Infrastructure.Tests/Synaxis.Infrastructure.Tests.csproj]
/home/rrj/src/github/rudironsoni/Synaxis/tests/Synaxis.Infrastructure.Tests/Services/TeamMembershipServiceTests.cs(237,13): error SA1101: Prefix local calls with this (https://github.com/DotNetAnalyzers/StyleCopAnalyzers/blob/master/documentation/SA1101.md) [/home/rrj/src/github/rudironsoni/Synaxis/tests/Synaxis.Infrastructure.Tests/Synaxis.Infrastructure.Tests.csproj]
/home/rrj/src/github/rudironsoni/Synaxis/tests/Synaxis.Infrastructure.Tests/Services/TeamMembershipServiceTests.cs(238,13): error SA1101: Prefix local calls with this (https://github.com/DotNetAnalyzers/StyleCopAnalyzers/blob/master/documentation/SA1101.md) [/home/rrj/src/github/rudironsoni/Synaxis/tests/Synaxis.Infrastructure.Tests/Synaxis.Infrastructure.Tests.csproj]
/home/rrj/src/github/rudironsoni/Synaxis/tests/Synaxis.Infrastructure.Tests/Services/TeamMembershipServiceTests.cs(239,19): error SA1101: Prefix local calls with this (https://github.com/DotNetAnalyzers/StyleCopAnalyzers/blob/master/documentation/SA1101.md) [/home/rrj/src/github/rudironsoni/Synaxis/tests/Synaxis.Infrastructure.Tests/Synaxis.Infrastructure.Tests.csproj]
/home/rrj/src/github/rudironsoni/Synaxis/tests/Synaxis.Infrastructure.Tests/Services/TeamMembershipServiceTests.cs(241,32): error SA1101: Prefix local calls with this (https://github.com/DotNetAnalyzers/StyleCopAnalyzers/blob/master/documentation/SA1101.md) [/home/rrj/src/github/rudironsoni/Synaxis/tests/Synaxis.Infrastructure.Tests/Synaxis.Infrastructure.Tests.csproj]
/home/rrj/src/github/rudironsoni/Synaxis/tests/Synaxis.Infrastructure.Tests/Services/TeamMembershipServiceTests.cs(241,63): error SA1101: Prefix local calls with this (https://github.com/DotNetAnalyzers/StyleCopAnalyzers/blob/master/documentation/SA1101.md) [/home/rrj/src/github/rudironsoni/Synaxis/tests/Synaxis.Infrastructure.Tests/Synaxis.Infrastructure.Tests.csproj]
/home/rrj/src/github/rudironsoni/Synaxis/tests/Synaxis.Infrastructure.Tests/Services/TeamMembershipServiceTests.cs(241,72): error SA1101: Prefix local calls with this (https://github.com/DotNetAnalyzers/StyleCopAnalyzers/blob/master/documentation/SA1101.md) [/home/rrj/src/github/rudironsoni/Synaxis/tests/Synaxis.Infrastructure.Tests/Synaxis.Infrastructure.Tests.csproj]
/home/rrj/src/github/rudironsoni/Synaxis/tests/Synaxis.Infrastructure.Tests/Services/TeamMembershipServiceTests.cs(241,94): error SA1101: Prefix local calls with this (https://github.com/DotNetAnalyzers/StyleCopAnalyzers/blob/master/documentation/SA1101.md) [/home/rrj/src/github/rudironsoni/Synaxis/tests/Synaxis.Infrastructure.Tests/Synaxis.Infrastructure.Tests.csproj]
/home/rrj/src/github/rudironsoni/Synaxis/tests/Synaxis.Infrastructure.Tests/Services/TeamMembershipServiceTests.cs(246,33): error SA1101: Prefix local calls with this (https://github.com/DotNetAnalyzers/StyleCopAnalyzers/blob/master/documentation/SA1101.md) [/home/rrj/src/github/rudironsoni/Synaxis/tests/Synaxis.Infrastructure.Tests/Synaxis.Infrastructure.Tests.csproj]
/home/rrj/src/github/rudironsoni/Synaxis/tests/Synaxis.Infrastructure.Tests/Services/TeamMembershipServiceTests.cs(247,55): error SA1101: Prefix local calls with this (https://github.com/DotNetAnalyzers/StyleCopAnalyzers/blob/master/documentation/SA1101.md) [/home/rrj/src/github/rudironsoni/Synaxis/tests/Synaxis.Infrastructure.Tests/Synaxis.Infrastructure.Tests.csproj]
/home/rrj/src/github/rudironsoni/Synaxis/tests/Synaxis.Infrastructure.Tests/Services/TeamMembershipServiceTests.cs(247,78): error SA1101: Prefix local calls with this (https://github.com/DotNetAnalyzers/StyleCopAnalyzers/blob/master/documentation/SA1101.md) [/home/rrj/src/github/rudironsoni/Synaxis/tests/Synaxis.Infrastructure.Tests/Synaxis.Infrastructure.Tests.csproj]
/home/rrj/src/github/rudironsoni/Synaxis/tests/Synaxis.Infrastructure.Tests/Services/TeamMembershipServiceIntegrationTests.cs(147,19): error SA1101: Prefix local calls with this (https://github.com/DotNetAnalyzers/StyleCopAnalyzers/blob/master/documentation/SA1101.md) [/home/rrj/src/github/rudironsoni/Synaxis/tests/Synaxis.Infrastructure.Tests/Synaxis.Infrastructure.Tests.csproj]
/home/rrj/src/github/rudironsoni/Synaxis/tests/Synaxis.Infrastructure.Tests/Services/TeamMembershipServiceIntegrationTests.cs(147,43): error SA1101: Prefix local calls with this (https://github.com/DotNetAnalyzers/StyleCopAnalyzers/blob/master/documentation/SA1101.md) [/home/rrj/src/github/rudironsoni/Synaxis/tests/Synaxis.Infrastructure.Tests/Synaxis.Infrastructure.Tests.csproj]
/home/rrj/src/github/rudironsoni/Synaxis/tests/Synaxis.Infrastructure.Tests/Services/TeamMembershipServiceIntegrationTests.cs(147,53): error SA1101: Prefix local calls with this (https://github.com/DotNetAnalyzers/StyleCopAnalyzers/blob/master/documentation/SA1101.md) [/home/rrj/src/github/rudironsoni/Synaxis/tests/Synaxis.Infrastructure.Tests/Synaxis.Infrastructure.Tests.csproj]
/home/rrj/src/github/rudironsoni/Synaxis/tests/Synaxis.Infrastructure.Tests/Services/TeamMembershipServiceIntegrationTests.cs(147,77): error SA1101: Prefix local calls with this (https://github.com/DotNetAnalyzers/StyleCopAnalyzers/blob/master/documentation/SA1101.md) [/home/rrj/src/github/rudironsoni/Synaxis/tests/Synaxis.Infrastructure.Tests/Synaxis.Infrastructure.Tests.csproj]
/home/rrj/src/github/rudironsoni/Synaxis/tests/Synaxis.Infrastructure.Tests/Services/TeamMembershipServiceIntegrationTests.cs(148,19): error SA1101: Prefix local calls with this (https://github.com/DotNetAnalyzers/StyleCopAnalyzers/blob/master/documentation/SA1101.md) [/home/rrj/src/github/rudironsoni/Synaxis/tests/Synaxis.Infrastructure.Tests/Synaxis.Infrastructure.Tests.csproj]
/home/rrj/src/github/rudironsoni/Synaxis/tests/Synaxis.Infrastructure.Tests/Services/TeamMembershipServiceIntegrationTests.cs(148,43): error SA1101: Prefix local calls with this (https://github.com/DotNetAnalyzers/StyleCopAnalyzers/blob/master/documentation/SA1101.md) [/home/rrj/src/github/rudironsoni/Synaxis/tests/Synaxis.Infrastructure.Tests/Synaxis.Infrastructure.Tests.csproj]
/home/rrj/src/github/rudironsoni/Synaxis/tests/Synaxis.Infrastructure.Tests/Services/TeamMembershipServiceIntegrationTests.cs(148,53): error SA1101: Prefix local calls with this (https://github.com/DotNetAnalyzers/StyleCopAnalyzers/blob/master/documentation/SA1101.md) [/home/rrj/src/github/rudironsoni/Synaxis/tests/Synaxis.Infrastructure.Tests/Synaxis.Infrastructure.Tests.csproj]
/home/rrj/src/github/rudironsoni/Synaxis/tests/Synaxis.Infrastructure.Tests/Services/TeamMembershipServiceIntegrationTests.cs(148,74): error SA1101: Prefix local calls with this (https://github.com/DotNetAnalyzers/StyleCopAnalyzers/blob/master/documentation/SA1101.md) [/home/rrj/src/github/rudironsoni/Synaxis/tests/Synaxis.Infrastructure.Tests/Synaxis.Infrastructure.Tests.csproj]
/home/rrj/src/github/rudironsoni/Synaxis/tests/Synaxis.Infrastructure.Tests/Services/TeamMembershipServiceIntegrationTests.cs(150,32): error SA1101: Prefix local calls with this (https://github.com/DotNetAnalyzers/StyleCopAnalyzers/blob/master/documentation/SA1101.md) [/home/rrj/src/github/rudironsoni/Synaxis/tests/Synaxis.Infrastructure.Tests/Synaxis.Infrastructure.Tests.csproj]
/home/rrj/src/github/rudironsoni/Synaxis/tests/Synaxis.Infrastructure.Tests/Services/TeamMembershipServiceIntegrationTests.cs(151,41): error SA1101: Prefix local calls with this (https://github.com/DotNetAnalyzers/StyleCopAnalyzers/blob/master/documentation/SA1101.md) [/home/rrj/src/github/rudironsoni/Synaxis/tests/Synaxis.Infrastructure.Tests/Synaxis.Infrastructure.Tests.csproj]
/home/rrj/src/github/rudironsoni/Synaxis/tests/Synaxis.Infrastructure.Tests/Services/TeamMembershipServiceIntegrationTests.cs(155,42): error SA1101: Prefix local calls with this (https://github.com/DotNetAnalyzers/StyleCopAnalyzers/blob/master/documentation/SA1101.md) [/home/rrj/src/github/rudironsoni/Synaxis/tests/Synaxis.Infrastructure.Tests/Synaxis.Infrastructure.Tests.csproj]
/home/rrj/src/github/rudironsoni/Synaxis/tests/Synaxis.Infrastructure.Tests/Services/TeamMembershipServiceIntegrationTests.cs(157,33): error SA1101: Prefix local calls with this (https://github.com/DotNetAnalyzers/StyleCopAnalyzers/blob/master/documentation/SA1101.md) [/home/rrj/src/github/rudironsoni/Synaxis/tests/Synaxis.Infrastructure.Tests/Synaxis.Infrastructure.Tests.csproj]
/home/rrj/src/github/rudironsoni/Synaxis/tests/Synaxis.Infrastructure.Tests/Services/TeamMembershipServiceIntegrationTests.cs(158,41): error SA1101: Prefix local calls with this (https://github.com/DotNetAnalyzers/StyleCopAnalyzers/blob/master/documentation/SA1101.md) [/home/rrj/src/github/rudironsoni/Synaxis/tests/Synaxis.Infrastructure.Tests/Synaxis.Infrastructure.Tests.csproj]
/home/rrj/src/github/rudironsoni/Synaxis/tests/Synaxis.Infrastructure.Tests/Services/TeamMembershipServiceIntegrationTests.cs(162,43): error SA1101: Prefix local calls with this (https://github.com/DotNetAnalyzers/StyleCopAnalyzers/blob/master/documentation/SA1101.md) [/home/rrj/src/github/rudironsoni/Synaxis/tests/Synaxis.Infrastructure.Tests/Synaxis.Infrastructure.Tests.csproj]
/home/rrj/src/github/rudironsoni/Synaxis/tests/Synaxis.Infrastructure.Tests/Migrations/RollbackScriptTests.cs(142,45): error SA1101: Prefix local calls with this (https://github.com/DotNetAnalyzers/StyleCopAnalyzers/blob/master/documentation/SA1101.md) [/home/rrj/src/github/rudironsoni/Synaxis/tests/Synaxis.Infrastructure.Tests/Synaxis.Infrastructure.Tests.csproj]
/home/rrj/src/github/rudironsoni/Synaxis/tests/Synaxis.Infrastructure.Tests/Migrations/RollbackScriptTests.cs(143,47): error SA1101: Prefix local calls with this (https://github.com/DotNetAnalyzers/StyleCopAnalyzers/blob/master/documentation/SA1101.md) [/home/rrj/src/github/rudironsoni/Synaxis/tests/Synaxis.Infrastructure.Tests/Synaxis.Infrastructure.Tests.csproj]
/home/rrj/src/github/rudironsoni/Synaxis/tests/Synaxis.Infrastructure.Tests/Services/TeamMembershipServiceTests.cs(261,17): error SA1413: Use trailing comma in multi-line initializers (https://github.com/DotNetAnalyzers/StyleCopAnalyzers/blob/master/documentation/SA1413.md) [/home/rrj/src/github/rudironsoni/Synaxis/tests/Synaxis.Infrastructure.Tests/Synaxis.Infrastructure.Tests.csproj]
/home/rrj/src/github/rudironsoni/Synaxis/tests/Synaxis.Infrastructure.Tests/Services/TeamMembershipServiceTests.cs(258,26): error SA1101: Prefix local calls with this (https://github.com/DotNetAnalyzers/StyleCopAnalyzers/blob/master/documentation/SA1101.md) [/home/rrj/src/github/rudironsoni/Synaxis/tests/Synaxis.Infrastructure.Tests/Synaxis.Infrastructure.Tests.csproj]
/home/rrj/src/github/rudironsoni/Synaxis/tests/Synaxis.Infrastructure.Tests/Services/TeamMembershipServiceTests.cs(259,26): error SA1101: Prefix local calls with this (https://github.com/DotNetAnalyzers/StyleCopAnalyzers/blob/master/documentation/SA1101.md) [/home/rrj/src/github/rudironsoni/Synaxis/tests/Synaxis.Infrastructure.Tests/Synaxis.Infrastructure.Tests.csproj]
/home/rrj/src/github/rudironsoni/Synaxis/tests/Synaxis.Infrastructure.Tests/Services/TeamMembershipServiceTests.cs(260,34): error SA1101: Prefix local calls with this (https://github.com/DotNetAnalyzers/StyleCopAnalyzers/blob/master/documentation/SA1101.md) [/home/rrj/src/github/rudironsoni/Synaxis/tests/Synaxis.Infrastructure.Tests/Synaxis.Infrastructure.Tests.csproj]
/home/rrj/src/github/rudironsoni/Synaxis/tests/Synaxis.Infrastructure.Tests/Services/TeamMembershipServiceTests.cs(264,13): error SA1101: Prefix local calls with this (https://github.com/DotNetAnalyzers/StyleCopAnalyzers/blob/master/documentation/SA1101.md) [/home/rrj/src/github/rudironsoni/Synaxis/tests/Synaxis.Infrastructure.Tests/Synaxis.Infrastructure.Tests.csproj]
/home/rrj/src/github/rudironsoni/Synaxis/tests/Synaxis.Infrastructure.Tests/Services/TeamMembershipServiceTests.cs(265,19): error SA1101: Prefix local calls with this (https://github.com/DotNetAnalyzers/StyleCopAnalyzers/blob/master/documentation/SA1101.md) [/home/rrj/src/github/rudironsoni/Synaxis/tests/Synaxis.Infrastructure.Tests/Synaxis.Infrastructure.Tests.csproj]
/home/rrj/src/github/rudironsoni/Synaxis/tests/Synaxis.Infrastructure.Tests/Services/TeamMembershipServiceTests.cs(267,41): error SA1101: Prefix local calls with this (https://github.com/DotNetAnalyzers/StyleCopAnalyzers/blob/master/documentation/SA1101.md) [/home/rrj/src/github/rudironsoni/Synaxis/tests/Synaxis.Infrastructure.Tests/Synaxis.Infrastructure.Tests.csproj]
/home/rrj/src/github/rudironsoni/Synaxis/tests/Synaxis.Infrastructure.Tests/Services/TeamMembershipServiceTests.cs(267,72): error SA1101: Prefix local calls with this (https://github.com/DotNetAnalyzers/StyleCopAnalyzers/blob/master/documentation/SA1101.md) [/home/rrj/src/github/rudironsoni/Synaxis/tests/Synaxis.Infrastructure.Tests/Synaxis.Infrastructure.Tests.csproj]
/home/rrj/src/github/rudironsoni/Synaxis/tests/Synaxis.Infrastructure.Tests/Services/TeamMembershipServiceTests.cs(267,81): error SA1101: Prefix local calls with this (https://github.com/DotNetAnalyzers/StyleCopAnalyzers/blob/master/documentation/SA1101.md) [/home/rrj/src/github/rudironsoni/Synaxis/tests/Synaxis.Infrastructure.Tests/Synaxis.Infrastructure.Tests.csproj]
/home/rrj/src/github/rudironsoni/Synaxis/tests/Synaxis.Infrastructure.Tests/Services/TeamMembershipServiceTests.cs(267,106): error SA1101: Prefix local calls with this (https://github.com/DotNetAnalyzers/StyleCopAnalyzers/blob/master/documentation/SA1101.md) [/home/rrj/src/github/rudironsoni/Synaxis/tests/Synaxis.Infrastructure.Tests/Synaxis.Infrastructure.Tests.csproj]
/home/rrj/src/github/rudironsoni/Synaxis/tests/Synaxis.Infrastructure.Tests/Services/TeamMembershipServiceTests.cs(267,35): error MA0004: Use Task.ConfigureAwait(false) if the current SynchronizationContext is not needed (https://github.com/meziantou/Meziantou.Analyzer/blob/main/docs/Rules/MA0004.md) [/home/rrj/src/github/rudironsoni/Synaxis/tests/Synaxis.Infrastructure.Tests/Synaxis.Infrastructure.Tests.csproj]
/home/rrj/src/github/rudironsoni/Synaxis/tests/Synaxis.Infrastructure.Tests/Services/TeamMembershipServiceIntegrationTests.cs(175,17): error SA1413: Use trailing comma in multi-line initializers (https://github.com/DotNetAnalyzers/StyleCopAnalyzers/blob/master/documentation/SA1413.md) [/home/rrj/src/github/rudironsoni/Synaxis/tests/Synaxis.Infrastructure.Tests/Synaxis.Infrastructure.Tests.csproj]
/home/rrj/src/github/rudironsoni/Synaxis/tests/Synaxis.Infrastructure.Tests/Services/TeamMembershipServiceIntegrationTests.cs(171,34): error SA1101: Prefix local calls with this (https://github.com/DotNetAnalyzers/StyleCopAnalyzers/blob/master/documentation/SA1101.md) [/home/rrj/src/github/rudironsoni/Synaxis/tests/Synaxis.Infrastructure.Tests/Synaxis.Infrastructure.Tests.csproj]
/home/rrj/src/github/rudironsoni/Synaxis/tests/Synaxis.Infrastructure.Tests/Services/TeamMembershipServiceIntegrationTests.cs(178,13): error SA1101: Prefix local calls with this (https://github.com/DotNetAnalyzers/StyleCopAnalyzers/blob/master/documentation/SA1101.md) [/home/rrj/src/github/rudironsoni/Synaxis/tests/Synaxis.Infrastructure.Tests/Synaxis.Infrastructure.Tests.csproj]
/home/rrj/src/github/rudironsoni/Synaxis/tests/Synaxis.Infrastructure.Tests/Services/TeamMembershipServiceIntegrationTests.cs(179,19): error SA1101: Prefix local calls with this (https://github.com/DotNetAnalyzers/StyleCopAnalyzers/blob/master/documentation/SA1101.md) [/home/rrj/src/github/rudironsoni/Synaxis/tests/Synaxis.Infrastructure.Tests/Synaxis.Infrastructure.Tests.csproj]
/home/rrj/src/github/rudironsoni/Synaxis/tests/Synaxis.Infrastructure.Tests/Services/TeamMembershipServiceIntegrationTests.cs(181,19): error SA1101: Prefix local calls with this (https://github.com/DotNetAnalyzers/StyleCopAnalyzers/blob/master/documentation/SA1101.md) [/home/rrj/src/github/rudironsoni/Synaxis/tests/Synaxis.Infrastructure.Tests/Synaxis.Infrastructure.Tests.csproj]
/home/rrj/src/github/rudironsoni/Synaxis/tests/Synaxis.Infrastructure.Tests/Services/TeamMembershipServiceIntegrationTests.cs(181,43): error SA1101: Prefix local calls with this (https://github.com/DotNetAnalyzers/StyleCopAnalyzers/blob/master/documentation/SA1101.md) [/home/rrj/src/github/rudironsoni/Synaxis/tests/Synaxis.Infrastructure.Tests/Synaxis.Infrastructure.Tests.csproj]
/home/rrj/src/github/rudironsoni/Synaxis/tests/Synaxis.Infrastructure.Tests/Services/TeamMembershipServiceIntegrationTests.cs(181,53): error SA1101: Prefix local calls with this (https://github.com/DotNetAnalyzers/StyleCopAnalyzers/blob/master/documentation/SA1101.md) [/home/rrj/src/github/rudironsoni/Synaxis/tests/Synaxis.Infrastructure.Tests/Synaxis.Infrastructure.Tests.csproj]
/home/rrj/src/github/rudironsoni/Synaxis/tests/Synaxis.Infrastructure.Tests/Services/TeamMembershipServiceIntegrationTests.cs(181,74): error SA1101: Prefix local calls with this (https://github.com/DotNetAnalyzers/StyleCopAnalyzers/blob/master/documentation/SA1101.md) [/home/rrj/src/github/rudironsoni/Synaxis/tests/Synaxis.Infrastructure.Tests/Synaxis.Infrastructure.Tests.csproj]
/home/rrj/src/github/rudironsoni/Synaxis/tests/Synaxis.Infrastructure.Tests/Services/TeamMembershipServiceIntegrationTests.cs(182,19): error SA1101: Prefix local calls with this (https://github.com/DotNetAnalyzers/StyleCopAnalyzers/blob/master/documentation/SA1101.md) [/home/rrj/src/github/rudironsoni/Synaxis/tests/Synaxis.Infrastructure.Tests/Synaxis.Infrastructure.Tests.csproj]
/home/rrj/src/github/rudironsoni/Synaxis/tests/Synaxis.Infrastructure.Tests/Services/TeamMembershipServiceIntegrationTests.cs(182,43): error SA1101: Prefix local calls with this (https://github.com/DotNetAnalyzers/StyleCopAnalyzers/blob/master/documentation/SA1101.md) [/home/rrj/src/github/rudironsoni/Synaxis/tests/Synaxis.Infrastructure.Tests/Synaxis.Infrastructure.Tests.csproj]
/home/rrj/src/github/rudironsoni/Synaxis/tests/Synaxis.Infrastructure.Tests/Services/TeamMembershipServiceIntegrationTests.cs(182,53): error SA1101: Prefix local calls with this (https://github.com/DotNetAnalyzers/StyleCopAnalyzers/blob/master/documentation/SA1101.md) [/home/rrj/src/github/rudironsoni/Synaxis/tests/Synaxis.Infrastructure.Tests/Synaxis.Infrastructure.Tests.csproj]
/home/rrj/src/github/rudironsoni/Synaxis/tests/Synaxis.Infrastructure.Tests/Services/TeamMembershipServiceIntegrationTests.cs(182,77): error SA1101: Prefix local calls with this (https://github.com/DotNetAnalyzers/StyleCopAnalyzers/blob/master/documentation/SA1101.md) [/home/rrj/src/github/rudironsoni/Synaxis/tests/Synaxis.Infrastructure.Tests/Synaxis.Infrastructure.Tests.csproj]
/home/rrj/src/github/rudironsoni/Synaxis/tests/Synaxis.Infrastructure.Tests/Services/TeamMembershipServiceIntegrationTests.cs(183,19): error SA1101: Prefix local calls with this (https://github.com/DotNetAnalyzers/StyleCopAnalyzers/blob/master/documentation/SA1101.md) [/home/rrj/src/github/rudironsoni/Synaxis/tests/Synaxis.Infrastructure.Tests/Synaxis.Infrastructure.Tests.csproj]
/home/rrj/src/github/rudironsoni/Synaxis/tests/Synaxis.Infrastructure.Tests/Services/TeamMembershipServiceIntegrationTests.cs(183,43): error SA1101: Prefix local calls with this (https://github.com/DotNetAnalyzers/StyleCopAnalyzers/blob/master/documentation/SA1101.md) [/home/rrj/src/github/rudironsoni/Synaxis/tests/Synaxis.Infrastructure.Tests/Synaxis.Infrastructure.Tests.csproj]
/home/rrj/src/github/rudironsoni/Synaxis/tests/Synaxis.Infrastructure.Tests/Services/TeamMembershipServiceIntegrationTests.cs(183,73): error SA1101: Prefix local calls with this (https://github.com/DotNetAnalyzers/StyleCopAnalyzers/blob/master/documentation/SA1101.md) [/home/rrj/src/github/rudironsoni/Synaxis/tests/Synaxis.Infrastructure.Tests/Synaxis.Infrastructure.Tests.csproj]
/home/rrj/src/github/rudironsoni/Synaxis/tests/Synaxis.Infrastructure.Tests/Services/TeamMembershipServiceIntegrationTests.cs(185,37): error SA1101: Prefix local calls with this (https://github.com/DotNetAnalyzers/StyleCopAnalyzers/blob/master/documentation/SA1101.md) [/home/rrj/src/github/rudironsoni/Synaxis/tests/Synaxis.Infrastructure.Tests/Synaxis.Infrastructure.Tests.csproj]
/home/rrj/src/github/rudironsoni/Synaxis/tests/Synaxis.Infrastructure.Tests/Services/TeamMembershipServiceIntegrationTests.cs(186,41): error SA1101: Prefix local calls with this (https://github.com/DotNetAnalyzers/StyleCopAnalyzers/blob/master/documentation/SA1101.md) [/home/rrj/src/github/rudironsoni/Synaxis/tests/Synaxis.Infrastructure.Tests/Synaxis.Infrastructure.Tests.csproj]
/home/rrj/src/github/rudironsoni/Synaxis/tests/Synaxis.Infrastructure.Tests/Services/TeamMembershipServiceIntegrationTests.cs(190,59): error SA1101: Prefix local calls with this (https://github.com/DotNetAnalyzers/StyleCopAnalyzers/blob/master/documentation/SA1101.md) [/home/rrj/src/github/rudironsoni/Synaxis/tests/Synaxis.Infrastructure.Tests/Synaxis.Infrastructure.Tests.csproj]
/home/rrj/src/github/rudironsoni/Synaxis/tests/Synaxis.Infrastructure.Tests/Services/TeamMembershipServiceIntegrationTests.cs(191,59): error SA1101: Prefix local calls with this (https://github.com/DotNetAnalyzers/StyleCopAnalyzers/blob/master/documentation/SA1101.md) [/home/rrj/src/github/rudironsoni/Synaxis/tests/Synaxis.Infrastructure.Tests/Synaxis.Infrastructure.Tests.csproj]
/home/rrj/src/github/rudironsoni/Synaxis/tests/Synaxis.Infrastructure.Tests/Services/TeamMembershipServiceTests.cs(273,9): error AsyncFixer01: Method 'UpdateMemberRoleAsync_UserNotFound_ThrowsInvalidOperationException' only awaits a single expression - remove async/await and return the Task directly to reduce overhead (https://github.com/semihokur/AsyncFixer#asyncfixer01) [/home/rrj/src/github/rudironsoni/Synaxis/tests/Synaxis.Infrastructure.Tests/Synaxis.Infrastructure.Tests.csproj]
/home/rrj/src/github/rudironsoni/Synaxis/tests/Synaxis.Infrastructure.Tests/Services/TeamMembershipServiceTests.cs(276,41): error SA1101: Prefix local calls with this (https://github.com/DotNetAnalyzers/StyleCopAnalyzers/blob/master/documentation/SA1101.md) [/home/rrj/src/github/rudironsoni/Synaxis/tests/Synaxis.Infrastructure.Tests/Synaxis.Infrastructure.Tests.csproj]
/home/rrj/src/github/rudironsoni/Synaxis/tests/Synaxis.Infrastructure.Tests/Services/TeamMembershipServiceTests.cs(276,72): error SA1101: Prefix local calls with this (https://github.com/DotNetAnalyzers/StyleCopAnalyzers/blob/master/documentation/SA1101.md) [/home/rrj/src/github/rudironsoni/Synaxis/tests/Synaxis.Infrastructure.Tests/Synaxis.Infrastructure.Tests.csproj]
/home/rrj/src/github/rudironsoni/Synaxis/tests/Synaxis.Infrastructure.Tests/Services/TeamMembershipServiceTests.cs(276,81): error SA1101: Prefix local calls with this (https://github.com/DotNetAnalyzers/StyleCopAnalyzers/blob/master/documentation/SA1101.md) [/home/rrj/src/github/rudironsoni/Synaxis/tests/Synaxis.Infrastructure.Tests/Synaxis.Infrastructure.Tests.csproj]
/home/rrj/src/github/rudironsoni/Synaxis/tests/Synaxis.Infrastructure.Tests/Services/TeamMembershipServiceTests.cs(276,103): error SA1101: Prefix local calls with this (https://github.com/DotNetAnalyzers/StyleCopAnalyzers/blob/master/documentation/SA1101.md) [/home/rrj/src/github/rudironsoni/Synaxis/tests/Synaxis.Infrastructure.Tests/Synaxis.Infrastructure.Tests.csproj]
/home/rrj/src/github/rudironsoni/Synaxis/tests/Synaxis.Infrastructure.Tests/Services/TeamMembershipServiceTests.cs(276,35): error MA0004: Use Task.ConfigureAwait(false) if the current SynchronizationContext is not needed (https://github.com/meziantou/Meziantou.Analyzer/blob/main/docs/Rules/MA0004.md) [/home/rrj/src/github/rudironsoni/Synaxis/tests/Synaxis.Infrastructure.Tests/Synaxis.Infrastructure.Tests.csproj]
/home/rrj/src/github/rudironsoni/Synaxis/tests/Synaxis.Infrastructure.Tests/Migrations/PerformanceIndexTests.cs(114,39): error MA0006: Use string.Equals instead of Equals operator (https://github.com/meziantou/Meziantou.Analyzer/blob/main/docs/Rules/MA0006.md) [/home/rrj/src/github/rudironsoni/Synaxis/tests/Synaxis.Infrastructure.Tests/Synaxis.Infrastructure.Tests.csproj]
/home/rrj/src/github/rudironsoni/Synaxis/tests/Synaxis.Infrastructure.Tests/Migrations/PerformanceIndexTests.cs(115,39): error MA0006: Use string.Equals instead of Equals operator (https://github.com/meziantou/Meziantou.Analyzer/blob/main/docs/Rules/MA0006.md) [/home/rrj/src/github/rudironsoni/Synaxis/tests/Synaxis.Infrastructure.Tests/Synaxis.Infrastructure.Tests.csproj]
/home/rrj/src/github/rudironsoni/Synaxis/tests/Synaxis.Infrastructure.Tests/Services/TeamServiceTests.cs(121,17): error SA1413: Use trailing comma in multi-line initializers (https://github.com/DotNetAnalyzers/StyleCopAnalyzers/blob/master/documentation/SA1413.md) [/home/rrj/src/github/rudironsoni/Synaxis/tests/Synaxis.Infrastructure.Tests/Synaxis.Infrastructure.Tests.csproj]
/home/rrj/src/github/rudironsoni/Synaxis/tests/Synaxis.Infrastructure.Tests/Services/TeamServiceTests.cs(129,17): error SA1413: Use trailing comma in multi-line initializers (https://github.com/DotNetAnalyzers/StyleCopAnalyzers/blob/master/documentation/SA1413.md) [/home/rrj/src/github/rudironsoni/Synaxis/tests/Synaxis.Infrastructure.Tests/Synaxis.Infrastructure.Tests.csproj]
/home/rrj/src/github/rudironsoni/Synaxis/tests/Synaxis.Infrastructure.Tests/Services/TeamServiceTests.cs(118,34): error SA1101: Prefix local calls with this (https://github.com/DotNetAnalyzers/StyleCopAnalyzers/blob/master/documentation/SA1101.md) [/home/rrj/src/github/rudironsoni/Synaxis/tests/Synaxis.Infrastructure.Tests/Synaxis.Infrastructure.Tests.csproj]
/home/rrj/src/github/rudironsoni/Synaxis/tests/Synaxis.Infrastructure.Tests/Services/TeamServiceTests.cs(123,13): error SA1101: Prefix local calls with this (https://github.com/DotNetAnalyzers/StyleCopAnalyzers/blob/master/documentation/SA1101.md) [/home/rrj/src/github/rudironsoni/Synaxis/tests/Synaxis.Infrastructure.Tests/Synaxis.Infrastructure.Tests.csproj]
/home/rrj/src/github/rudironsoni/Synaxis/tests/Synaxis.Infrastructure.Tests/Services/TeamServiceTests.cs(124,19): error SA1101: Prefix local calls with this (https://github.com/DotNetAnalyzers/StyleCopAnalyzers/blob/master/documentation/SA1101.md) [/home/rrj/src/github/rudironsoni/Synaxis/tests/Synaxis.Infrastructure.Tests/Synaxis.Infrastructure.Tests.csproj]
/home/rrj/src/github/rudironsoni/Synaxis/tests/Synaxis.Infrastructure.Tests/Services/TeamMembershipServiceIntegrationTests.cs(198,19): error SA1101: Prefix local calls with this (https://github.com/DotNetAnalyzers/StyleCopAnalyzers/blob/master/documentation/SA1101.md) [/home/rrj/src/github/rudironsoni/Synaxis/tests/Synaxis.Infrastructure.Tests/Synaxis.Infrastructure.Tests.csproj]
/home/rrj/src/github/rudironsoni/Synaxis/tests/Synaxis.Infrastructure.Tests/Services/TeamMembershipServiceIntegrationTests.cs(198,43): error SA1101: Prefix local calls with this (https://github.com/DotNetAnalyzers/StyleCopAnalyzers/blob/master/documentation/SA1101.md) [/home/rrj/src/github/rudironsoni/Synaxis/tests/Synaxis.Infrastructure.Tests/Synaxis.Infrastructure.Tests.csproj]
/home/rrj/src/github/rudironsoni/Synaxis/tests/Synaxis.Infrastructure.Tests/Services/TeamMembershipServiceIntegrationTests.cs(198,53): error SA1101: Prefix local calls with this (https://github.com/DotNetAnalyzers/StyleCopAnalyzers/blob/master/documentation/SA1101.md) [/home/rrj/src/github/rudironsoni/Synaxis/tests/Synaxis.Infrastructure.Tests/Synaxis.Infrastructure.Tests.csproj]
/home/rrj/src/github/rudironsoni/Synaxis/tests/Synaxis.Infrastructure.Tests/Services/TeamMembershipServiceIntegrationTests.cs(198,77): error SA1101: Prefix local calls with this (https://github.com/DotNetAnalyzers/StyleCopAnalyzers/blob/master/documentation/SA1101.md) [/home/rrj/src/github/rudironsoni/Synaxis/tests/Synaxis.Infrastructure.Tests/Synaxis.Infrastructure.Tests.csproj]
/home/rrj/src/github/rudironsoni/Synaxis/tests/Synaxis.Infrastructure.Tests/Services/TeamMembershipServiceIntegrationTests.cs(199,19): error SA1101: Prefix local calls with this (https://github.com/DotNetAnalyzers/StyleCopAnalyzers/blob/master/documentation/SA1101.md) [/home/rrj/src/github/rudironsoni/Synaxis/tests/Synaxis.Infrastructure.Tests/Synaxis.Infrastructure.Tests.csproj]
/home/rrj/src/github/rudironsoni/Synaxis/tests/Synaxis.Infrastructure.Tests/Services/TeamMembershipServiceIntegrationTests.cs(199,43): error SA1101: Prefix local calls with this (https://github.com/DotNetAnalyzers/StyleCopAnalyzers/blob/master/documentation/SA1101.md) [/home/rrj/src/github/rudironsoni/Synaxis/tests/Synaxis.Infrastructure.Tests/Synaxis.Infrastructure.Tests.csproj]
/home/rrj/src/github/rudironsoni/Synaxis/tests/Synaxis.Infrastructure.Tests/Services/TeamMembershipServiceIntegrationTests.cs(199,53): error SA1101: Prefix local calls with this (https://github.com/DotNetAnalyzers/StyleCopAnalyzers/blob/master/documentation/SA1101.md) [/home/rrj/src/github/rudironsoni/Synaxis/tests/Synaxis.Infrastructure.Tests/Synaxis.Infrastructure.Tests.csproj]
/home/rrj/src/github/rudironsoni/Synaxis/tests/Synaxis.Infrastructure.Tests/Services/TeamMembershipServiceIntegrationTests.cs(199,74): error SA1101: Prefix local calls with this (https://github.com/DotNetAnalyzers/StyleCopAnalyzers/blob/master/documentation/SA1101.md) [/home/rrj/src/github/rudironsoni/Synaxis/tests/Synaxis.Infrastructure.Tests/Synaxis.Infrastructure.Tests.csproj]
/home/rrj/src/github/rudironsoni/Synaxis/tests/Synaxis.Infrastructure.Tests/Services/TeamMembershipServiceIntegrationTests.cs(201,31): error SA1101: Prefix local calls with this (https://github.com/DotNetAnalyzers/StyleCopAnalyzers/blob/master/documentation/SA1101.md) [/home/rrj/src/github/rudironsoni/Synaxis/tests/Synaxis.Infrastructure.Tests/Synaxis.Infrastructure.Tests.csproj]
/home/rrj/src/github/rudironsoni/Synaxis/tests/Synaxis.Infrastructure.Tests/Services/TeamMembershipServiceIntegrationTests.cs(201,60): error SA1101: Prefix local calls with this (https://github.com/DotNetAnalyzers/StyleCopAnalyzers/blob/master/documentation/SA1101.md) [/home/rrj/src/github/rudironsoni/Synaxis/tests/Synaxis.Infrastructure.Tests/Synaxis.Infrastructure.Tests.csproj]
/home/rrj/src/github/rudironsoni/Synaxis/tests/Synaxis.Infrastructure.Tests/Services/TeamServiceTests.cs(133,48): error SA1101: Prefix local calls with this (https://github.com/DotNetAnalyzers/StyleCopAnalyzers/blob/master/documentation/SA1101.md) [/home/rrj/src/github/rudironsoni/Synaxis/tests/Synaxis.Infrastructure.Tests/Synaxis.Infrastructure.Tests.csproj]
/home/rrj/src/github/rudironsoni/Synaxis/tests/Synaxis.Infrastructure.Tests/Services/TeamServiceTests.cs(133,82): error SA1101: Prefix local calls with this (https://github.com/DotNetAnalyzers/StyleCopAnalyzers/blob/master/documentation/SA1101.md) [/home/rrj/src/github/rudironsoni/Synaxis/tests/Synaxis.Infrastructure.Tests/Synaxis.Infrastructure.Tests.csproj]
/home/rrj/src/github/rudironsoni/Synaxis/tests/Synaxis.Infrastructure.Tests/Services/TeamServiceTests.cs(133,99): error SA1101: Prefix local calls with this (https://github.com/DotNetAnalyzers/StyleCopAnalyzers/blob/master/documentation/SA1101.md) [/home/rrj/src/github/rudironsoni/Synaxis/tests/Synaxis.Infrastructure.Tests/Synaxis.Infrastructure.Tests.csproj]
/home/rrj/src/github/rudironsoni/Synaxis/tests/Synaxis.Infrastructure.Tests/Services/TeamServiceTests.cs(133,42): error MA0004: Use Task.ConfigureAwait(false) if the current SynchronizationContext is not needed (https://github.com/meziantou/Meziantou.Analyzer/blob/main/docs/Rules/MA0004.md) [/home/rrj/src/github/rudironsoni/Synaxis/tests/Synaxis.Infrastructure.Tests/Synaxis.Infrastructure.Tests.csproj]
/home/rrj/src/github/rudironsoni/Synaxis/tests/Synaxis.Infrastructure.Tests/Services/TeamMembershipServiceIntegrationTests.cs(206,31): error SA1101: Prefix local calls with this (https://github.com/DotNetAnalyzers/StyleCopAnalyzers/blob/master/documentation/SA1101.md) [/home/rrj/src/github/rudironsoni/Synaxis/tests/Synaxis.Infrastructure.Tests/Synaxis.Infrastructure.Tests.csproj]
/home/rrj/src/github/rudironsoni/Synaxis/tests/Synaxis.Infrastructure.Tests/Services/TeamMembershipServiceIntegrationTests.cs(206,60): error SA1101: Prefix local calls with this (https://github.com/DotNetAnalyzers/StyleCopAnalyzers/blob/master/documentation/SA1101.md) [/home/rrj/src/github/rudironsoni/Synaxis/tests/Synaxis.Infrastructure.Tests/Synaxis.Infrastructure.Tests.csproj]
/home/rrj/src/github/rudironsoni/Synaxis/tests/Synaxis.Infrastructure.Tests/Migrations/TestcontainersMigrationTests.cs(130,33): error SA1101: Prefix local calls with this (https://github.com/DotNetAnalyzers/StyleCopAnalyzers/blob/master/documentation/SA1101.md) [/home/rrj/src/github/rudironsoni/Synaxis/tests/Synaxis.Infrastructure.Tests/Synaxis.Infrastructure.Tests.csproj]
/home/rrj/src/github/rudironsoni/Synaxis/tests/Synaxis.Infrastructure.Tests/Services/TeamMembershipServiceTests.cs(291,17): error SA1413: Use trailing comma in multi-line initializers (https://github.com/DotNetAnalyzers/StyleCopAnalyzers/blob/master/documentation/SA1413.md) [/home/rrj/src/github/rudironsoni/Synaxis/tests/Synaxis.Infrastructure.Tests/Synaxis.Infrastructure.Tests.csproj]
/home/rrj/src/github/rudironsoni/Synaxis/tests/Synaxis.Infrastructure.Tests/Services/TeamMembershipServiceTests.cs(285,100): error SA1101: Prefix local calls with this (https://github.com/DotNetAnalyzers/StyleCopAnalyzers/blob/master/documentation/SA1101.md) [/home/rrj/src/github/rudironsoni/Synaxis/tests/Synaxis.Infrastructure.Tests/Synaxis.Infrastructure.Tests.csproj]
/home/rrj/src/github/rudironsoni/Synaxis/tests/Synaxis.Infrastructure.Tests/Services/TeamMembershipServiceTests.cs(286,100): error SA1101: Prefix local calls with this (https://github.com/DotNetAnalyzers/StyleCopAnalyzers/blob/master/documentation/SA1101.md) [/home/rrj/src/github/rudironsoni/Synaxis/tests/Synaxis.Infrastructure.Tests/Synaxis.Infrastructure.Tests.csproj]
/home/rrj/src/github/rudironsoni/Synaxis/tests/Synaxis.Infrastructure.Tests/Services/TeamMembershipServiceTests.cs(290,87): error SA1101: Prefix local calls with this (https://github.com/DotNetAnalyzers/StyleCopAnalyzers/blob/master/documentation/SA1101.md) [/home/rrj/src/github/rudironsoni/Synaxis/tests/Synaxis.Infrastructure.Tests/Synaxis.Infrastructure.Tests.csproj]
/home/rrj/src/github/rudironsoni/Synaxis/tests/Synaxis.Infrastructure.Tests/Services/TeamMembershipServiceTests.cs(290,113): error SA1101: Prefix local calls with this (https://github.com/DotNetAnalyzers/StyleCopAnalyzers/blob/master/documentation/SA1101.md) [/home/rrj/src/github/rudironsoni/Synaxis/tests/Synaxis.Infrastructure.Tests/Synaxis.Infrastructure.Tests.csproj]
/home/rrj/src/github/rudironsoni/Synaxis/tests/Synaxis.Infrastructure.Tests/Services/TeamMembershipServiceTests.cs(291,87): error SA1101: Prefix local calls with this (https://github.com/DotNetAnalyzers/StyleCopAnalyzers/blob/master/documentation/SA1101.md) [/home/rrj/src/github/rudironsoni/Synaxis/tests/Synaxis.Infrastructure.Tests/Synaxis.Infrastructure.Tests.csproj]
/home/rrj/src/github/rudironsoni/Synaxis/tests/Synaxis.Infrastructure.Tests/Services/TeamMembershipServiceTests.cs(291,113): error SA1101: Prefix local calls with this (https://github.com/DotNetAnalyzers/StyleCopAnalyzers/blob/master/documentation/SA1101.md) [/home/rrj/src/github/rudironsoni/Synaxis/tests/Synaxis.Infrastructure.Tests/Synaxis.Infrastructure.Tests.csproj]
/home/rrj/src/github/rudironsoni/Synaxis/tests/Synaxis.Infrastructure.Tests/Services/TeamMembershipServiceTests.cs(294,13): error SA1101: Prefix local calls with this (https://github.com/DotNetAnalyzers/StyleCopAnalyzers/blob/master/documentation/SA1101.md) [/home/rrj/src/github/rudironsoni/Synaxis/tests/Synaxis.Infrastructure.Tests/Synaxis.Infrastructure.Tests.csproj]
/home/rrj/src/github/rudironsoni/Synaxis/tests/Synaxis.Infrastructure.Tests/Services/TeamMembershipServiceTests.cs(295,13): error SA1101: Prefix local calls with this (https://github.com/DotNetAnalyzers/StyleCopAnalyzers/blob/master/documentation/SA1101.md) [/home/rrj/src/github/rudironsoni/Synaxis/tests/Synaxis.Infrastructure.Tests/Synaxis.Infrastructure.Tests.csproj]
/home/rrj/src/github/rudironsoni/Synaxis/tests/Synaxis.Infrastructure.Tests/Services/TeamMembershipServiceTests.cs(296,19): error SA1101: Prefix local calls with this (https://github.com/DotNetAnalyzers/StyleCopAnalyzers/blob/master/documentation/SA1101.md) [/home/rrj/src/github/rudironsoni/Synaxis/tests/Synaxis.Infrastructure.Tests/Synaxis.Infrastructure.Tests.csproj]
/home/rrj/src/github/rudironsoni/Synaxis/tests/Synaxis.Infrastructure.Tests/Services/TeamMembershipServiceTests.cs(298,32): error SA1101: Prefix local calls with this (https://github.com/DotNetAnalyzers/StyleCopAnalyzers/blob/master/documentation/SA1101.md) [/home/rrj/src/github/rudironsoni/Synaxis/tests/Synaxis.Infrastructure.Tests/Synaxis.Infrastructure.Tests.csproj]
/home/rrj/src/github/rudironsoni/Synaxis/tests/Synaxis.Infrastructure.Tests/Services/TeamMembershipServiceTests.cs(298,61): error SA1101: Prefix local calls with this (https://github.com/DotNetAnalyzers/StyleCopAnalyzers/blob/master/documentation/SA1101.md) [/home/rrj/src/github/rudironsoni/Synaxis/tests/Synaxis.Infrastructure.Tests/Synaxis.Infrastructure.Tests.csproj]
/home/rrj/src/github/rudironsoni/Synaxis/tests/Synaxis.Infrastructure.Tests/Migrations/RollbackScriptTests.cs(161,45): error SA1101: Prefix local calls with this (https://github.com/DotNetAnalyzers/StyleCopAnalyzers/blob/master/documentation/SA1101.md) [/home/rrj/src/github/rudironsoni/Synaxis/tests/Synaxis.Infrastructure.Tests/Synaxis.Infrastructure.Tests.csproj]
/home/rrj/src/github/rudironsoni/Synaxis/tests/Synaxis.Infrastructure.Tests/Migrations/RollbackScriptTests.cs(162,47): error SA1101: Prefix local calls with this (https://github.com/DotNetAnalyzers/StyleCopAnalyzers/blob/master/documentation/SA1101.md) [/home/rrj/src/github/rudironsoni/Synaxis/tests/Synaxis.Infrastructure.Tests/Synaxis.Infrastructure.Tests.csproj]
/home/rrj/src/github/rudironsoni/Synaxis/tests/Synaxis.Infrastructure.Tests/Services/TeamMembershipServiceTests.cs(310,32): error SA1101: Prefix local calls with this (https://github.com/DotNetAnalyzers/StyleCopAnalyzers/blob/master/documentation/SA1101.md) [/home/rrj/src/github/rudironsoni/Synaxis/tests/Synaxis.Infrastructure.Tests/Synaxis.Infrastructure.Tests.csproj]
/home/rrj/src/github/rudironsoni/Synaxis/tests/Synaxis.Infrastructure.Tests/Services/TeamMembershipServiceTests.cs(310,61): error SA1101: Prefix local calls with this (https://github.com/DotNetAnalyzers/StyleCopAnalyzers/blob/master/documentation/SA1101.md) [/home/rrj/src/github/rudironsoni/Synaxis/tests/Synaxis.Infrastructure.Tests/Synaxis.Infrastructure.Tests.csproj]
/home/rrj/src/github/rudironsoni/Synaxis/tests/Synaxis.Infrastructure.Tests/Services/TeamMembershipServiceIntegrationTests.cs(241,19): error SA1101: Prefix local calls with this (https://github.com/DotNetAnalyzers/StyleCopAnalyzers/blob/master/documentation/SA1101.md) [/home/rrj/src/github/rudironsoni/Synaxis/tests/Synaxis.Infrastructure.Tests/Synaxis.Infrastructure.Tests.csproj]
/home/rrj/src/github/rudironsoni/Synaxis/tests/Synaxis.Infrastructure.Tests/Services/TeamMembershipServiceIntegrationTests.cs(241,43): error SA1101: Prefix local calls with this (https://github.com/DotNetAnalyzers/StyleCopAnalyzers/blob/master/documentation/SA1101.md) [/home/rrj/src/github/rudironsoni/Synaxis/tests/Synaxis.Infrastructure.Tests/Synaxis.Infrastructure.Tests.csproj]
/home/rrj/src/github/rudironsoni/Synaxis/tests/Synaxis.Infrastructure.Tests/Services/TeamMembershipServiceIntegrationTests.cs(241,53): error SA1101: Prefix local calls with this (https://github.com/DotNetAnalyzers/StyleCopAnalyzers/blob/master/documentation/SA1101.md) [/home/rrj/src/github/rudironsoni/Synaxis/tests/Synaxis.Infrastructure.Tests/Synaxis.Infrastructure.Tests.csproj]
/home/rrj/src/github/rudironsoni/Synaxis/tests/Synaxis.Infrastructure.Tests/Services/TeamMembershipServiceIntegrationTests.cs(241,77): error SA1101: Prefix local calls with this (https://github.com/DotNetAnalyzers/StyleCopAnalyzers/blob/master/documentation/SA1101.md) [/home/rrj/src/github/rudironsoni/Synaxis/tests/Synaxis.Infrastructure.Tests/Synaxis.Infrastructure.Tests.csproj]
/home/rrj/src/github/rudironsoni/Synaxis/tests/Synaxis.Infrastructure.Tests/Services/TeamMembershipServiceIntegrationTests.cs(242,19): error SA1101: Prefix local calls with this (https://github.com/DotNetAnalyzers/StyleCopAnalyzers/blob/master/documentation/SA1101.md) [/home/rrj/src/github/rudironsoni/Synaxis/tests/Synaxis.Infrastructure.Tests/Synaxis.Infrastructure.Tests.csproj]
/home/rrj/src/github/rudironsoni/Synaxis/tests/Synaxis.Infrastructure.Tests/Services/TeamMembershipServiceIntegrationTests.cs(242,43): error SA1101: Prefix local calls with this (https://github.com/DotNetAnalyzers/StyleCopAnalyzers/blob/master/documentation/SA1101.md) [/home/rrj/src/github/rudironsoni/Synaxis/tests/Synaxis.Infrastructure.Tests/Synaxis.Infrastructure.Tests.csproj]
/home/rrj/src/github/rudironsoni/Synaxis/tests/Synaxis.Infrastructure.Tests/Services/TeamMembershipServiceIntegrationTests.cs(242,53): error SA1101: Prefix local calls with this (https://github.com/DotNetAnalyzers/StyleCopAnalyzers/blob/master/documentation/SA1101.md) [/home/rrj/src/github/rudironsoni/Synaxis/tests/Synaxis.Infrastructure.Tests/Synaxis.Infrastructure.Tests.csproj]
/home/rrj/src/github/rudironsoni/Synaxis/tests/Synaxis.Infrastructure.Tests/Services/TeamMembershipServiceIntegrationTests.cs(242,74): error SA1101: Prefix local calls with this (https://github.com/DotNetAnalyzers/StyleCopAnalyzers/blob/master/documentation/SA1101.md) [/home/rrj/src/github/rudironsoni/Synaxis/tests/Synaxis.Infrastructure.Tests/Synaxis.Infrastructure.Tests.csproj]
/home/rrj/src/github/rudironsoni/Synaxis/tests/Synaxis.Infrastructure.Tests/Services/TeamMembershipServiceIntegrationTests.cs(244,44): error SA1101: Prefix local calls with this (https://github.com/DotNetAnalyzers/StyleCopAnalyzers/blob/master/documentation/SA1101.md) [/home/rrj/src/github/rudironsoni/Synaxis/tests/Synaxis.Infrastructure.Tests/Synaxis.Infrastructure.Tests.csproj]
/home/rrj/src/github/rudironsoni/Synaxis/tests/Synaxis.Infrastructure.Tests/Services/TeamMembershipServiceIntegrationTests.cs(244,74): error SA1101: Prefix local calls with this (https://github.com/DotNetAnalyzers/StyleCopAnalyzers/blob/master/documentation/SA1101.md) [/home/rrj/src/github/rudironsoni/Synaxis/tests/Synaxis.Infrastructure.Tests/Synaxis.Infrastructure.Tests.csproj]
/home/rrj/src/github/rudironsoni/Synaxis/tests/Synaxis.Infrastructure.Tests/Services/TeamMembershipServiceIntegrationTests.cs(244,85): error SA1101: Prefix local calls with this (https://github.com/DotNetAnalyzers/StyleCopAnalyzers/blob/master/documentation/SA1101.md) [/home/rrj/src/github/rudironsoni/Synaxis/tests/Synaxis.Infrastructure.Tests/Synaxis.Infrastructure.Tests.csproj]
/home/rrj/src/github/rudironsoni/Synaxis/tests/Synaxis.Infrastructure.Tests/Services/TeamMembershipServiceIntegrationTests.cs(247,47): error SA1101: Prefix local calls with this (https://github.com/DotNetAnalyzers/StyleCopAnalyzers/blob/master/documentation/SA1101.md) [/home/rrj/src/github/rudironsoni/Synaxis/tests/Synaxis.Infrastructure.Tests/Synaxis.Infrastructure.Tests.csproj]
/home/rrj/src/github/rudironsoni/Synaxis/tests/Synaxis.Infrastructure.Tests/Services/TeamMembershipServiceIntegrationTests.cs(247,77): error SA1101: Prefix local calls with this (https://github.com/DotNetAnalyzers/StyleCopAnalyzers/blob/master/documentation/SA1101.md) [/home/rrj/src/github/rudironsoni/Synaxis/tests/Synaxis.Infrastructure.Tests/Synaxis.Infrastructure.Tests.csproj]
/home/rrj/src/github/rudironsoni/Synaxis/tests/Synaxis.Infrastructure.Tests/Services/TeamMembershipServiceIntegrationTests.cs(247,88): error SA1101: Prefix local calls with this (https://github.com/DotNetAnalyzers/StyleCopAnalyzers/blob/master/documentation/SA1101.md) [/home/rrj/src/github/rudironsoni/Synaxis/tests/Synaxis.Infrastructure.Tests/Synaxis.Infrastructure.Tests.csproj]
/home/rrj/src/github/rudironsoni/Synaxis/tests/Synaxis.Infrastructure.Tests/Services/TeamMembershipServiceIntegrationTests.cs(250,43): error SA1101: Prefix local calls with this (https://github.com/DotNetAnalyzers/StyleCopAnalyzers/blob/master/documentation/SA1101.md) [/home/rrj/src/github/rudironsoni/Synaxis/tests/Synaxis.Infrastructure.Tests/Synaxis.Infrastructure.Tests.csproj]
/home/rrj/src/github/rudironsoni/Synaxis/tests/Synaxis.Infrastructure.Tests/Services/TeamMembershipServiceIntegrationTests.cs(250,73): error SA1101: Prefix local calls with this (https://github.com/DotNetAnalyzers/StyleCopAnalyzers/blob/master/documentation/SA1101.md) [/home/rrj/src/github/rudironsoni/Synaxis/tests/Synaxis.Infrastructure.Tests/Synaxis.Infrastructure.Tests.csproj]
/home/rrj/src/github/rudironsoni/Synaxis/tests/Synaxis.Infrastructure.Tests/Services/TeamMembershipServiceIntegrationTests.cs(250,84): error SA1101: Prefix local calls with this (https://github.com/DotNetAnalyzers/StyleCopAnalyzers/blob/master/documentation/SA1101.md) [/home/rrj/src/github/rudironsoni/Synaxis/tests/Synaxis.Infrastructure.Tests/Synaxis.Infrastructure.Tests.csproj]
/home/rrj/src/github/rudironsoni/Synaxis/tests/Synaxis.Infrastructure.Tests/Services/TeamServiceTests.cs(140,9): error AsyncFixer01: Method 'CreateTeamAsync_WithInvalidOrganization_ThrowsInvalidOperationException' only awaits a single expression - remove async/await and return the Task directly to reduce overhead (https://github.com/semihokur/AsyncFixer#asyncfixer01) [/home/rrj/src/github/rudironsoni/Synaxis/tests/Synaxis.Infrastructure.Tests/Synaxis.Infrastructure.Tests.csproj]
/home/rrj/src/github/rudironsoni/Synaxis/tests/Synaxis.Infrastructure.Tests/Services/TeamServiceTests.cs(148,17): error SA1413: Use trailing comma in multi-line initializers (https://github.com/DotNetAnalyzers/StyleCopAnalyzers/blob/master/documentation/SA1413.md) [/home/rrj/src/github/rudironsoni/Synaxis/tests/Synaxis.Infrastructure.Tests/Synaxis.Infrastructure.Tests.csproj]
/home/rrj/src/github/rudironsoni/Synaxis/tests/Synaxis.Infrastructure.Tests/Services/TeamServiceTests.cs(152,48): error SA1101: Prefix local calls with this (https://github.com/DotNetAnalyzers/StyleCopAnalyzers/blob/master/documentation/SA1101.md) [/home/rrj/src/github/rudironsoni/Synaxis/tests/Synaxis.Infrastructure.Tests/Synaxis.Infrastructure.Tests.csproj]
/home/rrj/src/github/rudironsoni/Synaxis/tests/Synaxis.Infrastructure.Tests/Services/TeamServiceTests.cs(152,96): error SA1101: Prefix local calls with this (https://github.com/DotNetAnalyzers/StyleCopAnalyzers/blob/master/documentation/SA1101.md) [/home/rrj/src/github/rudironsoni/Synaxis/tests/Synaxis.Infrastructure.Tests/Synaxis.Infrastructure.Tests.csproj]
/home/rrj/src/github/rudironsoni/Synaxis/tests/Synaxis.Infrastructure.Tests/Services/TeamServiceTests.cs(152,42): error MA0004: Use Task.ConfigureAwait(false) if the current SynchronizationContext is not needed (https://github.com/meziantou/Meziantou.Analyzer/blob/main/docs/Rules/MA0004.md) [/home/rrj/src/github/rudironsoni/Synaxis/tests/Synaxis.Infrastructure.Tests/Synaxis.Infrastructure.Tests.csproj]
/home/rrj/src/github/rudironsoni/Synaxis/tests/Synaxis.Infrastructure.Tests/Services/TeamMembershipServiceIntegrationTests.cs(222,17): error SA1413: Use trailing comma in multi-line initializers (https://github.com/DotNetAnalyzers/StyleCopAnalyzers/blob/master/documentation/SA1413.md) [/home/rrj/src/github/rudironsoni/Synaxis/tests/Synaxis.Infrastructure.Tests/Synaxis.Infrastructure.Tests.csproj]
/home/rrj/src/github/rudironsoni/Synaxis/tests/Synaxis.Infrastructure.Tests/Services/TeamMembershipServiceIntegrationTests.cs(220,34): error SA1101: Prefix local calls with this (https://github.com/DotNetAnalyzers/StyleCopAnalyzers/blob/master/documentation/SA1101.md) [/home/rrj/src/github/rudironsoni/Synaxis/tests/Synaxis.Infrastructure.Tests/Synaxis.Infrastructure.Tests.csproj]
/home/rrj/src/github/rudironsoni/Synaxis/tests/Synaxis.Infrastructure.Tests/Services/TeamMembershipServiceIntegrationTests.cs(225,13): error SA1101: Prefix local calls with this (https://github.com/DotNetAnalyzers/StyleCopAnalyzers/blob/master/documentation/SA1101.md) [/home/rrj/src/github/rudironsoni/Synaxis/tests/Synaxis.Infrastructure.Tests/Synaxis.Infrastructure.Tests.csproj]
/home/rrj/src/github/rudironsoni/Synaxis/tests/Synaxis.Infrastructure.Tests/Services/TeamMembershipServiceIntegrationTests.cs(226,19): error SA1101: Prefix local calls with this (https://github.com/DotNetAnalyzers/StyleCopAnalyzers/blob/master/documentation/SA1101.md) [/home/rrj/src/github/rudironsoni/Synaxis/tests/Synaxis.Infrastructure.Tests/Synaxis.Infrastructure.Tests.csproj]
/home/rrj/src/github/rudironsoni/Synaxis/tests/Synaxis.Infrastructure.Tests/Services/TeamMembershipServiceIntegrationTests.cs(228,19): error SA1101: Prefix local calls with this (https://github.com/DotNetAnalyzers/StyleCopAnalyzers/blob/master/documentation/SA1101.md) [/home/rrj/src/github/rudironsoni/Synaxis/tests/Synaxis.Infrastructure.Tests/Synaxis.Infrastructure.Tests.csproj]
/home/rrj/src/github/rudironsoni/Synaxis/tests/Synaxis.Infrastructure.Tests/Services/TeamMembershipServiceIntegrationTests.cs(228,43): error SA1101: Prefix local calls with this (https://github.com/DotNetAnalyzers/StyleCopAnalyzers/blob/master/documentation/SA1101.md) [/home/rrj/src/github/rudironsoni/Synaxis/tests/Synaxis.Infrastructure.Tests/Synaxis.Infrastructure.Tests.csproj]
/home/rrj/src/github/rudironsoni/Synaxis/tests/Synaxis.Infrastructure.Tests/Services/TeamMembershipServiceIntegrationTests.cs(228,53): error SA1101: Prefix local calls with this (https://github.com/DotNetAnalyzers/StyleCopAnalyzers/blob/master/documentation/SA1101.md) [/home/rrj/src/github/rudironsoni/Synaxis/tests/Synaxis.Infrastructure.Tests/Synaxis.Infrastructure.Tests.csproj]
/home/rrj/src/github/rudironsoni/Synaxis/tests/Synaxis.Infrastructure.Tests/Services/TeamMembershipServiceIntegrationTests.cs(228,74): error SA1101: Prefix local calls with this (https://github.com/DotNetAnalyzers/StyleCopAnalyzers/blob/master/documentation/SA1101.md) [/home/rrj/src/github/rudironsoni/Synaxis/tests/Synaxis.Infrastructure.Tests/Synaxis.Infrastructure.Tests.csproj]
/home/rrj/src/github/rudironsoni/Synaxis/tests/Synaxis.Infrastructure.Tests/Services/TeamMembershipServiceIntegrationTests.cs(229,19): error SA1101: Prefix local calls with this (https://github.com/DotNetAnalyzers/StyleCopAnalyzers/blob/master/documentation/SA1101.md) [/home/rrj/src/github/rudironsoni/Synaxis/tests/Synaxis.Infrastructure.Tests/Synaxis.Infrastructure.Tests.csproj]
/home/rrj/src/github/rudironsoni/Synaxis/tests/Synaxis.Infrastructure.Tests/Services/TeamMembershipServiceIntegrationTests.cs(229,53): error SA1101: Prefix local calls with this (https://github.com/DotNetAnalyzers/StyleCopAnalyzers/blob/master/documentation/SA1101.md) [/home/rrj/src/github/rudironsoni/Synaxis/tests/Synaxis.Infrastructure.Tests/Synaxis.Infrastructure.Tests.csproj]
/home/rrj/src/github/rudironsoni/Synaxis/tests/Synaxis.Infrastructure.Tests/Services/TeamMembershipServiceIntegrationTests.cs(229,77): error SA1101: Prefix local calls with this (https://github.com/DotNetAnalyzers/StyleCopAnalyzers/blob/master/documentation/SA1101.md) [/home/rrj/src/github/rudironsoni/Synaxis/tests/Synaxis.Infrastructure.Tests/Synaxis.Infrastructure.Tests.csproj]
/home/rrj/src/github/rudironsoni/Synaxis/tests/Synaxis.Infrastructure.Tests/Services/TeamMembershipServiceIntegrationTests.cs(231,35): error SA1101: Prefix local calls with this (https://github.com/DotNetAnalyzers/StyleCopAnalyzers/blob/master/documentation/SA1101.md) [/home/rrj/src/github/rudironsoni/Synaxis/tests/Synaxis.Infrastructure.Tests/Synaxis.Infrastructure.Tests.csproj]
/home/rrj/src/github/rudironsoni/Synaxis/tests/Synaxis.Infrastructure.Tests/Services/TeamMembershipServiceIntegrationTests.cs(231,62): error SA1101: Prefix local calls with this (https://github.com/DotNetAnalyzers/StyleCopAnalyzers/blob/master/documentation/SA1101.md) [/home/rrj/src/github/rudironsoni/Synaxis/tests/Synaxis.Infrastructure.Tests/Synaxis.Infrastructure.Tests.csproj]
/home/rrj/src/github/rudironsoni/Synaxis/tests/Synaxis.Infrastructure.Tests/Services/TeamMembershipServiceTests.cs(327,17): error SA1413: Use trailing comma in multi-line initializers (https://github.com/DotNetAnalyzers/StyleCopAnalyzers/blob/master/documentation/SA1413.md) [/home/rrj/src/github/rudironsoni/Synaxis/tests/Synaxis.Infrastructure.Tests/Synaxis.Infrastructure.Tests.csproj]
/home/rrj/src/github/rudironsoni/Synaxis/tests/Synaxis.Infrastructure.Tests/Services/TeamMembershipServiceTests.cs(320,47): error SA1101: Prefix local calls with this (https://github.com/DotNetAnalyzers/StyleCopAnalyzers/blob/master/documentation/SA1101.md) [/home/rrj/src/github/rudironsoni/Synaxis/tests/Synaxis.Infrastructure.Tests/Synaxis.Infrastructure.Tests.csproj]
/home/rrj/src/github/rudironsoni/Synaxis/tests/Synaxis.Infrastructure.Tests/Services/TeamMembershipServiceTests.cs(321,74): error SA1101: Prefix local calls with this (https://github.com/DotNetAnalyzers/StyleCopAnalyzers/blob/master/documentation/SA1101.md) [/home/rrj/src/github/rudironsoni/Synaxis/tests/Synaxis.Infrastructure.Tests/Synaxis.Infrastructure.Tests.csproj]
/home/rrj/src/github/rudironsoni/Synaxis/tests/Synaxis.Infrastructure.Tests/Services/TeamMembershipServiceTests.cs(322,74): error SA1101: Prefix local calls with this (https://github.com/DotNetAnalyzers/StyleCopAnalyzers/blob/master/documentation/SA1101.md) [/home/rrj/src/github/rudironsoni/Synaxis/tests/Synaxis.Infrastructure.Tests/Synaxis.Infrastructure.Tests.csproj]
/home/rrj/src/github/rudironsoni/Synaxis/tests/Synaxis.Infrastructure.Tests/Services/TeamMembershipServiceTests.cs(326,68): error SA1101: Prefix local calls with this (https://github.com/DotNetAnalyzers/StyleCopAnalyzers/blob/master/documentation/SA1101.md) [/home/rrj/src/github/rudironsoni/Synaxis/tests/Synaxis.Infrastructure.Tests/Synaxis.Infrastructure.Tests.csproj]
/home/rrj/src/github/rudironsoni/Synaxis/tests/Synaxis.Infrastructure.Tests/Services/TeamMembershipServiceTests.cs(326,113): error SA1101: Prefix local calls with this (https://github.com/DotNetAnalyzers/StyleCopAnalyzers/blob/master/documentation/SA1101.md) [/home/rrj/src/github/rudironsoni/Synaxis/tests/Synaxis.Infrastructure.Tests/Synaxis.Infrastructure.Tests.csproj]
/home/rrj/src/github/rudironsoni/Synaxis/tests/Synaxis.Infrastructure.Tests/Services/TeamMembershipServiceTests.cs(327,68): error SA1101: Prefix local calls with this (https://github.com/DotNetAnalyzers/StyleCopAnalyzers/blob/master/documentation/SA1101.md) [/home/rrj/src/github/rudironsoni/Synaxis/tests/Synaxis.Infrastructure.Tests/Synaxis.Infrastructure.Tests.csproj]
/home/rrj/src/github/rudironsoni/Synaxis/tests/Synaxis.Infrastructure.Tests/Services/TeamMembershipServiceTests.cs(327,113): error SA1101: Prefix local calls with this (https://github.com/DotNetAnalyzers/StyleCopAnalyzers/blob/master/documentation/SA1101.md) [/home/rrj/src/github/rudironsoni/Synaxis/tests/Synaxis.Infrastructure.Tests/Synaxis.Infrastructure.Tests.csproj]
/home/rrj/src/github/rudironsoni/Synaxis/tests/Synaxis.Infrastructure.Tests/Services/TeamMembershipServiceTests.cs(330,13): error SA1101: Prefix local calls with this (https://github.com/DotNetAnalyzers/StyleCopAnalyzers/blob/master/documentation/SA1101.md) [/home/rrj/src/github/rudironsoni/Synaxis/tests/Synaxis.Infrastructure.Tests/Synaxis.Infrastructure.Tests.csproj]
/home/rrj/src/github/rudironsoni/Synaxis/tests/Synaxis.Infrastructure.Tests/Services/TeamMembershipServiceTests.cs(331,13): error SA1101: Prefix local calls with this (https://github.com/DotNetAnalyzers/StyleCopAnalyzers/blob/master/documentation/SA1101.md) [/home/rrj/src/github/rudironsoni/Synaxis/tests/Synaxis.Infrastructure.Tests/Synaxis.Infrastructure.Tests.csproj]
/home/rrj/src/github/rudironsoni/Synaxis/tests/Synaxis.Infrastructure.Tests/Services/TeamMembershipServiceTests.cs(332,13): error SA1101: Prefix local calls with this (https://github.com/DotNetAnalyzers/StyleCopAnalyzers/blob/master/documentation/SA1101.md) [/home/rrj/src/github/rudironsoni/Synaxis/tests/Synaxis.Infrastructure.Tests/Synaxis.Infrastructure.Tests.csproj]
/home/rrj/src/github/rudironsoni/Synaxis/tests/Synaxis.Infrastructure.Tests/Services/TeamMembershipServiceTests.cs(333,19): error SA1101: Prefix local calls with this (https://github.com/DotNetAnalyzers/StyleCopAnalyzers/blob/master/documentation/SA1101.md) [/home/rrj/src/github/rudironsoni/Synaxis/tests/Synaxis.Infrastructure.Tests/Synaxis.Infrastructure.Tests.csproj]
/home/rrj/src/github/rudironsoni/Synaxis/tests/Synaxis.Infrastructure.Tests/Services/TeamMembershipServiceTests.cs(335,32): error SA1101: Prefix local calls with this (https://github.com/DotNetAnalyzers/StyleCopAnalyzers/blob/master/documentation/SA1101.md) [/home/rrj/src/github/rudironsoni/Synaxis/tests/Synaxis.Infrastructure.Tests/Synaxis.Infrastructure.Tests.csproj]
/home/rrj/src/github/rudironsoni/Synaxis/tests/Synaxis.Infrastructure.Tests/Services/TeamMembershipServiceTests.cs(335,59): error SA1101: Prefix local calls with this (https://github.com/DotNetAnalyzers/StyleCopAnalyzers/blob/master/documentation/SA1101.md) [/home/rrj/src/github/rudironsoni/Synaxis/tests/Synaxis.Infrastructure.Tests/Synaxis.Infrastructure.Tests.csproj]
/home/rrj/src/github/rudironsoni/Synaxis/tests/Synaxis.Infrastructure.Tests/Migrations/InitialMigrationTests.cs(59,33): error AsyncFixer02: Blocking call 'context.Organizations.ToList' can cause deadlocks in async code. Use 'ToListAsync' instead. (https://github.com/semihokur/AsyncFixer#asyncfixer02) [/home/rrj/src/github/rudironsoni/Synaxis/tests/Synaxis.Infrastructure.Tests/Synaxis.Infrastructure.Tests.csproj]
/home/rrj/src/github/rudironsoni/Synaxis/tests/Synaxis.Infrastructure.Tests/Migrations/InitialMigrationTests.cs(60,25): error AsyncFixer02: Blocking call 'context.Teams.ToList' can cause deadlocks in async code. Use 'ToListAsync' instead. (https://github.com/semihokur/AsyncFixer#asyncfixer02) [/home/rrj/src/github/rudironsoni/Synaxis/tests/Synaxis.Infrastructure.Tests/Synaxis.Infrastructure.Tests.csproj]
/home/rrj/src/github/rudironsoni/Synaxis/tests/Synaxis.Infrastructure.Tests/Migrations/InitialMigrationTests.cs(61,25): error AsyncFixer02: Blocking call 'context.Users.ToList' can cause deadlocks in async code. Use 'ToListAsync' instead. (https://github.com/semihokur/AsyncFixer#asyncfixer02) [/home/rrj/src/github/rudironsoni/Synaxis/tests/Synaxis.Infrastructure.Tests/Synaxis.Infrastructure.Tests.csproj]
/home/rrj/src/github/rudironsoni/Synaxis/tests/Synaxis.Infrastructure.Tests/Migrations/InitialMigrationTests.cs(62,31): error AsyncFixer02: Blocking call 'context.TeamMemberships.ToList' can cause deadlocks in async code. Use 'ToListAsync' instead. (https://github.com/semihokur/AsyncFixer#asyncfixer02) [/home/rrj/src/github/rudironsoni/Synaxis/tests/Synaxis.Infrastructure.Tests/Synaxis.Infrastructure.Tests.csproj]
/home/rrj/src/github/rudironsoni/Synaxis/tests/Synaxis.Infrastructure.Tests/Migrations/InitialMigrationTests.cs(63,31): error AsyncFixer02: Blocking call 'context.VirtualKeys.ToList' can cause deadlocks in async code. Use 'ToListAsync' instead. (https://github.com/semihokur/AsyncFixer#asyncfixer02) [/home/rrj/src/github/rudironsoni/Synaxis/tests/Synaxis.Infrastructure.Tests/Synaxis.Infrastructure.Tests.csproj]
/home/rrj/src/github/rudironsoni/Synaxis/tests/Synaxis.Infrastructure.Tests/Migrations/InitialMigrationTests.cs(64,28): error AsyncFixer02: Blocking call 'context.Requests.ToList' can cause deadlocks in async code. Use 'ToListAsync' instead. (https://github.com/semihokur/AsyncFixer#asyncfixer02) [/home/rrj/src/github/rudironsoni/Synaxis/tests/Synaxis.Infrastructure.Tests/Synaxis.Infrastructure.Tests.csproj]
/home/rrj/src/github/rudironsoni/Synaxis/tests/Synaxis.Infrastructure.Tests/Migrations/InitialMigrationTests.cs(65,37): error AsyncFixer02: Blocking call 'context.SubscriptionPlans.ToList' can cause deadlocks in async code. Use 'ToListAsync' instead. (https://github.com/semihokur/AsyncFixer#asyncfixer02) [/home/rrj/src/github/rudironsoni/Synaxis/tests/Synaxis.Infrastructure.Tests/Synaxis.Infrastructure.Tests.csproj]
/home/rrj/src/github/rudironsoni/Synaxis/tests/Synaxis.Infrastructure.Tests/Migrations/InitialMigrationTests.cs(66,29): error AsyncFixer02: Blocking call 'context.AuditLogs.ToList' can cause deadlocks in async code. Use 'ToListAsync' instead. (https://github.com/semihokur/AsyncFixer#asyncfixer02) [/home/rrj/src/github/rudironsoni/Synaxis/tests/Synaxis.Infrastructure.Tests/Synaxis.Infrastructure.Tests.csproj]
/home/rrj/src/github/rudironsoni/Synaxis/tests/Synaxis.Infrastructure.Tests/Migrations/InitialMigrationTests.cs(67,29): error AsyncFixer02: Blocking call 'context.SpendLogs.ToList' can cause deadlocks in async code. Use 'ToListAsync' instead. (https://github.com/semihokur/AsyncFixer#asyncfixer02) [/home/rrj/src/github/rudironsoni/Synaxis/tests/Synaxis.Infrastructure.Tests/Synaxis.Infrastructure.Tests.csproj]
/home/rrj/src/github/rudironsoni/Synaxis/tests/Synaxis.Infrastructure.Tests/Migrations/InitialMigrationTests.cs(68,38): error AsyncFixer02: Blocking call 'context.CreditTransactions.ToList' can cause deadlocks in async code. Use 'ToListAsync' instead. (https://github.com/semihokur/AsyncFixer#asyncfixer02) [/home/rrj/src/github/rudironsoni/Synaxis/tests/Synaxis.Infrastructure.Tests/Synaxis.Infrastructure.Tests.csproj]
/home/rrj/src/github/rudironsoni/Synaxis/tests/Synaxis.Infrastructure.Tests/Migrations/InitialMigrationTests.cs(69,28): error AsyncFixer02: Blocking call 'context.Invoices.ToList' can cause deadlocks in async code. Use 'ToListAsync' instead. (https://github.com/semihokur/AsyncFixer#asyncfixer02) [/home/rrj/src/github/rudironsoni/Synaxis/tests/Synaxis.Infrastructure.Tests/Synaxis.Infrastructure.Tests.csproj]
/home/rrj/src/github/rudironsoni/Synaxis/tests/Synaxis.Infrastructure.Tests/Migrations/InitialMigrationTests.cs(70,33): error AsyncFixer02: Blocking call 'context.BackupConfigs.ToList' can cause deadlocks in async code. Use 'ToListAsync' instead. (https://github.com/semihokur/AsyncFixer#asyncfixer02) [/home/rrj/src/github/rudironsoni/Synaxis/tests/Synaxis.Infrastructure.Tests/Synaxis.Infrastructure.Tests.csproj]
/home/rrj/src/github/rudironsoni/Synaxis/tests/Synaxis.Infrastructure.Tests/Migrations/TestcontainersMigrationTests.cs(186,33): error SA1101: Prefix local calls with this (https://github.com/DotNetAnalyzers/StyleCopAnalyzers/blob/master/documentation/SA1101.md) [/home/rrj/src/github/rudironsoni/Synaxis/tests/Synaxis.Infrastructure.Tests/Synaxis.Infrastructure.Tests.csproj]
/home/rrj/src/github/rudironsoni/Synaxis/tests/Synaxis.Infrastructure.Tests/Migrations/TestcontainersMigrationTests.cs(216,17): error MA0004: Use Task.ConfigureAwait(false) if the current SynchronizationContext is not needed (https://github.com/meziantou/Meziantou.Analyzer/blob/main/docs/Rules/MA0004.md) [/home/rrj/src/github/rudironsoni/Synaxis/tests/Synaxis.Infrastructure.Tests/Synaxis.Infrastructure.Tests.csproj]
/home/rrj/src/github/rudironsoni/Synaxis/tests/Synaxis.Infrastructure.Tests/Migrations/RollbackScriptTests.cs(180,45): error SA1101: Prefix local calls with this (https://github.com/DotNetAnalyzers/StyleCopAnalyzers/blob/master/documentation/SA1101.md) [/home/rrj/src/github/rudironsoni/Synaxis/tests/Synaxis.Infrastructure.Tests/Synaxis.Infrastructure.Tests.csproj]
/home/rrj/src/github/rudironsoni/Synaxis/tests/Synaxis.Infrastructure.Tests/Migrations/RollbackScriptTests.cs(181,47): error SA1101: Prefix local calls with this (https://github.com/DotNetAnalyzers/StyleCopAnalyzers/blob/master/documentation/SA1101.md) [/home/rrj/src/github/rudironsoni/Synaxis/tests/Synaxis.Infrastructure.Tests/Synaxis.Infrastructure.Tests.csproj]
/home/rrj/src/github/rudironsoni/Synaxis/tests/Synaxis.Infrastructure.Tests/Migrations/PerformanceIndexTests.cs(139,39): error MA0006: Use string.Equals instead of Equals operator (https://github.com/meziantou/Meziantou.Analyzer/blob/main/docs/Rules/MA0006.md) [/home/rrj/src/github/rudironsoni/Synaxis/tests/Synaxis.Infrastructure.Tests/Synaxis.Infrastructure.Tests.csproj]
/home/rrj/src/github/rudironsoni/Synaxis/tests/Synaxis.Infrastructure.Tests/Migrations/PerformanceIndexTests.cs(140,39): error MA0006: Use string.Equals instead of Equals operator (https://github.com/meziantou/Meziantou.Analyzer/blob/main/docs/Rules/MA0006.md) [/home/rrj/src/github/rudironsoni/Synaxis/tests/Synaxis.Infrastructure.Tests/Synaxis.Infrastructure.Tests.csproj]
/home/rrj/src/github/rudironsoni/Synaxis/tests/Synaxis.Infrastructure.Tests/Migrations/PerformanceIndexTests.cs(164,39): error MA0006: Use string.Equals instead of Equals operator (https://github.com/meziantou/Meziantou.Analyzer/blob/main/docs/Rules/MA0006.md) [/home/rrj/src/github/rudironsoni/Synaxis/tests/Synaxis.Infrastructure.Tests/Synaxis.Infrastructure.Tests.csproj]
/home/rrj/src/github/rudironsoni/Synaxis/tests/Synaxis.Infrastructure.Tests/Migrations/PerformanceIndexTests.cs(165,39): error MA0006: Use string.Equals instead of Equals operator (https://github.com/meziantou/Meziantou.Analyzer/blob/main/docs/Rules/MA0006.md) [/home/rrj/src/github/rudironsoni/Synaxis/tests/Synaxis.Infrastructure.Tests/Synaxis.Infrastructure.Tests.csproj]
/home/rrj/src/github/rudironsoni/Synaxis/tests/Synaxis.Infrastructure.Tests/Services/OrganizationSettingsServiceIntegrationTests.cs(195,64): error S3878: Remove this array creation and simply pass the elements. (https://rules.sonarsource.com/csharp/RSPEC-3878) [/home/rrj/src/github/rudironsoni/Synaxis/tests/Synaxis.Infrastructure.Tests/Synaxis.Infrastructure.Tests.csproj]
/home/rrj/src/github/rudironsoni/Synaxis/tests/Synaxis.Infrastructure.Tests/Migrations/PerformanceIndexTests.cs(189,39): error MA0006: Use string.Equals instead of Equals operator (https://github.com/meziantou/Meziantou.Analyzer/blob/main/docs/Rules/MA0006.md) [/home/rrj/src/github/rudironsoni/Synaxis/tests/Synaxis.Infrastructure.Tests/Synaxis.Infrastructure.Tests.csproj]
/home/rrj/src/github/rudironsoni/Synaxis/tests/Synaxis.Infrastructure.Tests/Migrations/PerformanceIndexTests.cs(190,39): error MA0006: Use string.Equals instead of Equals operator (https://github.com/meziantou/Meziantou.Analyzer/blob/main/docs/Rules/MA0006.md) [/home/rrj/src/github/rudironsoni/Synaxis/tests/Synaxis.Infrastructure.Tests/Synaxis.Infrastructure.Tests.csproj]
/home/rrj/src/github/rudironsoni/Synaxis/tests/Synaxis.Infrastructure.Tests/Migrations/TestcontainersMigrationTests.cs(227,33): error SA1101: Prefix local calls with this (https://github.com/DotNetAnalyzers/StyleCopAnalyzers/blob/master/documentation/SA1101.md) [/home/rrj/src/github/rudironsoni/Synaxis/tests/Synaxis.Infrastructure.Tests/Synaxis.Infrastructure.Tests.csproj]
/home/rrj/src/github/rudironsoni/Synaxis/tests/Synaxis.Infrastructure.Tests/Services/TeamMembershipServiceIntegrationTests.cs(257,19): error SA1101: Prefix local calls with this (https://github.com/DotNetAnalyzers/StyleCopAnalyzers/blob/master/documentation/SA1101.md) [/home/rrj/src/github/rudironsoni/Synaxis/tests/Synaxis.Infrastructure.Tests/Synaxis.Infrastructure.Tests.csproj]
/home/rrj/src/github/rudironsoni/Synaxis/tests/Synaxis.Infrastructure.Tests/Services/TeamMembershipServiceIntegrationTests.cs(257,43): error SA1101: Prefix local calls with this (https://github.com/DotNetAnalyzers/StyleCopAnalyzers/blob/master/documentation/SA1101.md) [/home/rrj/src/github/rudironsoni/Synaxis/tests/Synaxis.Infrastructure.Tests/Synaxis.Infrastructure.Tests.csproj]
/home/rrj/src/github/rudironsoni/Synaxis/tests/Synaxis.Infrastructure.Tests/Services/TeamMembershipServiceIntegrationTests.cs(257,53): error SA1101: Prefix local calls with this (https://github.com/DotNetAnalyzers/StyleCopAnalyzers/blob/master/documentation/SA1101.md) [/home/rrj/src/github/rudironsoni/Synaxis/tests/Synaxis.Infrastructure.Tests/Synaxis.Infrastructure.Tests.csproj]
/home/rrj/src/github/rudironsoni/Synaxis/tests/Synaxis.Infrastructure.Tests/Services/TeamMembershipServiceIntegrationTests.cs(257,74): error SA1101: Prefix local calls with this (https://github.com/DotNetAnalyzers/StyleCopAnalyzers/blob/master/documentation/SA1101.md) [/home/rrj/src/github/rudironsoni/Synaxis/tests/Synaxis.Infrastructure.Tests/Synaxis.Infrastructure.Tests.csproj]
/home/rrj/src/github/rudironsoni/Synaxis/tests/Synaxis.Infrastructure.Tests/Migrations/TestcontainersMigrationTests.cs(252,17): error MA0004: Use Task.ConfigureAwait(false) if the current SynchronizationContext is not needed (https://github.com/meziantou/Meziantou.Analyzer/blob/main/docs/Rules/MA0004.md) [/home/rrj/src/github/rudironsoni/Synaxis/tests/Synaxis.Infrastructure.Tests/Synaxis.Infrastructure.Tests.csproj]
/home/rrj/src/github/rudironsoni/Synaxis/tests/Synaxis.Infrastructure.Tests/Services/TeamMembershipServiceIntegrationTests.cs(259,41): error SA1101: Prefix local calls with this (https://github.com/DotNetAnalyzers/StyleCopAnalyzers/blob/master/documentation/SA1101.md) [/home/rrj/src/github/rudironsoni/Synaxis/tests/Synaxis.Infrastructure.Tests/Synaxis.Infrastructure.Tests.csproj]
/home/rrj/src/github/rudironsoni/Synaxis/tests/Synaxis.Infrastructure.Tests/Services/TeamMembershipServiceIntegrationTests.cs(259,65): error SA1101: Prefix local calls with this (https://github.com/DotNetAnalyzers/StyleCopAnalyzers/blob/master/documentation/SA1101.md) [/home/rrj/src/github/rudironsoni/Synaxis/tests/Synaxis.Infrastructure.Tests/Synaxis.Infrastructure.Tests.csproj]
/home/rrj/src/github/rudironsoni/Synaxis/tests/Synaxis.Infrastructure.Tests/Services/TeamMembershipServiceIntegrationTests.cs(259,75): error SA1101: Prefix local calls with this (https://github.com/DotNetAnalyzers/StyleCopAnalyzers/blob/master/documentation/SA1101.md) [/home/rrj/src/github/rudironsoni/Synaxis/tests/Synaxis.Infrastructure.Tests/Synaxis.Infrastructure.Tests.csproj]
/home/rrj/src/github/rudironsoni/Synaxis/tests/Synaxis.Infrastructure.Tests/Services/TeamMembershipServiceIntegrationTests.cs(259,99): error SA1101: Prefix local calls with this (https://github.com/DotNetAnalyzers/StyleCopAnalyzers/blob/master/documentation/SA1101.md) [/home/rrj/src/github/rudironsoni/Synaxis/tests/Synaxis.Infrastructure.Tests/Synaxis.Infrastructure.Tests.csproj]
/home/rrj/src/github/rudironsoni/Synaxis/tests/Synaxis.Infrastructure.Tests/Services/TeamMembershipServiceIntegrationTests.cs(259,35): error MA0004: Use Task.ConfigureAwait(false) if the current SynchronizationContext is not needed (https://github.com/meziantou/Meziantou.Analyzer/blob/main/docs/Rules/MA0004.md) [/home/rrj/src/github/rudironsoni/Synaxis/tests/Synaxis.Infrastructure.Tests/Synaxis.Infrastructure.Tests.csproj]
/home/rrj/src/github/rudironsoni/Synaxis/tests/Synaxis.Infrastructure.Tests/Services/TeamServiceTests.cs(159,9): error AsyncFixer01: Method 'CreateTeamAsync_WithNullRequest_ThrowsArgumentNullException' only awaits a single expression - remove async/await and return the Task directly to reduce overhead (https://github.com/semihokur/AsyncFixer#asyncfixer01) [/home/rrj/src/github/rudironsoni/Synaxis/tests/Synaxis.Infrastructure.Tests/Synaxis.Infrastructure.Tests.csproj]
/home/rrj/src/github/rudironsoni/Synaxis/tests/Synaxis.Infrastructure.Tests/Services/TeamServiceTests.cs(163,48): error SA1101: Prefix local calls with this (https://github.com/DotNetAnalyzers/StyleCopAnalyzers/blob/master/documentation/SA1101.md) [/home/rrj/src/github/rudironsoni/Synaxis/tests/Synaxis.Infrastructure.Tests/Synaxis.Infrastructure.Tests.csproj]
/home/rrj/src/github/rudironsoni/Synaxis/tests/Synaxis.Infrastructure.Tests/Services/TeamServiceTests.cs(163,79): error SA1101: Prefix local calls with this (https://github.com/DotNetAnalyzers/StyleCopAnalyzers/blob/master/documentation/SA1101.md) [/home/rrj/src/github/rudironsoni/Synaxis/tests/Synaxis.Infrastructure.Tests/Synaxis.Infrastructure.Tests.csproj]
/home/rrj/src/github/rudironsoni/Synaxis/tests/Synaxis.Infrastructure.Tests/Services/TeamServiceTests.cs(163,96): error SA1101: Prefix local calls with this (https://github.com/DotNetAnalyzers/StyleCopAnalyzers/blob/master/documentation/SA1101.md) [/home/rrj/src/github/rudironsoni/Synaxis/tests/Synaxis.Infrastructure.Tests/Synaxis.Infrastructure.Tests.csproj]
/home/rrj/src/github/rudironsoni/Synaxis/tests/Synaxis.Infrastructure.Tests/Services/TeamServiceTests.cs(163,42): error MA0004: Use Task.ConfigureAwait(false) if the current SynchronizationContext is not needed (https://github.com/meziantou/Meziantou.Analyzer/blob/main/docs/Rules/MA0004.md) [/home/rrj/src/github/rudironsoni/Synaxis/tests/Synaxis.Infrastructure.Tests/Synaxis.Infrastructure.Tests.csproj]
/home/rrj/src/github/rudironsoni/Synaxis/tests/Synaxis.Infrastructure.Tests/Migrations/InitialMigrationTests.cs(59,33): error S6966: Await ToListAsync instead. (https://rules.sonarsource.com/csharp/RSPEC-6966) [/home/rrj/src/github/rudironsoni/Synaxis/tests/Synaxis.Infrastructure.Tests/Synaxis.Infrastructure.Tests.csproj]
/home/rrj/src/github/rudironsoni/Synaxis/tests/Synaxis.Infrastructure.Tests/Migrations/InitialMigrationTests.cs(60,25): error S6966: Await ToListAsync instead. (https://rules.sonarsource.com/csharp/RSPEC-6966) [/home/rrj/src/github/rudironsoni/Synaxis/tests/Synaxis.Infrastructure.Tests/Synaxis.Infrastructure.Tests.csproj]
/home/rrj/src/github/rudironsoni/Synaxis/tests/Synaxis.Infrastructure.Tests/Migrations/InitialMigrationTests.cs(61,25): error S6966: Await ToListAsync instead. (https://rules.sonarsource.com/csharp/RSPEC-6966) [/home/rrj/src/github/rudironsoni/Synaxis/tests/Synaxis.Infrastructure.Tests/Synaxis.Infrastructure.Tests.csproj]
/home/rrj/src/github/rudironsoni/Synaxis/tests/Synaxis.Infrastructure.Tests/Migrations/InitialMigrationTests.cs(62,31): error S6966: Await ToListAsync instead. (https://rules.sonarsource.com/csharp/RSPEC-6966) [/home/rrj/src/github/rudironsoni/Synaxis/tests/Synaxis.Infrastructure.Tests/Synaxis.Infrastructure.Tests.csproj]
/home/rrj/src/github/rudironsoni/Synaxis/tests/Synaxis.Infrastructure.Tests/Migrations/InitialMigrationTests.cs(63,31): error S6966: Await ToListAsync instead. (https://rules.sonarsource.com/csharp/RSPEC-6966) [/home/rrj/src/github/rudironsoni/Synaxis/tests/Synaxis.Infrastructure.Tests/Synaxis.Infrastructure.Tests.csproj]
/home/rrj/src/github/rudironsoni/Synaxis/tests/Synaxis.Infrastructure.Tests/Migrations/InitialMigrationTests.cs(64,28): error S6966: Await ToListAsync instead. (https://rules.sonarsource.com/csharp/RSPEC-6966) [/home/rrj/src/github/rudironsoni/Synaxis/tests/Synaxis.Infrastructure.Tests/Synaxis.Infrastructure.Tests.csproj]
/home/rrj/src/github/rudironsoni/Synaxis/tests/Synaxis.Infrastructure.Tests/Migrations/InitialMigrationTests.cs(65,37): error S6966: Await ToListAsync instead. (https://rules.sonarsource.com/csharp/RSPEC-6966) [/home/rrj/src/github/rudironsoni/Synaxis/tests/Synaxis.Infrastructure.Tests/Synaxis.Infrastructure.Tests.csproj]
/home/rrj/src/github/rudironsoni/Synaxis/tests/Synaxis.Infrastructure.Tests/Migrations/InitialMigrationTests.cs(66,29): error S6966: Await ToListAsync instead. (https://rules.sonarsource.com/csharp/RSPEC-6966) [/home/rrj/src/github/rudironsoni/Synaxis/tests/Synaxis.Infrastructure.Tests/Synaxis.Infrastructure.Tests.csproj]
/home/rrj/src/github/rudironsoni/Synaxis/tests/Synaxis.Infrastructure.Tests/Migrations/InitialMigrationTests.cs(67,29): error S6966: Await ToListAsync instead. (https://rules.sonarsource.com/csharp/RSPEC-6966) [/home/rrj/src/github/rudironsoni/Synaxis/tests/Synaxis.Infrastructure.Tests/Synaxis.Infrastructure.Tests.csproj]
/home/rrj/src/github/rudironsoni/Synaxis/tests/Synaxis.Infrastructure.Tests/Migrations/InitialMigrationTests.cs(68,38): error S6966: Await ToListAsync instead. (https://rules.sonarsource.com/csharp/RSPEC-6966) [/home/rrj/src/github/rudironsoni/Synaxis/tests/Synaxis.Infrastructure.Tests/Synaxis.Infrastructure.Tests.csproj]
/home/rrj/src/github/rudironsoni/Synaxis/tests/Synaxis.Infrastructure.Tests/Migrations/InitialMigrationTests.cs(69,28): error S6966: Await ToListAsync instead. (https://rules.sonarsource.com/csharp/RSPEC-6966) [/home/rrj/src/github/rudironsoni/Synaxis/tests/Synaxis.Infrastructure.Tests/Synaxis.Infrastructure.Tests.csproj]
/home/rrj/src/github/rudironsoni/Synaxis/tests/Synaxis.Infrastructure.Tests/Migrations/InitialMigrationTests.cs(70,33): error S6966: Await ToListAsync instead. (https://rules.sonarsource.com/csharp/RSPEC-6966) [/home/rrj/src/github/rudironsoni/Synaxis/tests/Synaxis.Infrastructure.Tests/Synaxis.Infrastructure.Tests.csproj]
/home/rrj/src/github/rudironsoni/Synaxis/tests/Synaxis.Infrastructure.Tests/Migrations/TestcontainersMigrationTests.cs(263,33): error SA1101: Prefix local calls with this (https://github.com/DotNetAnalyzers/StyleCopAnalyzers/blob/master/documentation/SA1101.md) [/home/rrj/src/github/rudironsoni/Synaxis/tests/Synaxis.Infrastructure.Tests/Synaxis.Infrastructure.Tests.csproj]
/home/rrj/src/github/rudironsoni/Synaxis/tests/Synaxis.Infrastructure.Tests/Services/OrganizationSettingsServiceIntegrationTests.cs(232,64): error S3878: Remove this array creation and simply pass the elements. (https://rules.sonarsource.com/csharp/RSPEC-3878) [/home/rrj/src/github/rudironsoni/Synaxis/tests/Synaxis.Infrastructure.Tests/Synaxis.Infrastructure.Tests.csproj]
/home/rrj/src/github/rudironsoni/Synaxis/tests/Synaxis.Infrastructure.Tests/Services/TeamServiceTests.cs(186,17): error SA1413: Use trailing comma in multi-line initializers (https://github.com/DotNetAnalyzers/StyleCopAnalyzers/blob/master/documentation/SA1413.md) [/home/rrj/src/github/rudironsoni/Synaxis/tests/Synaxis.Infrastructure.Tests/Synaxis.Infrastructure.Tests.csproj]
/home/rrj/src/github/rudironsoni/Synaxis/tests/Synaxis.Infrastructure.Tests/Services/TeamServiceTests.cs(181,34): error SA1101: Prefix local calls with this (https://github.com/DotNetAnalyzers/StyleCopAnalyzers/blob/master/documentation/SA1101.md) [/home/rrj/src/github/rudironsoni/Synaxis/tests/Synaxis.Infrastructure.Tests/Synaxis.Infrastructure.Tests.csproj]
/home/rrj/src/github/rudironsoni/Synaxis/tests/Synaxis.Infrastructure.Tests/Services/TeamServiceTests.cs(188,13): error SA1101: Prefix local calls with this (https://github.com/DotNetAnalyzers/StyleCopAnalyzers/blob/master/documentation/SA1101.md) [/home/rrj/src/github/rudironsoni/Synaxis/tests/Synaxis.Infrastructure.Tests/Synaxis.Infrastructure.Tests.csproj]
/home/rrj/src/github/rudironsoni/Synaxis/tests/Synaxis.Infrastructure.Tests/Services/TeamServiceTests.cs(189,19): error SA1101: Prefix local calls with this (https://github.com/DotNetAnalyzers/StyleCopAnalyzers/blob/master/documentation/SA1101.md) [/home/rrj/src/github/rudironsoni/Synaxis/tests/Synaxis.Infrastructure.Tests/Synaxis.Infrastructure.Tests.csproj]
/home/rrj/src/github/rudironsoni/Synaxis/tests/Synaxis.Infrastructure.Tests/Services/TeamServiceTests.cs(192,32): error SA1101: Prefix local calls with this (https://github.com/DotNetAnalyzers/StyleCopAnalyzers/blob/master/documentation/SA1101.md) [/home/rrj/src/github/rudironsoni/Synaxis/tests/Synaxis.Infrastructure.Tests/Synaxis.Infrastructure.Tests.csproj]
/home/rrj/src/github/rudironsoni/Synaxis/tests/Synaxis.Infrastructure.Tests/Services/TeamServiceTests.cs(192,62): error SA1101: Prefix local calls with this (https://github.com/DotNetAnalyzers/StyleCopAnalyzers/blob/master/documentation/SA1101.md) [/home/rrj/src/github/rudironsoni/Synaxis/tests/Synaxis.Infrastructure.Tests/Synaxis.Infrastructure.Tests.csproj]
/home/rrj/src/github/rudironsoni/Synaxis/tests/Synaxis.Infrastructure.Tests/Services/TeamServiceTests.cs(171,9): error SA1124: Do not use regions (https://github.com/DotNetAnalyzers/StyleCopAnalyzers/blob/master/documentation/SA1124.md) [/home/rrj/src/github/rudironsoni/Synaxis/tests/Synaxis.Infrastructure.Tests/Synaxis.Infrastructure.Tests.csproj]
/home/rrj/src/github/rudironsoni/Synaxis/tests/Synaxis.Infrastructure.Tests/Services/TeamMembershipServiceTests.cs(352,17): error SA1413: Use trailing comma in multi-line initializers (https://github.com/DotNetAnalyzers/StyleCopAnalyzers/blob/master/documentation/SA1413.md) [/home/rrj/src/github/rudironsoni/Synaxis/tests/Synaxis.Infrastructure.Tests/Synaxis.Infrastructure.Tests.csproj]
/home/rrj/src/github/rudironsoni/Synaxis/tests/Synaxis.Infrastructure.Tests/Services/TeamMembershipServiceTests.cs(345,47): error SA1101: Prefix local calls with this (https://github.com/DotNetAnalyzers/StyleCopAnalyzers/blob/master/documentation/SA1101.md) [/home/rrj/src/github/rudironsoni/Synaxis/tests/Synaxis.Infrastructure.Tests/Synaxis.Infrastructure.Tests.csproj]
/home/rrj/src/github/rudironsoni/Synaxis/tests/Synaxis.Infrastructure.Tests/Services/TeamMembershipServiceTests.cs(346,74): error SA1101: Prefix local calls with this (https://github.com/DotNetAnalyzers/StyleCopAnalyzers/blob/master/documentation/SA1101.md) [/home/rrj/src/github/rudironsoni/Synaxis/tests/Synaxis.Infrastructure.Tests/Synaxis.Infrastructure.Tests.csproj]
/home/rrj/src/github/rudironsoni/Synaxis/tests/Synaxis.Infrastructure.Tests/Services/TeamMembershipServiceTests.cs(347,74): error SA1101: Prefix local calls with this (https://github.com/DotNetAnalyzers/StyleCopAnalyzers/blob/master/documentation/SA1101.md) [/home/rrj/src/github/rudironsoni/Synaxis/tests/Synaxis.Infrastructure.Tests/Synaxis.Infrastructure.Tests.csproj]
/home/rrj/src/github/rudironsoni/Synaxis/tests/Synaxis.Infrastructure.Tests/Services/TeamMembershipServiceTests.cs(351,68): error SA1101: Prefix local calls with this (https://github.com/DotNetAnalyzers/StyleCopAnalyzers/blob/master/documentation/SA1101.md) [/home/rrj/src/github/rudironsoni/Synaxis/tests/Synaxis.Infrastructure.Tests/Synaxis.Infrastructure.Tests.csproj]
/home/rrj/src/github/rudironsoni/Synaxis/tests/Synaxis.Infrastructure.Tests/Services/TeamMembershipServiceTests.cs(351,113): error SA1101: Prefix local calls with this (https://github.com/DotNetAnalyzers/StyleCopAnalyzers/blob/master/documentation/SA1101.md) [/home/rrj/src/github/rudironsoni/Synaxis/tests/Synaxis.Infrastructure.Tests/Synaxis.Infrastructure.Tests.csproj]
/home/rrj/src/github/rudironsoni/Synaxis/tests/Synaxis.Infrastructure.Tests/Services/TeamMembershipServiceTests.cs(352,68): error SA1101: Prefix local calls with this (https://github.com/DotNetAnalyzers/StyleCopAnalyzers/blob/master/documentation/SA1101.md) [/home/rrj/src/github/rudironsoni/Synaxis/tests/Synaxis.Infrastructure.Tests/Synaxis.Infrastructure.Tests.csproj]
/home/rrj/src/github/rudironsoni/Synaxis/tests/Synaxis.Infrastructure.Tests/Services/TeamMembershipServiceTests.cs(352,113): error SA1101: Prefix local calls with this (https://github.com/DotNetAnalyzers/StyleCopAnalyzers/blob/master/documentation/SA1101.md) [/home/rrj/src/github/rudironsoni/Synaxis/tests/Synaxis.Infrastructure.Tests/Synaxis.Infrastructure.Tests.csproj]
/home/rrj/src/github/rudironsoni/Synaxis/tests/Synaxis.Infrastructure.Tests/Services/TeamMembershipServiceTests.cs(355,13): error SA1101: Prefix local calls with this (https://github.com/DotNetAnalyzers/StyleCopAnalyzers/blob/master/documentation/SA1101.md) [/home/rrj/src/github/rudironsoni/Synaxis/tests/Synaxis.Infrastructure.Tests/Synaxis.Infrastructure.Tests.csproj]
/home/rrj/src/github/rudironsoni/Synaxis/tests/Synaxis.Infrastructure.Tests/Services/TeamMembershipServiceTests.cs(356,13): error SA1101: Prefix local calls with this (https://github.com/DotNetAnalyzers/StyleCopAnalyzers/blob/master/documentation/SA1101.md) [/home/rrj/src/github/rudironsoni/Synaxis/tests/Synaxis.Infrastructure.Tests/Synaxis.Infrastructure.Tests.csproj]
/home/rrj/src/github/rudironsoni/Synaxis/tests/Synaxis.Infrastructure.Tests/Services/TeamMembershipServiceTests.cs(357,13): error SA1101: Prefix local calls with this (https://github.com/DotNetAnalyzers/StyleCopAnalyzers/blob/master/documentation/SA1101.md) [/home/rrj/src/github/rudironsoni/Synaxis/tests/Synaxis.Infrastructure.Tests/Synaxis.Infrastructure.Tests.csproj]
/home/rrj/src/github/rudironsoni/Synaxis/tests/Synaxis.Infrastructure.Tests/Services/TeamMembershipServiceTests.cs(358,19): error SA1101: Prefix local calls with this (https://github.com/DotNetAnalyzers/StyleCopAnalyzers/blob/master/documentation/SA1101.md) [/home/rrj/src/github/rudironsoni/Synaxis/tests/Synaxis.Infrastructure.Tests/Synaxis.Infrastructure.Tests.csproj]
/home/rrj/src/github/rudironsoni/Synaxis/tests/Synaxis.Infrastructure.Tests/Services/TeamMembershipServiceTests.cs(360,32): error SA1101: Prefix local calls with this (https://github.com/DotNetAnalyzers/StyleCopAnalyzers/blob/master/documentation/SA1101.md) [/home/rrj/src/github/rudironsoni/Synaxis/tests/Synaxis.Infrastructure.Tests/Synaxis.Infrastructure.Tests.csproj]
/home/rrj/src/github/rudironsoni/Synaxis/tests/Synaxis.Infrastructure.Tests/Services/TeamMembershipServiceTests.cs(360,59): error SA1101: Prefix local calls with this (https://github.com/DotNetAnalyzers/StyleCopAnalyzers/blob/master/documentation/SA1101.md) [/home/rrj/src/github/rudironsoni/Synaxis/tests/Synaxis.Infrastructure.Tests/Synaxis.Infrastructure.Tests.csproj]
/home/rrj/src/github/rudironsoni/Synaxis/tests/Synaxis.Infrastructure.Tests/Services/TeamServiceTests.cs(208,32): error SA1101: Prefix local calls with this (https://github.com/DotNetAnalyzers/StyleCopAnalyzers/blob/master/documentation/SA1101.md) [/home/rrj/src/github/rudironsoni/Synaxis/tests/Synaxis.Infrastructure.Tests/Synaxis.Infrastructure.Tests.csproj]
/home/rrj/src/github/rudironsoni/Synaxis/tests/Synaxis.Infrastructure.Tests/Services/TeamServiceTests.cs(208,69): error SA1101: Prefix local calls with this (https://github.com/DotNetAnalyzers/StyleCopAnalyzers/blob/master/documentation/SA1101.md) [/home/rrj/src/github/rudironsoni/Synaxis/tests/Synaxis.Infrastructure.Tests/Synaxis.Infrastructure.Tests.csproj]
/home/rrj/src/github/rudironsoni/Synaxis/tests/Synaxis.Infrastructure.Tests/Migrations/TestcontainersMigrationTests.cs(308,34): error SA1101: Prefix local calls with this (https://github.com/DotNetAnalyzers/StyleCopAnalyzers/blob/master/documentation/SA1101.md) [/home/rrj/src/github/rudironsoni/Synaxis/tests/Synaxis.Infrastructure.Tests/Synaxis.Infrastructure.Tests.csproj]
/home/rrj/src/github/rudironsoni/Synaxis/tests/Synaxis.Infrastructure.Tests/Migrations/TestcontainersMigrationTests.cs(309,34): error SA1101: Prefix local calls with this (https://github.com/DotNetAnalyzers/StyleCopAnalyzers/blob/master/documentation/SA1101.md) [/home/rrj/src/github/rudironsoni/Synaxis/tests/Synaxis.Infrastructure.Tests/Synaxis.Infrastructure.Tests.csproj]
/home/rrj/src/github/rudironsoni/Synaxis/tests/Synaxis.Infrastructure.Tests/Migrations/TestcontainersMigrationTests.cs(328,39): error SA1101: Prefix local calls with this (https://github.com/DotNetAnalyzers/StyleCopAnalyzers/blob/master/documentation/SA1101.md) [/home/rrj/src/github/rudironsoni/Synaxis/tests/Synaxis.Infrastructure.Tests/Synaxis.Infrastructure.Tests.csproj]
/home/rrj/src/github/rudironsoni/Synaxis/tests/Synaxis.Infrastructure.Tests/Services/TeamMembershipServiceTests.cs(371,32): error SA1101: Prefix local calls with this (https://github.com/DotNetAnalyzers/StyleCopAnalyzers/blob/master/documentation/SA1101.md) [/home/rrj/src/github/rudironsoni/Synaxis/tests/Synaxis.Infrastructure.Tests/Synaxis.Infrastructure.Tests.csproj]
/home/rrj/src/github/rudironsoni/Synaxis/tests/Synaxis.Infrastructure.Tests/Services/TeamMembershipServiceTests.cs(371,59): error SA1101: Prefix local calls with this (https://github.com/DotNetAnalyzers/StyleCopAnalyzers/blob/master/documentation/SA1101.md) [/home/rrj/src/github/rudironsoni/Synaxis/tests/Synaxis.Infrastructure.Tests/Synaxis.Infrastructure.Tests.csproj]
/home/rrj/src/github/rudironsoni/Synaxis/tests/Synaxis.Infrastructure.Tests/Services/TeamServiceTests.cs(226,17): error SA1413: Use trailing comma in multi-line initializers (https://github.com/DotNetAnalyzers/StyleCopAnalyzers/blob/master/documentation/SA1413.md) [/home/rrj/src/github/rudironsoni/Synaxis/tests/Synaxis.Infrastructure.Tests/Synaxis.Infrastructure.Tests.csproj]
/home/rrj/src/github/rudironsoni/Synaxis/tests/Synaxis.Infrastructure.Tests/Services/TeamServiceTests.cs(223,34): error SA1101: Prefix local calls with this (https://github.com/DotNetAnalyzers/StyleCopAnalyzers/blob/master/documentation/SA1101.md) [/home/rrj/src/github/rudironsoni/Synaxis/tests/Synaxis.Infrastructure.Tests/Synaxis.Infrastructure.Tests.csproj]
/home/rrj/src/github/rudironsoni/Synaxis/tests/Synaxis.Infrastructure.Tests/Services/TeamServiceTests.cs(228,13): error SA1101: Prefix local calls with this (https://github.com/DotNetAnalyzers/StyleCopAnalyzers/blob/master/documentation/SA1101.md) [/home/rrj/src/github/rudironsoni/Synaxis/tests/Synaxis.Infrastructure.Tests/Synaxis.Infrastructure.Tests.csproj]
/home/rrj/src/github/rudironsoni/Synaxis/tests/Synaxis.Infrastructure.Tests/Services/TeamServiceTests.cs(229,19): error SA1101: Prefix local calls with this (https://github.com/DotNetAnalyzers/StyleCopAnalyzers/blob/master/documentation/SA1101.md) [/home/rrj/src/github/rudironsoni/Synaxis/tests/Synaxis.Infrastructure.Tests/Synaxis.Infrastructure.Tests.csproj]
/home/rrj/src/github/rudironsoni/Synaxis/tests/Synaxis.Infrastructure.Tests/Services/TeamServiceTests.cs(232,32): error SA1101: Prefix local calls with this (https://github.com/DotNetAnalyzers/StyleCopAnalyzers/blob/master/documentation/SA1101.md) [/home/rrj/src/github/rudironsoni/Synaxis/tests/Synaxis.Infrastructure.Tests/Synaxis.Infrastructure.Tests.csproj]
/home/rrj/src/github/rudironsoni/Synaxis/tests/Synaxis.Infrastructure.Tests/Services/OrganizationSettingsServiceIntegrationTests.cs(300,42): error MA0004: Use Task.ConfigureAwait(false) if the current SynchronizationContext is not needed (https://github.com/meziantou/Meziantou.Analyzer/blob/main/docs/Rules/MA0004.md) [/home/rrj/src/github/rudironsoni/Synaxis/tests/Synaxis.Infrastructure.Tests/Synaxis.Infrastructure.Tests.csproj]
/home/rrj/src/github/rudironsoni/Synaxis/tests/Synaxis.Infrastructure.Tests/Services/TeamMembershipServiceTests.cs(387,17): error SA1413: Use trailing comma in multi-line initializers (https://github.com/DotNetAnalyzers/StyleCopAnalyzers/blob/master/documentation/SA1413.md) [/home/rrj/src/github/rudironsoni/Synaxis/tests/Synaxis.Infrastructure.Tests/Synaxis.Infrastructure.Tests.csproj]
/home/rrj/src/github/rudironsoni/Synaxis/tests/Synaxis.Infrastructure.Tests/Services/TeamMembershipServiceTests.cs(384,26): error SA1101: Prefix local calls with this (https://github.com/DotNetAnalyzers/StyleCopAnalyzers/blob/master/documentation/SA1101.md) [/home/rrj/src/github/rudironsoni/Synaxis/tests/Synaxis.Infrastructure.Tests/Synaxis.Infrastructure.Tests.csproj]
/home/rrj/src/github/rudironsoni/Synaxis/tests/Synaxis.Infrastructure.Tests/Services/TeamMembershipServiceTests.cs(385,26): error SA1101: Prefix local calls with this (https://github.com/DotNetAnalyzers/StyleCopAnalyzers/blob/master/documentation/SA1101.md) [/home/rrj/src/github/rudironsoni/Synaxis/tests/Synaxis.Infrastructure.Tests/Synaxis.Infrastructure.Tests.csproj]
/home/rrj/src/github/rudironsoni/Synaxis/tests/Synaxis.Infrastructure.Tests/Services/TeamMembershipServiceTests.cs(386,34): error SA1101: Prefix local calls with this (https://github.com/DotNetAnalyzers/StyleCopAnalyzers/blob/master/documentation/SA1101.md) [/home/rrj/src/github/rudironsoni/Synaxis/tests/Synaxis.Infrastructure.Tests/Synaxis.Infrastructure.Tests.csproj]
/home/rrj/src/github/rudironsoni/Synaxis/tests/Synaxis.Infrastructure.Tests/Services/TeamMembershipServiceTests.cs(390,13): error SA1101: Prefix local calls with this (https://github.com/DotNetAnalyzers/StyleCopAnalyzers/blob/master/documentation/SA1101.md) [/home/rrj/src/github/rudironsoni/Synaxis/tests/Synaxis.Infrastructure.Tests/Synaxis.Infrastructure.Tests.csproj]
/home/rrj/src/github/rudironsoni/Synaxis/tests/Synaxis.Infrastructure.Tests/Services/TeamMembershipServiceTests.cs(391,19): error SA1101: Prefix local calls with this (https://github.com/DotNetAnalyzers/StyleCopAnalyzers/blob/master/documentation/SA1101.md) [/home/rrj/src/github/rudironsoni/Synaxis/tests/Synaxis.Infrastructure.Tests/Synaxis.Infrastructure.Tests.csproj]
/home/rrj/src/github/rudironsoni/Synaxis/tests/Synaxis.Infrastructure.Tests/Services/TeamMembershipServiceTests.cs(393,32): error SA1101: Prefix local calls with this (https://github.com/DotNetAnalyzers/StyleCopAnalyzers/blob/master/documentation/SA1101.md) [/home/rrj/src/github/rudironsoni/Synaxis/tests/Synaxis.Infrastructure.Tests/Synaxis.Infrastructure.Tests.csproj]
/home/rrj/src/github/rudironsoni/Synaxis/tests/Synaxis.Infrastructure.Tests/Services/TeamMembershipServiceTests.cs(393,62): error SA1101: Prefix local calls with this (https://github.com/DotNetAnalyzers/StyleCopAnalyzers/blob/master/documentation/SA1101.md) [/home/rrj/src/github/rudironsoni/Synaxis/tests/Synaxis.Infrastructure.Tests/Synaxis.Infrastructure.Tests.csproj]
/home/rrj/src/github/rudironsoni/Synaxis/tests/Synaxis.Infrastructure.Tests/Services/TeamMembershipServiceTests.cs(393,71): error SA1101: Prefix local calls with this (https://github.com/DotNetAnalyzers/StyleCopAnalyzers/blob/master/documentation/SA1101.md) [/home/rrj/src/github/rudironsoni/Synaxis/tests/Synaxis.Infrastructure.Tests/Synaxis.Infrastructure.Tests.csproj]
/home/rrj/src/github/rudironsoni/Synaxis/tests/Synaxis.Infrastructure.Tests/Services/TeamMembershipServiceTests.cs(407,17): error SA1413: Use trailing comma in multi-line initializers (https://github.com/DotNetAnalyzers/StyleCopAnalyzers/blob/master/documentation/SA1413.md) [/home/rrj/src/github/rudironsoni/Synaxis/tests/Synaxis.Infrastructure.Tests/Synaxis.Infrastructure.Tests.csproj]
/home/rrj/src/github/rudironsoni/Synaxis/tests/Synaxis.Infrastructure.Tests/Services/TeamMembershipServiceTests.cs(404,26): error SA1101: Prefix local calls with this (https://github.com/DotNetAnalyzers/StyleCopAnalyzers/blob/master/documentation/SA1101.md) [/home/rrj/src/github/rudironsoni/Synaxis/tests/Synaxis.Infrastructure.Tests/Synaxis.Infrastructure.Tests.csproj]
/home/rrj/src/github/rudironsoni/Synaxis/tests/Synaxis.Infrastructure.Tests/Services/TeamMembershipServiceTests.cs(405,26): error SA1101: Prefix local calls with this (https://github.com/DotNetAnalyzers/StyleCopAnalyzers/blob/master/documentation/SA1101.md) [/home/rrj/src/github/rudironsoni/Synaxis/tests/Synaxis.Infrastructure.Tests/Synaxis.Infrastructure.Tests.csproj]
/home/rrj/src/github/rudironsoni/Synaxis/tests/Synaxis.Infrastructure.Tests/Services/TeamMembershipServiceTests.cs(406,34): error SA1101: Prefix local calls with this (https://github.com/DotNetAnalyzers/StyleCopAnalyzers/blob/master/documentation/SA1101.md) [/home/rrj/src/github/rudironsoni/Synaxis/tests/Synaxis.Infrastructure.Tests/Synaxis.Infrastructure.Tests.csproj]
/home/rrj/src/github/rudironsoni/Synaxis/tests/Synaxis.Infrastructure.Tests/Services/TeamMembershipServiceTests.cs(410,13): error SA1101: Prefix local calls with this (https://github.com/DotNetAnalyzers/StyleCopAnalyzers/blob/master/documentation/SA1101.md) [/home/rrj/src/github/rudironsoni/Synaxis/tests/Synaxis.Infrastructure.Tests/Synaxis.Infrastructure.Tests.csproj]
/home/rrj/src/github/rudironsoni/Synaxis/tests/Synaxis.Infrastructure.Tests/Services/TeamMembershipServiceTests.cs(411,19): error SA1101: Prefix local calls with this (https://github.com/DotNetAnalyzers/StyleCopAnalyzers/blob/master/documentation/SA1101.md) [/home/rrj/src/github/rudironsoni/Synaxis/tests/Synaxis.Infrastructure.Tests/Synaxis.Infrastructure.Tests.csproj]
/home/rrj/src/github/rudironsoni/Synaxis/tests/Synaxis.Infrastructure.Tests/Services/TeamMembershipServiceTests.cs(413,32): error SA1101: Prefix local calls with this (https://github.com/DotNetAnalyzers/StyleCopAnalyzers/blob/master/documentation/SA1101.md) [/home/rrj/src/github/rudironsoni/Synaxis/tests/Synaxis.Infrastructure.Tests/Synaxis.Infrastructure.Tests.csproj]
/home/rrj/src/github/rudironsoni/Synaxis/tests/Synaxis.Infrastructure.Tests/Services/TeamMembershipServiceTests.cs(413,62): error SA1101: Prefix local calls with this (https://github.com/DotNetAnalyzers/StyleCopAnalyzers/blob/master/documentation/SA1101.md) [/home/rrj/src/github/rudironsoni/Synaxis/tests/Synaxis.Infrastructure.Tests/Synaxis.Infrastructure.Tests.csproj]
/home/rrj/src/github/rudironsoni/Synaxis/tests/Synaxis.Infrastructure.Tests/Services/TeamMembershipServiceTests.cs(413,71): error SA1101: Prefix local calls with this (https://github.com/DotNetAnalyzers/StyleCopAnalyzers/blob/master/documentation/SA1101.md) [/home/rrj/src/github/rudironsoni/Synaxis/tests/Synaxis.Infrastructure.Tests/Synaxis.Infrastructure.Tests.csproj]
/home/rrj/src/github/rudironsoni/Synaxis/tests/Synaxis.Infrastructure.Tests/Migrations/InitialMigrationTests.cs(220,112): error MA0006: Use string.Equals instead of Equals operator (https://github.com/meziantou/Meziantou.Analyzer/blob/main/docs/Rules/MA0006.md) [/home/rrj/src/github/rudironsoni/Synaxis/tests/Synaxis.Infrastructure.Tests/Synaxis.Infrastructure.Tests.csproj]
/home/rrj/src/github/rudironsoni/Synaxis/tests/Synaxis.Infrastructure.Tests/Services/TeamServiceTests.cs(277,9): error AsyncFixer01: Method 'UpdateTeamAsync_WithNonExistentTeam_ThrowsInvalidOperationException' only awaits a single expression - remove async/await and return the Task directly to reduce overhead (https://github.com/semihokur/AsyncFixer#asyncfixer01) [/home/rrj/src/github/rudironsoni/Synaxis/tests/Synaxis.Infrastructure.Tests/Synaxis.Infrastructure.Tests.csproj]
/home/rrj/src/github/rudironsoni/Synaxis/tests/Synaxis.Infrastructure.Tests/Services/TeamMembershipServiceTests.cs(421,32): error SA1101: Prefix local calls with this (https://github.com/DotNetAnalyzers/StyleCopAnalyzers/blob/master/documentation/SA1101.md) [/home/rrj/src/github/rudironsoni/Synaxis/tests/Synaxis.Infrastructure.Tests/Synaxis.Infrastructure.Tests.csproj]
/home/rrj/src/github/rudironsoni/Synaxis/tests/Synaxis.Infrastructure.Tests/Services/TeamMembershipServiceTests.cs(421,62): error SA1101: Prefix local calls with this (https://github.com/DotNetAnalyzers/StyleCopAnalyzers/blob/master/documentation/SA1101.md) [/home/rrj/src/github/rudironsoni/Synaxis/tests/Synaxis.Infrastructure.Tests/Synaxis.Infrastructure.Tests.csproj]
/home/rrj/src/github/rudironsoni/Synaxis/tests/Synaxis.Infrastructure.Tests/Services/TeamMembershipServiceTests.cs(421,71): error SA1101: Prefix local calls with this (https://github.com/DotNetAnalyzers/StyleCopAnalyzers/blob/master/documentation/SA1101.md) [/home/rrj/src/github/rudironsoni/Synaxis/tests/Synaxis.Infrastructure.Tests/Synaxis.Infrastructure.Tests.csproj]
/home/rrj/src/github/rudironsoni/Synaxis/tests/Synaxis.Infrastructure.Tests/Services/TeamServiceTests.cs(253,17): error SA1413: Use trailing comma in multi-line initializers (https://github.com/DotNetAnalyzers/StyleCopAnalyzers/blob/master/documentation/SA1413.md) [/home/rrj/src/github/rudironsoni/Synaxis/tests/Synaxis.Infrastructure.Tests/Synaxis.Infrastructure.Tests.csproj]
/home/rrj/src/github/rudironsoni/Synaxis/tests/Synaxis.Infrastructure.Tests/Services/TeamServiceTests.cs(263,17): error SA1413: Use trailing comma in multi-line initializers (https://github.com/DotNetAnalyzers/StyleCopAnalyzers/blob/master/documentation/SA1413.md) [/home/rrj/src/github/rudironsoni/Synaxis/tests/Synaxis.Infrastructure.Tests/Synaxis.Infrastructure.Tests.csproj]
/home/rrj/src/github/rudironsoni/Synaxis/tests/Synaxis.Infrastructure.Tests/Services/TeamServiceTests.cs(250,34): error SA1101: Prefix local calls with this (https://github.com/DotNetAnalyzers/StyleCopAnalyzers/blob/master/documentation/SA1101.md) [/home/rrj/src/github/rudironsoni/Synaxis/tests/Synaxis.Infrastructure.Tests/Synaxis.Infrastructure.Tests.csproj]
/home/rrj/src/github/rudironsoni/Synaxis/tests/Synaxis.Infrastructure.Tests/Services/TeamServiceTests.cs(255,13): error SA1101: Prefix local calls with this (https://github.com/DotNetAnalyzers/StyleCopAnalyzers/blob/master/documentation/SA1101.md) [/home/rrj/src/github/rudironsoni/Synaxis/tests/Synaxis.Infrastructure.Tests/Synaxis.Infrastructure.Tests.csproj]
/home/rrj/src/github/rudironsoni/Synaxis/tests/Synaxis.Infrastructure.Tests/Services/TeamServiceTests.cs(284,17): error SA1413: Use trailing comma in multi-line initializers (https://github.com/DotNetAnalyzers/StyleCopAnalyzers/blob/master/documentation/SA1413.md) [/home/rrj/src/github/rudironsoni/Synaxis/tests/Synaxis.Infrastructure.Tests/Synaxis.Infrastructure.Tests.csproj]
/home/rrj/src/github/rudironsoni/Synaxis/tests/Synaxis.Infrastructure.Tests/Services/TeamServiceTests.cs(288,48): error SA1101: Prefix local calls with this (https://github.com/DotNetAnalyzers/StyleCopAnalyzers/blob/master/documentation/SA1101.md) [/home/rrj/src/github/rudironsoni/Synaxis/tests/Synaxis.Infrastructure.Tests/Synaxis.Infrastructure.Tests.csproj]
/home/rrj/src/github/rudironsoni/Synaxis/tests/Synaxis.Infrastructure.Tests/Services/TeamServiceTests.cs(256,19): error SA1101: Prefix local calls with this (https://github.com/DotNetAnalyzers/StyleCopAnalyzers/blob/master/documentation/SA1101.md) [/home/rrj/src/github/rudironsoni/Synaxis/tests/Synaxis.Infrastructure.Tests/Synaxis.Infrastructure.Tests.csproj]
/home/rrj/src/github/rudironsoni/Synaxis/tests/Synaxis.Infrastructure.Tests/Services/TeamServiceTests.cs(267,32): error SA1101: Prefix local calls with this (https://github.com/DotNetAnalyzers/StyleCopAnalyzers/blob/master/documentation/SA1101.md) [/home/rrj/src/github/rudironsoni/Synaxis/tests/Synaxis.Infrastructure.Tests/Synaxis.Infrastructure.Tests.csproj]
/home/rrj/src/github/rudironsoni/Synaxis/tests/Synaxis.Infrastructure.Tests/Services/TeamServiceTests.cs(240,9): error SA1124: Do not use regions (https://github.com/DotNetAnalyzers/StyleCopAnalyzers/blob/master/documentation/SA1124.md) [/home/rrj/src/github/rudironsoni/Synaxis/tests/Synaxis.Infrastructure.Tests/Synaxis.Infrastructure.Tests.csproj]
/home/rrj/src/github/rudironsoni/Synaxis/tests/Synaxis.Infrastructure.Tests/Services/TeamServiceTests.cs(288,42): error MA0004: Use Task.ConfigureAwait(false) if the current SynchronizationContext is not needed (https://github.com/meziantou/Meziantou.Analyzer/blob/main/docs/Rules/MA0004.md) [/home/rrj/src/github/rudironsoni/Synaxis/tests/Synaxis.Infrastructure.Tests/Synaxis.Infrastructure.Tests.csproj]
/home/rrj/src/github/rudironsoni/Synaxis/tests/Synaxis.Infrastructure.Tests/Services/TeamServiceTests.cs(295,9): error AsyncFixer01: Method 'UpdateTeamAsync_WithNullRequest_ThrowsArgumentNullException' only awaits a single expression - remove async/await and return the Task directly to reduce overhead (https://github.com/semihokur/AsyncFixer#asyncfixer01) [/home/rrj/src/github/rudironsoni/Synaxis/tests/Synaxis.Infrastructure.Tests/Synaxis.Infrastructure.Tests.csproj]
/home/rrj/src/github/rudironsoni/Synaxis/tests/Synaxis.Infrastructure.Tests/Services/TeamServiceTests.cs(302,48): error SA1101: Prefix local calls with this (https://github.com/DotNetAnalyzers/StyleCopAnalyzers/blob/master/documentation/SA1101.md) [/home/rrj/src/github/rudironsoni/Synaxis/tests/Synaxis.Infrastructure.Tests/Synaxis.Infrastructure.Tests.csproj]
/home/rrj/src/github/rudironsoni/Synaxis/tests/Synaxis.Infrastructure.Tests/Services/TeamServiceTests.cs(302,42): error MA0004: Use Task.ConfigureAwait(false) if the current SynchronizationContext is not needed (https://github.com/meziantou/Meziantou.Analyzer/blob/main/docs/Rules/MA0004.md) [/home/rrj/src/github/rudironsoni/Synaxis/tests/Synaxis.Infrastructure.Tests/Synaxis.Infrastructure.Tests.csproj]
/home/rrj/src/github/rudironsoni/Synaxis/tests/Synaxis.Infrastructure.Tests/Services/TeamServiceTests.cs(323,17): error SA1413: Use trailing comma in multi-line initializers (https://github.com/DotNetAnalyzers/StyleCopAnalyzers/blob/master/documentation/SA1413.md) [/home/rrj/src/github/rudironsoni/Synaxis/tests/Synaxis.Infrastructure.Tests/Synaxis.Infrastructure.Tests.csproj]
/home/rrj/src/github/rudironsoni/Synaxis/tests/Synaxis.Infrastructure.Tests/Services/TeamServiceTests.cs(320,34): error SA1101: Prefix local calls with this (https://github.com/DotNetAnalyzers/StyleCopAnalyzers/blob/master/documentation/SA1101.md) [/home/rrj/src/github/rudironsoni/Synaxis/tests/Synaxis.Infrastructure.Tests/Synaxis.Infrastructure.Tests.csproj]
/home/rrj/src/github/rudironsoni/Synaxis/tests/Synaxis.Infrastructure.Tests/Services/TeamServiceTests.cs(325,13): error SA1101: Prefix local calls with this (https://github.com/DotNetAnalyzers/StyleCopAnalyzers/blob/master/documentation/SA1101.md) [/home/rrj/src/github/rudironsoni/Synaxis/tests/Synaxis.Infrastructure.Tests/Synaxis.Infrastructure.Tests.csproj]
/home/rrj/src/github/rudironsoni/Synaxis/tests/Synaxis.Infrastructure.Tests/Services/TeamServiceTests.cs(326,19): error SA1101: Prefix local calls with this (https://github.com/DotNetAnalyzers/StyleCopAnalyzers/blob/master/documentation/SA1101.md) [/home/rrj/src/github/rudironsoni/Synaxis/tests/Synaxis.Infrastructure.Tests/Synaxis.Infrastructure.Tests.csproj]
/home/rrj/src/github/rudironsoni/Synaxis/tests/Synaxis.Infrastructure.Tests/Services/TeamServiceTests.cs(329,19): error SA1101: Prefix local calls with this (https://github.com/DotNetAnalyzers/StyleCopAnalyzers/blob/master/documentation/SA1101.md) [/home/rrj/src/github/rudironsoni/Synaxis/tests/Synaxis.Infrastructure.Tests/Synaxis.Infrastructure.Tests.csproj]
/home/rrj/src/github/rudironsoni/Synaxis/tests/Synaxis.Infrastructure.Tests/Services/TeamServiceTests.cs(329,52): error SA1101: Prefix local calls with this (https://github.com/DotNetAnalyzers/StyleCopAnalyzers/blob/master/documentation/SA1101.md) [/home/rrj/src/github/rudironsoni/Synaxis/tests/Synaxis.Infrastructure.Tests/Synaxis.Infrastructure.Tests.csproj]
/home/rrj/src/github/rudironsoni/Synaxis/tests/Synaxis.Infrastructure.Tests/Services/TeamServiceTests.cs(332,37): error SA1101: Prefix local calls with this (https://github.com/DotNetAnalyzers/StyleCopAnalyzers/blob/master/documentation/SA1101.md) [/home/rrj/src/github/rudironsoni/Synaxis/tests/Synaxis.Infrastructure.Tests/Synaxis.Infrastructure.Tests.csproj]
/home/rrj/src/github/rudironsoni/Synaxis/tests/Synaxis.Infrastructure.Tests/Services/TeamServiceTests.cs(310,9): error SA1124: Do not use regions (https://github.com/DotNetAnalyzers/StyleCopAnalyzers/blob/master/documentation/SA1124.md) [/home/rrj/src/github/rudironsoni/Synaxis/tests/Synaxis.Infrastructure.Tests/Synaxis.Infrastructure.Tests.csproj]
/home/rrj/src/github/rudironsoni/Synaxis/tests/Synaxis.Infrastructure.Tests/Services/TeamServiceTests.cs(337,9): error AsyncFixer01: Method 'DeleteTeamAsync_WithNonExistentTeam_ThrowsInvalidOperationException' only awaits a single expression - remove async/await and return the Task directly to reduce overhead (https://github.com/semihokur/AsyncFixer#asyncfixer01) [/home/rrj/src/github/rudironsoni/Synaxis/tests/Synaxis.Infrastructure.Tests/Synaxis.Infrastructure.Tests.csproj]
/home/rrj/src/github/rudironsoni/Synaxis/tests/Synaxis.Infrastructure.Tests/Services/TeamServiceTests.cs(363,17): error SA1413: Use trailing comma in multi-line initializers (https://github.com/DotNetAnalyzers/StyleCopAnalyzers/blob/master/documentation/SA1413.md) [/home/rrj/src/github/rudironsoni/Synaxis/tests/Synaxis.Infrastructure.Tests/Synaxis.Infrastructure.Tests.csproj]
/home/rrj/src/github/rudironsoni/Synaxis/tests/Synaxis.Infrastructure.Tests/Services/TeamServiceTests.cs(360,34): error SA1101: Prefix local calls with this (https://github.com/DotNetAnalyzers/StyleCopAnalyzers/blob/master/documentation/SA1101.md) [/home/rrj/src/github/rudironsoni/Synaxis/tests/Synaxis.Infrastructure.Tests/Synaxis.Infrastructure.Tests.csproj]
/home/rrj/src/github/rudironsoni/Synaxis/tests/Synaxis.Infrastructure.Tests/Services/TeamServiceTests.cs(365,13): error SA1101: Prefix local calls with this (https://github.com/DotNetAnalyzers/StyleCopAnalyzers/blob/master/documentation/SA1101.md) [/home/rrj/src/github/rudironsoni/Synaxis/tests/Synaxis.Infrastructure.Tests/Synaxis.Infrastructure.Tests.csproj]
/home/rrj/src/github/rudironsoni/Synaxis/tests/Synaxis.Infrastructure.Tests/Services/TeamServiceTests.cs(366,19): error SA1101: Prefix local calls with this (https://github.com/DotNetAnalyzers/StyleCopAnalyzers/blob/master/documentation/SA1101.md) [/home/rrj/src/github/rudironsoni/Synaxis/tests/Synaxis.Infrastructure.Tests/Synaxis.Infrastructure.Tests.csproj]
/home/rrj/src/github/rudironsoni/Synaxis/tests/Synaxis.Infrastructure.Tests/Services/TeamServiceTests.cs(369,48): error SA1101: Prefix local calls with this (https://github.com/DotNetAnalyzers/StyleCopAnalyzers/blob/master/documentation/SA1101.md) [/home/rrj/src/github/rudironsoni/Synaxis/tests/Synaxis.Infrastructure.Tests/Synaxis.Infrastructure.Tests.csproj]
/home/rrj/src/github/rudironsoni/Synaxis/tests/Synaxis.Infrastructure.Tests/Services/TeamServiceTests.cs(369,42): error MA0004: Use Task.ConfigureAwait(false) if the current SynchronizationContext is not needed (https://github.com/meziantou/Meziantou.Analyzer/blob/main/docs/Rules/MA0004.md) [/home/rrj/src/github/rudironsoni/Synaxis/tests/Synaxis.Infrastructure.Tests/Synaxis.Infrastructure.Tests.csproj]
/home/rrj/src/github/rudironsoni/Synaxis/tests/Synaxis.Infrastructure.Tests/Services/TeamServiceTests.cs(344,48): error SA1101: Prefix local calls with this (https://github.com/DotNetAnalyzers/StyleCopAnalyzers/blob/master/documentation/SA1101.md) [/home/rrj/src/github/rudironsoni/Synaxis/tests/Synaxis.Infrastructure.Tests/Synaxis.Infrastructure.Tests.csproj]
/home/rrj/src/github/rudironsoni/Synaxis/tests/Synaxis.Infrastructure.Tests/Services/TeamServiceTests.cs(344,88): error SA1101: Prefix local calls with this (https://github.com/DotNetAnalyzers/StyleCopAnalyzers/blob/master/documentation/SA1101.md) [/home/rrj/src/github/rudironsoni/Synaxis/tests/Synaxis.Infrastructure.Tests/Synaxis.Infrastructure.Tests.csproj]
/home/rrj/src/github/rudironsoni/Synaxis/tests/Synaxis.Infrastructure.Tests/Services/TeamServiceTests.cs(344,42): error MA0004: Use Task.ConfigureAwait(false) if the current SynchronizationContext is not needed (https://github.com/meziantou/Meziantou.Analyzer/blob/main/docs/Rules/MA0004.md) [/home/rrj/src/github/rudironsoni/Synaxis/tests/Synaxis.Infrastructure.Tests/Synaxis.Infrastructure.Tests.csproj]
/home/rrj/src/github/rudironsoni/Synaxis/tests/Synaxis.Infrastructure.Tests/Services/TeamServiceIntegrationTests.cs(71,17): error SA1101: Prefix local calls with this (https://github.com/DotNetAnalyzers/StyleCopAnalyzers/blob/master/documentation/SA1101.md) [/home/rrj/src/github/rudironsoni/Synaxis/tests/Synaxis.Infrastructure.Tests/Synaxis.Infrastructure.Tests.csproj]
/home/rrj/src/github/rudironsoni/Synaxis/tests/Synaxis.Infrastructure.Tests/Services/TeamServiceIntegrationTests.cs(73,23): error SA1101: Prefix local calls with this (https://github.com/DotNetAnalyzers/StyleCopAnalyzers/blob/master/documentation/SA1101.md) [/home/rrj/src/github/rudironsoni/Synaxis/tests/Synaxis.Infrastructure.Tests/Synaxis.Infrastructure.Tests.csproj]
/home/rrj/src/github/rudironsoni/Synaxis/tests/Synaxis.Infrastructure.Tests/Services/TeamServiceIntegrationTests.cs(76,17): error SA1101: Prefix local calls with this (https://github.com/DotNetAnalyzers/StyleCopAnalyzers/blob/master/documentation/SA1101.md) [/home/rrj/src/github/rudironsoni/Synaxis/tests/Synaxis.Infrastructure.Tests/Synaxis.Infrastructure.Tests.csproj]
/home/rrj/src/github/rudironsoni/Synaxis/tests/Synaxis.Infrastructure.Tests/Services/TeamServiceIntegrationTests.cs(78,23): error SA1101: Prefix local calls with this (https://github.com/DotNetAnalyzers/StyleCopAnalyzers/blob/master/documentation/SA1101.md) [/home/rrj/src/github/rudironsoni/Synaxis/tests/Synaxis.Infrastructure.Tests/Synaxis.Infrastructure.Tests.csproj]
/home/rrj/src/github/rudironsoni/Synaxis/tests/Synaxis.Infrastructure.Tests/Services/TeamServiceIntegrationTests.cs(73,17): error MA0004: Use Task.ConfigureAwait(false) if the current SynchronizationContext is not needed (https://github.com/meziantou/Meziantou.Analyzer/blob/main/docs/Rules/MA0004.md) [/home/rrj/src/github/rudironsoni/Synaxis/tests/Synaxis.Infrastructure.Tests/Synaxis.Infrastructure.Tests.csproj]
/home/rrj/src/github/rudironsoni/Synaxis/tests/Synaxis.Infrastructure.Tests/Services/TeamServiceIntegrationTests.cs(78,17): error MA0004: Use Task.ConfigureAwait(false) if the current SynchronizationContext is not needed (https://github.com/meziantou/Meziantou.Analyzer/blob/main/docs/Rules/MA0004.md) [/home/rrj/src/github/rudironsoni/Synaxis/tests/Synaxis.Infrastructure.Tests/Synaxis.Infrastructure.Tests.csproj]
/home/rrj/src/github/rudironsoni/Synaxis/tests/Synaxis.Infrastructure.Tests/Services/TeamServiceIntegrationTests.cs(93,37): error SA1101: Prefix local calls with this (https://github.com/DotNetAnalyzers/StyleCopAnalyzers/blob/master/documentation/SA1101.md) [/home/rrj/src/github/rudironsoni/Synaxis/tests/Synaxis.Infrastructure.Tests/Synaxis.Infrastructure.Tests.csproj]
/home/rrj/src/github/rudironsoni/Synaxis/tests/Synaxis.Infrastructure.Tests/Services/TeamServiceIntegrationTests.cs(93,71): error SA1101: Prefix local calls with this (https://github.com/DotNetAnalyzers/StyleCopAnalyzers/blob/master/documentation/SA1101.md) [/home/rrj/src/github/rudironsoni/Synaxis/tests/Synaxis.Infrastructure.Tests/Synaxis.Infrastructure.Tests.csproj]
/home/rrj/src/github/rudironsoni/Synaxis/tests/Synaxis.Infrastructure.Tests/Services/TeamServiceIntegrationTests.cs(93,88): error SA1101: Prefix local calls with this (https://github.com/DotNetAnalyzers/StyleCopAnalyzers/blob/master/documentation/SA1101.md) [/home/rrj/src/github/rudironsoni/Synaxis/tests/Synaxis.Infrastructure.Tests/Synaxis.Infrastructure.Tests.csproj]
/home/rrj/src/github/rudironsoni/Synaxis/tests/Synaxis.Infrastructure.Tests/Services/TeamServiceIntegrationTests.cs(99,39): error SA1101: Prefix local calls with this (https://github.com/DotNetAnalyzers/StyleCopAnalyzers/blob/master/documentation/SA1101.md) [/home/rrj/src/github/rudironsoni/Synaxis/tests/Synaxis.Infrastructure.Tests/Synaxis.Infrastructure.Tests.csproj]
/home/rrj/src/github/rudironsoni/Synaxis/tests/Synaxis.Infrastructure.Tests/Services/TeamServiceIntegrationTests.cs(99,77): error SA1101: Prefix local calls with this (https://github.com/DotNetAnalyzers/StyleCopAnalyzers/blob/master/documentation/SA1101.md) [/home/rrj/src/github/rudironsoni/Synaxis/tests/Synaxis.Infrastructure.Tests/Synaxis.Infrastructure.Tests.csproj]
/home/rrj/src/github/rudironsoni/Synaxis/tests/Synaxis.Infrastructure.Tests/Services/TeamServiceIntegrationTests.cs(109,37): error SA1101: Prefix local calls with this (https://github.com/DotNetAnalyzers/StyleCopAnalyzers/blob/master/documentation/SA1101.md) [/home/rrj/src/github/rudironsoni/Synaxis/tests/Synaxis.Infrastructure.Tests/Synaxis.Infrastructure.Tests.csproj]
/home/rrj/src/github/rudironsoni/Synaxis/tests/Synaxis.Infrastructure.Tests/Services/TeamServiceIntegrationTests.cs(113,19): error SA1101: Prefix local calls with this (https://github.com/DotNetAnalyzers/StyleCopAnalyzers/blob/master/documentation/SA1101.md) [/home/rrj/src/github/rudironsoni/Synaxis/tests/Synaxis.Infrastructure.Tests/Synaxis.Infrastructure.Tests.csproj]
/home/rrj/src/github/rudironsoni/Synaxis/tests/Synaxis.Infrastructure.Tests/Services/TeamServiceIntegrationTests.cs(113,60): error SA1101: Prefix local calls with this (https://github.com/DotNetAnalyzers/StyleCopAnalyzers/blob/master/documentation/SA1101.md) [/home/rrj/src/github/rudironsoni/Synaxis/tests/Synaxis.Infrastructure.Tests/Synaxis.Infrastructure.Tests.csproj]
/home/rrj/src/github/rudironsoni/Synaxis/tests/Synaxis.Infrastructure.Tests/Services/TeamServiceIntegrationTests.cs(115,37): error SA1101: Prefix local calls with this (https://github.com/DotNetAnalyzers/StyleCopAnalyzers/blob/master/documentation/SA1101.md) [/home/rrj/src/github/rudironsoni/Synaxis/tests/Synaxis.Infrastructure.Tests/Synaxis.Infrastructure.Tests.csproj]
/home/rrj/src/github/rudironsoni/Synaxis/tests/Synaxis.Infrastructure.Tests/Services/TeamServiceTests.cs(411,32): error SA1101: Prefix local calls with this (https://github.com/DotNetAnalyzers/StyleCopAnalyzers/blob/master/documentation/SA1101.md) [/home/rrj/src/github/rudironsoni/Synaxis/tests/Synaxis.Infrastructure.Tests/Synaxis.Infrastructure.Tests.csproj]
/home/rrj/src/github/rudironsoni/Synaxis/tests/Synaxis.Infrastructure.Tests/Services/TeamServiceTests.cs(411,56): error SA1101: Prefix local calls with this (https://github.com/DotNetAnalyzers/StyleCopAnalyzers/blob/master/documentation/SA1101.md) [/home/rrj/src/github/rudironsoni/Synaxis/tests/Synaxis.Infrastructure.Tests/Synaxis.Infrastructure.Tests.csproj]
/home/rrj/src/github/rudironsoni/Synaxis/tests/Synaxis.Infrastructure.Tests/Services/TeamServiceTests.cs(391,21): error SA1413: Use trailing comma in multi-line initializers (https://github.com/DotNetAnalyzers/StyleCopAnalyzers/blob/master/documentation/SA1413.md) [/home/rrj/src/github/rudironsoni/Synaxis/tests/Synaxis.Infrastructure.Tests/Synaxis.Infrastructure.Tests.csproj]
/home/rrj/src/github/rudironsoni/Synaxis/tests/Synaxis.Infrastructure.Tests/Services/TeamServiceTests.cs(385,17): error SA1101: Prefix local calls with this (https://github.com/DotNetAnalyzers/StyleCopAnalyzers/blob/master/documentation/SA1101.md) [/home/rrj/src/github/rudironsoni/Synaxis/tests/Synaxis.Infrastructure.Tests/Synaxis.Infrastructure.Tests.csproj]
/home/rrj/src/github/rudironsoni/Synaxis/tests/Synaxis.Infrastructure.Tests/Services/TeamServiceIntegrationTests.cs(47,13): error IDISP003: Dispose previous before re-assigning (https://github.com/DotNetAnalyzers/IDisposableAnalyzers/blob/master/documentation/IDISP003.md) [/home/rrj/src/github/rudironsoni/Synaxis/tests/Synaxis.Infrastructure.Tests/Synaxis.Infrastructure.Tests.csproj]
/home/rrj/src/github/rudironsoni/Synaxis/tests/Synaxis.Infrastructure.Tests/Services/TeamServiceTests.cs(388,38): error SA1101: Prefix local calls with this (https://github.com/DotNetAnalyzers/StyleCopAnalyzers/blob/master/documentation/SA1101.md) [/home/rrj/src/github/rudironsoni/Synaxis/tests/Synaxis.Infrastructure.Tests/Synaxis.Infrastructure.Tests.csproj]
/home/rrj/src/github/rudironsoni/Synaxis/tests/Synaxis.Infrastructure.Tests/Services/TeamServiceTests.cs(394,19): error SA1101: Prefix local calls with this (https://github.com/DotNetAnalyzers/StyleCopAnalyzers/blob/master/documentation/SA1101.md) [/home/rrj/src/github/rudironsoni/Synaxis/tests/Synaxis.Infrastructure.Tests/Synaxis.Infrastructure.Tests.csproj]
/home/rrj/src/github/rudironsoni/Synaxis/tests/Synaxis.Infrastructure.Tests/Services/TeamServiceTests.cs(397,32): error SA1101: Prefix local calls with this (https://github.com/DotNetAnalyzers/StyleCopAnalyzers/blob/master/documentation/SA1101.md) [/home/rrj/src/github/rudironsoni/Synaxis/tests/Synaxis.Infrastructure.Tests/Synaxis.Infrastructure.Tests.csproj]
/home/rrj/src/github/rudironsoni/Synaxis/tests/Synaxis.Infrastructure.Tests/Services/TeamServiceTests.cs(397,56): error SA1101: Prefix local calls with this (https://github.com/DotNetAnalyzers/StyleCopAnalyzers/blob/master/documentation/SA1101.md) [/home/rrj/src/github/rudironsoni/Synaxis/tests/Synaxis.Infrastructure.Tests/Synaxis.Infrastructure.Tests.csproj]
/home/rrj/src/github/rudironsoni/Synaxis/tests/Synaxis.Infrastructure.Tests/Services/TeamServiceTests.cs(377,9): error SA1124: Do not use regions (https://github.com/DotNetAnalyzers/StyleCopAnalyzers/blob/master/documentation/SA1124.md) [/home/rrj/src/github/rudironsoni/Synaxis/tests/Synaxis.Infrastructure.Tests/Synaxis.Infrastructure.Tests.csproj]
/home/rrj/src/github/rudironsoni/Synaxis/tests/Synaxis.Infrastructure.Tests/Migrations/TestcontainersMigrationTests.cs(343,33): error SA1101: Prefix local calls with this (https://github.com/DotNetAnalyzers/StyleCopAnalyzers/blob/master/documentation/SA1101.md) [/home/rrj/src/github/rudironsoni/Synaxis/tests/Synaxis.Infrastructure.Tests/Synaxis.Infrastructure.Tests.csproj]
/home/rrj/src/github/rudironsoni/Synaxis/tests/Synaxis.Infrastructure.Tests/Migrations/TestcontainersMigrationTests.cs(369,17): error MA0004: Use Task.ConfigureAwait(false) if the current SynchronizationContext is not needed (https://github.com/meziantou/Meziantou.Analyzer/blob/main/docs/Rules/MA0004.md) [/home/rrj/src/github/rudironsoni/Synaxis/tests/Synaxis.Infrastructure.Tests/Synaxis.Infrastructure.Tests.csproj]
/home/rrj/src/github/rudironsoni/Synaxis/tests/Synaxis.Infrastructure.Tests/Services/TeamServiceTests.cs(431,21): error SA1413: Use trailing comma in multi-line initializers (https://github.com/DotNetAnalyzers/StyleCopAnalyzers/blob/master/documentation/SA1413.md) [/home/rrj/src/github/rudironsoni/Synaxis/tests/Synaxis.Infrastructure.Tests/Synaxis.Infrastructure.Tests.csproj]
/home/rrj/src/github/rudironsoni/Synaxis/tests/Synaxis.Infrastructure.Tests/Services/TeamServiceTests.cs(425,17): error SA1101: Prefix local calls with this (https://github.com/DotNetAnalyzers/StyleCopAnalyzers/blob/master/documentation/SA1101.md) [/home/rrj/src/github/rudironsoni/Synaxis/tests/Synaxis.Infrastructure.Tests/Synaxis.Infrastructure.Tests.csproj]
/home/rrj/src/github/rudironsoni/Synaxis/tests/Synaxis.Infrastructure.Tests/Services/TeamServiceTests.cs(428,38): error SA1101: Prefix local calls with this (https://github.com/DotNetAnalyzers/StyleCopAnalyzers/blob/master/documentation/SA1101.md) [/home/rrj/src/github/rudironsoni/Synaxis/tests/Synaxis.Infrastructure.Tests/Synaxis.Infrastructure.Tests.csproj]
/home/rrj/src/github/rudironsoni/Synaxis/tests/Synaxis.Infrastructure.Tests/Services/TeamServiceTests.cs(434,19): error SA1101: Prefix local calls with this (https://github.com/DotNetAnalyzers/StyleCopAnalyzers/blob/master/documentation/SA1101.md) [/home/rrj/src/github/rudironsoni/Synaxis/tests/Synaxis.Infrastructure.Tests/Synaxis.Infrastructure.Tests.csproj]
/home/rrj/src/github/rudironsoni/Synaxis/tests/Synaxis.Infrastructure.Tests/Services/TeamServiceTests.cs(437,32): error SA1101: Prefix local calls with this (https://github.com/DotNetAnalyzers/StyleCopAnalyzers/blob/master/documentation/SA1101.md) [/home/rrj/src/github/rudironsoni/Synaxis/tests/Synaxis.Infrastructure.Tests/Synaxis.Infrastructure.Tests.csproj]
/home/rrj/src/github/rudironsoni/Synaxis/tests/Synaxis.Infrastructure.Tests/Services/TeamServiceTests.cs(437,56): error SA1101: Prefix local calls with this (https://github.com/DotNetAnalyzers/StyleCopAnalyzers/blob/master/documentation/SA1101.md) [/home/rrj/src/github/rudironsoni/Synaxis/tests/Synaxis.Infrastructure.Tests/Synaxis.Infrastructure.Tests.csproj]
/home/rrj/src/github/rudironsoni/Synaxis/tests/Synaxis.Infrastructure.Tests/Services/TeamServiceIntegrationTests.cs(32,13): error SA1101: Prefix local calls with this (https://github.com/DotNetAnalyzers/StyleCopAnalyzers/blob/master/documentation/SA1101.md) [/home/rrj/src/github/rudironsoni/Synaxis/tests/Synaxis.Infrastructure.Tests/Synaxis.Infrastructure.Tests.csproj]
/home/rrj/src/github/rudironsoni/Synaxis/tests/Synaxis.Infrastructure.Tests/Services/TeamServiceIntegrationTests.cs(39,19): error SA1101: Prefix local calls with this (https://github.com/DotNetAnalyzers/StyleCopAnalyzers/blob/master/documentation/SA1101.md) [/home/rrj/src/github/rudironsoni/Synaxis/tests/Synaxis.Infrastructure.Tests/Synaxis.Infrastructure.Tests.csproj]
/home/rrj/src/github/rudironsoni/Synaxis/tests/Synaxis.Infrastructure.Tests/Services/TeamServiceIntegrationTests.cs(42,28): error SA1101: Prefix local calls with this (https://github.com/DotNetAnalyzers/StyleCopAnalyzers/blob/master/documentation/SA1101.md) [/home/rrj/src/github/rudironsoni/Synaxis/tests/Synaxis.Infrastructure.Tests/Synaxis.Infrastructure.Tests.csproj]
/home/rrj/src/github/rudironsoni/Synaxis/tests/Synaxis.Infrastructure.Tests/Services/TeamServiceIntegrationTests.cs(47,13): error SA1101: Prefix local calls with this (https://github.com/DotNetAnalyzers/StyleCopAnalyzers/blob/master/documentation/SA1101.md) [/home/rrj/src/github/rudironsoni/Synaxis/tests/Synaxis.Infrastructure.Tests/Synaxis.Infrastructure.Tests.csproj]
/home/rrj/src/github/rudironsoni/Synaxis/tests/Synaxis.Infrastructure.Tests/Services/TeamServiceIntegrationTests.cs(48,19): error SA1101: Prefix local calls with this (https://github.com/DotNetAnalyzers/StyleCopAnalyzers/blob/master/documentation/SA1101.md) [/home/rrj/src/github/rudironsoni/Synaxis/tests/Synaxis.Infrastructure.Tests/Synaxis.Infrastructure.Tests.csproj]
/home/rrj/src/github/rudironsoni/Synaxis/tests/Synaxis.Infrastructure.Tests/Services/TeamServiceIntegrationTests.cs(50,13): error SA1101: Prefix local calls with this (https://github.com/DotNetAnalyzers/StyleCopAnalyzers/blob/master/documentation/SA1101.md) [/home/rrj/src/github/rudironsoni/Synaxis/tests/Synaxis.Infrastructure.Tests/Synaxis.Infrastructure.Tests.csproj]
/home/rrj/src/github/rudironsoni/Synaxis/tests/Synaxis.Infrastructure.Tests/Services/TeamServiceIntegrationTests.cs(51,13): error SA1101: Prefix local calls with this (https://github.com/DotNetAnalyzers/StyleCopAnalyzers/blob/master/documentation/SA1101.md) [/home/rrj/src/github/rudironsoni/Synaxis/tests/Synaxis.Infrastructure.Tests/Synaxis.Infrastructure.Tests.csproj]
/home/rrj/src/github/rudironsoni/Synaxis/tests/Synaxis.Infrastructure.Tests/Services/TeamServiceIntegrationTests.cs(51,40): error SA1101: Prefix local calls with this (https://github.com/DotNetAnalyzers/StyleCopAnalyzers/blob/master/documentation/SA1101.md) [/home/rrj/src/github/rudironsoni/Synaxis/tests/Synaxis.Infrastructure.Tests/Synaxis.Infrastructure.Tests.csproj]
/home/rrj/src/github/rudironsoni/Synaxis/tests/Synaxis.Infrastructure.Tests/Services/TeamServiceIntegrationTests.cs(51,50): error SA1101: Prefix local calls with this (https://github.com/DotNetAnalyzers/StyleCopAnalyzers/blob/master/documentation/SA1101.md) [/home/rrj/src/github/rudironsoni/Synaxis/tests/Synaxis.Infrastructure.Tests/Synaxis.Infrastructure.Tests.csproj]
/home/rrj/src/github/rudironsoni/Synaxis/tests/Synaxis.Infrastructure.Tests/Services/TeamServiceIntegrationTests.cs(53,13): error SA1101: Prefix local calls with this (https://github.com/DotNetAnalyzers/StyleCopAnalyzers/blob/master/documentation/SA1101.md) [/home/rrj/src/github/rudironsoni/Synaxis/tests/Synaxis.Infrastructure.Tests/Synaxis.Infrastructure.Tests.csproj]
/home/rrj/src/github/rudironsoni/Synaxis/tests/Synaxis.Infrastructure.Tests/Services/TeamServiceIntegrationTests.cs(54,13): error SA1101: Prefix local calls with this (https://github.com/DotNetAnalyzers/StyleCopAnalyzers/blob/master/documentation/SA1101.md) [/home/rrj/src/github/rudironsoni/Synaxis/tests/Synaxis.Infrastructure.Tests/Synaxis.Infrastructure.Tests.csproj]
/home/rrj/src/github/rudironsoni/Synaxis/tests/Synaxis.Infrastructure.Tests/Services/TeamServiceIntegrationTests.cs(58,22): error SA1101: Prefix local calls with this (https://github.com/DotNetAnalyzers/StyleCopAnalyzers/blob/master/documentation/SA1101.md) [/home/rrj/src/github/rudironsoni/Synaxis/tests/Synaxis.Infrastructure.Tests/Synaxis.Infrastructure.Tests.csproj]
/home/rrj/src/github/rudironsoni/Synaxis/tests/Synaxis.Infrastructure.Tests/Services/TeamServiceIntegrationTests.cs(65,13): error SA1101: Prefix local calls with this (https://github.com/DotNetAnalyzers/StyleCopAnalyzers/blob/master/documentation/SA1101.md) [/home/rrj/src/github/rudironsoni/Synaxis/tests/Synaxis.Infrastructure.Tests/Synaxis.Infrastructure.Tests.csproj]
/home/rrj/src/github/rudironsoni/Synaxis/tests/Synaxis.Infrastructure.Tests/Services/TeamServiceIntegrationTests.cs(66,19): error SA1101: Prefix local calls with this (https://github.com/DotNetAnalyzers/StyleCopAnalyzers/blob/master/documentation/SA1101.md) [/home/rrj/src/github/rudironsoni/Synaxis/tests/Synaxis.Infrastructure.Tests/Synaxis.Infrastructure.Tests.csproj]
/home/rrj/src/github/rudironsoni/Synaxis/tests/Synaxis.Infrastructure.Tests/Services/TeamServiceIntegrationTests.cs(147,29): error S6608: Indexing at 0 should be used instead of the "Enumerable" extension method "First" (https://rules.sonarsource.com/csharp/RSPEC-6608) [/home/rrj/src/github/rudironsoni/Synaxis/tests/Synaxis.Infrastructure.Tests/Synaxis.Infrastructure.Tests.csproj]
/home/rrj/src/github/rudironsoni/Synaxis/tests/Synaxis.Infrastructure.Tests/Services/TeamServiceIntegrationTests.cs(151,29): error S6608: Indexing at 0 should be used instead of the "Enumerable" extension method "First" (https://rules.sonarsource.com/csharp/RSPEC-6608) [/home/rrj/src/github/rudironsoni/Synaxis/tests/Synaxis.Infrastructure.Tests/Synaxis.Infrastructure.Tests.csproj]
/home/rrj/src/github/rudironsoni/Synaxis/tests/Synaxis.Infrastructure.Tests/Services/TeamServiceIntegrationTests.cs(132,13): error SA1101: Prefix local calls with this (https://github.com/DotNetAnalyzers/StyleCopAnalyzers/blob/master/documentation/SA1101.md) [/home/rrj/src/github/rudironsoni/Synaxis/tests/Synaxis.Infrastructure.Tests/Synaxis.Infrastructure.Tests.csproj]
/home/rrj/src/github/rudironsoni/Synaxis/tests/Synaxis.Infrastructure.Tests/Services/TeamServiceIntegrationTests.cs(133,19): error SA1101: Prefix local calls with this (https://github.com/DotNetAnalyzers/StyleCopAnalyzers/blob/master/documentation/SA1101.md) [/home/rrj/src/github/rudironsoni/Synaxis/tests/Synaxis.Infrastructure.Tests/Synaxis.Infrastructure.Tests.csproj]
/home/rrj/src/github/rudironsoni/Synaxis/tests/Synaxis.Infrastructure.Tests/Services/TeamServiceIntegrationTests.cs(135,31): error SA1101: Prefix local calls with this (https://github.com/DotNetAnalyzers/StyleCopAnalyzers/blob/master/documentation/SA1101.md) [/home/rrj/src/github/rudironsoni/Synaxis/tests/Synaxis.Infrastructure.Tests/Synaxis.Infrastructure.Tests.csproj]
/home/rrj/src/github/rudironsoni/Synaxis/tests/Synaxis.Infrastructure.Tests/Services/TeamServiceIntegrationTests.cs(137,17): error SA1101: Prefix local calls with this (https://github.com/DotNetAnalyzers/StyleCopAnalyzers/blob/master/documentation/SA1101.md) [/home/rrj/src/github/rudironsoni/Synaxis/tests/Synaxis.Infrastructure.Tests/Synaxis.Infrastructure.Tests.csproj]
/home/rrj/src/github/rudironsoni/Synaxis/tests/Synaxis.Infrastructure.Tests/Services/TeamServiceIntegrationTests.cs(138,17): error SA1101: Prefix local calls with this (https://github.com/DotNetAnalyzers/StyleCopAnalyzers/blob/master/documentation/SA1101.md) [/home/rrj/src/github/rudironsoni/Synaxis/tests/Synaxis.Infrastructure.Tests/Synaxis.Infrastructure.Tests.csproj]
/home/rrj/src/github/rudironsoni/Synaxis/tests/Synaxis.Infrastructure.Tests/Services/TeamServiceIntegrationTests.cs(140,31): error SA1101: Prefix local calls with this (https://github.com/DotNetAnalyzers/StyleCopAnalyzers/blob/master/documentation/SA1101.md) [/home/rrj/src/github/rudironsoni/Synaxis/tests/Synaxis.Infrastructure.Tests/Synaxis.Infrastructure.Tests.csproj]
/home/rrj/src/github/rudironsoni/Synaxis/tests/Synaxis.Infrastructure.Tests/Services/TeamServiceIntegrationTests.cs(143,17): error SA1101: Prefix local calls with this (https://github.com/DotNetAnalyzers/StyleCopAnalyzers/blob/master/documentation/SA1101.md) [/home/rrj/src/github/rudironsoni/Synaxis/tests/Synaxis.Infrastructure.Tests/Synaxis.Infrastructure.Tests.csproj]
/home/rrj/src/github/rudironsoni/Synaxis/tests/Synaxis.Infrastructure.Tests/Services/TeamServiceIntegrationTests.cs(145,35): error SA1101: Prefix local calls with this (https://github.com/DotNetAnalyzers/StyleCopAnalyzers/blob/master/documentation/SA1101.md) [/home/rrj/src/github/rudironsoni/Synaxis/tests/Synaxis.Infrastructure.Tests/Synaxis.Infrastructure.Tests.csproj]
/home/rrj/src/github/rudironsoni/Synaxis/tests/Synaxis.Infrastructure.Tests/Services/TeamServiceIntegrationTests.cs(145,59): error SA1101: Prefix local calls with this (https://github.com/DotNetAnalyzers/StyleCopAnalyzers/blob/master/documentation/SA1101.md) [/home/rrj/src/github/rudironsoni/Synaxis/tests/Synaxis.Infrastructure.Tests/Synaxis.Infrastructure.Tests.csproj]
/home/rrj/src/github/rudironsoni/Synaxis/tests/Synaxis.Infrastructure.Tests/Services/TeamServiceIntegrationTests.cs(149,35): error SA1101: Prefix local calls with this (https://github.com/DotNetAnalyzers/StyleCopAnalyzers/blob/master/documentation/SA1101.md) [/home/rrj/src/github/rudironsoni/Synaxis/tests/Synaxis.Infrastructure.Tests/Synaxis.Infrastructure.Tests.csproj]
/home/rrj/src/github/rudironsoni/Synaxis/tests/Synaxis.Infrastructure.Tests/Services/TeamServiceIntegrationTests.cs(153,39): error SA1101: Prefix local calls with this (https://github.com/DotNetAnalyzers/StyleCopAnalyzers/blob/master/documentation/SA1101.md) [/home/rrj/src/github/rudironsoni/Synaxis/tests/Synaxis.Infrastructure.Tests/Synaxis.Infrastructure.Tests.csproj]
/home/rrj/src/github/rudironsoni/Synaxis/tests/Synaxis.Infrastructure.Tests/Services/TeamServiceIntegrationTests.cs(39,13): error MA0004: Use Task.ConfigureAwait(false) if the current SynchronizationContext is not needed (https://github.com/meziantou/Meziantou.Analyzer/blob/main/docs/Rules/MA0004.md) [/home/rrj/src/github/rudironsoni/Synaxis/tests/Synaxis.Infrastructure.Tests/Synaxis.Infrastructure.Tests.csproj]
/home/rrj/src/github/rudironsoni/Synaxis/tests/Synaxis.Infrastructure.Tests/Services/TeamServiceIntegrationTests.cs(48,13): error MA0004: Use Task.ConfigureAwait(false) if the current SynchronizationContext is not needed (https://github.com/meziantou/Meziantou.Analyzer/blob/main/docs/Rules/MA0004.md) [/home/rrj/src/github/rudironsoni/Synaxis/tests/Synaxis.Infrastructure.Tests/Synaxis.Infrastructure.Tests.csproj]
/home/rrj/src/github/rudironsoni/Synaxis/tests/Synaxis.Infrastructure.Tests/Services/TeamServiceIntegrationTests.cs(66,13): error MA0004: Use Task.ConfigureAwait(false) if the current SynchronizationContext is not needed (https://github.com/meziantou/Meziantou.Analyzer/blob/main/docs/Rules/MA0004.md) [/home/rrj/src/github/rudironsoni/Synaxis/tests/Synaxis.Infrastructure.Tests/Synaxis.Infrastructure.Tests.csproj]
/home/rrj/src/github/rudironsoni/Synaxis/tests/Synaxis.Infrastructure.Tests/Services/TeamServiceTests.cs(461,17): error SA1413: Use trailing comma in multi-line initializers (https://github.com/DotNetAnalyzers/StyleCopAnalyzers/blob/master/documentation/SA1413.md) [/home/rrj/src/github/rudironsoni/Synaxis/tests/Synaxis.Infrastructure.Tests/Synaxis.Infrastructure.Tests.csproj]
/home/rrj/src/github/rudironsoni/Synaxis/tests/Synaxis.Infrastructure.Tests/Services/TeamServiceTests.cs(458,34): error SA1101: Prefix local calls with this (https://github.com/DotNetAnalyzers/StyleCopAnalyzers/blob/master/documentation/SA1101.md) [/home/rrj/src/github/rudironsoni/Synaxis/tests/Synaxis.Infrastructure.Tests/Synaxis.Infrastructure.Tests.csproj]
/home/rrj/src/github/rudironsoni/Synaxis/tests/Synaxis.Infrastructure.Tests/Services/TeamServiceTests.cs(463,13): error SA1101: Prefix local calls with this (https://github.com/DotNetAnalyzers/StyleCopAnalyzers/blob/master/documentation/SA1101.md) [/home/rrj/src/github/rudironsoni/Synaxis/tests/Synaxis.Infrastructure.Tests/Synaxis.Infrastructure.Tests.csproj]
/home/rrj/src/github/rudironsoni/Synaxis/tests/Synaxis.Infrastructure.Tests/Services/TeamServiceTests.cs(464,19): error SA1101: Prefix local calls with this (https://github.com/DotNetAnalyzers/StyleCopAnalyzers/blob/master/documentation/SA1101.md) [/home/rrj/src/github/rudironsoni/Synaxis/tests/Synaxis.Infrastructure.Tests/Synaxis.Infrastructure.Tests.csproj]
/home/rrj/src/github/rudironsoni/Synaxis/tests/Synaxis.Infrastructure.Tests/Services/TeamServiceTests.cs(467,19): error SA1101: Prefix local calls with this (https://github.com/DotNetAnalyzers/StyleCopAnalyzers/blob/master/documentation/SA1101.md) [/home/rrj/src/github/rudironsoni/Synaxis/tests/Synaxis.Infrastructure.Tests/Synaxis.Infrastructure.Tests.csproj]
/home/rrj/src/github/rudironsoni/Synaxis/tests/Synaxis.Infrastructure.Tests/Services/TeamServiceTests.cs(467,53): error SA1101: Prefix local calls with this (https://github.com/DotNetAnalyzers/StyleCopAnalyzers/blob/master/documentation/SA1101.md) [/home/rrj/src/github/rudironsoni/Synaxis/tests/Synaxis.Infrastructure.Tests/Synaxis.Infrastructure.Tests.csproj]
/home/rrj/src/github/rudironsoni/Synaxis/tests/Synaxis.Infrastructure.Tests/Services/TeamServiceTests.cs(470,38): error SA1101: Prefix local calls with this (https://github.com/DotNetAnalyzers/StyleCopAnalyzers/blob/master/documentation/SA1101.md) [/home/rrj/src/github/rudironsoni/Synaxis/tests/Synaxis.Infrastructure.Tests/Synaxis.Infrastructure.Tests.csproj]
/home/rrj/src/github/rudironsoni/Synaxis/tests/Synaxis.Infrastructure.Tests/Services/TeamServiceTests.cs(448,9): error SA1124: Do not use regions (https://github.com/DotNetAnalyzers/StyleCopAnalyzers/blob/master/documentation/SA1124.md) [/home/rrj/src/github/rudironsoni/Synaxis/tests/Synaxis.Infrastructure.Tests/Synaxis.Infrastructure.Tests.csproj]
/home/rrj/src/github/rudironsoni/Synaxis/tests/Synaxis.Infrastructure.Tests/Migrations/TestcontainersMigrationTests.cs(424,13): error IDISP001: Dispose created (https://github.com/DotNetAnalyzers/IDisposableAnalyzers/blob/master/documentation/IDISP001.md) [/home/rrj/src/github/rudironsoni/Synaxis/tests/Synaxis.Infrastructure.Tests/Synaxis.Infrastructure.Tests.csproj]
/home/rrj/src/github/rudironsoni/Synaxis/tests/Synaxis.Infrastructure.Tests/Services/TeamServiceTests.cs(475,9): error AsyncFixer01: Method 'ArchiveTeamAsync_WithNonExistentTeam_ThrowsInvalidOperationException' only awaits a single expression - remove async/await and return the Task directly to reduce overhead (https://github.com/semihokur/AsyncFixer#asyncfixer01) [/home/rrj/src/github/rudironsoni/Synaxis/tests/Synaxis.Infrastructure.Tests/Synaxis.Infrastructure.Tests.csproj]
/home/rrj/src/github/rudironsoni/Synaxis/tests/Synaxis.Infrastructure.Tests/Services/TeamServiceTests.cs(482,48): error SA1101: Prefix local calls with this (https://github.com/DotNetAnalyzers/StyleCopAnalyzers/blob/master/documentation/SA1101.md) [/home/rrj/src/github/rudironsoni/Synaxis/tests/Synaxis.Infrastructure.Tests/Synaxis.Infrastructure.Tests.csproj]
/home/rrj/src/github/rudironsoni/Synaxis/tests/Synaxis.Infrastructure.Tests/Services/TeamServiceTests.cs(482,89): error SA1101: Prefix local calls with this (https://github.com/DotNetAnalyzers/StyleCopAnalyzers/blob/master/documentation/SA1101.md) [/home/rrj/src/github/rudironsoni/Synaxis/tests/Synaxis.Infrastructure.Tests/Synaxis.Infrastructure.Tests.csproj]
/home/rrj/src/github/rudironsoni/Synaxis/tests/Synaxis.Infrastructure.Tests/Services/TeamServiceTests.cs(482,42): error MA0004: Use Task.ConfigureAwait(false) if the current SynchronizationContext is not needed (https://github.com/meziantou/Meziantou.Analyzer/blob/main/docs/Rules/MA0004.md) [/home/rrj/src/github/rudironsoni/Synaxis/tests/Synaxis.Infrastructure.Tests/Synaxis.Infrastructure.Tests.csproj]
/home/rrj/src/github/rudironsoni/Synaxis/tests/Synaxis.Infrastructure.Tests/Migrations/TestcontainersMigrationTests.cs(422,34): error S2325: Make 'TableExistsAsync' a static method. (https://rules.sonarsource.com/csharp/RSPEC-2325) [/home/rrj/src/github/rudironsoni/Synaxis/tests/Synaxis.Infrastructure.Tests/Synaxis.Infrastructure.Tests.csproj]
/home/rrj/src/github/rudironsoni/Synaxis/tests/Synaxis.Infrastructure.Tests/Services/TeamServiceTests.cs(504,17): error SA1413: Use trailing comma in multi-line initializers (https://github.com/DotNetAnalyzers/StyleCopAnalyzers/blob/master/documentation/SA1413.md) [/home/rrj/src/github/rudironsoni/Synaxis/tests/Synaxis.Infrastructure.Tests/Synaxis.Infrastructure.Tests.csproj]
/home/rrj/src/github/rudironsoni/Synaxis/tests/Synaxis.Infrastructure.Tests/Services/TeamServiceTests.cs(501,34): error SA1101: Prefix local calls with this (https://github.com/DotNetAnalyzers/StyleCopAnalyzers/blob/master/documentation/SA1101.md) [/home/rrj/src/github/rudironsoni/Synaxis/tests/Synaxis.Infrastructure.Tests/Synaxis.Infrastructure.Tests.csproj]
/home/rrj/src/github/rudironsoni/Synaxis/tests/Synaxis.Infrastructure.Tests/Services/TeamServiceTests.cs(506,13): error SA1101: Prefix local calls with this (https://github.com/DotNetAnalyzers/StyleCopAnalyzers/blob/master/documentation/SA1101.md) [/home/rrj/src/github/rudironsoni/Synaxis/tests/Synaxis.Infrastructure.Tests/Synaxis.Infrastructure.Tests.csproj]
/home/rrj/src/github/rudironsoni/Synaxis/tests/Synaxis.Infrastructure.Tests/Services/TeamServiceTests.cs(507,19): error SA1101: Prefix local calls with this (https://github.com/DotNetAnalyzers/StyleCopAnalyzers/blob/master/documentation/SA1101.md) [/home/rrj/src/github/rudironsoni/Synaxis/tests/Synaxis.Infrastructure.Tests/Synaxis.Infrastructure.Tests.csproj]
/home/rrj/src/github/rudironsoni/Synaxis/tests/Synaxis.Infrastructure.Tests/Services/TeamServiceTests.cs(510,19): error SA1101: Prefix local calls with this (https://github.com/DotNetAnalyzers/StyleCopAnalyzers/blob/master/documentation/SA1101.md) [/home/rrj/src/github/rudironsoni/Synaxis/tests/Synaxis.Infrastructure.Tests/Synaxis.Infrastructure.Tests.csproj]
/home/rrj/src/github/rudironsoni/Synaxis/tests/Synaxis.Infrastructure.Tests/Services/TeamServiceTests.cs(510,53): error SA1101: Prefix local calls with this (https://github.com/DotNetAnalyzers/StyleCopAnalyzers/blob/master/documentation/SA1101.md) [/home/rrj/src/github/rudironsoni/Synaxis/tests/Synaxis.Infrastructure.Tests/Synaxis.Infrastructure.Tests.csproj]
/home/rrj/src/github/rudironsoni/Synaxis/tests/Synaxis.Infrastructure.Tests/Services/TeamServiceTests.cs(513,38): error SA1101: Prefix local calls with this (https://github.com/DotNetAnalyzers/StyleCopAnalyzers/blob/master/documentation/SA1101.md) [/home/rrj/src/github/rudironsoni/Synaxis/tests/Synaxis.Infrastructure.Tests/Synaxis.Infrastructure.Tests.csproj]
/home/rrj/src/github/rudironsoni/Synaxis/tests/Synaxis.Infrastructure.Tests/Services/TeamServiceTests.cs(491,9): error SA1124: Do not use regions (https://github.com/DotNetAnalyzers/StyleCopAnalyzers/blob/master/documentation/SA1124.md) [/home/rrj/src/github/rudironsoni/Synaxis/tests/Synaxis.Infrastructure.Tests/Synaxis.Infrastructure.Tests.csproj]
/home/rrj/src/github/rudironsoni/Synaxis/tests/Synaxis.Infrastructure.Tests/Services/TeamServiceIntegrationTests.cs(160,19): error SA1101: Prefix local calls with this (https://github.com/DotNetAnalyzers/StyleCopAnalyzers/blob/master/documentation/SA1101.md) [/home/rrj/src/github/rudironsoni/Synaxis/tests/Synaxis.Infrastructure.Tests/Synaxis.Infrastructure.Tests.csproj]
/home/rrj/src/github/rudironsoni/Synaxis/tests/Synaxis.Infrastructure.Tests/Services/TeamServiceIntegrationTests.cs(162,17): error SA1101: Prefix local calls with this (https://github.com/DotNetAnalyzers/StyleCopAnalyzers/blob/master/documentation/SA1101.md) [/home/rrj/src/github/rudironsoni/Synaxis/tests/Synaxis.Infrastructure.Tests/Synaxis.Infrastructure.Tests.csproj]
/home/rrj/src/github/rudironsoni/Synaxis/tests/Synaxis.Infrastructure.Tests/Services/TeamServiceIntegrationTests.cs(163,17): error SA1101: Prefix local calls with this (https://github.com/DotNetAnalyzers/StyleCopAnalyzers/blob/master/documentation/SA1101.md) [/home/rrj/src/github/rudironsoni/Synaxis/tests/Synaxis.Infrastructure.Tests/Synaxis.Infrastructure.Tests.csproj]
/home/rrj/src/github/rudironsoni/Synaxis/tests/Synaxis.Infrastructure.Tests/Services/TeamServiceIntegrationTests.cs(165,41): error SA1101: Prefix local calls with this (https://github.com/DotNetAnalyzers/StyleCopAnalyzers/blob/master/documentation/SA1101.md) [/home/rrj/src/github/rudironsoni/Synaxis/tests/Synaxis.Infrastructure.Tests/Synaxis.Infrastructure.Tests.csproj]
/home/rrj/src/github/rudironsoni/Synaxis/tests/Synaxis.Infrastructure.Tests/Services/TeamServiceIntegrationTests.cs(167,17): error SA1101: Prefix local calls with this (https://github.com/DotNetAnalyzers/StyleCopAnalyzers/blob/master/documentation/SA1101.md) [/home/rrj/src/github/rudironsoni/Synaxis/tests/Synaxis.Infrastructure.Tests/Synaxis.Infrastructure.Tests.csproj]
/home/rrj/src/github/rudironsoni/Synaxis/tests/Synaxis.Infrastructure.Tests/Services/TeamServiceIntegrationTests.cs(168,17): error SA1101: Prefix local calls with this (https://github.com/DotNetAnalyzers/StyleCopAnalyzers/blob/master/documentation/SA1101.md) [/home/rrj/src/github/rudironsoni/Synaxis/tests/Synaxis.Infrastructure.Tests/Synaxis.Infrastructure.Tests.csproj]
/home/rrj/src/github/rudironsoni/Synaxis/tests/Synaxis.Infrastructure.Tests/Migrations/TestcontainersMigrationTests.cs(430,17): error MA0004: Use Task.ConfigureAwait(false) if the current SynchronizationContext is not needed (https://github.com/meziantou/Meziantou.Analyzer/blob/main/docs/Rules/MA0004.md) [/home/rrj/src/github/rudironsoni/Synaxis/tests/Synaxis.Infrastructure.Tests/Synaxis.Infrastructure.Tests.csproj]
/home/rrj/src/github/rudironsoni/Synaxis/tests/Synaxis.Infrastructure.Tests/Migrations/TestcontainersMigrationTests.cs(449,30): error MA0004: Use Task.ConfigureAwait(false) if the current SynchronizationContext is not needed (https://github.com/meziantou/Meziantou.Analyzer/blob/main/docs/Rules/MA0004.md) [/home/rrj/src/github/rudironsoni/Synaxis/tests/Synaxis.Infrastructure.Tests/Synaxis.Infrastructure.Tests.csproj]
/home/rrj/src/github/rudironsoni/Synaxis/tests/Synaxis.Infrastructure.Tests/Migrations/TestcontainersMigrationTests.cs(456,21): error MA0004: Use Task.ConfigureAwait(false) if the current SynchronizationContext is not needed (https://github.com/meziantou/Meziantou.Analyzer/blob/main/docs/Rules/MA0004.md) [/home/rrj/src/github/rudironsoni/Synaxis/tests/Synaxis.Infrastructure.Tests/Synaxis.Infrastructure.Tests.csproj]
/home/rrj/src/github/rudironsoni/Synaxis/tests/Synaxis.Infrastructure.Tests/Services/TeamServiceIntegrationTests.cs(165,35): error MA0004: Use Task.ConfigureAwait(false) if the current SynchronizationContext is not needed (https://github.com/meziantou/Meziantou.Analyzer/blob/main/docs/Rules/MA0004.md) [/home/rrj/src/github/rudironsoni/Synaxis/tests/Synaxis.Infrastructure.Tests/Synaxis.Infrastructure.Tests.csproj]
/home/rrj/src/github/rudironsoni/Synaxis/tests/Synaxis.Infrastructure.Tests/Migrations/TestcontainersMigrationTests.cs(380,33): error SA1101: Prefix local calls with this (https://github.com/DotNetAnalyzers/StyleCopAnalyzers/blob/master/documentation/SA1101.md) [/home/rrj/src/github/rudironsoni/Synaxis/tests/Synaxis.Infrastructure.Tests/Synaxis.Infrastructure.Tests.csproj]
/home/rrj/src/github/rudironsoni/Synaxis/tests/Synaxis.Infrastructure.Tests/Migrations/TestcontainersMigrationTests.cs(389,34): error MA0002: Use an overload that has a IEqualityComparer<string> or IComparer<string> parameter (https://github.com/meziantou/Meziantou.Analyzer/blob/main/docs/Rules/MA0002.md) [/home/rrj/src/github/rudironsoni/Synaxis/tests/Synaxis.Infrastructure.Tests/Synaxis.Infrastructure.Tests.csproj]
/home/rrj/src/github/rudironsoni/Synaxis/tests/Synaxis.Infrastructure.Tests/Services/TeamServiceIntegrationTests.cs(186,13): error SA1101: Prefix local calls with this (https://github.com/DotNetAnalyzers/StyleCopAnalyzers/blob/master/documentation/SA1101.md) [/home/rrj/src/github/rudironsoni/Synaxis/tests/Synaxis.Infrastructure.Tests/Synaxis.Infrastructure.Tests.csproj]
/home/rrj/src/github/rudironsoni/Synaxis/tests/Synaxis.Infrastructure.Tests/Services/TeamServiceIntegrationTests.cs(187,19): error SA1101: Prefix local calls with this (https://github.com/DotNetAnalyzers/StyleCopAnalyzers/blob/master/documentation/SA1101.md) [/home/rrj/src/github/rudironsoni/Synaxis/tests/Synaxis.Infrastructure.Tests/Synaxis.Infrastructure.Tests.csproj]
/home/rrj/src/github/rudironsoni/Synaxis/tests/Synaxis.Infrastructure.Tests/Services/TeamServiceIntegrationTests.cs(189,31): error SA1101: Prefix local calls with this (https://github.com/DotNetAnalyzers/StyleCopAnalyzers/blob/master/documentation/SA1101.md) [/home/rrj/src/github/rudironsoni/Synaxis/tests/Synaxis.Infrastructure.Tests/Synaxis.Infrastructure.Tests.csproj]
/home/rrj/src/github/rudironsoni/Synaxis/tests/Synaxis.Infrastructure.Tests/Services/TeamServiceIntegrationTests.cs(191,17): error SA1101: Prefix local calls with this (https://github.com/DotNetAnalyzers/StyleCopAnalyzers/blob/master/documentation/SA1101.md) [/home/rrj/src/github/rudironsoni/Synaxis/tests/Synaxis.Infrastructure.Tests/Synaxis.Infrastructure.Tests.csproj]
/home/rrj/src/github/rudironsoni/Synaxis/tests/Synaxis.Infrastructure.Tests/Services/TeamServiceIntegrationTests.cs(192,17): error SA1101: Prefix local calls with this (https://github.com/DotNetAnalyzers/StyleCopAnalyzers/blob/master/documentation/SA1101.md) [/home/rrj/src/github/rudironsoni/Synaxis/tests/Synaxis.Infrastructure.Tests/Synaxis.Infrastructure.Tests.csproj]
/home/rrj/src/github/rudironsoni/Synaxis/tests/Synaxis.Infrastructure.Tests/Services/TeamServiceIntegrationTests.cs(194,31): error SA1101: Prefix local calls with this (https://github.com/DotNetAnalyzers/StyleCopAnalyzers/blob/master/documentation/SA1101.md) [/home/rrj/src/github/rudironsoni/Synaxis/tests/Synaxis.Infrastructure.Tests/Synaxis.Infrastructure.Tests.csproj]
/home/rrj/src/github/rudironsoni/Synaxis/tests/Synaxis.Infrastructure.Tests/Services/TeamServiceIntegrationTests.cs(197,17): error SA1101: Prefix local calls with this (https://github.com/DotNetAnalyzers/StyleCopAnalyzers/blob/master/documentation/SA1101.md) [/home/rrj/src/github/rudironsoni/Synaxis/tests/Synaxis.Infrastructure.Tests/Synaxis.Infrastructure.Tests.csproj]
/home/rrj/src/github/rudironsoni/Synaxis/tests/Synaxis.Infrastructure.Tests/Services/TeamServiceTests.cs(518,9): error AsyncFixer01: Method 'RestoreTeamAsync_WithNonExistentTeam_ThrowsInvalidOperationException' only awaits a single expression - remove async/await and return the Task directly to reduce overhead (https://github.com/semihokur/AsyncFixer#asyncfixer01) [/home/rrj/src/github/rudironsoni/Synaxis/tests/Synaxis.Infrastructure.Tests/Synaxis.Infrastructure.Tests.csproj]
/home/rrj/src/github/rudironsoni/Synaxis/tests/Synaxis.Infrastructure.Tests/Services/TeamServiceTests.cs(525,48): error SA1101: Prefix local calls with this (https://github.com/DotNetAnalyzers/StyleCopAnalyzers/blob/master/documentation/SA1101.md) [/home/rrj/src/github/rudironsoni/Synaxis/tests/Synaxis.Infrastructure.Tests/Synaxis.Infrastructure.Tests.csproj]
/home/rrj/src/github/rudironsoni/Synaxis/tests/Synaxis.Infrastructure.Tests/Services/TeamServiceTests.cs(525,89): error SA1101: Prefix local calls with this (https://github.com/DotNetAnalyzers/StyleCopAnalyzers/blob/master/documentation/SA1101.md) [/home/rrj/src/github/rudironsoni/Synaxis/tests/Synaxis.Infrastructure.Tests/Synaxis.Infrastructure.Tests.csproj]
/home/rrj/src/github/rudironsoni/Synaxis/tests/Synaxis.Infrastructure.Tests/Services/TeamServiceTests.cs(543,32): error SA1101: Prefix local calls with this (https://github.com/DotNetAnalyzers/StyleCopAnalyzers/blob/master/documentation/SA1101.md) [/home/rrj/src/github/rudironsoni/Synaxis/tests/Synaxis.Infrastructure.Tests/Synaxis.Infrastructure.Tests.csproj]
/home/rrj/src/github/rudironsoni/Synaxis/tests/Synaxis.Infrastructure.Tests/Services/TeamServiceTests.cs(543,69): error SA1101: Prefix local calls with this (https://github.com/DotNetAnalyzers/StyleCopAnalyzers/blob/master/documentation/SA1101.md) [/home/rrj/src/github/rudironsoni/Synaxis/tests/Synaxis.Infrastructure.Tests/Synaxis.Infrastructure.Tests.csproj]
/home/rrj/src/github/rudironsoni/Synaxis/tests/Synaxis.Infrastructure.Tests/Services/TeamServiceTests.cs(534,9): error SA1124: Do not use regions (https://github.com/DotNetAnalyzers/StyleCopAnalyzers/blob/master/documentation/SA1124.md) [/home/rrj/src/github/rudironsoni/Synaxis/tests/Synaxis.Infrastructure.Tests/Synaxis.Infrastructure.Tests.csproj]
/home/rrj/src/github/rudironsoni/Synaxis/tests/Synaxis.Infrastructure.Tests/Services/TeamServiceTests.cs(525,42): error MA0004: Use Task.ConfigureAwait(false) if the current SynchronizationContext is not needed (https://github.com/meziantou/Meziantou.Analyzer/blob/main/docs/Rules/MA0004.md) [/home/rrj/src/github/rudironsoni/Synaxis/tests/Synaxis.Infrastructure.Tests/Synaxis.Infrastructure.Tests.csproj]
/home/rrj/src/github/rudironsoni/Synaxis/tests/Synaxis.Infrastructure.Tests/Services/TeamServiceIntegrationTests.cs(208,38): error SA1101: Prefix local calls with this (https://github.com/DotNetAnalyzers/StyleCopAnalyzers/blob/master/documentation/SA1101.md) [/home/rrj/src/github/rudironsoni/Synaxis/tests/Synaxis.Infrastructure.Tests/Synaxis.Infrastructure.Tests.csproj]
/home/rrj/src/github/rudironsoni/Synaxis/tests/Synaxis.Infrastructure.Tests/Services/TeamServiceIntegrationTests.cs(208,71): error SA1101: Prefix local calls with this (https://github.com/DotNetAnalyzers/StyleCopAnalyzers/blob/master/documentation/SA1101.md) [/home/rrj/src/github/rudironsoni/Synaxis/tests/Synaxis.Infrastructure.Tests/Synaxis.Infrastructure.Tests.csproj]
/home/rrj/src/github/rudironsoni/Synaxis/tests/Synaxis.Infrastructure.Tests/Services/TeamServiceIntegrationTests.cs(210,19): error SA1101: Prefix local calls with this (https://github.com/DotNetAnalyzers/StyleCopAnalyzers/blob/master/documentation/SA1101.md) [/home/rrj/src/github/rudironsoni/Synaxis/tests/Synaxis.Infrastructure.Tests/Synaxis.Infrastructure.Tests.csproj]
/home/rrj/src/github/rudironsoni/Synaxis/tests/Synaxis.Infrastructure.Tests/Services/TeamServiceIntegrationTests.cs(214,23): error SA1101: Prefix local calls with this (https://github.com/DotNetAnalyzers/StyleCopAnalyzers/blob/master/documentation/SA1101.md) [/home/rrj/src/github/rudironsoni/Synaxis/tests/Synaxis.Infrastructure.Tests/Synaxis.Infrastructure.Tests.csproj]
/home/rrj/src/github/rudironsoni/Synaxis/tests/Synaxis.Infrastructure.Tests/Services/TeamServiceIntegrationTests.cs(220,21): error SA1101: Prefix local calls with this (https://github.com/DotNetAnalyzers/StyleCopAnalyzers/blob/master/documentation/SA1101.md) [/home/rrj/src/github/rudironsoni/Synaxis/tests/Synaxis.Infrastructure.Tests/Synaxis.Infrastructure.Tests.csproj]
/home/rrj/src/github/rudironsoni/Synaxis/tests/Synaxis.Infrastructure.Tests/Services/TeamServiceIntegrationTests.cs(221,21): error SA1101: Prefix local calls with this (https://github.com/DotNetAnalyzers/StyleCopAnalyzers/blob/master/documentation/SA1101.md) [/home/rrj/src/github/rudironsoni/Synaxis/tests/Synaxis.Infrastructure.Tests/Synaxis.Infrastructure.Tests.csproj]
/home/rrj/src/github/rudironsoni/Synaxis/tests/Synaxis.Infrastructure.Tests/Services/TeamServiceIntegrationTests.cs(224,31): error SA1101: Prefix local calls with this (https://github.com/DotNetAnalyzers/StyleCopAnalyzers/blob/master/documentation/SA1101.md) [/home/rrj/src/github/rudironsoni/Synaxis/tests/Synaxis.Infrastructure.Tests/Synaxis.Infrastructure.Tests.csproj]
/home/rrj/src/github/rudironsoni/Synaxis/tests/Synaxis.Infrastructure.Tests/Services/TeamServiceIntegrationTests.cs(224,55): error SA1101: Prefix local calls with this (https://github.com/DotNetAnalyzers/StyleCopAnalyzers/blob/master/documentation/SA1101.md) [/home/rrj/src/github/rudironsoni/Synaxis/tests/Synaxis.Infrastructure.Tests/Synaxis.Infrastructure.Tests.csproj]
/home/rrj/src/github/rudironsoni/Synaxis/tests/Synaxis.Infrastructure.Tests/Services/TeamServiceIntegrationTests.cs(225,31): error SA1101: Prefix local calls with this (https://github.com/DotNetAnalyzers/StyleCopAnalyzers/blob/master/documentation/SA1101.md) [/home/rrj/src/github/rudironsoni/Synaxis/tests/Synaxis.Infrastructure.Tests/Synaxis.Infrastructure.Tests.csproj]
/home/rrj/src/github/rudironsoni/Synaxis/tests/Synaxis.Infrastructure.Tests/Services/TeamServiceIntegrationTests.cs(225,55): error SA1101: Prefix local calls with this (https://github.com/DotNetAnalyzers/StyleCopAnalyzers/blob/master/documentation/SA1101.md) [/home/rrj/src/github/rudironsoni/Synaxis/tests/Synaxis.Infrastructure.Tests/Synaxis.Infrastructure.Tests.csproj]
/home/rrj/src/github/rudironsoni/Synaxis/tests/Synaxis.Infrastructure.Tests/Services/TeamServiceIntegrationTests.cs(226,31): error SA1101: Prefix local calls with this (https://github.com/DotNetAnalyzers/StyleCopAnalyzers/blob/master/documentation/SA1101.md) [/home/rrj/src/github/rudironsoni/Synaxis/tests/Synaxis.Infrastructure.Tests/Synaxis.Infrastructure.Tests.csproj]
/home/rrj/src/github/rudironsoni/Synaxis/tests/Synaxis.Infrastructure.Tests/Services/TeamServiceIntegrationTests.cs(226,55): error SA1101: Prefix local calls with this (https://github.com/DotNetAnalyzers/StyleCopAnalyzers/blob/master/documentation/SA1101.md) [/home/rrj/src/github/rudironsoni/Synaxis/tests/Synaxis.Infrastructure.Tests/Synaxis.Infrastructure.Tests.csproj]
/home/rrj/src/github/rudironsoni/Synaxis/tests/Synaxis.Infrastructure.Tests/Services/TeamServiceTests.cs(560,17): error SA1413: Use trailing comma in multi-line initializers (https://github.com/DotNetAnalyzers/StyleCopAnalyzers/blob/master/documentation/SA1413.md) [/home/rrj/src/github/rudironsoni/Synaxis/tests/Synaxis.Infrastructure.Tests/Synaxis.Infrastructure.Tests.csproj]
/home/rrj/src/github/rudironsoni/Synaxis/tests/Synaxis.Infrastructure.Tests/Services/TeamServiceTests.cs(554,13): error SA1101: Prefix local calls with this (https://github.com/DotNetAnalyzers/StyleCopAnalyzers/blob/master/documentation/SA1101.md) [/home/rrj/src/github/rudironsoni/Synaxis/tests/Synaxis.Infrastructure.Tests/Synaxis.Infrastructure.Tests.csproj]
/home/rrj/src/github/rudironsoni/Synaxis/tests/Synaxis.Infrastructure.Tests/Services/TeamServiceTests.cs(557,34): error SA1101: Prefix local calls with this (https://github.com/DotNetAnalyzers/StyleCopAnalyzers/blob/master/documentation/SA1101.md) [/home/rrj/src/github/rudironsoni/Synaxis/tests/Synaxis.Infrastructure.Tests/Synaxis.Infrastructure.Tests.csproj]
/home/rrj/src/github/rudironsoni/Synaxis/tests/Synaxis.Infrastructure.Tests/Services/TeamServiceTests.cs(562,19): error SA1101: Prefix local calls with this (https://github.com/DotNetAnalyzers/StyleCopAnalyzers/blob/master/documentation/SA1101.md) [/home/rrj/src/github/rudironsoni/Synaxis/tests/Synaxis.Infrastructure.Tests/Synaxis.Infrastructure.Tests.csproj]
/home/rrj/src/github/rudironsoni/Synaxis/tests/Synaxis.Infrastructure.Tests/Services/TeamServiceTests.cs(565,32): error SA1101: Prefix local calls with this (https://github.com/DotNetAnalyzers/StyleCopAnalyzers/blob/master/documentation/SA1101.md) [/home/rrj/src/github/rudironsoni/Synaxis/tests/Synaxis.Infrastructure.Tests/Synaxis.Infrastructure.Tests.csproj]
/home/rrj/src/github/rudironsoni/Synaxis/tests/Synaxis.Infrastructure.Tests/Services/TeamServiceTests.cs(565,69): error SA1101: Prefix local calls with this (https://github.com/DotNetAnalyzers/StyleCopAnalyzers/blob/master/documentation/SA1101.md) [/home/rrj/src/github/rudironsoni/Synaxis/tests/Synaxis.Infrastructure.Tests/Synaxis.Infrastructure.Tests.csproj]
/home/rrj/src/github/rudironsoni/Synaxis/tests/Synaxis.Infrastructure.Tests/Services/TeamServiceIntegrationTests.cs(240,30): error SA1101: Prefix local calls with this (https://github.com/DotNetAnalyzers/StyleCopAnalyzers/blob/master/documentation/SA1101.md) [/home/rrj/src/github/rudironsoni/Synaxis/tests/Synaxis.Infrastructure.Tests/Synaxis.Infrastructure.Tests.csproj]
/home/rrj/src/github/rudironsoni/Synaxis/tests/Synaxis.Infrastructure.Tests/Services/TeamServiceIntegrationTests.cs(242,17): error SA1101: Prefix local calls with this (https://github.com/DotNetAnalyzers/StyleCopAnalyzers/blob/master/documentation/SA1101.md) [/home/rrj/src/github/rudironsoni/Synaxis/tests/Synaxis.Infrastructure.Tests/Synaxis.Infrastructure.Tests.csproj]
/home/rrj/src/github/rudironsoni/Synaxis/tests/Synaxis.Infrastructure.Tests/Services/TeamServiceIntegrationTests.cs(243,17): error SA1101: Prefix local calls with this (https://github.com/DotNetAnalyzers/StyleCopAnalyzers/blob/master/documentation/SA1101.md) [/home/rrj/src/github/rudironsoni/Synaxis/tests/Synaxis.Infrastructure.Tests/Synaxis.Infrastructure.Tests.csproj]
/home/rrj/src/github/rudironsoni/Synaxis/tests/Synaxis.Infrastructure.Tests/Services/TeamServiceIntegrationTests.cs(246,19): error SA1101: Prefix local calls with this (https://github.com/DotNetAnalyzers/StyleCopAnalyzers/blob/master/documentation/SA1101.md) [/home/rrj/src/github/rudironsoni/Synaxis/tests/Synaxis.Infrastructure.Tests/Synaxis.Infrastructure.Tests.csproj]
/home/rrj/src/github/rudironsoni/Synaxis/tests/Synaxis.Infrastructure.Tests/Services/TeamServiceIntegrationTests.cs(257,38): error SA1101: Prefix local calls with this (https://github.com/DotNetAnalyzers/StyleCopAnalyzers/blob/master/documentation/SA1101.md) [/home/rrj/src/github/rudironsoni/Synaxis/tests/Synaxis.Infrastructure.Tests/Synaxis.Infrastructure.Tests.csproj]
/home/rrj/src/github/rudironsoni/Synaxis/tests/Synaxis.Infrastructure.Tests/Services/TeamServiceIntegrationTests.cs(257,71): error SA1101: Prefix local calls with this (https://github.com/DotNetAnalyzers/StyleCopAnalyzers/blob/master/documentation/SA1101.md) [/home/rrj/src/github/rudironsoni/Synaxis/tests/Synaxis.Infrastructure.Tests/Synaxis.Infrastructure.Tests.csproj]
/home/rrj/src/github/rudironsoni/Synaxis/tests/Synaxis.Infrastructure.Tests/Services/TeamServiceIntegrationTests.cs(259,19): error SA1101: Prefix local calls with this (https://github.com/DotNetAnalyzers/StyleCopAnalyzers/blob/master/documentation/SA1101.md) [/home/rrj/src/github/rudironsoni/Synaxis/tests/Synaxis.Infrastructure.Tests/Synaxis.Infrastructure.Tests.csproj]
/home/rrj/src/github/rudironsoni/Synaxis/tests/Synaxis.Infrastructure.Tests/Services/TeamServiceIntegrationTests.cs(261,19): error SA1101: Prefix local calls with this (https://github.com/DotNetAnalyzers/StyleCopAnalyzers/blob/master/documentation/SA1101.md) [/home/rrj/src/github/rudironsoni/Synaxis/tests/Synaxis.Infrastructure.Tests/Synaxis.Infrastructure.Tests.csproj]
/home/rrj/src/github/rudironsoni/Synaxis/tests/Synaxis.Infrastructure.Tests/Services/TeamServiceIntegrationTests.cs(263,17): error SA1101: Prefix local calls with this (https://github.com/DotNetAnalyzers/StyleCopAnalyzers/blob/master/documentation/SA1101.md) [/home/rrj/src/github/rudironsoni/Synaxis/tests/Synaxis.Infrastructure.Tests/Synaxis.Infrastructure.Tests.csproj]
/home/rrj/src/github/rudironsoni/Synaxis/tests/Synaxis.Infrastructure.Tests/Services/TeamServiceIntegrationTests.cs(264,17): error SA1101: Prefix local calls with this (https://github.com/DotNetAnalyzers/StyleCopAnalyzers/blob/master/documentation/SA1101.md) [/home/rrj/src/github/rudironsoni/Synaxis/tests/Synaxis.Infrastructure.Tests/Synaxis.Infrastructure.Tests.csproj]
/home/rrj/src/github/rudironsoni/Synaxis/tests/Synaxis.Infrastructure.Tests/Services/TeamServiceIntegrationTests.cs(266,19): error SA1101: Prefix local calls with this (https://github.com/DotNetAnalyzers/StyleCopAnalyzers/blob/master/documentation/SA1101.md) [/home/rrj/src/github/rudironsoni/Synaxis/tests/Synaxis.Infrastructure.Tests/Synaxis.Infrastructure.Tests.csproj]
/home/rrj/src/github/rudironsoni/Synaxis/tests/Synaxis.Infrastructure.Tests/Services/TeamServiceIntegrationTests.cs(268,17): error SA1101: Prefix local calls with this (https://github.com/DotNetAnalyzers/StyleCopAnalyzers/blob/master/documentation/SA1101.md) [/home/rrj/src/github/rudironsoni/Synaxis/tests/Synaxis.Infrastructure.Tests/Synaxis.Infrastructure.Tests.csproj]
/home/rrj/src/github/rudironsoni/Synaxis/tests/Synaxis.Infrastructure.Tests/Services/TeamServiceIntegrationTests.cs(269,17): error SA1101: Prefix local calls with this (https://github.com/DotNetAnalyzers/StyleCopAnalyzers/blob/master/documentation/SA1101.md) [/home/rrj/src/github/rudironsoni/Synaxis/tests/Synaxis.Infrastructure.Tests/Synaxis.Infrastructure.Tests.csproj]
/home/rrj/src/github/rudironsoni/Synaxis/tests/Synaxis.Infrastructure.Tests/Services/TeamServiceIntegrationTests.cs(271,41): error SA1101: Prefix local calls with this (https://github.com/DotNetAnalyzers/StyleCopAnalyzers/blob/master/documentation/SA1101.md) [/home/rrj/src/github/rudironsoni/Synaxis/tests/Synaxis.Infrastructure.Tests/Synaxis.Infrastructure.Tests.csproj]
/home/rrj/src/github/rudironsoni/Synaxis/tests/Synaxis.Infrastructure.Tests/Services/TeamServiceIntegrationTests.cs(273,17): error SA1101: Prefix local calls with this (https://github.com/DotNetAnalyzers/StyleCopAnalyzers/blob/master/documentation/SA1101.md) [/home/rrj/src/github/rudironsoni/Synaxis/tests/Synaxis.Infrastructure.Tests/Synaxis.Infrastructure.Tests.csproj]
/home/rrj/src/github/rudironsoni/Synaxis/tests/Synaxis.Infrastructure.Tests/Services/TeamServiceIntegrationTests.cs(274,17): error SA1101: Prefix local calls with this (https://github.com/DotNetAnalyzers/StyleCopAnalyzers/blob/master/documentation/SA1101.md) [/home/rrj/src/github/rudironsoni/Synaxis/tests/Synaxis.Infrastructure.Tests/Synaxis.Infrastructure.Tests.csproj]
/home/rrj/src/github/rudironsoni/Synaxis/tests/Synaxis.Infrastructure.Tests/Services/TeamServiceIntegrationTests.cs(247,19): error SA1101: Prefix local calls with this (https://github.com/DotNetAnalyzers/StyleCopAnalyzers/blob/master/documentation/SA1101.md) [/home/rrj/src/github/rudironsoni/Synaxis/tests/Synaxis.Infrastructure.Tests/Synaxis.Infrastructure.Tests.csproj]
/home/rrj/src/github/rudironsoni/Synaxis/tests/Synaxis.Infrastructure.Tests/Services/TeamServiceIntegrationTests.cs(249,35): error SA1101: Prefix local calls with this (https://github.com/DotNetAnalyzers/StyleCopAnalyzers/blob/master/documentation/SA1101.md) [/home/rrj/src/github/rudironsoni/Synaxis/tests/Synaxis.Infrastructure.Tests/Synaxis.Infrastructure.Tests.csproj]
/home/rrj/src/github/rudironsoni/Synaxis/tests/Synaxis.Infrastructure.Tests/Services/TeamServiceIntegrationTests.cs(249,66): error SA1101: Prefix local calls with this (https://github.com/DotNetAnalyzers/StyleCopAnalyzers/blob/master/documentation/SA1101.md) [/home/rrj/src/github/rudironsoni/Synaxis/tests/Synaxis.Infrastructure.Tests/Synaxis.Infrastructure.Tests.csproj]
/home/rrj/src/github/rudironsoni/Synaxis/tests/Synaxis.Infrastructure.Tests/Services/TeamServiceIntegrationTests.cs(271,35): error MA0004: Use Task.ConfigureAwait(false) if the current SynchronizationContext is not needed (https://github.com/meziantou/Meziantou.Analyzer/blob/main/docs/Rules/MA0004.md) [/home/rrj/src/github/rudironsoni/Synaxis/tests/Synaxis.Infrastructure.Tests/Synaxis.Infrastructure.Tests.csproj]
/home/rrj/src/github/rudironsoni/Synaxis/tests/Synaxis.Infrastructure.Tests/Services/TeamServiceIntegrationTests.cs(283,30): error SA1101: Prefix local calls with this (https://github.com/DotNetAnalyzers/StyleCopAnalyzers/blob/master/documentation/SA1101.md) [/home/rrj/src/github/rudironsoni/Synaxis/tests/Synaxis.Infrastructure.Tests/Synaxis.Infrastructure.Tests.csproj]
/home/rrj/src/github/rudironsoni/Synaxis/tests/Synaxis.Infrastructure.Tests/Services/TeamServiceIntegrationTests.cs(285,17): error SA1101: Prefix local calls with this (https://github.com/DotNetAnalyzers/StyleCopAnalyzers/blob/master/documentation/SA1101.md) [/home/rrj/src/github/rudironsoni/Synaxis/tests/Synaxis.Infrastructure.Tests/Synaxis.Infrastructure.Tests.csproj]
/home/rrj/src/github/rudironsoni/Synaxis/tests/Synaxis.Infrastructure.Tests/Services/TeamServiceIntegrationTests.cs(286,17): error SA1101: Prefix local calls with this (https://github.com/DotNetAnalyzers/StyleCopAnalyzers/blob/master/documentation/SA1101.md) [/home/rrj/src/github/rudironsoni/Synaxis/tests/Synaxis.Infrastructure.Tests/Synaxis.Infrastructure.Tests.csproj]
/home/rrj/src/github/rudironsoni/Synaxis/tests/Synaxis.Infrastructure.Tests/Services/TeamServiceIntegrationTests.cs(288,19): error SA1101: Prefix local calls with this (https://github.com/DotNetAnalyzers/StyleCopAnalyzers/blob/master/documentation/SA1101.md) [/home/rrj/src/github/rudironsoni/Synaxis/tests/Synaxis.Infrastructure.Tests/Synaxis.Infrastructure.Tests.csproj]
/home/rrj/src/github/rudironsoni/Synaxis/tests/Synaxis.Infrastructure.Tests/Services/TeamServiceIntegrationTests.cs(288,53): error SA1101: Prefix local calls with this (https://github.com/DotNetAnalyzers/StyleCopAnalyzers/blob/master/documentation/SA1101.md) [/home/rrj/src/github/rudironsoni/Synaxis/tests/Synaxis.Infrastructure.Tests/Synaxis.Infrastructure.Tests.csproj]
/home/rrj/src/github/rudironsoni/Synaxis/tests/Synaxis.Infrastructure.Tests/Services/TeamServiceIntegrationTests.cs(290,34): error SA1101: Prefix local calls with this (https://github.com/DotNetAnalyzers/StyleCopAnalyzers/blob/master/documentation/SA1101.md) [/home/rrj/src/github/rudironsoni/Synaxis/tests/Synaxis.Infrastructure.Tests/Synaxis.Infrastructure.Tests.csproj]
/home/rrj/src/github/rudironsoni/Synaxis/tests/Synaxis.Infrastructure.Tests/Services/TeamServiceIntegrationTests.cs(294,39): error SA1101: Prefix local calls with this (https://github.com/DotNetAnalyzers/StyleCopAnalyzers/blob/master/documentation/SA1101.md) [/home/rrj/src/github/rudironsoni/Synaxis/tests/Synaxis.Infrastructure.Tests/Synaxis.Infrastructure.Tests.csproj]
/home/rrj/src/github/rudironsoni/Synaxis/tests/Synaxis.Infrastructure.Tests/Services/TeamServiceIntegrationTests.cs(294,70): error SA1101: Prefix local calls with this (https://github.com/DotNetAnalyzers/StyleCopAnalyzers/blob/master/documentation/SA1101.md) [/home/rrj/src/github/rudironsoni/Synaxis/tests/Synaxis.Infrastructure.Tests/Synaxis.Infrastructure.Tests.csproj]
/home/rrj/src/github/rudironsoni/Synaxis/tests/Synaxis.Infrastructure.Tests/Services/TeamServiceIntegrationTests.cs(319,9): error AsyncFixer01: Method 'DatabaseConstraints_EnforcedCorrectly' only awaits a single expression - remove async/await and return the Task directly to reduce overhead (https://github.com/semihokur/AsyncFixer#asyncfixer01) [/home/rrj/src/github/rudironsoni/Synaxis/tests/Synaxis.Infrastructure.Tests/Synaxis.Infrastructure.Tests.csproj]
/home/rrj/src/github/rudironsoni/Synaxis/tests/Synaxis.Infrastructure.Tests/Services/TeamServiceIntegrationTests.cs(325,34): error SA1101: Prefix local calls with this (https://github.com/DotNetAnalyzers/StyleCopAnalyzers/blob/master/documentation/SA1101.md) [/home/rrj/src/github/rudironsoni/Synaxis/tests/Synaxis.Infrastructure.Tests/Synaxis.Infrastructure.Tests.csproj]
/home/rrj/src/github/rudironsoni/Synaxis/tests/Synaxis.Infrastructure.Tests/Services/TeamServiceIntegrationTests.cs(331,13): error SA1101: Prefix local calls with this (https://github.com/DotNetAnalyzers/StyleCopAnalyzers/blob/master/documentation/SA1101.md) [/home/rrj/src/github/rudironsoni/Synaxis/tests/Synaxis.Infrastructure.Tests/Synaxis.Infrastructure.Tests.csproj]
/home/rrj/src/github/rudironsoni/Synaxis/tests/Synaxis.Infrastructure.Tests/Services/TeamServiceIntegrationTests.cs(333,41): error SA1101: Prefix local calls with this (https://github.com/DotNetAnalyzers/StyleCopAnalyzers/blob/master/documentation/SA1101.md) [/home/rrj/src/github/rudironsoni/Synaxis/tests/Synaxis.Infrastructure.Tests/Synaxis.Infrastructure.Tests.csproj]
/home/rrj/src/github/rudironsoni/Synaxis/tests/Synaxis.Infrastructure.Tests/Services/TeamServiceIntegrationTests.cs(333,35): error MA0004: Use Task.ConfigureAwait(false) if the current SynchronizationContext is not needed (https://github.com/meziantou/Meziantou.Analyzer/blob/main/docs/Rules/MA0004.md) [/home/rrj/src/github/rudironsoni/Synaxis/tests/Synaxis.Infrastructure.Tests/Synaxis.Infrastructure.Tests.csproj]
/home/rrj/src/github/rudironsoni/Synaxis/tests/Synaxis.Infrastructure.Tests/Services/TeamServiceIntegrationTests.cs(316,25): error S6608: Indexing at 0 should be used instead of the "Enumerable" extension method "First" (https://rules.sonarsource.com/csharp/RSPEC-6608) [/home/rrj/src/github/rudironsoni/Synaxis/tests/Synaxis.Infrastructure.Tests/Synaxis.Infrastructure.Tests.csproj]
/home/rrj/src/github/rudironsoni/Synaxis/tests/Synaxis.Infrastructure.Tests/Services/TeamServiceIntegrationTests.cs(301,31): error SA1101: Prefix local calls with this (https://github.com/DotNetAnalyzers/StyleCopAnalyzers/blob/master/documentation/SA1101.md) [/home/rrj/src/github/rudironsoni/Synaxis/tests/Synaxis.Infrastructure.Tests/Synaxis.Infrastructure.Tests.csproj]
/home/rrj/src/github/rudironsoni/Synaxis/tests/Synaxis.Infrastructure.Tests/Services/TeamServiceIntegrationTests.cs(303,17): error SA1101: Prefix local calls with this (https://github.com/DotNetAnalyzers/StyleCopAnalyzers/blob/master/documentation/SA1101.md) [/home/rrj/src/github/rudironsoni/Synaxis/tests/Synaxis.Infrastructure.Tests/Synaxis.Infrastructure.Tests.csproj]
/home/rrj/src/github/rudironsoni/Synaxis/tests/Synaxis.Infrastructure.Tests/Services/TeamServiceIntegrationTests.cs(304,17): error SA1101: Prefix local calls with this (https://github.com/DotNetAnalyzers/StyleCopAnalyzers/blob/master/documentation/SA1101.md) [/home/rrj/src/github/rudironsoni/Synaxis/tests/Synaxis.Infrastructure.Tests/Synaxis.Infrastructure.Tests.csproj]
/home/rrj/src/github/rudironsoni/Synaxis/tests/Synaxis.Infrastructure.Tests/Services/TeamServiceIntegrationTests.cs(306,31): error SA1101: Prefix local calls with this (https://github.com/DotNetAnalyzers/StyleCopAnalyzers/blob/master/documentation/SA1101.md) [/home/rrj/src/github/rudironsoni/Synaxis/tests/Synaxis.Infrastructure.Tests/Synaxis.Infrastructure.Tests.csproj]
/home/rrj/src/github/rudironsoni/Synaxis/tests/Synaxis.Infrastructure.Tests/Services/TeamServiceIntegrationTests.cs(308,17): error SA1101: Prefix local calls with this (https://github.com/DotNetAnalyzers/StyleCopAnalyzers/blob/master/documentation/SA1101.md) [/home/rrj/src/github/rudironsoni/Synaxis/tests/Synaxis.Infrastructure.Tests/Synaxis.Infrastructure.Tests.csproj]
/home/rrj/src/github/rudironsoni/Synaxis/tests/Synaxis.Infrastructure.Tests/Services/TeamServiceIntegrationTests.cs(309,17): error SA1101: Prefix local calls with this (https://github.com/DotNetAnalyzers/StyleCopAnalyzers/blob/master/documentation/SA1101.md) [/home/rrj/src/github/rudironsoni/Synaxis/tests/Synaxis.Infrastructure.Tests/Synaxis.Infrastructure.Tests.csproj]
/home/rrj/src/github/rudironsoni/Synaxis/tests/Synaxis.Infrastructure.Tests/Services/TeamServiceIntegrationTests.cs(311,19): error SA1101: Prefix local calls with this (https://github.com/DotNetAnalyzers/StyleCopAnalyzers/blob/master/documentation/SA1101.md) [/home/rrj/src/github/rudironsoni/Synaxis/tests/Synaxis.Infrastructure.Tests/Synaxis.Infrastructure.Tests.csproj]
/home/rrj/src/github/rudironsoni/Synaxis/tests/Synaxis.Infrastructure.Tests/Services/TeamServiceIntegrationTests.cs(311,54): error SA1101: Prefix local calls with this (https://github.com/DotNetAnalyzers/StyleCopAnalyzers/blob/master/documentation/SA1101.md) [/home/rrj/src/github/rudironsoni/Synaxis/tests/Synaxis.Infrastructure.Tests/Synaxis.Infrastructure.Tests.csproj]
/home/rrj/src/github/rudironsoni/Synaxis/tests/Synaxis.Infrastructure.Tests/Services/TeamServiceIntegrationTests.cs(313,31): error SA1101: Prefix local calls with this (https://github.com/DotNetAnalyzers/StyleCopAnalyzers/blob/master/documentation/SA1101.md) [/home/rrj/src/github/rudironsoni/Synaxis/tests/Synaxis.Infrastructure.Tests/Synaxis.Infrastructure.Tests.csproj]
/home/rrj/src/github/rudironsoni/Synaxis/tests/Synaxis.Infrastructure.Tests/Services/TeamServiceIntegrationTests.cs(313,55): error SA1101: Prefix local calls with this (https://github.com/DotNetAnalyzers/StyleCopAnalyzers/blob/master/documentation/SA1101.md) [/home/rrj/src/github/rudironsoni/Synaxis/tests/Synaxis.Infrastructure.Tests/Synaxis.Infrastructure.Tests.csproj]
/home/rrj/src/github/rudironsoni/Synaxis/tests/Synaxis.Infrastructure.Tests/Services/TeamServiceIntegrationTests.cs(341,30): error SA1101: Prefix local calls with this (https://github.com/DotNetAnalyzers/StyleCopAnalyzers/blob/master/documentation/SA1101.md) [/home/rrj/src/github/rudironsoni/Synaxis/tests/Synaxis.Infrastructure.Tests/Synaxis.Infrastructure.Tests.csproj]
/home/rrj/src/github/rudironsoni/Synaxis/tests/Synaxis.Infrastructure.Tests/Services/TeamServiceIntegrationTests.cs(343,17): error SA1101: Prefix local calls with this (https://github.com/DotNetAnalyzers/StyleCopAnalyzers/blob/master/documentation/SA1101.md) [/home/rrj/src/github/rudironsoni/Synaxis/tests/Synaxis.Infrastructure.Tests/Synaxis.Infrastructure.Tests.csproj]
/home/rrj/src/github/rudironsoni/Synaxis/tests/Synaxis.Infrastructure.Tests/Services/TeamServiceIntegrationTests.cs(344,17): error SA1101: Prefix local calls with this (https://github.com/DotNetAnalyzers/StyleCopAnalyzers/blob/master/documentation/SA1101.md) [/home/rrj/src/github/rudironsoni/Synaxis/tests/Synaxis.Infrastructure.Tests/Synaxis.Infrastructure.Tests.csproj]
/home/rrj/src/github/rudironsoni/Synaxis/tests/Synaxis.Infrastructure.Tests/Services/TeamServiceIntegrationTests.cs(349,19): error SA1101: Prefix local calls with this (https://github.com/DotNetAnalyzers/StyleCopAnalyzers/blob/master/documentation/SA1101.md) [/home/rrj/src/github/rudironsoni/Synaxis/tests/Synaxis.Infrastructure.Tests/Synaxis.Infrastructure.Tests.csproj]
/home/rrj/src/github/rudironsoni/Synaxis/tests/Synaxis.Infrastructure.Tests/Services/TeamServiceIntegrationTests.cs(349,68): error SA1101: Prefix local calls with this (https://github.com/DotNetAnalyzers/StyleCopAnalyzers/blob/master/documentation/SA1101.md) [/home/rrj/src/github/rudironsoni/Synaxis/tests/Synaxis.Infrastructure.Tests/Synaxis.Infrastructure.Tests.csproj]
/home/rrj/src/github/rudironsoni/Synaxis/tests/Synaxis.Infrastructure.Tests/Services/TeamServiceIntegrationTests.cs(351,13): error SA1101: Prefix local calls with this (https://github.com/DotNetAnalyzers/StyleCopAnalyzers/blob/master/documentation/SA1101.md) [/home/rrj/src/github/rudironsoni/Synaxis/tests/Synaxis.Infrastructure.Tests/Synaxis.Infrastructure.Tests.csproj]
/home/rrj/src/github/rudironsoni/Synaxis/tests/Synaxis.Infrastructure.Tests/Services/TeamServiceIntegrationTests.cs(352,68): error SA1101: Prefix local calls with this (https://github.com/DotNetAnalyzers/StyleCopAnalyzers/blob/master/documentation/SA1101.md) [/home/rrj/src/github/rudironsoni/Synaxis/tests/Synaxis.Infrastructure.Tests/Synaxis.Infrastructure.Tests.csproj]
/home/rrj/src/github/rudironsoni/Synaxis/tests/Synaxis.Infrastructure.Tests/Services/TeamServiceTests.cs(607,17): error SA1413: Use trailing comma in multi-line initializers (https://github.com/DotNetAnalyzers/StyleCopAnalyzers/blob/master/documentation/SA1413.md) [/home/rrj/src/github/rudironsoni/Synaxis/tests/Synaxis.Infrastructure.Tests/Synaxis.Infrastructure.Tests.csproj]
/home/rrj/src/github/rudironsoni/Synaxis/tests/Synaxis.Infrastructure.Tests/Services/TeamServiceTests.cs(615,17): error SA1413: Use trailing comma in multi-line initializers (https://github.com/DotNetAnalyzers/StyleCopAnalyzers/blob/master/documentation/SA1413.md) [/home/rrj/src/github/rudironsoni/Synaxis/tests/Synaxis.Infrastructure.Tests/Synaxis.Infrastructure.Tests.csproj]
/home/rrj/src/github/rudironsoni/Synaxis/tests/Synaxis.Infrastructure.Tests/Services/TeamServiceTests.cs(600,13): error SA1101: Prefix local calls with this (https://github.com/DotNetAnalyzers/StyleCopAnalyzers/blob/master/documentation/SA1101.md) [/home/rrj/src/github/rudironsoni/Synaxis/tests/Synaxis.Infrastructure.Tests/Synaxis.Infrastructure.Tests.csproj]
/home/rrj/src/github/rudironsoni/Synaxis/tests/Synaxis.Infrastructure.Tests/Services/TeamServiceTests.cs(609,13): error SA1101: Prefix local calls with this (https://github.com/DotNetAnalyzers/StyleCopAnalyzers/blob/master/documentation/SA1101.md) [/home/rrj/src/github/rudironsoni/Synaxis/tests/Synaxis.Infrastructure.Tests/Synaxis.Infrastructure.Tests.csproj]
/home/rrj/src/github/rudironsoni/Synaxis/tests/Synaxis.Infrastructure.Tests/Services/TeamServiceTests.cs(617,19): error SA1101: Prefix local calls with this (https://github.com/DotNetAnalyzers/StyleCopAnalyzers/blob/master/documentation/SA1101.md) [/home/rrj/src/github/rudironsoni/Synaxis/tests/Synaxis.Infrastructure.Tests/Synaxis.Infrastructure.Tests.csproj]
/home/rrj/src/github/rudironsoni/Synaxis/tests/Synaxis.Infrastructure.Tests/Services/TeamServiceTests.cs(620,32): error SA1101: Prefix local calls with this (https://github.com/DotNetAnalyzers/StyleCopAnalyzers/blob/master/documentation/SA1101.md) [/home/rrj/src/github/rudironsoni/Synaxis/tests/Synaxis.Infrastructure.Tests/Synaxis.Infrastructure.Tests.csproj]
/home/rrj/src/github/rudironsoni/Synaxis/tests/Synaxis.Infrastructure.Tests/Services/TeamServiceTests.cs(620,69): error SA1101: Prefix local calls with this (https://github.com/DotNetAnalyzers/StyleCopAnalyzers/blob/master/documentation/SA1101.md) [/home/rrj/src/github/rudironsoni/Synaxis/tests/Synaxis.Infrastructure.Tests/Synaxis.Infrastructure.Tests.csproj]
/home/rrj/src/github/rudironsoni/Synaxis/tests/Synaxis.Infrastructure.Tests/Services/TeamServiceTests.cs(712,17): error SA1413: Use trailing comma in multi-line initializers (https://github.com/DotNetAnalyzers/StyleCopAnalyzers/blob/master/documentation/SA1413.md) [/home/rrj/src/github/rudironsoni/Synaxis/tests/Synaxis.Infrastructure.Tests/Synaxis.Infrastructure.Tests.csproj]
/home/rrj/src/github/rudironsoni/Synaxis/tests/Synaxis.Infrastructure.Tests/Services/TeamServiceTests.cs(709,34): error SA1101: Prefix local calls with this (https://github.com/DotNetAnalyzers/StyleCopAnalyzers/blob/master/documentation/SA1101.md) [/home/rrj/src/github/rudironsoni/Synaxis/tests/Synaxis.Infrastructure.Tests/Synaxis.Infrastructure.Tests.csproj]
/home/rrj/src/github/rudironsoni/Synaxis/tests/Synaxis.Infrastructure.Tests/Services/TeamServiceTests.cs(714,13): error SA1101: Prefix local calls with this (https://github.com/DotNetAnalyzers/StyleCopAnalyzers/blob/master/documentation/SA1101.md) [/home/rrj/src/github/rudironsoni/Synaxis/tests/Synaxis.Infrastructure.Tests/Synaxis.Infrastructure.Tests.csproj]
/home/rrj/src/github/rudironsoni/Synaxis/tests/Synaxis.Infrastructure.Tests/Services/TeamServiceTests.cs(715,19): error SA1101: Prefix local calls with this (https://github.com/DotNetAnalyzers/StyleCopAnalyzers/blob/master/documentation/SA1101.md) [/home/rrj/src/github/rudironsoni/Synaxis/tests/Synaxis.Infrastructure.Tests/Synaxis.Infrastructure.Tests.csproj]
/home/rrj/src/github/rudironsoni/Synaxis/tests/Synaxis.Infrastructure.Tests/Services/TeamServiceTests.cs(718,32): error SA1101: Prefix local calls with this (https://github.com/DotNetAnalyzers/StyleCopAnalyzers/blob/master/documentation/SA1101.md) [/home/rrj/src/github/rudironsoni/Synaxis/tests/Synaxis.Infrastructure.Tests/Synaxis.Infrastructure.Tests.csproj]
/home/rrj/src/github/rudironsoni/Synaxis/tests/Synaxis.Infrastructure.Tests/Services/TeamServiceTests.cs(718,67): error SA1101: Prefix local calls with this (https://github.com/DotNetAnalyzers/StyleCopAnalyzers/blob/master/documentation/SA1101.md) [/home/rrj/src/github/rudironsoni/Synaxis/tests/Synaxis.Infrastructure.Tests/Synaxis.Infrastructure.Tests.csproj]
/home/rrj/src/github/rudironsoni/Synaxis/tests/Synaxis.Infrastructure.Tests/Services/TeamServiceTests.cs(631,27): error MA0051: Method is too long (67 lines; maximum allowed: 60) (https://github.com/meziantou/Meziantou.Analyzer/blob/main/docs/Rules/MA0051.md) [/home/rrj/src/github/rudironsoni/Synaxis/tests/Synaxis.Infrastructure.Tests/Synaxis.Infrastructure.Tests.csproj]
/home/rrj/src/github/rudironsoni/Synaxis/tests/Synaxis.Infrastructure.Tests/Services/TeamServiceTests.cs(642,17): error SA1413: Use trailing comma in multi-line initializers (https://github.com/DotNetAnalyzers/StyleCopAnalyzers/blob/master/documentation/SA1413.md) [/home/rrj/src/github/rudironsoni/Synaxis/tests/Synaxis.Infrastructure.Tests/Synaxis.Infrastructure.Tests.csproj]
/home/rrj/src/github/rudironsoni/Synaxis/tests/Synaxis.Infrastructure.Tests/Services/TeamServiceTests.cs(658,21): error SA1413: Use trailing comma in multi-line initializers (https://github.com/DotNetAnalyzers/StyleCopAnalyzers/blob/master/documentation/SA1413.md) [/home/rrj/src/github/rudironsoni/Synaxis/tests/Synaxis.Infrastructure.Tests/Synaxis.Infrastructure.Tests.csproj]
/home/rrj/src/github/rudironsoni/Synaxis/tests/Synaxis.Infrastructure.Tests/Services/TeamServiceTests.cs(667,21): error SA1413: Use trailing comma in multi-line initializers (https://github.com/DotNetAnalyzers/StyleCopAnalyzers/blob/master/documentation/SA1413.md) [/home/rrj/src/github/rudironsoni/Synaxis/tests/Synaxis.Infrastructure.Tests/Synaxis.Infrastructure.Tests.csproj]
/home/rrj/src/github/rudironsoni/Synaxis/tests/Synaxis.Infrastructure.Tests/Services/TeamServiceTests.cs(684,21): error SA1413: Use trailing comma in multi-line initializers (https://github.com/DotNetAnalyzers/StyleCopAnalyzers/blob/master/documentation/SA1413.md) [/home/rrj/src/github/rudironsoni/Synaxis/tests/Synaxis.Infrastructure.Tests/Synaxis.Infrastructure.Tests.csproj]
/home/rrj/src/github/rudironsoni/Synaxis/tests/Synaxis.Infrastructure.Tests/Services/TeamServiceTests.cs(638,34): error SA1101: Prefix local calls with this (https://github.com/DotNetAnalyzers/StyleCopAnalyzers/blob/master/documentation/SA1101.md) [/home/rrj/src/github/rudironsoni/Synaxis/tests/Synaxis.Infrastructure.Tests/Synaxis.Infrastructure.Tests.csproj]
/home/rrj/src/github/rudironsoni/Synaxis/tests/Synaxis.Infrastructure.Tests/Services/TeamServiceTests.cs(644,13): error SA1101: Prefix local calls with this (https://github.com/DotNetAnalyzers/StyleCopAnalyzers/blob/master/documentation/SA1101.md) [/home/rrj/src/github/rudironsoni/Synaxis/tests/Synaxis.Infrastructure.Tests/Synaxis.Infrastructure.Tests.csproj]
/home/rrj/src/github/rudironsoni/Synaxis/tests/Synaxis.Infrastructure.Tests/Services/TeamServiceTests.cs(650,17): error SA1101: Prefix local calls with this (https://github.com/DotNetAnalyzers/StyleCopAnalyzers/blob/master/documentation/SA1101.md) [/home/rrj/src/github/rudironsoni/Synaxis/tests/Synaxis.Infrastructure.Tests/Synaxis.Infrastructure.Tests.csproj]
/home/rrj/src/github/rudironsoni/Synaxis/tests/Synaxis.Infrastructure.Tests/Services/TeamServiceTests.cs(653,38): error SA1101: Prefix local calls with this (https://github.com/DotNetAnalyzers/StyleCopAnalyzers/blob/master/documentation/SA1101.md) [/home/rrj/src/github/rudironsoni/Synaxis/tests/Synaxis.Infrastructure.Tests/Synaxis.Infrastructure.Tests.csproj]
/home/rrj/src/github/rudironsoni/Synaxis/tests/Synaxis.Infrastructure.Tests/Services/TeamServiceTests.cs(726,9): error AsyncFixer01: Method 'GetTeamStatsAsync_WithNonExistentTeam_ThrowsInvalidOperationException' only awaits a single expression - remove async/await and return the Task directly to reduce overhead (https://github.com/semihokur/AsyncFixer#asyncfixer01) [/home/rrj/src/github/rudironsoni/Synaxis/tests/Synaxis.Infrastructure.Tests/Synaxis.Infrastructure.Tests.csproj]
/home/rrj/src/github/rudironsoni/Synaxis/tests/Synaxis.Infrastructure.Tests/Services/TeamServiceTests.cs(660,17): error SA1101: Prefix local calls with this (https://github.com/DotNetAnalyzers/StyleCopAnalyzers/blob/master/documentation/SA1101.md) [/home/rrj/src/github/rudironsoni/Synaxis/tests/Synaxis.Infrastructure.Tests/Synaxis.Infrastructure.Tests.csproj]
/home/rrj/src/github/rudironsoni/Synaxis/tests/Synaxis.Infrastructure.Tests/Services/TeamServiceTests.cs(665,38): error SA1101: Prefix local calls with this (https://github.com/DotNetAnalyzers/StyleCopAnalyzers/blob/master/documentation/SA1101.md) [/home/rrj/src/github/rudironsoni/Synaxis/tests/Synaxis.Infrastructure.Tests/Synaxis.Infrastructure.Tests.csproj]
/home/rrj/src/github/rudironsoni/Synaxis/tests/Synaxis.Infrastructure.Tests/Services/TeamServiceTests.cs(674,17): error SA1101: Prefix local calls with this (https://github.com/DotNetAnalyzers/StyleCopAnalyzers/blob/master/documentation/SA1101.md) [/home/rrj/src/github/rudironsoni/Synaxis/tests/Synaxis.Infrastructure.Tests/Synaxis.Infrastructure.Tests.csproj]
/home/rrj/src/github/rudironsoni/Synaxis/tests/Synaxis.Infrastructure.Tests/Services/TeamServiceTests.cs(677,38): error SA1101: Prefix local calls with this (https://github.com/DotNetAnalyzers/StyleCopAnalyzers/blob/master/documentation/SA1101.md) [/home/rrj/src/github/rudironsoni/Synaxis/tests/Synaxis.Infrastructure.Tests/Synaxis.Infrastructure.Tests.csproj]
/home/rrj/src/github/rudironsoni/Synaxis/tests/Synaxis.Infrastructure.Tests/Services/TeamServiceTests.cs(679,33): error SA1101: Prefix local calls with this (https://github.com/DotNetAnalyzers/StyleCopAnalyzers/blob/master/documentation/SA1101.md) [/home/rrj/src/github/rudironsoni/Synaxis/tests/Synaxis.Infrastructure.Tests/Synaxis.Infrastructure.Tests.csproj]
/home/rrj/src/github/rudironsoni/Synaxis/tests/Synaxis.Infrastructure.Tests/Services/TeamServiceTests.cs(688,19): error SA1101: Prefix local calls with this (https://github.com/DotNetAnalyzers/StyleCopAnalyzers/blob/master/documentation/SA1101.md) [/home/rrj/src/github/rudironsoni/Synaxis/tests/Synaxis.Infrastructure.Tests/Synaxis.Infrastructure.Tests.csproj]
/home/rrj/src/github/rudironsoni/Synaxis/tests/Synaxis.Infrastructure.Tests/Services/TeamServiceTests.cs(691,32): error SA1101: Prefix local calls with this (https://github.com/DotNetAnalyzers/StyleCopAnalyzers/blob/master/documentation/SA1101.md) [/home/rrj/src/github/rudironsoni/Synaxis/tests/Synaxis.Infrastructure.Tests/Synaxis.Infrastructure.Tests.csproj]
/home/rrj/src/github/rudironsoni/Synaxis/tests/Synaxis.Infrastructure.Tests/Services/TeamServiceTests.cs(691,67): error SA1101: Prefix local calls with this (https://github.com/DotNetAnalyzers/StyleCopAnalyzers/blob/master/documentation/SA1101.md) [/home/rrj/src/github/rudironsoni/Synaxis/tests/Synaxis.Infrastructure.Tests/Synaxis.Infrastructure.Tests.csproj]
/home/rrj/src/github/rudironsoni/Synaxis/tests/Synaxis.Infrastructure.Tests/Services/TeamServiceTests.cs(628,9): error SA1124: Do not use regions (https://github.com/DotNetAnalyzers/StyleCopAnalyzers/blob/master/documentation/SA1124.md) [/home/rrj/src/github/rudironsoni/Synaxis/tests/Synaxis.Infrastructure.Tests/Synaxis.Infrastructure.Tests.csproj]
/home/rrj/src/github/rudironsoni/Synaxis/tests/Synaxis.Infrastructure.Tests/Services/TeamServiceTests.cs(733,48): error SA1101: Prefix local calls with this (https://github.com/DotNetAnalyzers/StyleCopAnalyzers/blob/master/documentation/SA1101.md) [/home/rrj/src/github/rudironsoni/Synaxis/tests/Synaxis.Infrastructure.Tests/Synaxis.Infrastructure.Tests.csproj]
/home/rrj/src/github/rudironsoni/Synaxis/tests/Synaxis.Infrastructure.Tests/Services/TeamServiceTests.cs(733,90): error SA1101: Prefix local calls with this (https://github.com/DotNetAnalyzers/StyleCopAnalyzers/blob/master/documentation/SA1101.md) [/home/rrj/src/github/rudironsoni/Synaxis/tests/Synaxis.Infrastructure.Tests/Synaxis.Infrastructure.Tests.csproj]
/home/rrj/src/github/rudironsoni/Synaxis/tests/Synaxis.Infrastructure.Tests/Services/TeamServiceTests.cs(733,42): error MA0004: Use Task.ConfigureAwait(false) if the current SynchronizationContext is not needed (https://github.com/meziantou/Meziantou.Analyzer/blob/main/docs/Rules/MA0004.md) [/home/rrj/src/github/rudironsoni/Synaxis/tests/Synaxis.Infrastructure.Tests/Synaxis.Infrastructure.Tests.csproj]
/home/rrj/src/github/rudironsoni/Synaxis/tests/Synaxis.Infrastructure.Tests/Services/TeamServiceTests.cs(755,17): error SA1413: Use trailing comma in multi-line initializers (https://github.com/DotNetAnalyzers/StyleCopAnalyzers/blob/master/documentation/SA1413.md) [/home/rrj/src/github/rudironsoni/Synaxis/tests/Synaxis.Infrastructure.Tests/Synaxis.Infrastructure.Tests.csproj]
/home/rrj/src/github/rudironsoni/Synaxis/tests/Synaxis.Infrastructure.Tests/Services/TeamServiceTests.cs(752,34): error SA1101: Prefix local calls with this (https://github.com/DotNetAnalyzers/StyleCopAnalyzers/blob/master/documentation/SA1101.md) [/home/rrj/src/github/rudironsoni/Synaxis/tests/Synaxis.Infrastructure.Tests/Synaxis.Infrastructure.Tests.csproj]
/home/rrj/src/github/rudironsoni/Synaxis/tests/Synaxis.Infrastructure.Tests/Services/TeamServiceTests.cs(757,13): error SA1101: Prefix local calls with this (https://github.com/DotNetAnalyzers/StyleCopAnalyzers/blob/master/documentation/SA1101.md) [/home/rrj/src/github/rudironsoni/Synaxis/tests/Synaxis.Infrastructure.Tests/Synaxis.Infrastructure.Tests.csproj]
/home/rrj/src/github/rudironsoni/Synaxis/tests/Synaxis.Infrastructure.Tests/Services/TeamServiceTests.cs(758,19): error SA1101: Prefix local calls with this (https://github.com/DotNetAnalyzers/StyleCopAnalyzers/blob/master/documentation/SA1101.md) [/home/rrj/src/github/rudironsoni/Synaxis/tests/Synaxis.Infrastructure.Tests/Synaxis.Infrastructure.Tests.csproj]
/home/rrj/src/github/rudironsoni/Synaxis/tests/Synaxis.Infrastructure.Tests/Services/TeamServiceTests.cs(764,19): error SA1101: Prefix local calls with this (https://github.com/DotNetAnalyzers/StyleCopAnalyzers/blob/master/documentation/SA1101.md) [/home/rrj/src/github/rudironsoni/Synaxis/tests/Synaxis.Infrastructure.Tests/Synaxis.Infrastructure.Tests.csproj]
/home/rrj/src/github/rudironsoni/Synaxis/tests/Synaxis.Infrastructure.Tests/Services/TeamServiceTests.cs(764,67): error SA1101: Prefix local calls with this (https://github.com/DotNetAnalyzers/StyleCopAnalyzers/blob/master/documentation/SA1101.md) [/home/rrj/src/github/rudironsoni/Synaxis/tests/Synaxis.Infrastructure.Tests/Synaxis.Infrastructure.Tests.csproj]
/home/rrj/src/github/rudironsoni/Synaxis/tests/Synaxis.Infrastructure.Tests/Services/TeamServiceTests.cs(767,13): error SA1101: Prefix local calls with this (https://github.com/DotNetAnalyzers/StyleCopAnalyzers/blob/master/documentation/SA1101.md) [/home/rrj/src/github/rudironsoni/Synaxis/tests/Synaxis.Infrastructure.Tests/Synaxis.Infrastructure.Tests.csproj]
/home/rrj/src/github/rudironsoni/Synaxis/tests/Synaxis.Infrastructure.Tests/Services/TeamServiceTests.cs(768,67): error SA1101: Prefix local calls with this (https://github.com/DotNetAnalyzers/StyleCopAnalyzers/blob/master/documentation/SA1101.md) [/home/rrj/src/github/rudironsoni/Synaxis/tests/Synaxis.Infrastructure.Tests/Synaxis.Infrastructure.Tests.csproj]
/home/rrj/src/github/rudironsoni/Synaxis/tests/Synaxis.Infrastructure.Tests/Services/TeamServiceTests.cs(742,9): error SA1124: Do not use regions (https://github.com/DotNetAnalyzers/StyleCopAnalyzers/blob/master/documentation/SA1124.md) [/home/rrj/src/github/rudironsoni/Synaxis/tests/Synaxis.Infrastructure.Tests/Synaxis.Infrastructure.Tests.csproj]
/home/rrj/src/github/rudironsoni/Synaxis/tests/Synaxis.Infrastructure.Tests/Services/TeamServiceTests.cs(772,9): error AsyncFixer01: Method 'InviteMemberAsync_WithInvalidTeam_ThrowsInvalidOperationException' only awaits a single expression - remove async/await and return the Task directly to reduce overhead (https://github.com/semihokur/AsyncFixer#asyncfixer01) [/home/rrj/src/github/rudironsoni/Synaxis/tests/Synaxis.Infrastructure.Tests/Synaxis.Infrastructure.Tests.csproj]
/home/rrj/src/github/rudironsoni/Synaxis/tests/Synaxis.Infrastructure.Tests/Services/TeamServiceTests.cs(779,48): error SA1101: Prefix local calls with this (https://github.com/DotNetAnalyzers/StyleCopAnalyzers/blob/master/documentation/SA1101.md) [/home/rrj/src/github/rudironsoni/Synaxis/tests/Synaxis.Infrastructure.Tests/Synaxis.Infrastructure.Tests.csproj]
/home/rrj/src/github/rudironsoni/Synaxis/tests/Synaxis.Infrastructure.Tests/Services/TeamServiceTests.cs(780,63): error SA1101: Prefix local calls with this (https://github.com/DotNetAnalyzers/StyleCopAnalyzers/blob/master/documentation/SA1101.md) [/home/rrj/src/github/rudironsoni/Synaxis/tests/Synaxis.Infrastructure.Tests/Synaxis.Infrastructure.Tests.csproj]
/home/rrj/src/github/rudironsoni/Synaxis/tests/Synaxis.Infrastructure.Tests/Services/TeamServiceTests.cs(779,42): error MA0004: Use Task.ConfigureAwait(false) if the current SynchronizationContext is not needed (https://github.com/meziantou/Meziantou.Analyzer/blob/main/docs/Rules/MA0004.md) [/home/rrj/src/github/rudironsoni/Synaxis/tests/Synaxis.Infrastructure.Tests/Synaxis.Infrastructure.Tests.csproj]
/home/rrj/src/github/rudironsoni/Synaxis/tests/Synaxis.Infrastructure.Tests/Services/TeamServiceTests.cs(583,17): error SA1413: Use trailing comma in multi-line initializers (https://github.com/DotNetAnalyzers/StyleCopAnalyzers/blob/master/documentation/SA1413.md) [/home/rrj/src/github/rudironsoni/Synaxis/tests/Synaxis.Infrastructure.Tests/Synaxis.Infrastructure.Tests.csproj]
/home/rrj/src/github/rudironsoni/Synaxis/tests/Synaxis.Infrastructure.Tests/Services/TeamServiceTests.cs(577,13): error SA1101: Prefix local calls with this (https://github.com/DotNetAnalyzers/StyleCopAnalyzers/blob/master/documentation/SA1101.md) [/home/rrj/src/github/rudironsoni/Synaxis/tests/Synaxis.Infrastructure.Tests/Synaxis.Infrastructure.Tests.csproj]
/home/rrj/src/github/rudironsoni/Synaxis/tests/Synaxis.Infrastructure.Tests/Services/TeamServiceTests.cs(580,34): error SA1101: Prefix local calls with this (https://github.com/DotNetAnalyzers/StyleCopAnalyzers/blob/master/documentation/SA1101.md) [/home/rrj/src/github/rudironsoni/Synaxis/tests/Synaxis.Infrastructure.Tests/Synaxis.Infrastructure.Tests.csproj]
/home/rrj/src/github/rudironsoni/Synaxis/tests/Synaxis.Infrastructure.Tests/Services/TeamServiceTests.cs(585,19): error SA1101: Prefix local calls with this (https://github.com/DotNetAnalyzers/StyleCopAnalyzers/blob/master/documentation/SA1101.md) [/home/rrj/src/github/rudironsoni/Synaxis/tests/Synaxis.Infrastructure.Tests/Synaxis.Infrastructure.Tests.csproj]
/home/rrj/src/github/rudironsoni/Synaxis/tests/Synaxis.Infrastructure.Tests/Services/TeamServiceTests.cs(588,32): error SA1101: Prefix local calls with this (https://github.com/DotNetAnalyzers/StyleCopAnalyzers/blob/master/documentation/SA1101.md) [/home/rrj/src/github/rudironsoni/Synaxis/tests/Synaxis.Infrastructure.Tests/Synaxis.Infrastructure.Tests.csproj]
/home/rrj/src/github/rudironsoni/Synaxis/tests/Synaxis.Infrastructure.Tests/Services/TeamServiceTests.cs(588,69): error SA1101: Prefix local calls with this (https://github.com/DotNetAnalyzers/StyleCopAnalyzers/blob/master/documentation/SA1101.md) [/home/rrj/src/github/rudironsoni/Synaxis/tests/Synaxis.Infrastructure.Tests/Synaxis.Infrastructure.Tests.csproj]
CSC : error SA0001: XML comment analysis is disabled due to project configuration (https://github.com/DotNetAnalyzers/StyleCopAnalyzers/blob/master/documentation/SA0001.md) [/home/rrj/src/github/rudironsoni/Synaxis/tests/Synaxis.Infrastructure.Tests/Synaxis.Infrastructure.Tests.csproj]
/home/rrj/src/github/rudironsoni/Synaxis/src/InferenceGateway/WebApi/Middleware/QuotaMiddleware.cs(182,37): error CS8601: Possible null reference assignment. [/home/rrj/src/github/rudironsoni/Synaxis/src/InferenceGateway/WebApi/Synaxis.InferenceGateway.WebApi.csproj]
/home/rrj/src/github/rudironsoni/Synaxis/src/InferenceGateway/WebApi/Controllers/TeamsController.cs(132,31): error CS8601: Possible null reference assignment. [/home/rrj/src/github/rudironsoni/Synaxis/src/InferenceGateway/WebApi/Synaxis.InferenceGateway.WebApi.csproj]
/home/rrj/src/github/rudironsoni/Synaxis/src/InferenceGateway/WebApi/Controllers/TeamsController.cs(678,31): error CS8602: Dereference of a possibly null reference. [/home/rrj/src/github/rudironsoni/Synaxis/src/InferenceGateway/WebApi/Synaxis.InferenceGateway.WebApi.csproj]
/home/rrj/src/github/rudironsoni/Synaxis/src/InferenceGateway/WebApi/Controllers/TeamsController.cs(684,29): error CS8602: Dereference of a possibly null reference. [/home/rrj/src/github/rudironsoni/Synaxis/src/InferenceGateway/WebApi/Synaxis.InferenceGateway.WebApi.csproj]
    0 Warning(s)
    781 Error(s)

Time Elapsed 00:00:56.11
